[00:00] Crash dump logging enabled: D:\a\comfy-gpu-ci\comfy-gpu-ci\comfy-test-logs\Sharp-1123\windows-cpu\crash_dump.log
[00:00] 
[00:00] [1/3] REGISTRATION
[00:00] ----------------------------------------
[00:00] 
[DEBUG] server=None, server_url=http://127.0.0.1:8188, api=None
[00:00] 
Connecting to existing server at http://127.0.0.1:8188...
[00:00] Connecting to existing server at http://127.0.0.1:8188...
[00:00] Connected to server! (attempt 1, 0.0s)
[00:00] Checking for import errors in server logs...
[00:00] No import errors detected
[00:00] Found 834 registered nodes
[00:00] [REGISTRATION] PASSED
[00:00] 
[00:00] [2/3] INSTANTIATION
[00:00] ----------------------------------------
[00:00] 
[DEBUG] server=<comfy_test.comfyui.server.ExternalComfyUIServer object at 0x000001E6B8D839D0>, server_url=http://127.0.0.1:8188, api=<comfy_test.comfyui.api.ComfyUIAPI object at 0x000001E6B8D814E0>
[00:00] Testing node constructors...
[00:03] All 8 node(s) instantiated successfully!
[00:03] [INSTANTIATION] PASSED
[00:03] 
[00:03] [3/3] EXECUTION
[00:03] ----------------------------------------
[00:03] 
[DEBUG] server=<comfy_test.comfyui.server.ExternalComfyUIServer object at 0x000001E6B8D839D0>, server_url=http://127.0.0.1:8188, api=<comfy_test.comfyui.api.ComfyUIAPI object at 0x000001E6B8D814E0>
[00:03] CPU runner - will execute 2 workflow(s)
[00:03] Running 3 workflow(s) (all with videos)...
[00:03] Starting headless browser...
[00:04]   Downloading Mesa llvmpipe for Windows...
[00:09]   Copied opengl32.dll to Chromium dir
[00:09]   Copied libgallium_wgl.dll to Chromium dir
[00:09]   Using Mesa llvmpipe (desktop GL) — multithreaded CPU rendering
[00:10]   [1/3] SKIPPED (not in cpu list) pano.json
[00:10] Capturing execution frames: sharp_basic.json
[00:21]   Frame 1 saved (frame_000.jpg, t=0.0s)
[00:21]   Validating workflow...
[00:21]   Queuing workflow for execution...
[00:23]   Frame 2 saved (frame_001.jpg, t=2.3s)
[00:23]   [capture-periodic] freeze=4ms shot=141ms unfreeze=6ms saved=True
[00:25]   Frame 3 saved (frame_002.jpg, t=4.5s)
[00:25]   [capture-periodic] freeze=3ms shot=124ms unfreeze=2ms saved=True
[00:27]   [capture-loop] iter=50 t=5.9s state={'complete': False, 'error': None, 'executedCount': 0, 'wsState': 1} eval_ms=5 ram=5.7/16.0GB (35%) swap=0.3/2.9GB (11%) cpu=40% browser_rss=0.70GB
[00:33]   [capture-loop] iter=100 t=12.6s state={'complete': False, 'error': None, 'executedCount': 0, 'wsState': 1} eval_ms=48 ram=6.5/16.0GB (41%) swap=0.3/2.9GB (11%) cpu=68% browser_rss=0.70GB
[00:40]   [capture-loop] iter=150 t=19.9s state={'complete': False, 'error': None, 'executedCount': 0, 'wsState': 1} eval_ms=4 ram=6.5/16.0GB (40%) swap=0.3/2.9GB (11%) cpu=88% browser_rss=0.71GB
[00:41]   Frame 4 saved (frame_003.jpg, t=20.3s)
[00:41]   [capture-periodic] freeze=3ms shot=125ms unfreeze=3ms saved=True
[00:46]   [capture-loop] iter=200 t=25.9s state={'complete': False, 'error': None, 'executedCount': 0, 'wsState': 1} eval_ms=6 ram=8.9/16.0GB (56%) swap=0.3/2.9GB (11%) cpu=71% browser_rss=0.64GB
[00:52]   [capture-loop] iter=250 t=31.8s state={'complete': False, 'error': None, 'executedCount': 0, 'wsState': 1} eval_ms=4 ram=8.7/16.0GB (55%) swap=0.3/2.9GB (11%) cpu=83% browser_rss=0.65GB
[00:58]   [capture-loop] iter=300 t=37.6s state={'complete': False, 'error': None, 'executedCount': 0, 'wsState': 1} eval_ms=18 ram=8.7/16.0GB (55%) swap=0.3/2.9GB (11%) cpu=82% browser_rss=0.65GB
[01:04]   [capture-loop] iter=350 t=43.5s state={'complete': False, 'error': None, 'executedCount': 0, 'wsState': 1} eval_ms=4 ram=8.6/16.0GB (54%) swap=0.3/2.9GB (11%) cpu=82% browser_rss=0.64GB
[01:10]   [capture-loop] iter=400 t=49.2s state={'complete': False, 'error': None, 'executedCount': 0, 'wsState': 1} eval_ms=4 ram=8.5/16.0GB (53%) swap=0.3/2.9GB (11%) cpu=90% browser_rss=0.64GB
[01:16]   [capture-loop] iter=450 t=55.3s state={'complete': False, 'error': None, 'executedCount': 0, 'wsState': 1} eval_ms=6 ram=8.5/16.0GB (53%) swap=0.3/2.9GB (11%) cpu=95% browser_rss=0.62GB
[01:22]   [capture-loop] iter=500 t=61.5s state={'complete': False, 'error': None, 'executedCount': 0, 'wsState': 1} eval_ms=5 ram=8.4/16.0GB (53%) swap=0.3/2.9GB (11%) cpu=96% browser_rss=0.62GB
[01:28]   [capture-loop] iter=550 t=67.3s state={'complete': False, 'error': None, 'executedCount': 0, 'wsState': 1} eval_ms=7 ram=8.3/16.0GB (52%) swap=0.3/2.9GB (11%) cpu=93% browser_rss=0.61GB
[01:33]   [capture-loop] iter=600 t=73.1s state={'complete': False, 'error': None, 'executedCount': 0, 'wsState': 1} eval_ms=4 ram=8.3/16.0GB (52%) swap=0.3/2.9GB (11%) cpu=84% browser_rss=0.61GB
[01:39]   [capture-loop] iter=650 t=79.0s state={'complete': False, 'error': None, 'executedCount': 0, 'wsState': 1} eval_ms=5 ram=8.3/16.0GB (52%) swap=0.3/2.9GB (11%) cpu=80% browser_rss=0.61GB
[01:45]   [capture-loop] iter=700 t=84.7s state={'complete': False, 'error': None, 'executedCount': 0, 'wsState': 1} eval_ms=4 ram=8.3/16.0GB (52%) swap=0.3/2.9GB (11%) cpu=80% browser_rss=0.61GB
[01:51]   [capture-loop] iter=750 t=90.6s state={'complete': False, 'error': None, 'executedCount': 0, 'wsState': 1} eval_ms=4 ram=8.3/16.0GB (52%) swap=0.3/2.9GB (11%) cpu=81% browser_rss=0.60GB
[01:57]   [capture-loop] iter=800 t=96.4s state={'complete': False, 'error': None, 'executedCount': 0, 'wsState': 1} eval_ms=4 ram=8.3/16.0GB (52%) swap=0.3/2.9GB (11%) cpu=81% browser_rss=0.61GB
[02:02]   [capture-loop] iter=850 t=102.2s state={'complete': False, 'error': None, 'executedCount': 0, 'wsState': 1} eval_ms=5 ram=8.4/16.0GB (53%) swap=0.3/2.9GB (11%) cpu=80% browser_rss=0.61GB
[02:08]   [capture-loop] iter=900 t=108.0s state={'complete': False, 'error': None, 'executedCount': 0, 'wsState': 1} eval_ms=6 ram=8.4/16.0GB (52%) swap=0.3/2.9GB (11%) cpu=81% browser_rss=0.60GB
[02:14]   [capture-loop] iter=950 t=113.8s state={'complete': False, 'error': None, 'executedCount': 0, 'wsState': 1} eval_ms=4 ram=8.3/16.0GB (52%) swap=0.3/2.9GB (11%) cpu=81% browser_rss=0.60GB
[02:20]   [capture-loop] iter=1000 t=119.5s state={'complete': False, 'error': None, 'executedCount': 0, 'wsState': 1} eval_ms=4 ram=8.3/16.0GB (52%) swap=0.3/2.9GB (11%) cpu=81% browser_rss=0.60GB
[02:26]   [capture-loop] iter=1050 t=125.4s state={'complete': False, 'error': None, 'executedCount': 0, 'wsState': 1} eval_ms=4 ram=8.3/16.0GB (52%) swap=0.3/2.9GB (11%) cpu=81% browser_rss=0.60GB
[02:31]   [capture-loop] iter=1100 t=131.2s state={'complete': False, 'error': None, 'executedCount': 0, 'wsState': 1} eval_ms=4 ram=8.3/16.0GB (52%) swap=0.3/2.9GB (11%) cpu=82% browser_rss=0.59GB
[02:37]   [capture-loop] iter=1150 t=137.0s state={'complete': False, 'error': None, 'executedCount': 0, 'wsState': 1} eval_ms=11 ram=8.5/16.0GB (53%) swap=0.3/2.9GB (11%) cpu=81% browser_rss=0.59GB
[02:43]   [capture-loop] iter=1200 t=142.9s state={'complete': False, 'error': None, 'executedCount': 0, 'wsState': 1} eval_ms=4 ram=8.3/16.0GB (52%) swap=0.3/2.9GB (11%) cpu=81% browser_rss=0.60GB
[02:49]   [capture-loop] iter=1250 t=148.7s state={'complete': False, 'error': None, 'executedCount': 0, 'wsState': 1} eval_ms=8 ram=8.4/16.0GB (53%) swap=0.3/2.9GB (11%) cpu=81% browser_rss=0.59GB
[02:55]   [capture-loop] iter=1300 t=154.6s state={'complete': False, 'error': None, 'executedCount': 0, 'wsState': 1} eval_ms=5 ram=8.3/16.0GB (52%) swap=0.3/2.9GB (11%) cpu=83% browser_rss=0.59GB
[03:01]   [capture-loop] iter=1350 t=160.4s state={'complete': False, 'error': None, 'executedCount': 0, 'wsState': 1} eval_ms=7 ram=8.3/16.0GB (52%) swap=0.3/2.9GB (11%) cpu=82% browser_rss=0.58GB
[03:07]   [capture-loop] iter=1400 t=166.2s state={'complete': False, 'error': None, 'executedCount': 0, 'wsState': 1} eval_ms=20 ram=8.3/16.0GB (52%) swap=0.3/2.9GB (11%) cpu=83% browser_rss=0.58GB
[03:12]   [capture-loop] iter=1450 t=172.1s state={'complete': False, 'error': None, 'executedCount': 0, 'wsState': 1} eval_ms=4 ram=8.4/16.0GB (52%) swap=0.3/2.9GB (11%) cpu=81% browser_rss=0.58GB
[03:18]   [capture-loop] iter=1500 t=177.8s state={'complete': False, 'error': None, 'executedCount': 0, 'wsState': 1} eval_ms=4 ram=8.3/16.0GB (52%) swap=0.3/2.9GB (11%) cpu=83% browser_rss=0.57GB
[03:24]   [capture-loop] iter=1550 t=183.7s state={'complete': False, 'error': None, 'executedCount': 0, 'wsState': 1} eval_ms=4 ram=8.3/16.0GB (52%) swap=0.3/2.9GB (11%) cpu=82% browser_rss=0.57GB
[03:30]   [capture-loop] iter=1600 t=189.6s state={'complete': False, 'error': None, 'executedCount': 0, 'wsState': 1} eval_ms=4 ram=7.9/16.0GB (50%) swap=0.4/2.9GB (15%) cpu=83% browser_rss=0.56GB
[03:36]   [capture-loop] iter=1650 t=195.2s state={'complete': False, 'error': None, 'executedCount': 0, 'wsState': 1} eval_ms=9 ram=8.5/16.0GB (53%) swap=0.6/2.9GB (20%) cpu=77% browser_rss=0.57GB
[03:41]   [capture-loop] iter=1700 t=201.1s state={'complete': False, 'error': None, 'executedCount': 0, 'wsState': 1} eval_ms=13 ram=8.5/16.0GB (53%) swap=0.6/2.9GB (20%) cpu=87% browser_rss=0.55GB
[03:47]   [capture-loop] iter=1750 t=207.2s state={'complete': False, 'error': None, 'executedCount': 0, 'wsState': 1} eval_ms=6 ram=9.3/16.0GB (58%) swap=0.6/2.9GB (19%) cpu=88% browser_rss=0.55GB
[03:53]   [capture-loop] iter=1800 t=213.0s state={'complete': False, 'error': None, 'executedCount': 0, 'wsState': 1} eval_ms=17 ram=10.1/16.0GB (63%) swap=0.6/2.9GB (19%) cpu=89% browser_rss=0.55GB
[03:59]   [capture-loop] iter=1850 t=219.0s state={'complete': False, 'error': None, 'executedCount': 0, 'wsState': 1} eval_ms=10 ram=9.8/16.0GB (61%) swap=0.6/2.9GB (19%) cpu=85% browser_rss=0.55GB
[04:05]   [capture-loop] iter=1900 t=224.8s state={'complete': False, 'error': None, 'executedCount': 0, 'wsState': 1} eval_ms=4 ram=9.7/16.0GB (60%) swap=0.7/2.9GB (23%) cpu=77% browser_rss=0.54GB
[04:11]   [capture-loop] iter=1950 t=230.7s state={'complete': False, 'error': None, 'executedCount': 0, 'wsState': 1} eval_ms=5 ram=11.4/16.0GB (72%) swap=0.7/2.9GB (23%) cpu=85% browser_rss=0.53GB
[04:17]   [capture-loop] iter=2000 t=236.7s state={'complete': False, 'error': None, 'executedCount': 0, 'wsState': 1} eval_ms=14 ram=11.3/16.0GB (70%) swap=0.8/2.9GB (26%) cpu=84% browser_rss=0.52GB
[04:23]   [capture-loop] iter=2050 t=242.6s state={'complete': False, 'error': None, 'executedCount': 0, 'wsState': 1} eval_ms=12 ram=9.1/16.0GB (57%) swap=0.8/2.9GB (26%) cpu=82% browser_rss=0.51GB
[04:29]   [capture-loop] iter=2100 t=248.3s state={'complete': False, 'error': None, 'executedCount': 0, 'wsState': 1} eval_ms=14 ram=11.5/16.0GB (72%) swap=0.9/2.9GB (31%) cpu=81% browser_rss=0.50GB
[04:34]   [capture-loop] iter=2150 t=254.2s state={'complete': False, 'error': None, 'executedCount': 0, 'wsState': 1} eval_ms=4 ram=8.6/16.0GB (54%) swap=1.0/2.9GB (34%) cpu=75% browser_rss=0.49GB
[04:40]   [capture-loop] iter=2200 t=260.0s state={'complete': False, 'error': None, 'executedCount': 0, 'wsState': 1} eval_ms=5 ram=9.3/16.0GB (58%) swap=1.0/2.9GB (34%) cpu=74% browser_rss=0.48GB
[04:46]   [capture-loop] iter=2250 t=265.6s state={'complete': False, 'error': None, 'executedCount': 0, 'wsState': 1} eval_ms=4 ram=9.7/16.0GB (60%) swap=1.0/2.9GB (34%) cpu=75% browser_rss=0.46GB
[04:52]   [capture-loop] iter=2300 t=271.5s state={'complete': False, 'error': None, 'executedCount': 0, 'wsState': 1} eval_ms=5 ram=9.3/16.0GB (58%) swap=1.0/2.9GB (34%) cpu=83% browser_rss=0.45GB
[04:58]   [capture-loop] iter=2350 t=277.2s state={'complete': False, 'error': None, 'executedCount': 0, 'wsState': 1} eval_ms=4 ram=9.3/16.0GB (58%) swap=1.0/2.9GB (34%) cpu=85% browser_rss=0.44GB
[05:03]   [capture-loop] iter=2400 t=283.0s state={'complete': False, 'error': None, 'executedCount': 0, 'wsState': 1} eval_ms=4 ram=8.5/16.0GB (53%) swap=1.0/2.9GB (34%) cpu=78% browser_rss=0.43GB
[05:09]   Frame 5 saved (frame_004.jpg, t=288.1s)
[05:09]   [capture-periodic] freeze=4ms shot=129ms unfreeze=6ms saved=True
[05:09]   [capture-loop] iter=2450 t=288.8s state={'complete': False, 'error': None, 'executedCount': 0, 'wsState': 1} eval_ms=4 ram=8.3/16.0GB (52%) swap=1.0/2.9GB (33%) cpu=47% browser_rss=0.44GB
[05:11]   Frame 6 saved (frame_005.jpg, t=290.3s)
[05:11]   [capture-periodic] freeze=3ms shot=123ms unfreeze=3ms saved=True
[05:15]   [capture-loop] iter=2500 t=294.4s state={'complete': False, 'error': None, 'executedCount': 0, 'wsState': 1} eval_ms=3 ram=8.4/16.0GB (52%) swap=1.0/2.9GB (33%) cpu=45% browser_rss=0.43GB
[05:18]   Node executed (1 total), capturing...
[05:18]   Frame 7 saved (frame_006.jpg, t=297.6s)
[05:18]   [capture-node] freeze=4ms shot=132ms unfreeze=0ms saved=True
[05:18]   Execution complete (t=297.6s)
[05:18]   [3d-wait] Phase 1: Waiting for 'Loading 3D Model' text to disappear...
[05:18]   [3d-wait] Phase 1 done in 0.0s
[05:18]   [3d-wait] Phase 2: iframes=1
[05:18]   [3d-wait] iframe viewer_ready=False (matched 0 console logs)
[05:18]   [3d-wait] Waiting for 'Loaded successfully' console message (timeout=60s)...
[05:19]   [3d-wait] Got 'Loaded successfully' after 1.1s
[05:19]   [3d-wait] Unfrozen in 0.156s, rendering for 5s...
[05:29]   [3d-wait] JS halted via CDP after 10.0s
[05:58]   [3d-wait] Re-frozen in 38.6s
[05:58]   [3d-wait] Total 3D wait: 39.8s
[05:58]   Captured 7 unique frames over 337.61s
[05:58]   [debug] iframes: 1
[05:58]   [debug]   iframe[0]: src=http://127.0.0.1:8188/extensions/ComfyUI-GeometryPack/viewer_gaussian.html?v=177, canvas=1536x1024, rafFrozen=True
[05:58]   [timing] trigger_3d_previews: 0.0s
[06:00]   Saved high-quality screenshot: sharp_basic_executed.png
[06:00]   [timing] final_screenshot: 0.3s
[06:01] Capturing execution frames: sharp_exif.json
[06:07]   Frame 1 saved (frame_000.jpg, t=0.0s)
[06:07]   Validating workflow...
[06:07]   Queuing workflow for execution...
[06:09]   Frame 2 saved (frame_001.jpg, t=2.3s)
[06:09]   [capture-periodic] freeze=3ms shot=151ms unfreeze=6ms saved=True
[06:12]   Frame 3 saved (frame_002.jpg, t=4.5s)
[06:12]   [capture-periodic] freeze=3ms shot=116ms unfreeze=3ms saved=True
[06:13]   [capture-loop] iter=50 t=5.8s state={'complete': False, 'error': None, 'executedCount': 0, 'wsState': 1} eval_ms=4 ram=5.0/16.0GB (31%) swap=0.7/2.9GB (23%) cpu=79% browser_rss=0.72GB
[06:14]   Frame 4 saved (frame_003.jpg, t=6.7s)
[06:14]   [capture-periodic] freeze=2ms shot=123ms unfreeze=3ms saved=True
[06:19]   [capture-loop] iter=100 t=11.6s state={'complete': False, 'error': None, 'executedCount': 0, 'wsState': 1} eval_ms=5 ram=6.8/16.0GB (43%) swap=0.6/2.9GB (22%) cpu=46% browser_rss=0.64GB
[06:24]   [capture-loop] iter=150 t=17.4s state={'complete': False, 'error': None, 'executedCount': 0, 'wsState': 1} eval_ms=5 ram=7.9/16.0GB (49%) swap=0.6/2.9GB (22%) cpu=69% browser_rss=0.65GB
[06:30]   [capture-loop] iter=200 t=23.2s state={'complete': False, 'error': None, 'executedCount': 0, 'wsState': 1} eval_ms=5 ram=7.9/16.0GB (49%) swap=0.6/2.9GB (22%) cpu=75% browser_rss=0.64GB
[06:36]   [capture-loop] iter=250 t=29.1s state={'complete': False, 'error': None, 'executedCount': 0, 'wsState': 1} eval_ms=6 ram=7.9/16.0GB (50%) swap=0.6/2.9GB (22%) cpu=75% browser_rss=0.64GB
[06:42]   [capture-loop] iter=300 t=34.9s state={'complete': False, 'error': None, 'executedCount': 0, 'wsState': 1} eval_ms=17 ram=8.0/16.0GB (50%) swap=0.6/2.9GB (22%) cpu=84% browser_rss=0.64GB
[06:48]   [capture-loop] iter=350 t=40.8s state={'complete': False, 'error': None, 'executedCount': 0, 'wsState': 1} eval_ms=8 ram=8.0/16.0GB (50%) swap=0.6/2.9GB (22%) cpu=88% browser_rss=0.65GB
[06:53]   [capture-loop] iter=400 t=46.5s state={'complete': False, 'error': None, 'executedCount': 0, 'wsState': 1} eval_ms=4 ram=8.1/16.0GB (50%) swap=0.6/2.9GB (22%) cpu=79% browser_rss=0.64GB
[06:59]   [capture-loop] iter=450 t=52.4s state={'complete': False, 'error': None, 'executedCount': 0, 'wsState': 1} eval_ms=4 ram=8.0/16.0GB (50%) swap=0.6/2.9GB (22%) cpu=74% browser_rss=0.64GB
[07:05]   [capture-loop] iter=500 t=58.2s state={'complete': False, 'error': None, 'executedCount': 0, 'wsState': 1} eval_ms=4 ram=8.0/16.0GB (50%) swap=0.6/2.9GB (22%) cpu=77% browser_rss=0.64GB
[07:11]   [capture-loop] iter=550 t=63.9s state={'complete': False, 'error': None, 'executedCount': 0, 'wsState': 1} eval_ms=4 ram=8.0/16.0GB (50%) swap=0.6/2.9GB (22%) cpu=74% browser_rss=0.64GB
[07:17]   [capture-loop] iter=600 t=69.7s state={'complete': False, 'error': None, 'executedCount': 0, 'wsState': 1} eval_ms=4 ram=8.0/16.0GB (50%) swap=0.6/2.9GB (22%) cpu=75% browser_rss=0.64GB
[07:22]   [capture-loop] iter=650 t=75.6s state={'complete': False, 'error': None, 'executedCount': 0, 'wsState': 1} eval_ms=4 ram=8.1/16.0GB (51%) swap=0.6/2.9GB (22%) cpu=76% browser_rss=0.64GB
[07:28]   [capture-loop] iter=700 t=81.3s state={'complete': False, 'error': None, 'executedCount': 0, 'wsState': 1} eval_ms=4 ram=8.2/16.0GB (51%) swap=0.6/2.9GB (22%) cpu=76% browser_rss=0.64GB
[07:34]   [capture-loop] iter=750 t=87.3s state={'complete': False, 'error': None, 'executedCount': 0, 'wsState': 1} eval_ms=4 ram=8.1/16.0GB (50%) swap=0.6/2.9GB (22%) cpu=90% browser_rss=0.61GB
[07:40]   [capture-loop] iter=800 t=93.2s state={'complete': False, 'error': None, 'executedCount': 0, 'wsState': 1} eval_ms=4 ram=8.2/16.0GB (51%) swap=0.6/2.9GB (22%) cpu=85% browser_rss=0.61GB
[07:46]   [capture-loop] iter=850 t=98.9s state={'complete': False, 'error': None, 'executedCount': 0, 'wsState': 1} eval_ms=4 ram=8.2/16.0GB (51%) swap=0.6/2.9GB (22%) cpu=75% browser_rss=0.62GB
[07:52]   [capture-loop] iter=900 t=104.8s state={'complete': False, 'error': None, 'executedCount': 0, 'wsState': 1} eval_ms=4 ram=8.2/16.0GB (51%) swap=0.6/2.9GB (22%) cpu=80% browser_rss=0.61GB
[07:57]   [capture-loop] iter=950 t=110.4s state={'complete': False, 'error': None, 'executedCount': 0, 'wsState': 1} eval_ms=4 ram=8.1/16.0GB (50%) swap=0.6/2.9GB (22%) cpu=75% browser_rss=0.61GB
[08:03]   [capture-loop] iter=1000 t=116.2s state={'complete': False, 'error': None, 'executedCount': 0, 'wsState': 1} eval_ms=4 ram=8.1/16.0GB (51%) swap=0.6/2.9GB (22%) cpu=75% browser_rss=0.62GB
[08:09]   [capture-loop] iter=1050 t=122.0s state={'complete': False, 'error': None, 'executedCount': 0, 'wsState': 1} eval_ms=4 ram=8.1/16.0GB (51%) swap=0.6/2.9GB (22%) cpu=75% browser_rss=0.61GB
[08:15]   [capture-loop] iter=1100 t=127.7s state={'complete': False, 'error': None, 'executedCount': 0, 'wsState': 1} eval_ms=4 ram=8.1/16.0GB (51%) swap=0.6/2.9GB (22%) cpu=74% browser_rss=0.61GB
[08:20]   [capture-loop] iter=1150 t=133.5s state={'complete': False, 'error': None, 'executedCount': 0, 'wsState': 1} eval_ms=4 ram=8.2/16.0GB (52%) swap=0.6/2.9GB (22%) cpu=74% browser_rss=0.62GB
[08:26]   [capture-loop] iter=1200 t=139.4s state={'complete': False, 'error': None, 'executedCount': 0, 'wsState': 1} eval_ms=7 ram=8.2/16.0GB (51%) swap=0.6/2.9GB (22%) cpu=76% browser_rss=0.61GB
[08:32]   [capture-loop] iter=1250 t=145.3s state={'complete': False, 'error': None, 'executedCount': 0, 'wsState': 1} eval_ms=11 ram=8.2/16.0GB (51%) swap=0.6/2.9GB (22%) cpu=88% browser_rss=0.62GB
[08:38]   [capture-loop] iter=1300 t=151.3s state={'complete': False, 'error': None, 'executedCount': 0, 'wsState': 1} eval_ms=20 ram=8.2/16.0GB (51%) swap=0.6/2.9GB (22%) cpu=91% browser_rss=0.61GB
[08:44]   [capture-loop] iter=1350 t=157.2s state={'complete': False, 'error': None, 'executedCount': 0, 'wsState': 1} eval_ms=4 ram=8.2/16.0GB (51%) swap=0.6/2.9GB (22%) cpu=85% browser_rss=0.61GB
[08:50]   [capture-loop] iter=1400 t=162.9s state={'complete': False, 'error': None, 'executedCount': 0, 'wsState': 1} eval_ms=4 ram=8.2/16.0GB (51%) swap=0.6/2.9GB (22%) cpu=85% browser_rss=0.62GB
[08:56]   [capture-loop] iter=1450 t=168.8s state={'complete': False, 'error': None, 'executedCount': 0, 'wsState': 1} eval_ms=4 ram=8.2/16.0GB (51%) swap=0.6/2.9GB (22%) cpu=81% browser_rss=0.62GB
[09:01]   [capture-loop] iter=1500 t=174.6s state={'complete': False, 'error': None, 'executedCount': 0, 'wsState': 1} eval_ms=5 ram=8.5/16.0GB (53%) swap=0.6/2.9GB (22%) cpu=77% browser_rss=0.61GB
[09:07]   [capture-loop] iter=1550 t=180.4s state={'complete': False, 'error': None, 'executedCount': 0, 'wsState': 1} eval_ms=8 ram=9.0/16.0GB (56%) swap=0.6/2.9GB (22%) cpu=85% browser_rss=0.61GB
[09:13]   [capture-loop] iter=1600 t=186.5s state={'complete': False, 'error': None, 'executedCount': 0, 'wsState': 1} eval_ms=4 ram=9.4/16.0GB (58%) swap=0.8/2.9GB (26%) cpu=86% browser_rss=0.59GB
[09:19]   [capture-loop] iter=1650 t=192.3s state={'complete': False, 'error': None, 'executedCount': 0, 'wsState': 1} eval_ms=10 ram=10.3/16.0GB (65%) swap=0.7/2.9GB (26%) cpu=86% browser_rss=0.57GB
[09:25]   [capture-loop] iter=1700 t=198.3s state={'complete': False, 'error': None, 'executedCount': 0, 'wsState': 1} eval_ms=4 ram=9.9/16.0GB (62%) swap=0.9/2.9GB (30%) cpu=82% browser_rss=0.56GB
[09:31]   [capture-loop] iter=1750 t=204.2s state={'complete': False, 'error': None, 'executedCount': 0, 'wsState': 1} eval_ms=4 ram=9.9/16.0GB (62%) swap=0.8/2.9GB (30%) cpu=75% browser_rss=0.55GB
[09:37]   [capture-loop] iter=1800 t=210.0s state={'complete': False, 'error': None, 'executedCount': 0, 'wsState': 1} eval_ms=4 ram=11.5/16.0GB (72%) swap=0.9/2.9GB (32%) cpu=80% browser_rss=0.53GB
[09:43]   [capture-loop] iter=1850 t=216.0s state={'complete': False, 'error': None, 'executedCount': 0, 'wsState': 1} eval_ms=6 ram=11.5/16.0GB (72%) swap=0.9/2.9GB (32%) cpu=86% browser_rss=0.52GB
[09:49]   [capture-loop] iter=1900 t=222.0s state={'complete': False, 'error': None, 'executedCount': 0, 'wsState': 1} eval_ms=4 ram=9.5/16.0GB (59%) swap=0.9/2.9GB (32%) cpu=78% browser_rss=0.51GB
[09:55]   [capture-loop] iter=1950 t=227.8s state={'complete': False, 'error': None, 'executedCount': 0, 'wsState': 1} eval_ms=4 ram=11.1/16.0GB (69%) swap=0.9/2.9GB (32%) cpu=83% browser_rss=0.50GB
[10:01]   [capture-loop] iter=2000 t=233.7s state={'complete': False, 'error': None, 'executedCount': 0, 'wsState': 1} eval_ms=5 ram=9.4/16.0GB (59%) swap=0.9/2.9GB (32%) cpu=75% browser_rss=0.49GB
[10:06]   [capture-loop] iter=2050 t=239.6s state={'complete': False, 'error': None, 'executedCount': 0, 'wsState': 1} eval_ms=4 ram=10.7/16.0GB (67%) swap=0.9/2.9GB (32%) cpu=76% browser_rss=0.49GB
[10:12]   [capture-loop] iter=2100 t=245.2s state={'complete': False, 'error': None, 'executedCount': 0, 'wsState': 1} eval_ms=4 ram=10.1/16.0GB (63%) swap=0.9/2.9GB (32%) cpu=75% browser_rss=0.48GB
[10:18]   [capture-loop] iter=2150 t=251.0s state={'complete': False, 'error': None, 'executedCount': 0, 'wsState': 1} eval_ms=4 ram=9.7/16.0GB (61%) swap=1.0/2.9GB (35%) cpu=79% browser_rss=0.48GB
[10:24]   [capture-loop] iter=2200 t=256.9s state={'complete': False, 'error': None, 'executedCount': 0, 'wsState': 1} eval_ms=5 ram=10.1/16.0GB (63%) swap=1.0/2.9GB (35%) cpu=91% browser_rss=0.48GB
[10:29]   [capture-loop] iter=2250 t=262.6s state={'complete': False, 'error': None, 'executedCount': 0, 'wsState': 1} eval_ms=4 ram=8.8/16.0GB (55%) swap=1.0/2.9GB (35%) cpu=71% browser_rss=0.47GB
[10:33]   Frame 5 saved (frame_004.jpg, t=265.5s)
[10:33]   [capture-periodic] freeze=3ms shot=158ms unfreeze=3ms saved=True
[10:35]   [capture-loop] iter=2300 t=268.5s state={'complete': False, 'error': None, 'executedCount': 0, 'wsState': 1} eval_ms=4 ram=8.4/16.0GB (53%) swap=0.9/2.9GB (33%) cpu=76% browser_rss=0.49GB
[10:41]   [capture-loop] iter=2350 t=274.1s state={'complete': False, 'error': None, 'executedCount': 0, 'wsState': 1} eval_ms=4 ram=8.6/16.0GB (54%) swap=0.9/2.9GB (32%) cpu=55% browser_rss=0.49GB
[10:43]   Node executed (1 total), capturing...
[10:43]   Frame 6 saved (frame_005.jpg, t=276.0s)
[10:43]   [capture-node] freeze=5ms shot=130ms unfreeze=0ms saved=True
[10:43]   Execution complete (t=276.0s)
[10:43]   [3d-wait] Phase 1: Waiting for 'Loading 3D Model' text to disappear...
[10:43]   [3d-wait] Phase 1 done in 0.0s
[10:43]   [3d-wait] Phase 2: iframes=1
[10:43]   [3d-wait] iframe viewer_ready=False (matched 0 console logs)
[10:43]   [3d-wait] Waiting for 'Loaded successfully' console message (timeout=60s)...
[10:44]   [3d-wait] Got 'Loaded successfully' after 1.3s
[10:45]   [3d-wait] Unfrozen in 0.251s, rendering for 5s...
[10:59]   [3d-wait] JS halted via CDP after 14.2s
[11:40]   [3d-wait] Re-frozen in 55.3s
[11:40]   [3d-wait] Total 3D wait: 56.7s
[11:40]   Captured 6 unique frames over 332.86s
[11:40]   [debug] iframes: 1
[11:40]   [debug]   iframe[0]: src=http://127.0.0.1:8188/extensions/ComfyUI-GeometryPack/viewer_gaussian.html?v=177, canvas=3040x2022, rafFrozen=True
[11:40]   [timing] trigger_3d_previews: 0.0s
[11:42]   Saved high-quality screenshot: sharp_exif_executed.png
[11:42]   [timing] final_screenshot: 0.3s
[11:43] Results saved to D:\a\comfy-gpu-ci\comfy-gpu-ci\comfy-test-logs\Sharp-1123\windows-cpu\results.json
[11:43] Model report: 4 files, 2.6 GB -> D:\a\comfy-gpu-ci\comfy-gpu-ci\comfy-test-logs\Sharp-1123\windows-cpu\models.json
[11:43] Saved: D:\a\comfy-gpu-ci\comfy-gpu-ci\comfy-test-logs\Sharp-1123\windows-cpu\index.html
[11:43] [EXECUTION] PASSED
[11:43] 
windows: PASSED
