[2026-05-10 03:21:26.714] [info]  setup plugin alembic.autogenerate.schemas

[2026-05-10 03:21:26.716] [info]  setup plugin alembic.autogenerate.tables
setup plugin alembic.autogenerate.types
setup plugin alembic.autogenerate.constraints
setup plugin alembic.autogenerate.defaults
setup plugin alembic.autogenerate.comments

[2026-05-10 03:21:27.283] [info]  Adding extra search path custom_nodes C:\Users\runneradmin\Documents\ComfyUI\custom_nodes
Adding extra search path download_model_base C:\Users\runneradmin\Documents\ComfyUI\models

[2026-05-10 03:21:27.285] [info]  Adding extra search path custom_nodes C:\Users\runneradmin\.comfy-test-cache\desktop\ComfyUI\resources\ComfyUI\custom_nodes
Setting output directory to: C:\Users\runneradmin\Documents\ComfyUI\output
Setting input directory to: C:\Users\runneradmin\Documents\ComfyUI\input
Setting user directory to: C:\Users\runneradmin\Documents\ComfyUI\user

[2026-05-10 03:21:29.245] [info]  [START] Security scan
[DONE] Security scan
** ComfyUI startup time:
[2026-05-10 03:21:29.247] [info]   2026-05-10 03:21:29.244
** Platform: Windows
** Python version: 3.12.11 (main, Aug 18 2025, 19:17:54) [MSC v.1944 64 bit (AMD64)]
** Python executable: C:\Users\runneradmin\Documents\ComfyUI\.venv\Scripts\python.exe
** ComfyUI Path: C:\Users\runneradmin\.comfy-test-cache\desktop\ComfyUI\resources\ComfyUI
** ComfyUI Base Folder Path: C:\Users\runneradmin\.comfy-test-cache\desktop\ComfyUI\resources\ComfyUI

[2026-05-10 03:21:29.249] [info]  ** User directory: 
[2026-05-10 03:21:29.250] [info]  C:\Users\runneradmin\Documents\ComfyUI\user
** ComfyUI-Manager config path: C:\Users\runneradmin\Documents\ComfyUI\user\__manager\config.ini
** Log path: C:\Users\runneradmin\Documents\ComfyUI\user\comfyui.log

[2026-05-10 03:21:30.382] [info]  [ComfyUI-Manager] Skipped fixing the 'comfyui-frontend-package' dependency because the ComfyUI is outdated.

[2026-05-10 03:21:30.384] [info]  [PRE] ComfyUI-Manager

[2026-05-10 03:21:30.926] [error] [comfy-env] ComfyUI-GeometryPack: 1 isolation env(s):
[2026-05-10 03:21:30.928] [error] 
[comfy-env]   nodes -> C:\Users\runneradmin\Documents\ComfyUI\custom_nodes\ComfyUI-GeometryPack\nodes

[2026-05-10 03:21:30.929] [error] [comfy-env] prestartup complete

[2026-05-10 03:21:31.016] [error] [comfy-env] comfyui-sharp: 1 isolation env(s):
[2026-05-10 03:21:31.017] [error] 
[comfy-env]   nodes -> C:\Users\runneradmin\Documents\ComfyUI\custom_nodes\comfyui-sharp\nodes
[comfy-env] prestartup complete

[2026-05-10 03:21:35.180] [info]  Found comfy_kitchen backend cuda: {'available': False, 'disabled': True, 'unavailable_reason': 'CUDA not available on this system', 'capabilities': []}

[2026-05-10 03:21:35.182] [info]  Found comfy_kitchen backend triton: {'available': False, 'disabled': True, 'unavailable_reason': "ImportError: No module named 'triton'", 'capabilities': []}
Found comfy_kitchen backend eager: {'available': True, 'disabled': False, 'unavailable_reason': None, 'capabilities': ['apply_rope', 'apply_rope1', 'dequantize_mxfp8', 'dequantize_nvfp4', 'dequantize_per_tensor_fp8', 'quantize_mxfp8', 'quantize_nvfp4', 'quantize_per_tensor_fp8', 'scaled_mm_mxfp8', 'scaled_mm_nvfp4']}

[2026-05-10 03:21:35.192] [info]  Checkpoint files will always be loaded safely.

[2026-05-10 03:21:35.226] [info]  Total VRAM 16379 MB, total RAM 16379 MB

[2026-05-10 03:21:35.228] [info]  pytorch version: 2.10.0+cpu
Set vram state to: DISABLED
Device: cpu

[2026-05-10 03:21:35.718] [info]  Using sub quadratic optimization for attention, if you have memory or speed issues try using: --use-split-cross-attention

[2026-05-10 03:21:40.347] [info]  Python version: 3.12.11 (main, Aug 18 2025, 19:17:54) [MSC v.1944 64 bit (AMD64)]

[2026-05-10 03:21:40.348] [info]  ComfyUI version: 0.20.1
comfy-aimdo version: 0.2.14

[2026-05-10 03:21:40.349] [info]  comfy-kitchen version: 0.2.8

[2026-05-10 03:21:40.351] [info]  [Prompt Server] web root: C:\Users\runneradmin\.comfy-test-cache\desktop\ComfyUI\resources\ComfyUI\web_custom_versions\desktop_app

[2026-05-10 03:21:40.353] [info]  Asset seeder disabled

[2026-05-10 03:21:40.354] [info]  [START] ComfyUI-Manager

[2026-05-10 03:21:40.508] [info]  [ComfyUI-Manager] Using GitPython backend

[2026-05-10 03:21:40.581] [info]  [ComfyUI-Manager] network_mode: public

[2026-05-10 03:21:40.589] [info]  [ComfyUI-Manager] The matrix sharing feature has been disabled because the `matrix-nio` dependency is not installed.
	To use this feature, please run the following command:
	C:\Users\runneradmin\Documents\ComfyUI\.venv\Scripts\python.exe -m pip install matrix-nio


[2026-05-10 03:21:42.693] [info]  loading...

[2026-05-10 03:21:42.695] [info]  calling register_nodes

[2026-05-10 03:21:42.707] [error] [comfy-env] Version: 0.3.78
[2026-05-10 03:21:42.709] [error] 

[2026-05-10 03:21:46.543] [error] [comfy-env] register_nodes: ComfyUI-GeometryPack
[2026-05-10 03:21:46.545] [error] 

[2026-05-10 03:21:46.563] [error] [comfy-env] ComfyUI source dir: C:\Users\runneradmin\.comfy-test-cache\desktop\ComfyUI\resources\ComfyUI
[2026-05-10 03:21:46.565] [error] 

[2026-05-10 03:21:46.568] [error] [comfy-env] Scanning nodes metadata (isolation root)...
[2026-05-10 03:21:46.569] [error] 

[2026-05-10 03:21:46.628] [error] [comfy-env] Cache hit for nodes: 125 nodes
[2026-05-10 03:21:46.629] [error] 
[comfy-env] Scanned nodes root: 125 nodes (0.1s)

[2026-05-10 03:21:46.634] [error] [comfy-env] Imported nodes root: 125 nodes (isolation)
[2026-05-10 03:21:46.635] [error] 

[2026-05-10 03:21:46.636] [error] [comfy-env] Registered 125 total nodes

[2026-05-10 03:21:46.644] [error] [comfy-env] Version: 0.3.78
[2026-05-10 03:21:46.645] [error] 

[2026-05-10 03:21:46.671] [error] [comfy-env] register_nodes: comfyui-sharp
[2026-05-10 03:21:46.672] [error] 

[2026-05-10 03:21:46.675] [error] [comfy-env] ComfyUI source dir: C:\Users\runneradmin\.comfy-test-cache\desktop\ComfyUI\resources\ComfyUI
[2026-05-10 03:21:46.676] [error] 

[2026-05-10 03:21:46.680] [error] [comfy-env] Scanning nodes metadata (isolation root)...
[2026-05-10 03:21:46.681] [error] 

[2026-05-10 03:21:46.687] [error] [comfy-env] Cache hit for nodes: 8 nodes
[2026-05-10 03:21:46.689] [error] 

[2026-05-10 03:21:46.690] [error] [comfy-env] Scanned nodes root: 8 nodes (0.0s)

[2026-05-10 03:21:46.691] [error] [comfy-env] Imported nodes root: 8 nodes (isolation)

[2026-05-10 03:21:46.692] [error] [comfy-env] Registered 8 total nodes

[2026-05-10 03:21:46.697] [info]  
Import times for custom nodes:

[2026-05-10 03:21:46.698] [info]     0.0 seconds: C:\Users\runneradmin\.comfy-test-cache\desktop\ComfyUI\resources\ComfyUI\custom_nodes\websocket_image_save.py
   0.1 seconds: C:\Users\runneradmin\Documents\ComfyUI\custom_nodes\comfyui-sharp
   4.0 seconds: C:\Users\runneradmin\Documents\ComfyUI\custom_nodes\ComfyUI-GeometryPack


[2026-05-10 03:21:46.704] [info]  Context impl SQLiteImpl.

[2026-05-10 03:21:46.706] [info]  Will assume non-transactional DDL.

[2026-05-10 03:21:46.714] [error] Failed to initialize database. Please ensure you have installed the latest requirements. If the error persists, please report this as in future the database will be required: Could not acquire lock on database 'C:/Users/runneradmin/Documents/ComfyUI/user/comfyui.db'. Another ComfyUI process may already be using it. Use --database-url to specify a separate database file.

[2026-05-10 03:21:46.907] [info]  Starting server


[2026-05-10 03:21:46.908] [info]  To see the GUI go to: http://127.0.0.1:8001

[2026-05-10 03:21:49.242] [info]  [ComfyUI-Manager] The ComfyRegistry cache update is still in progress, so an outdated cache is being used.

[2026-05-10 03:21:49.584] [info]  FETCH DATA from: C:\Users\runneradmin\Documents\ComfyUI\.venv\Lib\site-packages\comfyui_manager\custom-node-list.json
[2026-05-10 03:21:49.608] [info]   [DONE]

[2026-05-10 03:21:52.252] [error] Exception in callback _ProactorBasePipeTransport._call_connection_lost(None)
handle: <Handle _ProactorBasePipeTransport._call_connection_lost(None)>
Traceback (most recent call last):
  File "C:\Users\runneradmin\AppData\Roaming\uv\python\cpython-3.12.11-windows-x86_64-none\Lib\asyncio\events.py", line 88, in _run
    self._context.run(self._callback, *self._args)
  File "C:\Users\runneradmin\AppData\Roaming\uv\python\cpython-3.12.11-windows-x86_64-none\Lib\asyncio\proactor_events.py", line 165, in _call_connection_lost
    self._sock.shutdown(socket.SHUT_RDWR)
ConnectionResetError: [WinError 10054] An existing connection was forcibly closed by the remote host

[2026-05-10 03:21:53.577] [info]  [ComfyUI-Manager] The ComfyRegistry cache update is still in progress, so an outdated cache is being used.

[2026-05-10 03:21:53.724] [info]  FETCH DATA from: C:\Users\runneradmin\Documents\ComfyUI\.venv\Lib\site-packages\comfyui_manager\custom-node-list.json
[2026-05-10 03:21:53.749] [info]   [DONE]

[2026-05-10 03:22:14.228] [info]  got prompt

[2026-05-10 03:22:14.251] [info]  [comfyui-sharp] python: C:\Users\runneradmin\Documents\ComfyUI\.ce\.pixi\envs\sharp-nodes\python.exe
[2026-05-10 03:22:14.253] [info]  
[comfyui-sharp] sys_path sent to worker: ['C:\\Users\\runneradmin\\.comfy-test-cache\\desktop\\ComfyUI\\resources\\ComfyUI', 'C:\\Users\\runneradmin\\Documents\\ComfyUI\\custom_nodes\\comfyui-sharp', 'C:\\Users\\runneradmin\\Documents\\ComfyUI\\.ce\\.pixi\\envs\\sharp-nodes\\Lib\\site-packages', 'C:\\Users\\runneradmin\\Documents\\ComfyUI\\custom_nodes\\comfyui-sharp']

[2026-05-10 03:22:21.126] [error] [comfyui-sharp] Health check: ping (timeout=5.0s)...
[2026-05-10 03:22:21.128] [error] 
[comfyui-sharp] Health check: ok

[2026-05-10 03:22:21.598] [error] Warning: You are sending unauthenticated requests to the HF Hub. Please set a HF_TOKEN to enable higher rate limits and faster downloads.

[2026-05-10 03:22:21.600] [error] [worker:comfyui-sharp] WARNING: Warning: You are sending unauthenticated requests to the HF Hub. Please set a HF_TOKEN to enable higher rate limits and faster downloads.

[2026-05-10 03:22:21.639] [error] [comfyui-sharp] Health check: ping (timeout=5.0s)...

[2026-05-10 03:22:21.645] [error] [comfyui-sharp] Health check: ok

[2026-05-10 03:22:30.916] [error] [worker:comfyui-sharp] WARNING: [SPN] start: 0.00 GB, input=[1, 3, 1536, 1536]

[2026-05-10 03:22:30.988] [error] [worker:comfyui-sharp] WARNING: [SPN] patches: 0.00 GB, x0=25 x1=9 x2=1 total=35

[2026-05-10 03:22:45.477] [error] [worker:comfyui-sharp] WARNING: [SPN] after first chunk (4/35): 0.00 GB, chunk_size=4
[2026-05-10 03:22:45.479] [error] 

[2026-05-10 03:23:13.044] [info]  FETCH ComfyRegistry Data [DONE]

[2026-05-10 03:23:13.580] [info]  [ComfyUI-Manager] default cache updated: https://api.comfy.org/nodes

[2026-05-10 03:23:13.651] [info]  FETCH DATA from: C:\Users\runneradmin\Documents\ComfyUI\user\__manager\cache\1514988643_custom-node-list.json
[2026-05-10 03:23:13.672] [info]   [DONE]

[2026-05-10 03:23:13.760] [info]  [ComfyUI-Manager] All startup tasks have been completed.

[2026-05-10 03:24:36.918] [error] [worker:comfyui-sharp] WARNING: [SPN] after all chunks + cache clear: 0.00 GB

[2026-05-10 03:24:36.937] [error] [worker:comfyui-sharp] WARNING: [SPN] after merge intermediates: 0.00 GB

[2026-05-10 03:24:36.982] [error] [worker:comfyui-sharp] WARNING: [SPN] after merge all: 0.00 GB

[2026-05-10 03:24:40.624] [error] [worker:comfyui-sharp] WARNING: [SPN] after image_encoder: 0.00 GB

[2026-05-10 03:24:42.654] [error] [worker:comfyui-sharp] WARNING: [SPN] after upsample: 0.00 GB

[2026-05-10 03:24:42.715] [error] [worker:comfyui-sharp] WARNING: [Monodepth] after SPN encoder + cache clear: 0.00 GB

[2026-05-10 03:25:20.573] [error] [worker:comfyui-sharp] WARNING: [Monodepth] after decoder: 0.00 GB

[2026-05-10 03:25:27.740] [error] [worker:comfyui-sharp] WARNING: [Decode] start: 0.00 GB

[2026-05-10 03:25:27.777] [error] [worker:comfyui-sharp] WARNING: [Decode] after depth_alignment: 0.00 GB

[2026-05-10 03:25:27.918] [error] [worker:comfyui-sharp] WARNING: [Decode] after init_model: 0.00 GB
[2026-05-10 03:25:27.919] [error] 

[2026-05-10 03:25:52.078] [error] [worker:comfyui-sharp] WARNING: [Decode] after feature_model: 0.00 GB

[2026-05-10 03:25:52.162] [error] [worker:comfyui-sharp] WARNING: [Decode] after prediction_head: 0.00 GB

[2026-05-10 03:25:58.556] [info]  [ComfyUI-GeometryPack] python: C:\Users\runneradmin\Documents\ComfyUI\.ce\.pixi\envs\geometrypack-nodes\python.exe

[2026-05-10 03:25:58.558] [info]  [ComfyUI-GeometryPack] sys_path sent to worker: ['C:\\Users\\runneradmin\\.comfy-test-cache\\desktop\\ComfyUI\\resources\\ComfyUI', 'C:\\Users\\runneradmin\\Documents\\ComfyUI\\custom_nodes\\ComfyUI-GeometryPack', 'C:\\Users\\runneradmin\\Documents\\ComfyUI\\.ce\\.pixi\\envs\\geometrypack-nodes\\Lib\\site-packages', 'C:\\Users\\runneradmin\\Documents\\ComfyUI\\custom_nodes\\ComfyUI-GeometryPack']

[2026-05-10 03:26:07.249] [error] [worker:ComfyUI-GeometryPack] INFO: Loading PLY: sharp_1778383350566.ply (63.00 MB)

[2026-05-10 03:26:07.328] [info]  Prompt executed in 233.10 seconds

