[2026-05-19 11:04:09.372] [SRV] [2026-05-19 11:04:09.372] [info]  setup plugin alembic.autogenerate.schemas
[2026-05-19 11:04:09.372] [SRV] setup plugin alembic.autogenerate.tables
[2026-05-19 11:04:09.372] [SRV] 
[2026-05-19 11:04:09.375] [SRV] [2026-05-19 11:04:09.375] [info]  setup plugin alembic.autogenerate.types
[2026-05-19 11:04:09.375] [SRV] setup plugin alembic.autogenerate.constraints
[2026-05-19 11:04:09.375] [SRV] setup plugin alembic.autogenerate.defaults
[2026-05-19 11:04:09.375] [SRV] setup plugin alembic.autogenerate.comments
[2026-05-19 11:04:09.375] [SRV] 
[2026-05-19 11:04:10.380] [SRV] [2026-05-19 11:04:10.380] [info]  Adding extra search path custom_nodes C:\Users\stduser\Documents\ComfyUI\custom_nodes
[2026-05-19 11:04:10.380] [SRV] Adding extra search path download_model_base C:\Users\stduser\Documents\ComfyUI\models
[2026-05-19 11:04:10.380] [SRV] 
[2026-05-19 11:04:10.382] [SRV] [2026-05-19 11:04:10.382] [info]  Adding extra search path custom_nodes C:\Users\stduser\.comfy-test-cache\desktop\ComfyUI\resources\ComfyUI\custom_nodes
[2026-05-19 11:04:10.382] [SRV] Setting output directory to: C:\Users\stduser\Documents\ComfyUI\output
[2026-05-19 11:04:10.382] [SRV] Setting input directory to: C:\Users\stduser\Documents\ComfyUI\input
[2026-05-19 11:04:10.382] [SRV] Setting user directory to: C:\Users\stduser\Documents\ComfyUI\user
[2026-05-19 11:04:10.382] [SRV] 
[2026-05-19 11:04:14.275] [SRV] [2026-05-19 11:04:14.275] [info]  [START] Security scan
[2026-05-19 11:04:14.275] [SRV] [DONE] Security scan
[2026-05-19 11:04:14.275] [SRV] ** ComfyUI startup time: 2026-05-19 11:04:14.274
[2026-05-19 11:04:14.275] [SRV] ** Platform:
[2026-05-19 11:04:14.276] [SRV] [2026-05-19 11:04:14.276] [info]   Windows
[2026-05-19 11:04:14.276] [SRV] ** Python version: 3.12.11 (main, Aug 18 2025, 19:17:54) [MSC v.1944 64 bit (AMD64)]
[2026-05-19 11:04:14.276] [SRV] ** Python executable: C:\Users\stduser\Documents\ComfyUI\.venv\Scripts\python.exe
[2026-05-19 11:04:14.276] [SRV] ** ComfyUI Path: C:\Users\stduser\.comfy-test-cache\desktop\ComfyUI\resources\ComfyUI
[2026-05-19 11:04:14.276] [SRV] ** ComfyUI Base Folder Path: C:\Users\stduser\.comfy-test-cache\desktop\ComfyUI\resources\ComfyUI
[2026-05-19 11:04:14.276] [SRV] 
[2026-05-19 11:04:14.277] [SRV] [2026-05-19 11:04:14.277] [info]  ** User directory:
[2026-05-19 11:04:14.279] [SRV] [2026-05-19 11:04:14.279] [info]   C:\Users\stduser\Documents\ComfyUI\user
[2026-05-19 11:04:14.279] [SRV] ** ComfyUI-Manager config path: C:\Users\stduser\Documents\ComfyUI\user\__manager\config.ini
[2026-05-19 11:04:14.279] [SRV] ** Log path: C:\Users\stduser\Documents\ComfyUI\user\comfyui.log
[2026-05-19 11:04:14.279] [SRV] 
[2026-05-19 11:04:15.475] [SRV] [2026-05-19 11:04:15.475] [info]  [ComfyUI-Manager] Skipped fixing the 'comfyui-frontend-package' dependency because the ComfyUI is outdated.
[2026-05-19 11:04:15.475] [SRV] 
[2026-05-19 11:04:15.477] [SRV] [2026-05-19 11:04:15.477] [info]  [PRE] ComfyUI-Manager
[2026-05-19 11:04:15.477] [SRV] 
[2026-05-19 11:04:16.175] [SRV] [2026-05-19 11:04:16.175] [error] [comfy-env] ComfyUI-GeometryPack: 1 isolation env(s):
[2026-05-19 11:04:16.177] [SRV] [2026-05-19 11:04:16.177] [error] 
[2026-05-19 11:04:16.177] [SRV] [comfy-env]   nodes -> C:\Users\stduser\Documents\ComfyUI\custom_nodes\ComfyUI-GeometryPack\nodes
[2026-05-19 11:04:16.177] [SRV] 
[2026-05-19 11:04:16.182] [SRV] [2026-05-19 11:04:16.182] [error] [comfy-env] Workspace: C:\Users\stduser\AppData\Local\Programs\comfy-env
[2026-05-19 11:04:16.183] [SRV] [2026-05-19 11:04:16.183] [error] 
[2026-05-19 11:04:16.183] [SRV] [comfy-env]     env: C:\Users\stduser\AppData\Local\Programs\comfy-env\.pixi\envs\geometrypack-nodes  [OK]
[2026-05-19 11:04:16.183] [SRV] 
[2026-05-19 11:04:16.186] [SRV] [2026-05-19 11:04:16.186] [error] [comfy-env] prestartup complete
[2026-05-19 11:04:16.187] [SRV] [2026-05-19 11:04:16.187] [error] 
[2026-05-19 11:04:16.187] [SRV] 
[2026-05-19 11:04:16.411] [SRV] [2026-05-19 11:04:16.411] [error] [comfy-env] comfyui-sharp: 1 isolation env(s):
[2026-05-19 11:04:16.411] [SRV] [comfy-env]   nodes -> C:\Users\stduser\Documents\ComfyUI\custom_nodes\comfyui-sharp\nodes
[2026-05-19 11:04:16.415] [SRV] [2026-05-19 11:04:16.415] [error] 
[2026-05-19 11:04:16.415] [SRV] [comfy-env]     env: C:\Users\stduser\AppData\Local\Programs\comfy-env\.pixi\envs\sharp-nodes  [OK]
[2026-05-19 11:04:16.415] [SRV] [comfy-env] prestartup complete
[2026-05-19 11:04:16.417] [SRV] [2026-05-19 11:04:16.417] [error] 
[2026-05-19 11:04:16.417] [SRV] 
[2026-05-19 11:04:24.667] [SRV] [2026-05-19 11:04:24.667] [info]  Found comfy_kitchen backend eager: {'available': True, 'disabled': False, 'unavailable_reason': None, 'capabilities': ['apply_rope', 'apply_rope1', 'dequantize_mxfp8', 'dequantize_nvfp4', 'dequantize_per_tensor_fp8', 'quantize_mxfp8', 'quantize_nvfp4', 'quantize_per_tensor_fp8', 'scaled_mm_mxfp8', 'scaled_mm_nvfp4']}
[2026-05-19 11:04:24.667] [SRV] 
[2026-05-19 11:04:24.669] [SRV] [2026-05-19 11:04:24.669] [info]  Found comfy_kitchen backend cuda: {'available': False, 'disabled': True, 'unavailable_reason': 'CUDA not available on this system', 'capabilities': []}
[2026-05-19 11:04:24.669] [SRV] Found comfy_kitchen backend triton: {'available': False, 'disabled': True, 'unavailable_reason': "ImportError: No module named 'triton'", 'capabilities': []}
[2026-05-19 11:04:24.669] [SRV] 
[2026-05-19 11:04:24.707] [SRV] [2026-05-19 11:04:24.707] [info]  Checkpoint files will always be loaded safely.
[2026-05-19 11:04:24.707] [SRV] 
[2026-05-19 11:04:24.757] [SRV] [2026-05-19 11:04:24.757] [info]  Total VRAM 16379 MB, total RAM 16379 MB
[2026-05-19 11:04:24.757] [SRV] 
[2026-05-19 11:04:24.759] [SRV] [2026-05-19 11:04:24.759] [info]  pytorch version: 2.10.0+cpu
[2026-05-19 11:04:24.759] [SRV] Set vram state to: DISABLED
[2026-05-19 11:04:24.759] [SRV] Device: cpu
[2026-05-19 11:04:24.759] [SRV] 
[2026-05-19 11:04:26.195] [SRV] [2026-05-19 11:04:26.195] [info]  Using sub quadratic optimization for attention, if you have memory or speed issues try using: --use-split-cross-attention
[2026-05-19 11:04:26.195] [SRV] 
[2026-05-19 11:04:38.882] [SRV] [2026-05-19 11:04:38.882] [info]  Python version: 3.12.11 (main, Aug 18 2025, 19:17:54) [MSC v.1944 64 bit (AMD64)]
[2026-05-19 11:04:38.882] [SRV] 
[2026-05-19 11:04:38.884] [SRV] [2026-05-19 11:04:38.884] [info]  ComfyUI version: 0.21.1
[2026-05-19 11:04:38.884] [SRV] comfy-aimdo version: 0.3.0
[2026-05-19 11:04:38.884] [SRV] 
[2026-05-19 11:04:38.885] [SRV] [2026-05-19 11:04:38.885] [info]  comfy-kitchen version: 0.2.8
[2026-05-19 11:04:38.885] [SRV] 
[2026-05-19 11:04:38.887] [SRV] [2026-05-19 11:04:38.887] [info]  [Prompt Server] web root: C:\Users\stduser\.comfy-test-cache\desktop\ComfyUI\resources\ComfyUI\web_custom_versions\desktop_app
[2026-05-19 11:04:38.887] [SRV] 
[2026-05-19 11:04:38.889] [SRV] [2026-05-19 11:04:38.889] [info]  Asset seeder disabled
[2026-05-19 11:04:38.889] [SRV] 
[2026-05-19 11:04:38.890] [SRV] [2026-05-19 11:04:38.890] [info]  [START] ComfyUI-Manager
[2026-05-19 11:04:38.890] [SRV] 
[2026-05-19 11:04:39.260] [SRV] [2026-05-19 11:04:39.260] [info]  [ComfyUI-Manager] Using GitPython backend
[2026-05-19 11:04:39.260] [SRV] 
[2026-05-19 11:04:39.373] [SRV] [2026-05-19 11:04:39.373] [info]  [ComfyUI-Manager] network_mode: public
[2026-05-19 11:04:39.373] [SRV] 
[2026-05-19 11:04:39.394] [SRV] [2026-05-19 11:04:39.394] [info]  [ComfyUI-Manager] The matrix sharing feature has been disabled because the `matrix-nio` dependency is not installed.
[2026-05-19 11:04:39.394] [SRV] 	To use this feature, please run the following command:
[2026-05-19 11:04:39.394] [SRV] 	C:\Users\stduser\Documents\ComfyUI\.venv\Scripts\python.exe -m pip install matrix-nio
[2026-05-19 11:04:39.394] [SRV] 
[2026-05-19 11:04:39.394] [SRV] 
[2026-05-19 11:04:44.181] [SRV] [2026-05-19 11:04:44.181] [info]  loading...
[2026-05-19 11:04:44.181] [SRV] calling register_nodes
[2026-05-19 11:04:44.181] [SRV] 
[2026-05-19 11:04:44.222] [SRV] [2026-05-19 11:04:44.222] [error] [comfy-env] Version: 0.3.89
[2026-05-19 11:04:44.224] [SRV] [2026-05-19 11:04:44.224] [error] 
[2026-05-19 11:04:44.224] [SRV] 
[2026-05-19 11:04:45.084] [SRV] [2026-05-19 11:04:45.084] [error] [comfy-env] register_nodes: ComfyUI-GeometryPack
[2026-05-19 11:04:45.085] [SRV] [2026-05-19 11:04:45.085] [error] 
[2026-05-19 11:04:45.085] [SRV] 
[2026-05-19 11:04:45.102] [SRV] [2026-05-19 11:04:45.102] [error] [comfy-env] ComfyUI source dir: C:\Users\stduser\.comfy-test-cache\desktop\ComfyUI\resources\ComfyUI
[2026-05-19 11:04:45.104] [SRV] [2026-05-19 11:04:45.104] [error] 
[2026-05-19 11:04:45.104] [SRV] 
[2026-05-19 11:04:45.113] [SRV] [2026-05-19 11:04:45.113] [error] [comfy-env] Scanning nodes metadata (isolation root)...
[2026-05-19 11:04:45.115] [SRV] [2026-05-19 11:04:45.115] [error] 
[2026-05-19 11:04:45.115] [SRV] 
[2026-05-19 11:04:45.166] [SRV] [2026-05-19 11:04:45.166] [error] [comfy-env] Cache hit for nodes: 125 nodes
[2026-05-19 11:04:45.168] [SRV] [2026-05-19 11:04:45.168] [error] 
[2026-05-19 11:04:45.168] [SRV] [comfy-env] Scanned nodes root: 125 nodes (0.1s)
[2026-05-19 11:04:45.168] [SRV] 
[2026-05-19 11:04:45.172] [SRV] [2026-05-19 11:04:45.172] [error] [comfy-env] Imported nodes root: 125 nodes (isolation)
[2026-05-19 11:04:45.173] [SRV] [2026-05-19 11:04:45.173] [error] 
[2026-05-19 11:04:45.173] [SRV] [comfy-env] Registered 125 total nodes
[2026-05-19 11:04:45.174] [SRV] [2026-05-19 11:04:45.174] [error] 
[2026-05-19 11:04:45.174] [SRV] 
[2026-05-19 11:04:45.184] [SRV] [2026-05-19 11:04:45.184] [error] [comfy-env] Version: 0.3.89
[2026-05-19 11:04:45.186] [SRV] [2026-05-19 11:04:45.186] [error] 
[2026-05-19 11:04:45.186] [SRV] 
[2026-05-19 11:04:45.246] [SRV] [2026-05-19 11:04:45.246] [error] [comfy-env] register_nodes: comfyui-sharp
[2026-05-19 11:04:45.248] [SRV] [2026-05-19 11:04:45.248] [error] 
[2026-05-19 11:04:45.248] [SRV] 
[2026-05-19 11:04:45.250] [SRV] [2026-05-19 11:04:45.250] [error] [comfy-env] ComfyUI source dir: C:\Users\stduser\.comfy-test-cache\desktop\ComfyUI\resources\ComfyUI
[2026-05-19 11:04:45.252] [SRV] [2026-05-19 11:04:45.252] [error] 
[2026-05-19 11:04:45.252] [SRV] 
[2026-05-19 11:04:45.255] [SRV] [2026-05-19 11:04:45.255] [error] [comfy-env] Scanning nodes metadata (isolation root)...
[2026-05-19 11:04:45.256] [SRV] [2026-05-19 11:04:45.256] [error] 
[2026-05-19 11:04:45.256] [SRV] 
[2026-05-19 11:04:45.264] [SRV] [2026-05-19 11:04:45.264] [error] [comfy-env] Cache hit for nodes: 8 nodes
[2026-05-19 11:04:45.266] [SRV] [2026-05-19 11:04:45.266] [error] 
[2026-05-19 11:04:45.266] [SRV] 
[2026-05-19 11:04:45.268] [SRV] [2026-05-19 11:04:45.268] [error] [comfy-env] Scanned nodes root: 8 nodes (0.0s)
[2026-05-19 11:04:45.269] [SRV] [2026-05-19 11:04:45.269] [error] 
[2026-05-19 11:04:45.269] [SRV] 
[2026-05-19 11:04:45.273] [SRV] [2026-05-19 11:04:45.273] [error] [comfy-env] Imported nodes root: 8 nodes (isolation)
[2026-05-19 11:04:45.275] [SRV] [2026-05-19 11:04:45.275] [error] 
[2026-05-19 11:04:45.275] [SRV] 
[2026-05-19 11:04:45.277] [SRV] [2026-05-19 11:04:45.277] [error] [comfy-env] Registered 8 total nodes
[2026-05-19 11:04:45.278] [SRV] [2026-05-19 11:04:45.278] [error] 
[2026-05-19 11:04:45.278] [SRV] 
[2026-05-19 11:04:45.283] [SRV] [2026-05-19 11:04:45.283] [info]  
[2026-05-19 11:04:45.283] [SRV] Import times for custom nodes:
[2026-05-19 11:04:45.283] [SRV] 
[2026-05-19 11:04:45.284] [SRV] [2026-05-19 11:04:45.284] [info]     0.0 seconds: C:\Users\stduser\.comfy-test-cache\desktop\ComfyUI\resources\ComfyUI\custom_nodes\websocket_image_save.py
[2026-05-19 11:04:45.284] [SRV]    0.1 seconds: C:\Users\stduser\Documents\ComfyUI\custom_nodes\comfyui-sharp
[2026-05-19 11:04:45.284] [SRV]    1.0 seconds: C:\Users\stduser\Documents\ComfyUI\custom_nodes\ComfyUI-GeometryPack
[2026-05-19 11:04:45.284] [SRV] 
[2026-05-19 11:04:45.284] [SRV] 
[2026-05-19 11:04:45.294] [SRV] [2026-05-19 11:04:45.294] [info]  Context impl SQLiteImpl.
[2026-05-19 11:04:45.294] [SRV] 
[2026-05-19 11:04:45.296] [SRV] [2026-05-19 11:04:45.296] [info]  Will assume non-transactional DDL.
[2026-05-19 11:04:45.296] [SRV] 
[2026-05-19 11:04:45.307] [SRV] [2026-05-19 11:04:45.307] [error] Failed to initialize database. Please ensure you have installed the latest requirements. If the error persists, please report this as in future the database will be required: Could not acquire lock on database 'C:/Users/stduser/Documents/ComfyUI/user/comfyui.db'. Another ComfyUI process may already be using it. Use --database-url to specify a separate database file.
[2026-05-19 11:04:45.307] [SRV] 
[2026-05-19 11:04:45.403] [SRV] [2026-05-19 11:04:45.403] [info]  Starting server
[2026-05-19 11:04:45.403] [SRV] 
[2026-05-19 11:04:45.403] [SRV] 
[2026-05-19 11:04:45.405] [SRV] [2026-05-19 11:04:45.405] [info]  To see the GUI go to: http://127.0.0.1:8001
[2026-05-19 11:04:45.405] [SRV] 
[2026-05-19 11:04:47.882] [SRV] [2026-05-19 11:04:47.882] [info]  [ComfyUI-Manager] The ComfyRegistry cache update is still in progress, so an outdated cache is being used.
[2026-05-19 11:04:47.882] [SRV] 
[2026-05-19 11:04:48.024] [SRV] [2026-05-19 11:04:48.024] [info]  FETCH DATA from: C:\Users\stduser\Documents\ComfyUI\.venv\Lib\site-packages\comfyui_manager\custom-node-list.json
[2026-05-19 11:04:48.078] [SRV] [2026-05-19 11:04:48.078] [info]   [DONE]
[2026-05-19 11:04:48.078] [SRV] 
[2026-05-19 11:04:53.351] [SRV] [2026-05-19 11:04:53.351] [info]  [ComfyUI-Manager] The ComfyRegistry cache update is still in progress, so an outdated cache is being used.
[2026-05-19 11:04:53.351] [SRV] 
[2026-05-19 11:04:53.550] [SRV] [2026-05-19 11:04:53.550] [info]  FETCH DATA from: C:\Users\stduser\Documents\ComfyUI\.venv\Lib\site-packages\comfyui_manager\custom-node-list.json
[2026-05-19 11:04:53.607] [SRV] [2026-05-19 11:04:53.607] [info]   [DONE]
[2026-05-19 11:04:53.610] [SRV] [2026-05-19 11:04:53.610] [info]  
[2026-05-19 11:04:53.610] [SRV] 
[2026-05-19 11:05:13.586] [SRV] [2026-05-19 11:05:13.586] [info]  got prompt
[2026-05-19 11:05:13.586] [SRV] 
[2026-05-19 11:05:13.616] [SRV] [2026-05-19 11:05:13.616] [info]  [comfyui-sharp] python: C:\Users\stduser\AppData\Local\Programs\comfy-env\.pixi\envs\sharp-nodes\python.exe
[2026-05-19 11:05:13.617] [SRV] [2026-05-19 11:05:13.617] [info]  
[2026-05-19 11:05:13.617] [SRV] [comfyui-sharp] sys_path sent to worker: ['C:\\Users\\stduser\\.comfy-test-cache\\desktop\\ComfyUI\\resources\\ComfyUI', 'C:\\Users\\stduser\\Documents\\ComfyUI\\custom_nodes\\comfyui-sharp', 'C:\\Users\\stduser\\AppData\\Local\\Programs\\comfy-env\\.pixi\\envs\\sharp-nodes\\Lib\\site-packages', 'C:\\Users\\stduser\\Documents\\ComfyUI\\custom_nodes\\comfyui-sharp']
[2026-05-19 11:05:13.617] [SRV] 
[2026-05-19 11:05:20.491] [SRV] [2026-05-19 11:05:20.491] [error] [worker:comfyui-sharp] ERROR: Failed to import comfy_kitchen, Error: No module named 'comfy_kitchen', fp8 and fp4 support will not be available.
[2026-05-19 11:05:20.491] [SRV] 
[2026-05-19 11:05:23.928] [SRV] [2026-05-19 11:05:23.928] [error] [comfyui-sharp] Health check: ping (timeout=5.0s)...
[2026-05-19 11:05:23.928] [SRV] 
[2026-05-19 11:05:23.929] [SRV] [2026-05-19 11:05:23.929] [error] [comfyui-sharp] Health check: ok
[2026-05-19 11:05:23.929] [SRV] 
[2026-05-19 11:05:24.784] [SRV] [2026-05-19 11:05:24.784] [error] Warning: You are sending unauthenticated requests to the HF Hub. Please set a HF_TOKEN to enable higher rate limits and faster downloads.
[2026-05-19 11:05:24.784] [SRV] 
[2026-05-19 11:05:24.786] [SRV] [2026-05-19 11:05:24.786] [error] [worker:comfyui-sharp] WARNING: Warning: You are sending unauthenticated requests to the HF Hub. Please set a HF_TOKEN to enable higher rate limits and faster downloads.
[2026-05-19 11:05:24.786] [SRV] 
[2026-05-19 11:05:24.863] [SRV] [2026-05-19 11:05:24.863] [error] [comfyui-sharp] Health check: ping (timeout=5.0s)...
[2026-05-19 11:05:24.865] [SRV] [2026-05-19 11:05:24.865] [error] 
[2026-05-19 11:05:24.865] [SRV] 
[2026-05-19 11:05:24.872] [SRV] [2026-05-19 11:05:24.872] [error] [comfyui-sharp] Health check: ok
[2026-05-19 11:05:24.872] [SRV] 
[2026-05-19 11:05:26.089] [SRV] [2026-05-19 11:05:26.089] [error] [worker:comfyui-sharp] WARNING: No comfy kitchen, using old apply_rope functions.
[2026-05-19 11:05:26.089] [SRV] 
[2026-05-19 11:05:53.615] [SRV] [2026-05-19 11:05:53.615] [error] [worker:comfyui-sharp] WARNING: [SPN] start: 0.00 GB, input=[1, 3, 1536, 1536]
[2026-05-19 11:05:53.615] [SRV] 
[2026-05-19 11:05:53.685] [SRV] [2026-05-19 11:05:53.685] [error] [worker:comfyui-sharp] WARNING: [SPN] patches: 0.00 GB, x0=25 x1=9 x2=1 total=35
[2026-05-19 11:05:53.685] [SRV] 
[2026-05-19 11:06:14.542] [SRV] [2026-05-19 11:06:14.542] [error] [worker:comfyui-sharp] WARNING: [SPN] after first chunk (4/35): 0.00 GB, chunk_size=4
[2026-05-19 11:06:14.542] [SRV] 
[2026-05-19 11:06:20.087] [SRV] [2026-05-19 11:06:20.087] [info]  FETCH ComfyRegistry Data [DONE]
[2026-05-19 11:06:20.087] [SRV] 
[2026-05-19 11:06:20.580] [SRV] [2026-05-19 11:06:20.580] [info]  [ComfyUI-Manager] default cache updated: https://api.comfy.org/nodes
[2026-05-19 11:06:20.580] [SRV] 
[2026-05-19 11:06:20.674] [SRV] [2026-05-19 11:06:20.674] [info]  FETCH DATA from: C:\Users\stduser\Documents\ComfyUI\user\__manager\cache\1514988643_custom-node-list.json
[2026-05-19 11:06:20.752] [SRV] [2026-05-19 11:06:20.752] [info]   [DONE]
[2026-05-19 11:06:20.752] [SRV] 
[2026-05-19 11:06:20.825] [SRV] [2026-05-19 11:06:20.825] [info]  [ComfyUI-Manager] All startup tasks have been completed.
[2026-05-19 11:06:20.825] [SRV] 
[2026-05-19 11:08:53.745] [SRV] [2026-05-19 11:08:53.745] [error] [worker:comfyui-sharp] WARNING: [SPN] after all chunks + cache clear: 0.00 GB
[2026-05-19 11:08:53.745] [SRV] 
[2026-05-19 11:08:53.813] [SRV] [2026-05-19 11:08:53.813] [error] [worker:comfyui-sharp] WARNING: [SPN] after merge intermediates: 0.00 GB
[2026-05-19 11:08:53.813] [SRV] 
[2026-05-19 11:08:53.867] [SRV] [2026-05-19 11:08:53.867] [error] [worker:comfyui-sharp] WARNING: [SPN] after merge all: 0.00 GB
[2026-05-19 11:08:53.867] [SRV] 
[2026-05-19 11:08:58.325] [SRV] [2026-05-19 11:08:58.325] [error] [worker:comfyui-sharp] WARNING: [SPN] after image_encoder: 0.00 GB
[2026-05-19 11:08:58.325] [SRV] 
[2026-05-19 11:09:00.771] [SRV] [2026-05-19 11:09:00.771] [error] [worker:comfyui-sharp] WARNING: [SPN] after upsample: 0.00 GB
[2026-05-19 11:09:00.771] [SRV] 
[2026-05-19 11:09:00.786] [SRV] [2026-05-19 11:09:00.786] [error] [worker:comfyui-sharp] WARNING: [Monodepth] after SPN encoder + cache clear: 0.00 GB
[2026-05-19 11:09:00.786] [SRV] 
[2026-05-19 11:09:46.174] [SRV] [2026-05-19 11:09:46.174] [error] [worker:comfyui-sharp] WARNING: [Monodepth] after decoder: 0.00 GB
[2026-05-19 11:09:46.174] [SRV] 
[2026-05-19 11:09:56.217] [SRV] [2026-05-19 11:09:56.217] [error] [worker:comfyui-sharp] WARNING: [Decode] start: 0.00 GB
[2026-05-19 11:09:56.217] [SRV] 
[2026-05-19 11:09:56.244] [SRV] [2026-05-19 11:09:56.244] [error] [worker:comfyui-sharp] WARNING: [Decode] after depth_alignment: 0.00 GB
[2026-05-19 11:09:56.244] [SRV] 
[2026-05-19 11:09:56.446] [SRV] [2026-05-19 11:09:56.446] [error] [worker:comfyui-sharp] WARNING: [Decode] after init_model: 0.00 GB
[2026-05-19 11:09:56.446] [SRV] 
[2026-05-19 11:10:32.646] [SRV] [2026-05-19 11:10:32.646] [error] [worker:comfyui-sharp] WARNING: [Decode] after feature_model: 0.00 GB
[2026-05-19 11:10:32.646] [SRV] 
[2026-05-19 11:10:32.767] [SRV] [2026-05-19 11:10:32.767] [error] [worker:comfyui-sharp] WARNING: [Decode] after prediction_head: 0.00 GB
[2026-05-19 11:10:32.767] [SRV] 
[2026-05-19 11:10:39.290] [SRV] [2026-05-19 11:10:39.290] [info]  [ComfyUI-GeometryPack] python: C:\Users\stduser\AppData\Local\Programs\comfy-env\.pixi\envs\geometrypack-nodes\python.exe
[2026-05-19 11:10:39.290] [SRV] [ComfyUI-GeometryPack] sys_path sent to worker: ['C:\\Users\\stduser\\.comfy-test-cache\\desktop\\ComfyUI\\resources\\ComfyUI', 'C:\\Users\\stduser\\Documents\\ComfyUI\\custom_nodes\\ComfyUI-GeometryPack', 'C:\\Users\\stduser\\AppData\\Local\\Programs\\comfy-env\\.pixi\\envs\\geometrypack-nodes\\Lib\\site-packages', 'C:\\Users\\stduser\\Documents\\ComfyUI\\custom_nodes\\ComfyUI-GeometryPack']
[2026-05-19 11:10:39.291] [SRV] [2026-05-19 11:10:39.291] [info]  
[2026-05-19 11:10:39.291] [SRV] 
[2026-05-19 11:10:43.073] [SRV] [2026-05-19 11:10:43.073] [error] [worker:ComfyUI-GeometryPack] ERROR: Failed to import comfy_kitchen, Error: No module named 'comfy_kitchen', fp8 and fp4 support will not be available.
[2026-05-19 11:10:43.073] [SRV] 
[2026-05-19 11:10:45.462] [SRV] [2026-05-19 11:10:45.462] [error] [worker:ComfyUI-GeometryPack] INFO: Loading PLY: sharp_1779188753202.ply (63.00 MB)
[2026-05-19 11:10:45.462] [SRV] 
[2026-05-19 11:10:45.501] [SRV] [2026-05-19 11:10:45.501] [info]  Prompt executed in 331.91 seconds
[2026-05-19 11:10:45.501] [SRV] 