Capturing execution frames: sharp_basic.json
  Frame 1 saved (frame_000.jpg, t=0.0s)
  Validating workflow...
  Queuing workflow for execution...
  Frame 2 saved (frame_001.jpg, t=2.3s)
  [capture-periodic] freeze=4ms shot=141ms unfreeze=6ms saved=True
  Frame 3 saved (frame_002.jpg, t=4.5s)
  [capture-periodic] freeze=3ms shot=124ms unfreeze=2ms saved=True
  [capture-loop] iter=50 t=5.9s state={'complete': False, 'error': None, 'executedCount': 0, 'wsState': 1} eval_ms=5 ram=5.7/16.0GB (35%) swap=0.3/2.9GB (11%) cpu=40% browser_rss=0.70GB
  [capture-loop] iter=100 t=12.6s state={'complete': False, 'error': None, 'executedCount': 0, 'wsState': 1} eval_ms=48 ram=6.5/16.0GB (41%) swap=0.3/2.9GB (11%) cpu=68% browser_rss=0.70GB
  [capture-loop] iter=150 t=19.9s state={'complete': False, 'error': None, 'executedCount': 0, 'wsState': 1} eval_ms=4 ram=6.5/16.0GB (40%) swap=0.3/2.9GB (11%) cpu=88% browser_rss=0.71GB
  Frame 4 saved (frame_003.jpg, t=20.3s)
  [capture-periodic] freeze=3ms shot=125ms unfreeze=3ms saved=True
  [capture-loop] iter=200 t=25.9s state={'complete': False, 'error': None, 'executedCount': 0, 'wsState': 1} eval_ms=6 ram=8.9/16.0GB (56%) swap=0.3/2.9GB (11%) cpu=71% browser_rss=0.64GB
  [capture-loop] iter=250 t=31.8s state={'complete': False, 'error': None, 'executedCount': 0, 'wsState': 1} eval_ms=4 ram=8.7/16.0GB (55%) swap=0.3/2.9GB (11%) cpu=83% browser_rss=0.65GB
  [capture-loop] iter=300 t=37.6s state={'complete': False, 'error': None, 'executedCount': 0, 'wsState': 1} eval_ms=18 ram=8.7/16.0GB (55%) swap=0.3/2.9GB (11%) cpu=82% browser_rss=0.65GB
  [capture-loop] iter=350 t=43.5s state={'complete': False, 'error': None, 'executedCount': 0, 'wsState': 1} eval_ms=4 ram=8.6/16.0GB (54%) swap=0.3/2.9GB (11%) cpu=82% browser_rss=0.64GB
  [capture-loop] iter=400 t=49.2s state={'complete': False, 'error': None, 'executedCount': 0, 'wsState': 1} eval_ms=4 ram=8.5/16.0GB (53%) swap=0.3/2.9GB (11%) cpu=90% browser_rss=0.64GB
  [capture-loop] iter=450 t=55.3s state={'complete': False, 'error': None, 'executedCount': 0, 'wsState': 1} eval_ms=6 ram=8.5/16.0GB (53%) swap=0.3/2.9GB (11%) cpu=95% browser_rss=0.62GB
  [capture-loop] iter=500 t=61.5s state={'complete': False, 'error': None, 'executedCount': 0, 'wsState': 1} eval_ms=5 ram=8.4/16.0GB (53%) swap=0.3/2.9GB (11%) cpu=96% browser_rss=0.62GB
  [capture-loop] iter=550 t=67.3s state={'complete': False, 'error': None, 'executedCount': 0, 'wsState': 1} eval_ms=7 ram=8.3/16.0GB (52%) swap=0.3/2.9GB (11%) cpu=93% browser_rss=0.61GB
  [capture-loop] iter=600 t=73.1s state={'complete': False, 'error': None, 'executedCount': 0, 'wsState': 1} eval_ms=4 ram=8.3/16.0GB (52%) swap=0.3/2.9GB (11%) cpu=84% browser_rss=0.61GB
  [capture-loop] iter=650 t=79.0s state={'complete': False, 'error': None, 'executedCount': 0, 'wsState': 1} eval_ms=5 ram=8.3/16.0GB (52%) swap=0.3/2.9GB (11%) cpu=80% browser_rss=0.61GB
  [capture-loop] iter=700 t=84.7s state={'complete': False, 'error': None, 'executedCount': 0, 'wsState': 1} eval_ms=4 ram=8.3/16.0GB (52%) swap=0.3/2.9GB (11%) cpu=80% browser_rss=0.61GB
  [capture-loop] iter=750 t=90.6s state={'complete': False, 'error': None, 'executedCount': 0, 'wsState': 1} eval_ms=4 ram=8.3/16.0GB (52%) swap=0.3/2.9GB (11%) cpu=81% browser_rss=0.60GB
  [capture-loop] iter=800 t=96.4s state={'complete': False, 'error': None, 'executedCount': 0, 'wsState': 1} eval_ms=4 ram=8.3/16.0GB (52%) swap=0.3/2.9GB (11%) cpu=81% browser_rss=0.61GB
  [capture-loop] iter=850 t=102.2s state={'complete': False, 'error': None, 'executedCount': 0, 'wsState': 1} eval_ms=5 ram=8.4/16.0GB (53%) swap=0.3/2.9GB (11%) cpu=80% browser_rss=0.61GB
  [capture-loop] iter=900 t=108.0s state={'complete': False, 'error': None, 'executedCount': 0, 'wsState': 1} eval_ms=6 ram=8.4/16.0GB (52%) swap=0.3/2.9GB (11%) cpu=81% browser_rss=0.60GB
  [capture-loop] iter=950 t=113.8s state={'complete': False, 'error': None, 'executedCount': 0, 'wsState': 1} eval_ms=4 ram=8.3/16.0GB (52%) swap=0.3/2.9GB (11%) cpu=81% browser_rss=0.60GB
  [capture-loop] iter=1000 t=119.5s state={'complete': False, 'error': None, 'executedCount': 0, 'wsState': 1} eval_ms=4 ram=8.3/16.0GB (52%) swap=0.3/2.9GB (11%) cpu=81% browser_rss=0.60GB
  [capture-loop] iter=1050 t=125.4s state={'complete': False, 'error': None, 'executedCount': 0, 'wsState': 1} eval_ms=4 ram=8.3/16.0GB (52%) swap=0.3/2.9GB (11%) cpu=81% browser_rss=0.60GB
  [capture-loop] iter=1100 t=131.2s state={'complete': False, 'error': None, 'executedCount': 0, 'wsState': 1} eval_ms=4 ram=8.3/16.0GB (52%) swap=0.3/2.9GB (11%) cpu=82% browser_rss=0.59GB
  [capture-loop] iter=1150 t=137.0s state={'complete': False, 'error': None, 'executedCount': 0, 'wsState': 1} eval_ms=11 ram=8.5/16.0GB (53%) swap=0.3/2.9GB (11%) cpu=81% browser_rss=0.59GB
  [capture-loop] iter=1200 t=142.9s state={'complete': False, 'error': None, 'executedCount': 0, 'wsState': 1} eval_ms=4 ram=8.3/16.0GB (52%) swap=0.3/2.9GB (11%) cpu=81% browser_rss=0.60GB
  [capture-loop] iter=1250 t=148.7s state={'complete': False, 'error': None, 'executedCount': 0, 'wsState': 1} eval_ms=8 ram=8.4/16.0GB (53%) swap=0.3/2.9GB (11%) cpu=81% browser_rss=0.59GB
  [capture-loop] iter=1300 t=154.6s state={'complete': False, 'error': None, 'executedCount': 0, 'wsState': 1} eval_ms=5 ram=8.3/16.0GB (52%) swap=0.3/2.9GB (11%) cpu=83% browser_rss=0.59GB
  [capture-loop] iter=1350 t=160.4s state={'complete': False, 'error': None, 'executedCount': 0, 'wsState': 1} eval_ms=7 ram=8.3/16.0GB (52%) swap=0.3/2.9GB (11%) cpu=82% browser_rss=0.58GB
  [capture-loop] iter=1400 t=166.2s state={'complete': False, 'error': None, 'executedCount': 0, 'wsState': 1} eval_ms=20 ram=8.3/16.0GB (52%) swap=0.3/2.9GB (11%) cpu=83% browser_rss=0.58GB
  [capture-loop] iter=1450 t=172.1s state={'complete': False, 'error': None, 'executedCount': 0, 'wsState': 1} eval_ms=4 ram=8.4/16.0GB (52%) swap=0.3/2.9GB (11%) cpu=81% browser_rss=0.58GB
  [capture-loop] iter=1500 t=177.8s state={'complete': False, 'error': None, 'executedCount': 0, 'wsState': 1} eval_ms=4 ram=8.3/16.0GB (52%) swap=0.3/2.9GB (11%) cpu=83% browser_rss=0.57GB
  [capture-loop] iter=1550 t=183.7s state={'complete': False, 'error': None, 'executedCount': 0, 'wsState': 1} eval_ms=4 ram=8.3/16.0GB (52%) swap=0.3/2.9GB (11%) cpu=82% browser_rss=0.57GB
  [capture-loop] iter=1600 t=189.6s state={'complete': False, 'error': None, 'executedCount': 0, 'wsState': 1} eval_ms=4 ram=7.9/16.0GB (50%) swap=0.4/2.9GB (15%) cpu=83% browser_rss=0.56GB
  [capture-loop] iter=1650 t=195.2s state={'complete': False, 'error': None, 'executedCount': 0, 'wsState': 1} eval_ms=9 ram=8.5/16.0GB (53%) swap=0.6/2.9GB (20%) cpu=77% browser_rss=0.57GB
  [capture-loop] iter=1700 t=201.1s state={'complete': False, 'error': None, 'executedCount': 0, 'wsState': 1} eval_ms=13 ram=8.5/16.0GB (53%) swap=0.6/2.9GB (20%) cpu=87% browser_rss=0.55GB
  [capture-loop] iter=1750 t=207.2s state={'complete': False, 'error': None, 'executedCount': 0, 'wsState': 1} eval_ms=6 ram=9.3/16.0GB (58%) swap=0.6/2.9GB (19%) cpu=88% browser_rss=0.55GB
  [capture-loop] iter=1800 t=213.0s state={'complete': False, 'error': None, 'executedCount': 0, 'wsState': 1} eval_ms=17 ram=10.1/16.0GB (63%) swap=0.6/2.9GB (19%) cpu=89% browser_rss=0.55GB
  [capture-loop] iter=1850 t=219.0s state={'complete': False, 'error': None, 'executedCount': 0, 'wsState': 1} eval_ms=10 ram=9.8/16.0GB (61%) swap=0.6/2.9GB (19%) cpu=85% browser_rss=0.55GB
  [capture-loop] iter=1900 t=224.8s state={'complete': False, 'error': None, 'executedCount': 0, 'wsState': 1} eval_ms=4 ram=9.7/16.0GB (60%) swap=0.7/2.9GB (23%) cpu=77% browser_rss=0.54GB
  [capture-loop] iter=1950 t=230.7s state={'complete': False, 'error': None, 'executedCount': 0, 'wsState': 1} eval_ms=5 ram=11.4/16.0GB (72%) swap=0.7/2.9GB (23%) cpu=85% browser_rss=0.53GB
  [capture-loop] iter=2000 t=236.7s state={'complete': False, 'error': None, 'executedCount': 0, 'wsState': 1} eval_ms=14 ram=11.3/16.0GB (70%) swap=0.8/2.9GB (26%) cpu=84% browser_rss=0.52GB
  [capture-loop] iter=2050 t=242.6s state={'complete': False, 'error': None, 'executedCount': 0, 'wsState': 1} eval_ms=12 ram=9.1/16.0GB (57%) swap=0.8/2.9GB (26%) cpu=82% browser_rss=0.51GB
  [capture-loop] iter=2100 t=248.3s state={'complete': False, 'error': None, 'executedCount': 0, 'wsState': 1} eval_ms=14 ram=11.5/16.0GB (72%) swap=0.9/2.9GB (31%) cpu=81% browser_rss=0.50GB
  [capture-loop] iter=2150 t=254.2s state={'complete': False, 'error': None, 'executedCount': 0, 'wsState': 1} eval_ms=4 ram=8.6/16.0GB (54%) swap=1.0/2.9GB (34%) cpu=75% browser_rss=0.49GB
  [capture-loop] iter=2200 t=260.0s state={'complete': False, 'error': None, 'executedCount': 0, 'wsState': 1} eval_ms=5 ram=9.3/16.0GB (58%) swap=1.0/2.9GB (34%) cpu=74% browser_rss=0.48GB
  [capture-loop] iter=2250 t=265.6s state={'complete': False, 'error': None, 'executedCount': 0, 'wsState': 1} eval_ms=4 ram=9.7/16.0GB (60%) swap=1.0/2.9GB (34%) cpu=75% browser_rss=0.46GB
  [capture-loop] iter=2300 t=271.5s state={'complete': False, 'error': None, 'executedCount': 0, 'wsState': 1} eval_ms=5 ram=9.3/16.0GB (58%) swap=1.0/2.9GB (34%) cpu=83% browser_rss=0.45GB
  [capture-loop] iter=2350 t=277.2s state={'complete': False, 'error': None, 'executedCount': 0, 'wsState': 1} eval_ms=4 ram=9.3/16.0GB (58%) swap=1.0/2.9GB (34%) cpu=85% browser_rss=0.44GB
  [capture-loop] iter=2400 t=283.0s state={'complete': False, 'error': None, 'executedCount': 0, 'wsState': 1} eval_ms=4 ram=8.5/16.0GB (53%) swap=1.0/2.9GB (34%) cpu=78% browser_rss=0.43GB
  Frame 5 saved (frame_004.jpg, t=288.1s)
  [capture-periodic] freeze=4ms shot=129ms unfreeze=6ms saved=True
  [capture-loop] iter=2450 t=288.8s state={'complete': False, 'error': None, 'executedCount': 0, 'wsState': 1} eval_ms=4 ram=8.3/16.0GB (52%) swap=1.0/2.9GB (33%) cpu=47% browser_rss=0.44GB
  Frame 6 saved (frame_005.jpg, t=290.3s)
  [capture-periodic] freeze=3ms shot=123ms unfreeze=3ms saved=True
  [capture-loop] iter=2500 t=294.4s state={'complete': False, 'error': None, 'executedCount': 0, 'wsState': 1} eval_ms=3 ram=8.4/16.0GB (52%) swap=1.0/2.9GB (33%) cpu=45% browser_rss=0.43GB
  Node executed (1 total), capturing...
  Frame 7 saved (frame_006.jpg, t=297.6s)
  [capture-node] freeze=4ms shot=132ms unfreeze=0ms saved=True
  Execution complete (t=297.6s)
  [3d-wait] Phase 1: Waiting for 'Loading 3D Model' text to disappear...
  [3d-wait] Phase 1 done in 0.0s
  [3d-wait] Phase 2: iframes=1
  [3d-wait] iframe viewer_ready=False (matched 0 console logs)
  [3d-wait] Waiting for 'Loaded successfully' console message (timeout=60s)...
  [3d-wait] Got 'Loaded successfully' after 1.1s
  [3d-wait] Unfrozen in 0.156s, rendering for 5s...
  [3d-wait] JS halted via CDP after 10.0s
  [3d-wait] Re-frozen in 38.6s
  [3d-wait] Total 3D wait: 39.8s
  Captured 7 unique frames over 337.61s
  [debug] iframes: 1
  [debug]   iframe[0]: src=http://127.0.0.1:8188/extensions/ComfyUI-GeometryPack/viewer_gaussian.html?v=177, canvas=1536x1024, rafFrozen=True
  [timing] trigger_3d_previews: 0.0s
  Saved high-quality screenshot: sharp_basic_executed.png
  [timing] final_screenshot: 0.3s
    Captured 8 video frames