Capturing execution frames: sharp_exif.json
  Frame 1 saved (frame_000.jpg, t=0.0s)
  Validating workflow...
  Queuing workflow for execution...
  Frame 2 saved (frame_001.jpg, t=2.3s)
  [capture-periodic] freeze=3ms shot=151ms unfreeze=6ms saved=True
  Frame 3 saved (frame_002.jpg, t=4.5s)
  [capture-periodic] freeze=3ms shot=116ms unfreeze=3ms saved=True
  [capture-loop] iter=50 t=5.8s state={'complete': False, 'error': None, 'executedCount': 0, 'wsState': 1} eval_ms=4 ram=5.0/16.0GB (31%) swap=0.7/2.9GB (23%) cpu=79% browser_rss=0.72GB
  Frame 4 saved (frame_003.jpg, t=6.7s)
  [capture-periodic] freeze=2ms shot=123ms unfreeze=3ms saved=True
  [capture-loop] iter=100 t=11.6s state={'complete': False, 'error': None, 'executedCount': 0, 'wsState': 1} eval_ms=5 ram=6.8/16.0GB (43%) swap=0.6/2.9GB (22%) cpu=46% browser_rss=0.64GB
  [capture-loop] iter=150 t=17.4s state={'complete': False, 'error': None, 'executedCount': 0, 'wsState': 1} eval_ms=5 ram=7.9/16.0GB (49%) swap=0.6/2.9GB (22%) cpu=69% browser_rss=0.65GB
  [capture-loop] iter=200 t=23.2s state={'complete': False, 'error': None, 'executedCount': 0, 'wsState': 1} eval_ms=5 ram=7.9/16.0GB (49%) swap=0.6/2.9GB (22%) cpu=75% browser_rss=0.64GB
  [capture-loop] iter=250 t=29.1s state={'complete': False, 'error': None, 'executedCount': 0, 'wsState': 1} eval_ms=6 ram=7.9/16.0GB (50%) swap=0.6/2.9GB (22%) cpu=75% browser_rss=0.64GB
  [capture-loop] iter=300 t=34.9s state={'complete': False, 'error': None, 'executedCount': 0, 'wsState': 1} eval_ms=17 ram=8.0/16.0GB (50%) swap=0.6/2.9GB (22%) cpu=84% browser_rss=0.64GB
  [capture-loop] iter=350 t=40.8s state={'complete': False, 'error': None, 'executedCount': 0, 'wsState': 1} eval_ms=8 ram=8.0/16.0GB (50%) swap=0.6/2.9GB (22%) cpu=88% browser_rss=0.65GB
  [capture-loop] iter=400 t=46.5s state={'complete': False, 'error': None, 'executedCount': 0, 'wsState': 1} eval_ms=4 ram=8.1/16.0GB (50%) swap=0.6/2.9GB (22%) cpu=79% browser_rss=0.64GB
  [capture-loop] iter=450 t=52.4s state={'complete': False, 'error': None, 'executedCount': 0, 'wsState': 1} eval_ms=4 ram=8.0/16.0GB (50%) swap=0.6/2.9GB (22%) cpu=74% browser_rss=0.64GB
  [capture-loop] iter=500 t=58.2s state={'complete': False, 'error': None, 'executedCount': 0, 'wsState': 1} eval_ms=4 ram=8.0/16.0GB (50%) swap=0.6/2.9GB (22%) cpu=77% browser_rss=0.64GB
  [capture-loop] iter=550 t=63.9s state={'complete': False, 'error': None, 'executedCount': 0, 'wsState': 1} eval_ms=4 ram=8.0/16.0GB (50%) swap=0.6/2.9GB (22%) cpu=74% browser_rss=0.64GB
  [capture-loop] iter=600 t=69.7s state={'complete': False, 'error': None, 'executedCount': 0, 'wsState': 1} eval_ms=4 ram=8.0/16.0GB (50%) swap=0.6/2.9GB (22%) cpu=75% browser_rss=0.64GB
  [capture-loop] iter=650 t=75.6s state={'complete': False, 'error': None, 'executedCount': 0, 'wsState': 1} eval_ms=4 ram=8.1/16.0GB (51%) swap=0.6/2.9GB (22%) cpu=76% browser_rss=0.64GB
  [capture-loop] iter=700 t=81.3s state={'complete': False, 'error': None, 'executedCount': 0, 'wsState': 1} eval_ms=4 ram=8.2/16.0GB (51%) swap=0.6/2.9GB (22%) cpu=76% browser_rss=0.64GB
  [capture-loop] iter=750 t=87.3s state={'complete': False, 'error': None, 'executedCount': 0, 'wsState': 1} eval_ms=4 ram=8.1/16.0GB (50%) swap=0.6/2.9GB (22%) cpu=90% browser_rss=0.61GB
  [capture-loop] iter=800 t=93.2s state={'complete': False, 'error': None, 'executedCount': 0, 'wsState': 1} eval_ms=4 ram=8.2/16.0GB (51%) swap=0.6/2.9GB (22%) cpu=85% browser_rss=0.61GB
  [capture-loop] iter=850 t=98.9s state={'complete': False, 'error': None, 'executedCount': 0, 'wsState': 1} eval_ms=4 ram=8.2/16.0GB (51%) swap=0.6/2.9GB (22%) cpu=75% browser_rss=0.62GB
  [capture-loop] iter=900 t=104.8s state={'complete': False, 'error': None, 'executedCount': 0, 'wsState': 1} eval_ms=4 ram=8.2/16.0GB (51%) swap=0.6/2.9GB (22%) cpu=80% browser_rss=0.61GB
  [capture-loop] iter=950 t=110.4s state={'complete': False, 'error': None, 'executedCount': 0, 'wsState': 1} eval_ms=4 ram=8.1/16.0GB (50%) swap=0.6/2.9GB (22%) cpu=75% browser_rss=0.61GB
  [capture-loop] iter=1000 t=116.2s state={'complete': False, 'error': None, 'executedCount': 0, 'wsState': 1} eval_ms=4 ram=8.1/16.0GB (51%) swap=0.6/2.9GB (22%) cpu=75% browser_rss=0.62GB
  [capture-loop] iter=1050 t=122.0s state={'complete': False, 'error': None, 'executedCount': 0, 'wsState': 1} eval_ms=4 ram=8.1/16.0GB (51%) swap=0.6/2.9GB (22%) cpu=75% browser_rss=0.61GB
  [capture-loop] iter=1100 t=127.7s state={'complete': False, 'error': None, 'executedCount': 0, 'wsState': 1} eval_ms=4 ram=8.1/16.0GB (51%) swap=0.6/2.9GB (22%) cpu=74% browser_rss=0.61GB
  [capture-loop] iter=1150 t=133.5s state={'complete': False, 'error': None, 'executedCount': 0, 'wsState': 1} eval_ms=4 ram=8.2/16.0GB (52%) swap=0.6/2.9GB (22%) cpu=74% browser_rss=0.62GB
  [capture-loop] iter=1200 t=139.4s state={'complete': False, 'error': None, 'executedCount': 0, 'wsState': 1} eval_ms=7 ram=8.2/16.0GB (51%) swap=0.6/2.9GB (22%) cpu=76% browser_rss=0.61GB
  [capture-loop] iter=1250 t=145.3s state={'complete': False, 'error': None, 'executedCount': 0, 'wsState': 1} eval_ms=11 ram=8.2/16.0GB (51%) swap=0.6/2.9GB (22%) cpu=88% browser_rss=0.62GB
  [capture-loop] iter=1300 t=151.3s state={'complete': False, 'error': None, 'executedCount': 0, 'wsState': 1} eval_ms=20 ram=8.2/16.0GB (51%) swap=0.6/2.9GB (22%) cpu=91% browser_rss=0.61GB
  [capture-loop] iter=1350 t=157.2s state={'complete': False, 'error': None, 'executedCount': 0, 'wsState': 1} eval_ms=4 ram=8.2/16.0GB (51%) swap=0.6/2.9GB (22%) cpu=85% browser_rss=0.61GB
  [capture-loop] iter=1400 t=162.9s state={'complete': False, 'error': None, 'executedCount': 0, 'wsState': 1} eval_ms=4 ram=8.2/16.0GB (51%) swap=0.6/2.9GB (22%) cpu=85% browser_rss=0.62GB
  [capture-loop] iter=1450 t=168.8s state={'complete': False, 'error': None, 'executedCount': 0, 'wsState': 1} eval_ms=4 ram=8.2/16.0GB (51%) swap=0.6/2.9GB (22%) cpu=81% browser_rss=0.62GB
  [capture-loop] iter=1500 t=174.6s state={'complete': False, 'error': None, 'executedCount': 0, 'wsState': 1} eval_ms=5 ram=8.5/16.0GB (53%) swap=0.6/2.9GB (22%) cpu=77% browser_rss=0.61GB
  [capture-loop] iter=1550 t=180.4s state={'complete': False, 'error': None, 'executedCount': 0, 'wsState': 1} eval_ms=8 ram=9.0/16.0GB (56%) swap=0.6/2.9GB (22%) cpu=85% browser_rss=0.61GB
  [capture-loop] iter=1600 t=186.5s state={'complete': False, 'error': None, 'executedCount': 0, 'wsState': 1} eval_ms=4 ram=9.4/16.0GB (58%) swap=0.8/2.9GB (26%) cpu=86% browser_rss=0.59GB
  [capture-loop] iter=1650 t=192.3s state={'complete': False, 'error': None, 'executedCount': 0, 'wsState': 1} eval_ms=10 ram=10.3/16.0GB (65%) swap=0.7/2.9GB (26%) cpu=86% browser_rss=0.57GB
  [capture-loop] iter=1700 t=198.3s state={'complete': False, 'error': None, 'executedCount': 0, 'wsState': 1} eval_ms=4 ram=9.9/16.0GB (62%) swap=0.9/2.9GB (30%) cpu=82% browser_rss=0.56GB
  [capture-loop] iter=1750 t=204.2s state={'complete': False, 'error': None, 'executedCount': 0, 'wsState': 1} eval_ms=4 ram=9.9/16.0GB (62%) swap=0.8/2.9GB (30%) cpu=75% browser_rss=0.55GB
  [capture-loop] iter=1800 t=210.0s state={'complete': False, 'error': None, 'executedCount': 0, 'wsState': 1} eval_ms=4 ram=11.5/16.0GB (72%) swap=0.9/2.9GB (32%) cpu=80% browser_rss=0.53GB
  [capture-loop] iter=1850 t=216.0s state={'complete': False, 'error': None, 'executedCount': 0, 'wsState': 1} eval_ms=6 ram=11.5/16.0GB (72%) swap=0.9/2.9GB (32%) cpu=86% browser_rss=0.52GB
  [capture-loop] iter=1900 t=222.0s state={'complete': False, 'error': None, 'executedCount': 0, 'wsState': 1} eval_ms=4 ram=9.5/16.0GB (59%) swap=0.9/2.9GB (32%) cpu=78% browser_rss=0.51GB
  [capture-loop] iter=1950 t=227.8s state={'complete': False, 'error': None, 'executedCount': 0, 'wsState': 1} eval_ms=4 ram=11.1/16.0GB (69%) swap=0.9/2.9GB (32%) cpu=83% browser_rss=0.50GB
  [capture-loop] iter=2000 t=233.7s state={'complete': False, 'error': None, 'executedCount': 0, 'wsState': 1} eval_ms=5 ram=9.4/16.0GB (59%) swap=0.9/2.9GB (32%) cpu=75% browser_rss=0.49GB
  [capture-loop] iter=2050 t=239.6s state={'complete': False, 'error': None, 'executedCount': 0, 'wsState': 1} eval_ms=4 ram=10.7/16.0GB (67%) swap=0.9/2.9GB (32%) cpu=76% browser_rss=0.49GB
  [capture-loop] iter=2100 t=245.2s state={'complete': False, 'error': None, 'executedCount': 0, 'wsState': 1} eval_ms=4 ram=10.1/16.0GB (63%) swap=0.9/2.9GB (32%) cpu=75% browser_rss=0.48GB
  [capture-loop] iter=2150 t=251.0s state={'complete': False, 'error': None, 'executedCount': 0, 'wsState': 1} eval_ms=4 ram=9.7/16.0GB (61%) swap=1.0/2.9GB (35%) cpu=79% browser_rss=0.48GB
  [capture-loop] iter=2200 t=256.9s state={'complete': False, 'error': None, 'executedCount': 0, 'wsState': 1} eval_ms=5 ram=10.1/16.0GB (63%) swap=1.0/2.9GB (35%) cpu=91% browser_rss=0.48GB
  [capture-loop] iter=2250 t=262.6s state={'complete': False, 'error': None, 'executedCount': 0, 'wsState': 1} eval_ms=4 ram=8.8/16.0GB (55%) swap=1.0/2.9GB (35%) cpu=71% browser_rss=0.47GB
  Frame 5 saved (frame_004.jpg, t=265.5s)
  [capture-periodic] freeze=3ms shot=158ms unfreeze=3ms saved=True
  [capture-loop] iter=2300 t=268.5s state={'complete': False, 'error': None, 'executedCount': 0, 'wsState': 1} eval_ms=4 ram=8.4/16.0GB (53%) swap=0.9/2.9GB (33%) cpu=76% browser_rss=0.49GB
  [capture-loop] iter=2350 t=274.1s state={'complete': False, 'error': None, 'executedCount': 0, 'wsState': 1} eval_ms=4 ram=8.6/16.0GB (54%) swap=0.9/2.9GB (32%) cpu=55% browser_rss=0.49GB
  Node executed (1 total), capturing...
  Frame 6 saved (frame_005.jpg, t=276.0s)
  [capture-node] freeze=5ms shot=130ms unfreeze=0ms saved=True
  Execution complete (t=276.0s)
  [3d-wait] Phase 1: Waiting for 'Loading 3D Model' text to disappear...
  [3d-wait] Phase 1 done in 0.0s
  [3d-wait] Phase 2: iframes=1
  [3d-wait] iframe viewer_ready=False (matched 0 console logs)
  [3d-wait] Waiting for 'Loaded successfully' console message (timeout=60s)...
  [3d-wait] Got 'Loaded successfully' after 1.3s
  [3d-wait] Unfrozen in 0.251s, rendering for 5s...
  [3d-wait] JS halted via CDP after 14.2s
  [3d-wait] Re-frozen in 55.3s
  [3d-wait] Total 3D wait: 56.7s
  Captured 6 unique frames over 332.86s
  [debug] iframes: 1
  [debug]   iframe[0]: src=http://127.0.0.1:8188/extensions/ComfyUI-GeometryPack/viewer_gaussian.html?v=177, canvas=3040x2022, rafFrozen=True
  [timing] trigger_3d_previews: 0.0s
  Saved high-quality screenshot: sharp_exif_executed.png
  [timing] final_screenshot: 0.3s
    Captured 7 video frames