Capturing execution frames: sharp_basic.json
  Frame 1 saved (frame_000.jpg, t=0.0s)
  Validating workflow...
  Queuing workflow for execution...
  Frame 2 saved (frame_001.jpg, t=2.3s)
  [capture-periodic] freeze=5ms shot=151ms unfreeze=5ms saved=True
  Frame 3 saved (frame_002.jpg, t=4.6s)
  [capture-periodic] freeze=5ms shot=140ms unfreeze=6ms saved=True
  [capture-loop] iter=50 t=6.1s state={'complete': False, 'error': None, 'executedCount': 0, 'wsState': 1} eval_ms=7 ram=4.9/16.0GB (31%) swap=0.2/2.9GB (8%) cpu=44% browser_rss=0.69GB
  [capture-loop] iter=100 t=12.4s state={'complete': False, 'error': None, 'executedCount': 0, 'wsState': 1} eval_ms=6 ram=5.0/16.0GB (31%) swap=0.2/2.9GB (8%) cpu=71% browser_rss=0.69GB
  Frame 4 saved (frame_003.jpg, t=15.7s)
  [capture-periodic] freeze=35ms shot=216ms unfreeze=6ms saved=True
  Frame 5 saved (frame_004.jpg, t=18.1s)
  [capture-periodic] freeze=72ms shot=221ms unfreeze=47ms saved=True
  [capture-loop] iter=150 t=20.1s state={'complete': False, 'error': None, 'executedCount': 0, 'wsState': 1} eval_ms=31 ram=6.4/16.0GB (40%) swap=0.2/2.9GB (8%) cpu=93% browser_rss=0.75GB
  Frame 6 saved (frame_005.jpg, t=20.5s)
  [capture-periodic] freeze=43ms shot=254ms unfreeze=6ms saved=True
  Frame 7 saved (frame_006.jpg, t=22.9s)
  [capture-periodic] freeze=4ms shot=155ms unfreeze=4ms saved=True
  Frame 8 saved (frame_007.jpg, t=25.2s)
  [capture-periodic] freeze=4ms shot=132ms unfreeze=6ms saved=True
  [capture-loop] iter=200 t=26.8s state={'complete': False, 'error': None, 'executedCount': 0, 'wsState': 1} eval_ms=5 ram=5.6/16.0GB (35%) swap=0.2/2.9GB (8%) cpu=80% browser_rss=0.75GB
  [capture-loop] iter=250 t=32.7s state={'complete': False, 'error': None, 'executedCount': 0, 'wsState': 1} eval_ms=5 ram=8.1/16.0GB (50%) swap=0.2/2.9GB (8%) cpu=42% browser_rss=0.74GB
  [capture-loop] iter=300 t=39.0s state={'complete': False, 'error': None, 'executedCount': 0, 'wsState': 1} eval_ms=7 ram=8.1/16.0GB (50%) swap=0.2/2.9GB (8%) cpu=89% browser_rss=0.68GB
  [capture-loop] iter=350 t=45.0s state={'complete': False, 'error': None, 'executedCount': 0, 'wsState': 1} eval_ms=5 ram=8.0/16.0GB (50%) swap=0.2/2.9GB (8%) cpu=92% browser_rss=0.68GB
  [capture-loop] iter=400 t=51.3s state={'complete': False, 'error': None, 'executedCount': 0, 'wsState': 1} eval_ms=7 ram=7.9/16.0GB (50%) swap=0.2/2.9GB (8%) cpu=93% browser_rss=0.68GB
  [capture-loop] iter=450 t=57.5s state={'complete': False, 'error': None, 'executedCount': 0, 'wsState': 1} eval_ms=5 ram=8.0/16.0GB (50%) swap=0.2/2.9GB (8%) cpu=91% browser_rss=0.66GB
  [capture-loop] iter=500 t=63.8s state={'complete': False, 'error': None, 'executedCount': 0, 'wsState': 1} eval_ms=5 ram=7.7/16.0GB (48%) swap=0.2/2.9GB (8%) cpu=93% browser_rss=0.64GB
  [capture-loop] iter=550 t=69.9s state={'complete': False, 'error': None, 'executedCount': 0, 'wsState': 1} eval_ms=5 ram=7.7/16.0GB (48%) swap=0.2/2.9GB (8%) cpu=92% browser_rss=0.65GB
  [capture-loop] iter=600 t=76.1s state={'complete': False, 'error': None, 'executedCount': 0, 'wsState': 1} eval_ms=6 ram=7.7/16.0GB (48%) swap=0.2/2.9GB (8%) cpu=92% browser_rss=0.64GB
  [capture-loop] iter=650 t=82.2s state={'complete': False, 'error': None, 'executedCount': 0, 'wsState': 1} eval_ms=17 ram=7.8/16.0GB (48%) swap=0.2/2.9GB (8%) cpu=91% browser_rss=0.64GB
  [capture-loop] iter=700 t=88.5s state={'complete': False, 'error': None, 'executedCount': 0, 'wsState': 1} eval_ms=14 ram=7.7/16.0GB (48%) swap=0.2/2.9GB (8%) cpu=92% browser_rss=0.65GB
  [capture-loop] iter=750 t=94.6s state={'complete': False, 'error': None, 'executedCount': 0, 'wsState': 1} eval_ms=6 ram=7.7/16.0GB (48%) swap=0.2/2.9GB (8%) cpu=90% browser_rss=0.65GB
  [capture-loop] iter=800 t=100.6s state={'complete': False, 'error': None, 'executedCount': 0, 'wsState': 1} eval_ms=7 ram=7.8/16.0GB (49%) swap=0.2/2.9GB (8%) cpu=93% browser_rss=0.64GB
  [capture-loop] iter=850 t=106.7s state={'complete': False, 'error': None, 'executedCount': 0, 'wsState': 1} eval_ms=11 ram=7.8/16.0GB (49%) swap=0.2/2.9GB (8%) cpu=91% browser_rss=0.64GB
  [capture-loop] iter=900 t=112.8s state={'complete': False, 'error': None, 'executedCount': 0, 'wsState': 1} eval_ms=5 ram=7.9/16.0GB (50%) swap=0.2/2.9GB (8%) cpu=92% browser_rss=0.63GB
  [capture-loop] iter=950 t=119.0s state={'complete': False, 'error': None, 'executedCount': 0, 'wsState': 1} eval_ms=8 ram=7.8/16.0GB (49%) swap=0.2/2.9GB (8%) cpu=92% browser_rss=0.63GB
  [capture-loop] iter=1000 t=125.0s state={'complete': False, 'error': None, 'executedCount': 0, 'wsState': 1} eval_ms=15 ram=7.8/16.0GB (49%) swap=0.2/2.9GB (8%) cpu=91% browser_rss=0.62GB
  [capture-loop] iter=1050 t=131.2s state={'complete': False, 'error': None, 'executedCount': 0, 'wsState': 1} eval_ms=5 ram=7.8/16.0GB (49%) swap=0.2/2.9GB (8%) cpu=91% browser_rss=0.63GB
  [capture-loop] iter=1100 t=137.4s state={'complete': False, 'error': None, 'executedCount': 0, 'wsState': 1} eval_ms=11 ram=7.8/16.0GB (49%) swap=0.2/2.9GB (8%) cpu=92% browser_rss=0.63GB
  [capture-loop] iter=1150 t=143.5s state={'complete': False, 'error': None, 'executedCount': 0, 'wsState': 1} eval_ms=5 ram=8.0/16.0GB (50%) swap=0.2/2.9GB (8%) cpu=91% browser_rss=0.62GB
  [capture-loop] iter=1200 t=149.7s state={'complete': False, 'error': None, 'executedCount': 0, 'wsState': 1} eval_ms=6 ram=7.8/16.0GB (49%) swap=0.2/2.9GB (8%) cpu=92% browser_rss=0.61GB
  [capture-loop] iter=1250 t=155.7s state={'complete': False, 'error': None, 'executedCount': 0, 'wsState': 1} eval_ms=10 ram=7.8/16.0GB (49%) swap=0.2/2.9GB (8%) cpu=92% browser_rss=0.61GB
  [capture-loop] iter=1300 t=161.9s state={'complete': False, 'error': None, 'executedCount': 0, 'wsState': 1} eval_ms=9 ram=7.8/16.0GB (49%) swap=0.2/2.9GB (8%) cpu=90% browser_rss=0.61GB
  [capture-loop] iter=1350 t=168.2s state={'complete': False, 'error': None, 'executedCount': 0, 'wsState': 1} eval_ms=19 ram=7.8/16.0GB (49%) swap=0.2/2.9GB (8%) cpu=91% browser_rss=0.60GB
  [capture-loop] iter=1400 t=174.3s state={'complete': False, 'error': None, 'executedCount': 0, 'wsState': 1} eval_ms=16 ram=7.7/16.0GB (48%) swap=0.4/2.9GB (13%) cpu=91% browser_rss=0.59GB
  [capture-loop] iter=1450 t=180.4s state={'complete': False, 'error': None, 'executedCount': 0, 'wsState': 1} eval_ms=14 ram=7.6/16.0GB (47%) swap=0.5/2.9GB (17%) cpu=91% browser_rss=0.59GB
  [capture-loop] iter=1500 t=186.6s state={'complete': False, 'error': None, 'executedCount': 0, 'wsState': 1} eval_ms=5 ram=7.6/16.0GB (47%) swap=0.5/2.9GB (17%) cpu=90% browser_rss=0.58GB
  [capture-loop] iter=1550 t=192.8s state={'complete': False, 'error': None, 'executedCount': 0, 'wsState': 1} eval_ms=5 ram=7.6/16.0GB (47%) swap=0.5/2.9GB (17%) cpu=87% browser_rss=0.57GB
  [capture-loop] iter=1600 t=198.6s state={'complete': False, 'error': None, 'executedCount': 0, 'wsState': 1} eval_ms=5 ram=7.6/16.0GB (47%) swap=0.5/2.9GB (17%) cpu=82% browser_rss=0.56GB
  [capture-loop] iter=1650 t=204.6s state={'complete': False, 'error': None, 'executedCount': 0, 'wsState': 1} eval_ms=5 ram=7.8/16.0GB (49%) swap=0.5/2.9GB (17%) cpu=82% browser_rss=0.55GB
  [capture-loop] iter=1700 t=210.7s state={'complete': False, 'error': None, 'executedCount': 0, 'wsState': 1} eval_ms=5 ram=8.0/16.0GB (50%) swap=0.6/2.9GB (22%) cpu=84% browser_rss=0.54GB
  [capture-loop] iter=1750 t=216.7s state={'complete': False, 'error': None, 'executedCount': 0, 'wsState': 1} eval_ms=6 ram=8.5/16.0GB (53%) swap=0.6/2.9GB (22%) cpu=89% browser_rss=0.54GB
  [capture-loop] iter=1800 t=222.8s state={'complete': False, 'error': None, 'executedCount': 0, 'wsState': 1} eval_ms=5 ram=8.9/16.0GB (55%) swap=0.7/2.9GB (26%) cpu=89% browser_rss=0.53GB
  [capture-loop] iter=1850 t=228.9s state={'complete': False, 'error': None, 'executedCount': 0, 'wsState': 1} eval_ms=5 ram=8.9/16.0GB (56%) swap=0.7/2.9GB (26%) cpu=82% browser_rss=0.53GB
  [capture-loop] iter=1900 t=235.0s state={'complete': False, 'error': None, 'executedCount': 0, 'wsState': 1} eval_ms=6 ram=10.5/16.0GB (66%) swap=0.8/2.9GB (29%) cpu=84% browser_rss=0.52GB
  [capture-loop] iter=1950 t=240.9s state={'complete': False, 'error': None, 'executedCount': 0, 'wsState': 1} eval_ms=10 ram=10.4/16.0GB (65%) swap=0.9/2.9GB (32%) cpu=82% browser_rss=0.51GB
  [capture-loop] iter=2000 t=246.9s state={'complete': False, 'error': None, 'executedCount': 0, 'wsState': 1} eval_ms=13 ram=8.4/16.0GB (52%) swap=0.9/2.9GB (32%) cpu=82% browser_rss=0.49GB
  [capture-loop] iter=2050 t=253.0s state={'complete': False, 'error': None, 'executedCount': 0, 'wsState': 1} eval_ms=5 ram=9.9/16.0GB (62%) swap=1.2/2.9GB (41%) cpu=85% browser_rss=0.49GB
  [capture-loop] iter=2100 t=258.8s state={'complete': False, 'error': None, 'executedCount': 0, 'wsState': 1} eval_ms=5 ram=8.2/16.0GB (51%) swap=1.1/2.9GB (40%) cpu=79% browser_rss=0.47GB
  [capture-loop] iter=2150 t=264.8s state={'complete': False, 'error': None, 'executedCount': 0, 'wsState': 1} eval_ms=6 ram=9.1/16.0GB (57%) swap=1.3/2.9GB (44%) cpu=84% browser_rss=0.46GB
  [capture-loop] iter=2200 t=270.8s state={'complete': False, 'error': None, 'executedCount': 0, 'wsState': 1} eval_ms=5 ram=9.5/16.0GB (59%) swap=1.3/2.9GB (44%) cpu=84% browser_rss=0.44GB
  [capture-loop] iter=2250 t=276.6s state={'complete': False, 'error': None, 'executedCount': 0, 'wsState': 1} eval_ms=5 ram=8.8/16.0GB (55%) swap=1.3/2.9GB (44%) cpu=85% browser_rss=0.44GB
  [capture-loop] iter=2300 t=282.7s state={'complete': False, 'error': None, 'executedCount': 0, 'wsState': 1} eval_ms=5 ram=7.8/16.0GB (49%) swap=1.3/2.9GB (44%) cpu=85% browser_rss=0.42GB
  Frame 9 saved (frame_008.jpg, t=288.3s)
  [capture-periodic] freeze=4ms shot=127ms unfreeze=5ms saved=True
  [capture-loop] iter=2350 t=288.6s state={'complete': False, 'error': None, 'executedCount': 0, 'wsState': 1} eval_ms=5 ram=7.6/16.0GB (47%) swap=1.2/2.9GB (43%) cpu=59% browser_rss=0.44GB
  [capture-loop] iter=2400 t=294.5s state={'complete': False, 'error': None, 'executedCount': 0, 'wsState': 1} eval_ms=4 ram=7.8/16.0GB (49%) swap=1.2/2.9GB (43%) cpu=48% browser_rss=0.44GB
  [capture-loop] iter=2450 t=300.4s state={'complete': False, 'error': None, 'executedCount': 0, 'wsState': 1} eval_ms=6 ram=8.0/16.0GB (50%) swap=1.2/2.9GB (43%) cpu=49% browser_rss=0.44GB
  Node executed (1 total), capturing...
  Frame 10 saved (frame_009.jpg, t=300.7s)
  [capture-node] freeze=4ms shot=127ms unfreeze=0ms saved=True
  Execution complete (t=300.7s)
  [3d-wait] Phase 1: Waiting for 'Loading 3D Model' text to disappear...
  [3d-wait] Phase 1 done in 0.0s
  [3d-wait] Phase 2: iframes=1
  [3d-wait] iframe viewer_ready=False (matched 0 console logs)
  [3d-wait] Waiting for 'Loaded successfully' console message (timeout=60s)...
  [3d-wait] Got 'Loaded successfully' after 2.2s
  [3d-wait] Unfrozen in 0.175s, rendering for 5s...
  [3d-wait] JS halted via CDP after 10.0s
  [3d-wait] Re-frozen in 38.9s
  [3d-wait] Total 3D wait: 41.1s
  Captured 10 unique frames over 342.02s
  [debug] iframes: 1
  [debug]   iframe[0]: src=http://127.0.0.1:8188/extensions/ComfyUI-GeometryPack/viewer_gaussian.html?v=177, canvas=1536x1024, rafFrozen=True
  [timing] trigger_3d_previews: 0.0s
  Saved high-quality screenshot: sharp_basic_executed.png
  [timing] final_screenshot: 0.3s
    Captured 11 video frames