setup plugin alembic.autogenerate.schemas
setup plugin alembic.autogenerate.tables
setup plugin alembic.autogenerate.types
setup plugin alembic.autogenerate.constraints
setup plugin alembic.autogenerate.defaults
setup plugin alembic.autogenerate.comments
[comfy-env] ComfyUI-GeometryPack: 3 isolation env(s):
[comfy-env]   blender -> D:\a\comfy-gpu-ci\comfy-gpu-ci\ComfyUI\custom_nodes\ComfyUI-GeometryPack\nodes\blender
[comfy-env]   gpu -> D:\a\comfy-gpu-ci\comfy-gpu-ci\ComfyUI\custom_nodes\ComfyUI-GeometryPack\nodes\gpu
[comfy-env]   main -> D:\a\comfy-gpu-ci\comfy-gpu-ci\ComfyUI\custom_nodes\ComfyUI-GeometryPack\nodes\main
[comfy-env] prestartup complete
[comfy-env] ComfyUI-Sharp: 1 isolation env(s):
[comfy-env]   nodes -> D:\a\comfy-gpu-ci\comfy-gpu-ci\ComfyUI\custom_nodes\ComfyUI-Sharp\nodes
[comfy-env] prestartup complete

Prestartup times for custom nodes:
   0.0 seconds: D:\a\comfy-gpu-ci\comfy-gpu-ci\ComfyUI\custom_nodes\ComfyUI-Sharp
   0.5 seconds: D:\a\comfy-gpu-ci\comfy-gpu-ci\ComfyUI\custom_nodes\ComfyUI-GeometryPack

Found comfy_kitchen backend eager: {'available': True, 'disabled': False, 'unavailable_reason': None, 'capabilities': ['apply_rope', 'apply_rope1', 'dequantize_mxfp8', 'dequantize_nvfp4', 'dequantize_per_tensor_fp8', 'quantize_mxfp8', 'quantize_nvfp4', 'quantize_per_tensor_fp8', 'scaled_mm_mxfp8', 'scaled_mm_nvfp4']}
Found comfy_kitchen backend triton: {'available': False, 'disabled': True, 'unavailable_reason': "ImportError: No module named 'triton'", 'capabilities': []}
Found comfy_kitchen backend cuda: {'available': False, 'disabled': True, 'unavailable_reason': 'CUDA not available on this system', 'capabilities': []}
Checkpoint files will always be loaded safely.
Total VRAM 16379 MB, total RAM 16379 MB
pytorch version: 2.11.0+cpu
Set vram state to: DISABLED
Device: cpu
Using sub quadratic optimization for attention, if you have memory or speed issues try using: --use-split-cross-attention
Python version: 3.10.11 (tags/v3.10.11:7d4cc5a, Apr  5 2023, 00:38:17) [MSC v.1929 64 bit (AMD64)]
ComfyUI version: 0.20.1
comfy-aimdo version: 0.3.0
comfy-kitchen version: 0.2.8
ComfyUI frontend version: 1.43.17
[Prompt Server] web root: D:\a\comfy-gpu-ci\comfy-gpu-ci\.venv\lib\site-packages\comfyui_frontend_package\static
Asset seeder disabled
loading...
calling register_nodes
[comfy-env] Version: 0.3.75
[comfy-env] register_nodes: ComfyUI-GeometryPack
[comfy-env] ComfyUI source dir: D:\a\comfy-gpu-ci\comfy-gpu-ci\ComfyUI
[comfy-env] Found 3 isolation env(s)
[comfy-env] Importing nodes (root)...
[comfy-env] Imported nodes root: 0 nodes
[comfy-env] Scanning blender metadata...
[comfy-env] Scanning gpu metadata...
[comfy-env] Scanning main metadata...
[comfy-env] geometrypack-gpu: Library/bin has 234 DLLs
[comfy-env] Metadata scan: C:\Users\runneradmin\.pixi\bin\pixi.exe run --as-is --manifest-path D:\a\comfy-gpu-ci\comfy-gpu-ci\ComfyUI\.ce\pixi.toml -e geometrypack-gpu python C:\Users\RUNNER~1\AppData\Local\Temp\comfy_meta_d7if_gap.py D:\a\comfy-gpu-ci\comfy-gpu-ci\ComfyUI\custom_nodes\ComfyUI-GeometryPack nodes.gpu
[comfy-env] Scan env PATH for nodes.gpu:
[comfy-env]   [0] D:\a\comfy-gpu-ci\comfy-gpu-ci\ComfyUI\.ce\.pixi\envs\geometrypack-gpu
[comfy-env]   [1] D:\a\comfy-gpu-ci\comfy-gpu-ci\ComfyUI\.ce\.pixi\envs\geometrypack-gpu\Library\bin
[comfy-env]   [2] D:\a\comfy-gpu-ci\comfy-gpu-ci\ComfyUI\.ce\.pixi\envs\geometrypack-gpu\Scripts
[comfy-env]   [3] D:\a\comfy-gpu-ci\comfy-gpu-ci\ComfyUI\.ce\.pixi\envs\geometrypack-gpu\Lib\site-packages\bpy
[comfy-env]   [4] C:\Windows\System32
[comfy-env]   [5] C:\Windows
[comfy-env]   [6] C:\Windows\System32\Wbem
[comfy-env] geometrypack-blender: Library/bin has 234 DLLs
[comfy-env] Metadata scan: C:\Users\runneradmin\.pixi\bin\pixi.exe run --as-is --manifest-path D:\a\comfy-gpu-ci\comfy-gpu-ci\ComfyUI\.ce\pixi.toml -e geometrypack-blender python C:\Users\RUNNER~1\AppData\Local\Temp\comfy_meta_syub8g_j.py D:\a\comfy-gpu-ci\comfy-gpu-ci\ComfyUI\custom_nodes\ComfyUI-GeometryPack nodes.blender
[comfy-env] Scan env PATH for nodes.blender:
[comfy-env]   [0] D:\a\comfy-gpu-ci\comfy-gpu-ci\ComfyUI\.ce\.pixi\envs\geometrypack-blender
[comfy-env]   [1] D:\a\comfy-gpu-ci\comfy-gpu-ci\ComfyUI\.ce\.pixi\envs\geometrypack-blender\Library\bin
[comfy-env]   [2] D:\a\comfy-gpu-ci\comfy-gpu-ci\ComfyUI\.ce\.pixi\envs\geometrypack-blender\Scripts
[comfy-env]   [3] D:\a\comfy-gpu-ci\comfy-gpu-ci\ComfyUI\.ce\.pixi\envs\geometrypack-blender\Lib\site-packages\bpy
[comfy-env]   [4] C:\Windows\System32
[comfy-env]   [5] C:\Windows
[comfy-env]   [6] C:\Windows\System32\Wbem
[comfy-env] geometrypack-main: Library/bin has 609 DLLs
[comfy-env] Metadata scan: C:\Users\runneradmin\.pixi\bin\pixi.exe run --as-is --manifest-path D:\a\comfy-gpu-ci\comfy-gpu-ci\ComfyUI\.ce\pixi.toml -e geometrypack-main python C:\Users\RUNNER~1\AppData\Local\Temp\comfy_meta_846qzcwh.py D:\a\comfy-gpu-ci\comfy-gpu-ci\ComfyUI\custom_nodes\ComfyUI-GeometryPack nodes.main
[comfy-env] Scan env PATH for nodes.main:
[comfy-env]   [0] D:\a\comfy-gpu-ci\comfy-gpu-ci\ComfyUI\.ce\.pixi\envs\geometrypack-main
[comfy-env]   [1] D:\a\comfy-gpu-ci\comfy-gpu-ci\ComfyUI\.ce\.pixi\envs\geometrypack-main\Library\bin
[comfy-env]   [2] D:\a\comfy-gpu-ci\comfy-gpu-ci\ComfyUI\.ce\.pixi\envs\geometrypack-main\Scripts
[comfy-env]   [3] D:\a\comfy-gpu-ci\comfy-gpu-ci\ComfyUI\.ce\.pixi\envs\geometrypack-main\Lib\site-packages\bpy
[comfy-env]   [4] C:\Windows\System32
[comfy-env]   [5] C:\Windows
[comfy-env]   [6] C:\Windows\System32\Wbem
[comfy-env] Metadata scan stderr for nodes.gpu:
[comfy-env]   [meta-scan] importing nodes.gpu from D:\a\comfy-gpu-ci\comfy-gpu-ci\ComfyUI\custom_nodes\ComfyUI-GeometryPack
[comfy-env]   [meta-scan] import OK
[comfy-env] Scanned nodes.gpu: 3 nodes (13.4s)
[comfy-env] Scanned gpu: 3 nodes (13.4s)
[comfy-env] Registered 3 isolation nodes from gpu
[comfy-env] Metadata scan stderr for nodes.main:
[comfy-env]   [meta-scan] importing nodes.main from D:\a\comfy-gpu-ci\comfy-gpu-ci\ComfyUI\custom_nodes\ComfyUI-GeometryPack
[comfy-env]   [meta-scan] import OK
[comfy-env] Scanned nodes.main: 110 nodes (17.5s)
[comfy-env] Scanned main: 110 nodes (17.5s)
[comfy-env] Registered 110 isolation nodes from main
[comfy-env] Metadata scan stderr for nodes.blender:
[comfy-env]   [meta-scan] importing nodes.blender from D:\a\comfy-gpu-ci\comfy-gpu-ci\ComfyUI\custom_nodes\ComfyUI-GeometryPack
[comfy-env]   [meta-scan] import OK
[comfy-env] Scanned nodes.blender: 12 nodes (17.8s)
[comfy-env] Scanned blender: 12 nodes (17.9s)
[comfy-env] Registered 12 isolation nodes from blender
[comfy-env] Registered 125 total nodes
[comfy-env] Version: 0.3.75
[comfy-env] register_nodes: ComfyUI-Sharp
[comfy-env] ComfyUI source dir: D:\a\comfy-gpu-ci\comfy-gpu-ci\ComfyUI
[comfy-env] Found 1 isolation env(s)
[comfy-env] Scanning nodes metadata (isolation root)...
[comfy-env] sharp-nodes: Library/bin has 234 DLLs
[comfy-env] Metadata scan: C:\Users\runneradmin\.pixi\bin\pixi.exe run --as-is --manifest-path D:\a\comfy-gpu-ci\comfy-gpu-ci\ComfyUI\.ce\pixi.toml -e sharp-nodes python C:\Users\RUNNER~1\AppData\Local\Temp\comfy_meta_r3pkcspn.py D:\a\comfy-gpu-ci\comfy-gpu-ci\ComfyUI\custom_nodes\ComfyUI-Sharp nodes
[comfy-env] Scan env PATH for nodes:
[comfy-env]   [0] D:\a\comfy-gpu-ci\comfy-gpu-ci\ComfyUI\.ce\.pixi\envs\sharp-nodes
[comfy-env]   [1] D:\a\comfy-gpu-ci\comfy-gpu-ci\ComfyUI\.ce\.pixi\envs\sharp-nodes\Library\bin
[comfy-env]   [2] D:\a\comfy-gpu-ci\comfy-gpu-ci\ComfyUI\.ce\.pixi\envs\sharp-nodes\Scripts
[comfy-env]   [3] D:\a\comfy-gpu-ci\comfy-gpu-ci\ComfyUI\.ce\.pixi\envs\sharp-nodes\Lib\site-packages\bpy
[comfy-env]   [4] C:\Windows\System32
[comfy-env]   [5] C:\Windows
[comfy-env]   [6] C:\Windows\System32\Wbem
[comfy-env] Metadata scan stderr for nodes:
[comfy-env]   [meta-scan] importing nodes from D:\a\comfy-gpu-ci\comfy-gpu-ci\ComfyUI\custom_nodes\ComfyUI-Sharp
[comfy-env]   [meta-scan] import OK
[comfy-env] Scanned nodes: 8 nodes (5.3s)
[comfy-env] Scanned nodes root: 8 nodes (5.3s)
[comfy-env] Imported nodes root: 8 nodes (isolation)
[comfy-env] Registered 8 total nodes

Import times for custom nodes:
   0.0 seconds: D:\a\comfy-gpu-ci\comfy-gpu-ci\ComfyUI\custom_nodes\websocket_image_save.py
   0.0 seconds: D:\a\comfy-gpu-ci\comfy-gpu-ci\ComfyUI\custom_nodes\ComfyUI-validate-endpoint
   5.3 seconds: D:\a\comfy-gpu-ci\comfy-gpu-ci\ComfyUI\custom_nodes\ComfyUI-Sharp
  19.8 seconds: D:\a\comfy-gpu-ci\comfy-gpu-ci\ComfyUI\custom_nodes\ComfyUI-GeometryPack

Context impl SQLiteImpl.
Will assume non-transactional DDL.
Starting server

To see the GUI go to: http://127.0.0.1:8188
=== /validate endpoint called ===
Received JSON with keys: ['prompt']
Prompt has 4 nodes
  Node 1: LoadImage
    Inputs: {"image": "beach.jpg"}
  Node 2: LoadSharpModel
    Inputs: {"precision": "auto"}
  Node 4: GeomPackPreviewGaussian
    Inputs: {"preview_gaussian": "", "ply_path": ["5", 0], "extrinsics": ["5", 1], "intrinsics": ["5", 2]}
  Node 5: SharpPredict
    Inputs: {"focal_length_mm": 30, "output_prefix": "sharp", "model": ["2", 0], "image": ["1", 0]}
Generated prompt_id: e994feed-d141-4ff7-a854-3823c1d04fc6
Calling execution.validate_prompt()...
Validation result: valid=True
=== Validation PASSED ===
got prompt
[comfy-env] Running LoadSharpModel: precision: 'auto'
[comfy-env] SubprocessWorker: D:\a\comfy-gpu-ci\comfy-gpu-ci\ComfyUI\.ce\.pixi\envs\sharp-nodes\python.exe
[comfy-env] env_vars: {'COMFYUI_BASE': 'D:\\a\\comfy-gpu-ci\\comfy-gpu-ci\\ComfyUI'}
[SubprocessWorker] call_method: nodes.load_model.LoadSharpModel.EXECUTE_NORMALIZED
[SubprocessWorker] acquired lock, ensuring started...
[comfy-env] sharp-nodes: Library/bin has 234 DLLs
[ComfyUI-Sharp] python: D:\a\comfy-gpu-ci\comfy-gpu-ci\ComfyUI\.ce\.pixi\envs\sharp-nodes\python.exe
[ComfyUI-Sharp] sys_path sent to worker: ['D:\\a\\comfy-gpu-ci\\comfy-gpu-ci\\ComfyUI', 'D:\\a\\comfy-gpu-ci\\comfy-gpu-ci\\ComfyUI\\custom_nodes\\ComfyUI-Sharp', 'D:\\a\\comfy-gpu-ci\\comfy-gpu-ci\\ComfyUI\\.ce\\.pixi\\envs\\sharp-nodes\\Lib\\site-packages', 'D:\\a\\comfy-gpu-ci\\comfy-gpu-ci\\ComfyUI\\custom_nodes\\ComfyUI-Sharp']
[SubprocessWorker] is_pixi=True, python=D:\a\comfy-gpu-ci\comfy-gpu-ci\ComfyUI\.ce\.pixi\envs\sharp-nodes\python.exe
[SubprocessWorker] launching cmd=['C:\\Users\\runneradmin\\.pixi\\bin\\pixi.exe', 'run', '--as-is', '--manifest-path', 'D:\\a\\comfy-gpu-ci\\comfy-gpu-ci\\ComfyUI\\.ce\\pixi.toml', '-e', 'sharp-nodes', 'python', 'C:\\Users\\RUNNER~1\\AppData\\Local\\Temp\\comfyui_pvenv_93_xybt4\\persistent_worker.py', 'tcp://127.0.0.1:55834']...
[SubprocessWorker] worker started/confirmed
[SubprocessWorker] serializing kwargs to shm...
[SubprocessWorker] created 0 shm blocks
[SubprocessWorker] sending request via socket...
[SubprocessWorker] call_id=1 sending call_method
Warning: You are sending unauthenticated requests to the HF Hub. Please set a HF_TOKEN to enable higher rate limits and faster downloads.
[worker:ComfyUI-Sharp] WARNING: Warning: You are sending unauthenticated requests to the HF Hub. Please set a HF_TOKEN to enable higher rate limits and faster downloads.
[SubprocessWorker] got response: ok
[comfy-env] LoadSharpModel done (19.73s): result: NodeOutput
[comfy-env] Running SharpPredict: focal_length_mm: 30.0, output_prefix: 'sharp', model: dict, image: torch.float32 [1,1024,1536,3] cpu
[SubprocessWorker] call_method: nodes.predict.SharpPredict.EXECUTE_NORMALIZED
[SubprocessWorker] acquired lock, ensuring started...
[ComfyUI-Sharp] Health check: ping (timeout=5.0s)...
[ComfyUI-Sharp] Health check: ok
[SubprocessWorker] worker started/confirmed
[comfy-env] PRE-SERIALIZE 'image' shape: torch.Size([1, 1024, 1536, 3])
[SubprocessWorker] serializing kwargs to shm...
[SubprocessWorker] created 0 shm blocks
[SubprocessWorker] sending request via socket...
[SubprocessWorker] call_id=2 sending call_method
[worker:ComfyUI-Sharp] [comfy-env] _from_shm got dict with keys: ['__type__', 'strategy', 'manager_path', 'storage_key', 'storage_size']
[worker:ComfyUI-Sharp] [comfy-env] DESERIALIZE TensorRef: tensor_size=[1, 1024, 1536, 3]
[worker:ComfyUI-Sharp] [comfy-env] DESERIALIZED tensor shape: torch.Size([1, 1024, 1536, 3])
[SubprocessWorker] callback 'request_vram_budget' from call_id=2
[comfy-env] VRAM request: 2.81GB, free before eviction: 7.80GB
[comfy-env] VRAM after eviction: 7.80GB
[worker:ComfyUI-Sharp] WARNING: [SPN] start: 0.00 GB, input=[1, 3, 1536, 1536]
[worker:ComfyUI-Sharp] WARNING: [SPN] patches: 0.00 GB, x0=25 x1=9 x2=1 total=35
[worker:ComfyUI-Sharp] WARNING: [SPN] after first chunk (4/35): 0.00 GB, chunk_size=4
[worker:ComfyUI-Sharp] 
=== WATCHDOG TICK 1 ===
[worker:ComfyUI-Sharp] Thread 0x00001430 (most recent call first):
  File "D:\a\comfy-gpu-ci\comfy-gpu-ci\ComfyUI\.ce\.pixi\envs\sharp-nodes\lib\threading.py", line 324 in wait
  File "D:\a\comfy-gpu-ci\comfy-gpu-ci\ComfyUI\.ce\.pixi\envs\sharp-nodes\lib\threading.py", line 607 in wait
  File "D:\a\comfy-gpu-ci\comfy-gpu-ci\ComfyUI\.ce\.pixi\envs\sharp-nodes\lib\site-packages\tqdm\_monitor.py", line 60 in run
  File "D:\a\comfy-gpu-ci\comfy-gpu-ci\ComfyUI\.ce\.pixi\envs\sharp-nodes\lib\threading.py", line 1016 in _bootstrap_inner
  File "D:\a\comfy-gpu-ci\comfy-gpu-ci\ComfyUI\.ce\.pixi\envs\sharp-nodes\lib\threading.py", line 973 in _bootstrap

Current thread 0x000013e0 (most recent call first):
  File "C:\Users\RUNNER~1\AppData\Local\Temp\comfyui_pvenv_93_xybt4\persistent_worker.py", line 52 in _watchdog
  File "D:\a\comfy-gpu-ci\comfy-gpu-ci\ComfyUI\.ce\.pixi\envs\sharp-nodes\lib\threading.py", line 953 in run
  File "D:\a\comfy-gpu-ci\comfy-gpu-ci\ComfyUI\.ce\.pixi\envs\sharp-nodes\lib\threading.py", line 1016 in _bootstrap_inner
  File "D:\a\comfy-gpu-ci\comfy-gpu-ci\ComfyUI\.ce\.pixi\envs\sharp-nodes\lib\threading.py", line 973 in _bootstrap

Thread 0x00000974 (most recent call first):
  File "D:\a\comfy-gpu-ci\comfy-gpu-ci\ComfyUI\comfy\ldm\modules\sub_quadratic_attention.py", line 159 in _get_attention_scores_no_kv_chunking
  File "D:\a\comfy-gpu-ci\comfy-gpu-ci\ComfyUI\comfy\ldm\modules\sub_quadratic_attention.py", line 259 in efficient_dot_product_attention
  File "D:\a\comfy-gpu-ci\comfy-gpu-ci\ComfyUI\comfy\ldm\modules\attention.py", line 275 in attention_sub_quad
  File "D:\a\comfy-gpu-ci\comfy-gpu-ci\ComfyUI\comfy\ldm\modules\attention.py", line 139 in wrapper
  File "D:\a\comfy-gpu-ci\comfy-gpu-ci\ComfyUI\custom_nodes\ComfyUI-Sharp\nodes\sharp\model.py", line 234 in forward
  File "D:\a\comfy-gpu-ci\comfy-gpu-ci\ComfyUI\.ce\.pixi\envs\sharp-nodes\lib\site-packages\torch\nn\modules\module.py", line 1790 in _call_impl
  File "D:\a\comfy-gpu-ci\comfy-gpu-ci\ComfyUI\.ce\.pixi\envs\sharp-nodes\lib\site-packages\torch\nn\modules\module.py", line 1779 in _wrapped_call_impl
  File "D:\a\comfy-gpu-ci\comfy-gpu-ci\ComfyUI\custom_nodes\ComfyUI-Sharp\nodes\sharp\model.py", line 309 in forward
  File "D:\a\comfy-gpu-ci\comfy-gpu-ci\ComfyUI\.ce\.pixi\envs\sharp-nodes\lib\site-packages\torch\nn\modules\module.py", line 1790 in _call_impl
  File "D:\a\comfy-gpu-ci\comfy-gpu-ci\ComfyUI\.ce\.pixi\envs\sharp-nodes\lib\site-packages\torch\nn\modules\module.py", line 1779 in _wrapped_call_impl
  File "D:\a\comfy-gpu-ci\comfy-gpu-ci\ComfyUI\custom_nodes\ComfyUI-Sharp\nodes\sharp\model.py", line 412 in forward
  File "D:\a\comfy-gpu-ci\comfy-gpu-ci\ComfyUI\.ce\.pixi\envs\sharp-nodes\lib\site-packages\torch\nn\modules\module.py", line 1790 in _call_impl
  File "D:\a\comfy-gpu-ci\comfy-gpu-ci\ComfyUI\.ce\.pixi\envs\sharp-nodes\lib\site-packages\torch\nn\modules\module.py", line 1779 in _wrapped_call_impl
  File "D:\a\comfy-gpu-ci\comfy-gpu-ci\ComfyUI\custom_nodes\ComfyUI-Sharp\nodes\sharp\model.py", line 685 in forward
  File "D:\a\comfy-gpu-ci\comfy-gpu-ci\ComfyUI\.ce\.pixi\envs\sharp-nodes\lib\site-packages\torch\nn\modules\module.py", line 1790 in _call_impl
  File "D:\a\comfy-gpu-ci\comfy-gpu-ci\ComfyUI\.ce\.pixi\envs\sharp-nodes\lib\site-packages\torch\nn\modules\module.py", line 1779 in _wrapped_call_impl
  File "D:\a\comfy-gpu-ci\comfy-gpu-ci\ComfyUI\custom_nodes\ComfyUI-Sharp\nodes\sharp\model.py", line 1109 in forward
  File "D:\a\comfy-gpu-ci\comfy-gpu-ci\ComfyUI\.ce\.pixi\envs\sharp-nodes\lib\site-packages\torch\nn\modules\module.py", line 1790 in _call_impl
  File "D:\a\comfy-gpu-ci\comfy-gpu-ci\ComfyUI\.ce\.pixi\envs\sharp-nodes\lib\site-packages\torch\nn\modules\module.py", line 1779 in _wrapped_call_impl
  File "D:\a\comfy-gpu-ci\comfy-gpu-ci\ComfyUI\custom_nodes\ComfyUI-Sharp\nodes\sharp\model.py", line 2006 in encode
  File "D:\a\comfy-gpu-ci\comfy-gpu-ci\ComfyUI\custom_nodes\ComfyUI-Sharp\nodes\predict.py", line 287 in _predict_image_cached
  File "D:\a\comfy-gpu-ci\comfy-gpu-ci\ComfyUI\custom_nodes\ComfyUI-Sharp\nodes\predict.py", line 184 in execute
  File "D:\a\comfy-gpu-ci\comfy-gpu-ci\ComfyUI\.ce\.pixi\envs\sharp-nodes\lib\site-packages\torch\utils\_contextlib.py", line 124 in decorate_context
  File "D:\a\comfy-gpu-ci\comfy-gpu-ci\ComfyUI\comfy_api\latest\_io.py", line 1833 in EXECUTE_NORMALIZED
  File "C:\Users\RUNNER~1\AppData\Local\Temp\comfyui_pvenv_93_xybt4\persistent_worker.py", line 1762 in main
  File "C:\Users\RUNNER~1\AppData\Local\Temp\comfyui_pvenv_93_xybt4\persistent_worker.py", line 1807 in <module>

[worker:ComfyUI-Sharp] === END ===

[worker:ComfyUI-Sharp] 
=== WATCHDOG TICK 2 ===
[worker:ComfyUI-Sharp] Thread 0x00001430 (most recent call first):
  File "D:\a\comfy-gpu-ci\comfy-gpu-ci\ComfyUI\.ce\.pixi\envs\sharp-nodes\lib\threading.py", line 324 in wait
  File "D:\a\comfy-gpu-ci\comfy-gpu-ci\ComfyUI\.ce\.pixi\envs\sharp-nodes\lib\threading.py", line 607 in wait
  File "D:\a\comfy-gpu-ci\comfy-gpu-ci\ComfyUI\.ce\.pixi\envs\sharp-nodes\lib\site-packages\tqdm\_monitor.py", line 60 in run
  File "D:\a\comfy-gpu-ci\comfy-gpu-ci\ComfyUI\.ce\.pixi\envs\sharp-nodes\lib\threading.py", line 1016 in _bootstrap_inner
  File "D:\a\comfy-gpu-ci\comfy-gpu-ci\ComfyUI\.ce\.pixi\envs\sharp-nodes\lib\threading.py", line 973 in _bootstrap

Current thread 0x000013e0 (most recent call first):
  File "C:\Users\RUNNER~1\AppData\Local\Temp\comfyui_pvenv_93_xybt4\persistent_worker.py", line 52 in _watchdog
  File "D:\a\comfy-gpu-ci\comfy-gpu-ci\ComfyUI\.ce\.pixi\envs\sharp-nodes\lib\threading.py", line 953 in run
  File "D:\a\comfy-gpu-ci\comfy-gpu-ci\ComfyUI\.ce\.pixi\envs\sharp-nodes\lib\threading.py", line 1016 in _bootstrap_inner
  File "D:\a\comfy-gpu-ci\comfy-gpu-ci\ComfyUI\.ce\.pixi\envs\sharp-nodes\lib\threading.py", line 973 in _bootstrap

Thread 0x00000974 (most recent call first):
  File "D:\a\comfy-gpu-ci\comfy-gpu-ci\ComfyUI\.ce\.pixi\envs\sharp-nodes\lib\site-packages\torch\nn\modules\linear.py", line 134 in forward
  File "D:\a\comfy-gpu-ci\comfy-gpu-ci\ComfyUI\comfy\ops.py", line 484 in forward
  File "D:\a\comfy-gpu-ci\comfy-gpu-ci\ComfyUI\.ce\.pixi\envs\sharp-nodes\lib\site-packages\torch\nn\modules\module.py", line 1790 in _call_impl
  File "D:\a\comfy-gpu-ci\comfy-gpu-ci\ComfyUI\.ce\.pixi\envs\sharp-nodes\lib\site-packages\torch\nn\modules\module.py", line 1779 in _wrapped_call_impl
  File "D:\a\comfy-gpu-ci\comfy-gpu-ci\ComfyUI\custom_nodes\ComfyUI-Sharp\nodes\sharp\model.py", line 274 in forward
  File "D:\a\comfy-gpu-ci\comfy-gpu-ci\ComfyUI\.ce\.pixi\envs\sharp-nodes\lib\site-packages\torch\nn\modules\module.py", line 1790 in _call_impl
  File "D:\a\comfy-gpu-ci\comfy-gpu-ci\ComfyUI\.ce\.pixi\envs\sharp-nodes\lib\site-packages\torch\nn\modules\module.py", line 1779 in _wrapped_call_impl
  File "D:\a\comfy-gpu-ci\comfy-gpu-ci\ComfyUI\custom_nodes\ComfyUI-Sharp\nodes\sharp\model.py", line 310 in forward
  File "D:\a\comfy-gpu-ci\comfy-gpu-ci\ComfyUI\.ce\.pixi\envs\sharp-nodes\lib\site-packages\torch\nn\modules\module.py", line 1790 in _call_impl
  File "D:\a\comfy-gpu-ci\comfy-gpu-ci\ComfyUI\.ce\.pixi\envs\sharp-nodes\lib\site-packages\torch\nn\modules\module.py", line 1779 in _wrapped_call_impl
  File "D:\a\comfy-gpu-ci\comfy-gpu-ci\ComfyUI\custom_nodes\ComfyUI-Sharp\nodes\sharp\model.py", line 412 in forward
  File "D:\a\comfy-gpu-ci\comfy-gpu-ci\ComfyUI\.ce\.pixi\envs\sharp-nodes\lib\site-packages\torch\nn\modules\module.py", line 1790 in _call_impl
  File "D:\a\comfy-gpu-ci\comfy-gpu-ci\ComfyUI\.ce\.pixi\envs\sharp-nodes\lib\site-packages\torch\nn\modules\module.py", line 1779 in _wrapped_call_impl
  File "D:\a\comfy-gpu-ci\comfy-gpu-ci\ComfyUI\custom_nodes\ComfyUI-Sharp\nodes\sharp\model.py", line 685 in forward
  File "D:\a\comfy-gpu-ci\comfy-gpu-ci\ComfyUI\.ce\.pixi\envs\sharp-nodes\lib\site-packages\torch\nn\modules\module.py", line 1790 in _call_impl
  File "D:\a\comfy-gpu-ci\comfy-gpu-ci\ComfyUI\.ce\.pixi\envs\sharp-nodes\lib\site-packages\torch\nn\modules\module.py", line 1779 in _wrapped_call_impl
  File "D:\a\comfy-gpu-ci\comfy-gpu-ci\ComfyUI\custom_nodes\ComfyUI-Sharp\nodes\sharp\model.py", line 1109 in forward
  File "D:\a\comfy-gpu-ci\comfy-gpu-ci\ComfyUI\.ce\.pixi\envs\sharp-nodes\lib\site-packages\torch\nn\modules\module.py", line 1790 in _call_impl
  File "D:\a\comfy-gpu-ci\comfy-gpu-ci\ComfyUI\.ce\.pixi\envs\sharp-nodes\lib\site-packages\torch\nn\modules\module.py", line 1779 in _wrapped_call_impl
  File "D:\a\comfy-gpu-ci\comfy-gpu-ci\ComfyUI\custom_nodes\ComfyUI-Sharp\nodes\sharp\model.py", line 2006 in encode
  File "D:\a\comfy-gpu-ci\comfy-gpu-ci\ComfyUI\custom_nodes\ComfyUI-Sharp\nodes\predict.py", line 287 in _predict_image_cached
  File "D:\a\comfy-gpu-ci\comfy-gpu-ci\ComfyUI\custom_nodes\ComfyUI-Sharp\nodes\predict.py", line 184 in execute
  File "D:\a\comfy-gpu-ci\comfy-gpu-ci\ComfyUI\.ce\.pixi\envs\sharp-nodes\lib\site-packages\torch\utils\_contextlib.py", line 124 in decorate_context
  File "D:\a\comfy-gpu-ci\comfy-gpu-ci\ComfyUI\comfy_api\latest\_io.py", line 1833 in EXECUTE_NORMALIZED
  File "C:\Users\RUNNER~1\AppData\Local\Temp\comfyui_pvenv_93_xybt4\persistent_worker.py", line 1762 in main
  File "C:\Users\RUNNER~1\AppData\Local\Temp\comfyui_pvenv_93_xybt4\persistent_worker.py", line 1807 in <module>

[worker:ComfyUI-Sharp] === END ===

[worker:ComfyUI-Sharp] 
=== WATCHDOG TICK 3 ===
[worker:ComfyUI-Sharp] Thread 0x00001430 (most recent call first):
  File "D:\a\comfy-gpu-ci\comfy-gpu-ci\ComfyUI\.ce\.pixi\envs\sharp-nodes\lib\threading.py", line 324 in wait
  File "D:\a\comfy-gpu-ci\comfy-gpu-ci\ComfyUI\.ce\.pixi\envs\sharp-nodes\lib\threading.py", line 607 in wait
  File "D:\a\comfy-gpu-ci\comfy-gpu-ci\ComfyUI\.ce\.pixi\envs\sharp-nodes\lib\site-packages\tqdm\_monitor.py", line 60 in run
  File "D:\a\comfy-gpu-ci\comfy-gpu-ci\ComfyUI\.ce\.pixi\envs\sharp-nodes\lib\threading.py", line 1016 in _bootstrap_inner
  File "D:\a\comfy-gpu-ci\comfy-gpu-ci\ComfyUI\.ce\.pixi\envs\sharp-nodes\lib\threading.py", line 973 in _bootstrap

Current thread 0x000013e0 (most recent call first):
  File "C:\Users\RUNNER~1\AppData\Local\Temp\comfyui_pvenv_93_xybt4\persistent_worker.py", line 52 in _watchdog
  File "D:\a\comfy-gpu-ci\comfy-gpu-ci\ComfyUI\.ce\.pixi\envs\sharp-nodes\lib\threading.py", line 953 in run
  File "D:\a\comfy-gpu-ci\comfy-gpu-ci\ComfyUI\.ce\.pixi\envs\sharp-nodes\lib\threading.py", line 1016 in _bootstrap_inner
  File "D:\a\comfy-gpu-ci\comfy-gpu-ci\ComfyUI\.ce\.pixi\envs\sharp-nodes\lib\threading.py", line 973 in _bootstrap

Thread 0x00000974 (most recent call first):
  File "D:\a\comfy-gpu-ci\comfy-gpu-ci\ComfyUI\.ce\.pixi\envs\sharp-nodes\lib\site-packages\torch\nn\modules\linear.py", line 134 in forward
  File "D:\a\comfy-gpu-ci\comfy-gpu-ci\ComfyUI\comfy\ops.py", line 484 in forward
  File "D:\a\comfy-gpu-ci\comfy-gpu-ci\ComfyUI\.ce\.pixi\envs\sharp-nodes\lib\site-packages\torch\nn\modules\module.py", line 1790 in _call_impl
  File "D:\a\comfy-gpu-ci\comfy-gpu-ci\ComfyUI\.ce\.pixi\envs\sharp-nodes\lib\site-packages\torch\nn\modules\module.py", line 1779 in _wrapped_call_impl
  File "D:\a\comfy-gpu-ci\comfy-gpu-ci\ComfyUI\custom_nodes\ComfyUI-Sharp\nodes\sharp\model.py", line 268 in forward
  File "D:\a\comfy-gpu-ci\comfy-gpu-ci\ComfyUI\.ce\.pixi\envs\sharp-nodes\lib\site-packages\torch\nn\modules\module.py", line 1790 in _call_impl
  File "D:\a\comfy-gpu-ci\comfy-gpu-ci\ComfyUI\.ce\.pixi\envs\sharp-nodes\lib\site-packages\torch\nn\modules\module.py", line 1779 in _wrapped_call_impl
  File "D:\a\comfy-gpu-ci\comfy-gpu-ci\ComfyUI\custom_nodes\ComfyUI-Sharp\nodes\sharp\model.py", line 310 in forward
  File "D:\a\comfy-gpu-ci\comfy-gpu-ci\ComfyUI\.ce\.pixi\envs\sharp-nodes\lib\site-packages\torch\nn\modules\module.py", line 1790 in _call_impl
  File "D:\a\comfy-gpu-ci\comfy-gpu-ci\ComfyUI\.ce\.pixi\envs\sharp-nodes\lib\site-packages\torch\nn\modules\module.py", line 1779 in _wrapped_call_impl
  File "D:\a\comfy-gpu-ci\comfy-gpu-ci\ComfyUI\custom_nodes\ComfyUI-Sharp\nodes\sharp\model.py", line 412 in forward
  File "D:\a\comfy-gpu-ci\comfy-gpu-ci\ComfyUI\.ce\.pixi\envs\sharp-nodes\lib\site-packages\torch\nn\modules\module.py", line 1790 in _call_impl
  File "D:\a\comfy-gpu-ci\comfy-gpu-ci\ComfyUI\.ce\.pixi\envs\sharp-nodes\lib\site-packages\torch\nn\modules\module.py", line 1779 in _wrapped_call_impl
  File "D:\a\comfy-gpu-ci\comfy-gpu-ci\ComfyUI\custom_nodes\ComfyUI-Sharp\nodes\sharp\model.py", line 685 in forward
  File "D:\a\comfy-gpu-ci\comfy-gpu-ci\ComfyUI\.ce\.pixi\envs\sharp-nodes\lib\site-packages\torch\nn\modules\module.py", line 1790 in _call_impl
  File "D:\a\comfy-gpu-ci\comfy-gpu-ci\ComfyUI\.ce\.pixi\envs\sharp-nodes\lib\site-packages\torch\nn\modules\module.py", line 1779 in _wrapped_call_impl
  File "D:\a\comfy-gpu-ci\comfy-gpu-ci\ComfyUI\custom_nodes\ComfyUI-Sharp\nodes\sharp\model.py", line 1109 in forward
  File "D:\a\comfy-gpu-ci\comfy-gpu-ci\ComfyUI\.ce\.pixi\envs\sharp-nodes\lib\site-packages\torch\nn\modules\module.py", line 1790 in _call_impl
  File "D:\a\comfy-gpu-ci\comfy-gpu-ci\ComfyUI\.ce\.pixi\envs\sharp-nodes\lib\site-packages\torch\nn\modules\module.py", line 1779 in _wrapped_call_impl
  File "D:\a\comfy-gpu-ci\comfy-gpu-ci\ComfyUI\custom_nodes\ComfyUI-Sharp\nodes\sharp\model.py", line 2006 in encode
  File "D:\a\comfy-gpu-ci\comfy-gpu-ci\ComfyUI\custom_nodes\ComfyUI-Sharp\nodes\predict.py", line 287 in _predict_image_cached
  File "D:\a\comfy-gpu-ci\comfy-gpu-ci\ComfyUI\custom_nodes\ComfyUI-Sharp\nodes\predict.py", line 184 in execute
  File "D:\a\comfy-gpu-ci\comfy-gpu-ci\ComfyUI\.ce\.pixi\envs\sharp-nodes\lib\site-packages\torch\utils\_contextlib.py", line 124 in decorate_context
  File "D:\a\comfy-gpu-ci\comfy-gpu-ci\ComfyUI\comfy_api\latest\_io.py", line 1833 in EXECUTE_NORMALIZED
  File "C:\Users\RUNNER~1\AppData\Local\Temp\comfyui_pvenv_93_xybt4\persistent_worker.py", line 1762 in main
  File "C:\Users\RUNNER~1\AppData\Local\Temp\comfyui_pvenv_93_xybt4\persistent_worker.py", line 1807 in <module>

[worker:ComfyUI-Sharp] === END ===

[worker:ComfyUI-Sharp] WARNING: [SPN] after all chunks + cache clear: 0.00 GB
[worker:ComfyUI-Sharp] WARNING: [SPN] after merge intermediates: 0.00 GB
[worker:ComfyUI-Sharp] WARNING: [SPN] after merge all: 0.00 GB
[worker:ComfyUI-Sharp] WARNING: [SPN] after image_encoder: 0.00 GB
[worker:ComfyUI-Sharp] WARNING: [SPN] after upsample: 0.00 GB
[worker:ComfyUI-Sharp] WARNING: [Monodepth] after SPN encoder + cache clear: 0.00 GB
[worker:ComfyUI-Sharp] 
=== WATCHDOG TICK 4 ===
[worker:ComfyUI-Sharp] Thread 0x00001430 (most recent call first):
  File "D:\a\comfy-gpu-ci\comfy-gpu-ci\ComfyUI\.ce\.pixi\envs\sharp-nodes\lib\threading.py", line 324 in wait
  File "D:\a\comfy-gpu-ci\comfy-gpu-ci\ComfyUI\.ce\.pixi\envs\sharp-nodes\lib\threading.py", line 607 in wait
  File "D:\a\comfy-gpu-ci\comfy-gpu-ci\ComfyUI\.ce\.pixi\envs\sharp-nodes\lib\site-packages\tqdm\_monitor.py", line 60 in run
  File "D:\a\comfy-gpu-ci\comfy-gpu-ci\ComfyUI\.ce\.pixi\envs\sharp-nodes\lib\threading.py", line 1016 in _bootstrap_inner
  File "D:\a\comfy-gpu-ci\comfy-gpu-ci\ComfyUI\.ce\.pixi\envs\sharp-nodes\lib\threading.py", line 973 in _bootstrap

Current thread 0x000013e0 (most recent call first):
  File "C:\Users\RUNNER~1\AppData\Local\Temp\comfyui_pvenv_93_xybt4\persistent_worker.py", line 52 in _watchdog
  File "D:\a\comfy-gpu-ci\comfy-gpu-ci\ComfyUI\.ce\.pixi\envs\sharp-nodes\lib\threading.py", line 953 in run
  File "D:\a\comfy-gpu-ci\comfy-gpu-ci\ComfyUI\.ce\.pixi\envs\sharp-nodes\lib\threading.py", line 1016 in _bootstrap_inner
  File "D:\a\comfy-gpu-ci\comfy-gpu-ci\ComfyUI\.ce\.pixi\envs\sharp-nodes\lib\threading.py", line 973 in _bootstrap

Thread 0x00000974 (most recent call first):
  File "D:\a\comfy-gpu-ci\comfy-gpu-ci\ComfyUI\custom_nodes\ComfyUI-Sharp\nodes\sharp\model.py", line 769 in forward
  File "D:\a\comfy-gpu-ci\comfy-gpu-ci\ComfyUI\.ce\.pixi\envs\sharp-nodes\lib\site-packages\torch\nn\modules\module.py", line 1790 in _call_impl
  File "D:\a\comfy-gpu-ci\comfy-gpu-ci\ComfyUI\.ce\.pixi\envs\sharp-nodes\lib\site-packages\torch\nn\modules\module.py", line 1779 in _wrapped_call_impl
  File "D:\a\comfy-gpu-ci\comfy-gpu-ci\ComfyUI\custom_nodes\ComfyUI-Sharp\nodes\sharp\model.py", line 860 in forward
  File "D:\a\comfy-gpu-ci\comfy-gpu-ci\ComfyUI\.ce\.pixi\envs\sharp-nodes\lib\site-packages\torch\nn\modules\module.py", line 1790 in _call_impl
  File "D:\a\comfy-gpu-ci\comfy-gpu-ci\ComfyUI\.ce\.pixi\envs\sharp-nodes\lib\site-packages\torch\nn\modules\module.py", line 1779 in _wrapped_call_impl
  File "D:\a\comfy-gpu-ci\comfy-gpu-ci\ComfyUI\custom_nodes\ComfyUI-Sharp\nodes\sharp\model.py", line 970 in forward
  File "D:\a\comfy-gpu-ci\comfy-gpu-ci\ComfyUI\.ce\.pixi\envs\sharp-nodes\lib\site-packages\torch\nn\modules\module.py", line 1790 in _call_impl
  File "D:\a\comfy-gpu-ci\comfy-gpu-ci\ComfyUI\.ce\.pixi\envs\sharp-nodes\lib\site-packages\torch\nn\modules\module.py", line 1779 in _wrapped_call_impl
  File "D:\a\comfy-gpu-ci\comfy-gpu-ci\ComfyUI\custom_nodes\ComfyUI-Sharp\nodes\sharp\model.py", line 1118 in forward
  File "D:\a\comfy-gpu-ci\comfy-gpu-ci\ComfyUI\.ce\.pixi\envs\sharp-nodes\lib\site-packages\torch\nn\modules\module.py", line 1790 in _call_impl
  File "D:\a\comfy-gpu-ci\comfy-gpu-ci\ComfyUI\.ce\.pixi\envs\sharp-nodes\lib\site-packages\torch\nn\modules\module.py", line 1779 in _wrapped_call_impl
  File "D:\a\comfy-gpu-ci\comfy-gpu-ci\ComfyUI\custom_nodes\ComfyUI-Sharp\nodes\sharp\model.py", line 2006 in encode
  File "D:\a\comfy-gpu-ci\comfy-gpu-ci\ComfyUI\custom_nodes\ComfyUI-Sharp\nodes\predict.py", line 287 in _predict_image_cached
  File "D:\a\comfy-gpu-ci\comfy-gpu-ci\ComfyUI\custom_nodes\ComfyUI-Sharp\nodes\predict.py", line 184 in execute
  File "D:\a\comfy-gpu-ci\comfy-gpu-ci\ComfyUI\.ce\.pixi\envs\sharp-nodes\lib\site-packages\torch\utils\_contextlib.py", line 124 in decorate_context
  File "D:\a\comfy-gpu-ci\comfy-gpu-ci\ComfyUI\comfy_api\latest\_io.py", line 1833 in EXECUTE_NORMALIZED
  File "C:\Users\RUNNER~1\AppData\Local\Temp\comfyui_pvenv_93_xybt4\persistent_worker.py", line 1762 in main
  File "C:\Users\RUNNER~1\AppData\Local\Temp\comfyui_pvenv_93_xybt4\persistent_worker.py", line 1807 in <module>

[worker:ComfyUI-Sharp] === END ===

[worker:ComfyUI-Sharp] WARNING: [Monodepth] after decoder: 0.00 GB
[worker:ComfyUI-Sharp] WARNING: [Decode] start: 0.00 GB
[worker:ComfyUI-Sharp] WARNING: [Decode] after depth_alignment: 0.00 GB
[worker:ComfyUI-Sharp] WARNING: [Decode] after init_model: 0.00 GB
[worker:ComfyUI-Sharp] WARNING: [Decode] after feature_model: 0.00 GB
[worker:ComfyUI-Sharp] WARNING: [Decode] after prediction_head: 0.00 GB
[SubprocessWorker] callback 'report_progress' from call_id=2
[SubprocessWorker] got response: ok
[comfy-env] SharpPredict done (269.20s): result: NodeOutput
[comfy-env] Running GeomPackPreviewGaussian: ply_path: 'D:\\a\\comfy-gpu-ci\\comfy-gpu-ci\\ComfyUI\\output\\shar..., extrinsics: list[4], intrinsics: list[3]
[comfy-env] SubprocessWorker: D:\a\comfy-gpu-ci\comfy-gpu-ci\ComfyUI\.ce\.pixi\envs\geometrypack-main\python.exe
[comfy-env] env_vars: {'KMP_DUPLICATE_LIB_OK': 'TRUE', 'COMFYUI_BASE': 'D:\\a\\comfy-gpu-ci\\comfy-gpu-ci\\ComfyUI'}
[SubprocessWorker] call_method: nodes.main.visualization.preview_gaussian.PreviewGaussianNode.EXECUTE_NORMALIZED
[SubprocessWorker] acquired lock, ensuring started...
[comfy-env] geometrypack-main: Library/bin has 609 DLLs
[ComfyUI-GeometryPack] python: D:\a\comfy-gpu-ci\comfy-gpu-ci\ComfyUI\.ce\.pixi\envs\geometrypack-main\python.exe
[ComfyUI-GeometryPack] sys_path sent to worker: ['D:\\a\\comfy-gpu-ci\\comfy-gpu-ci\\ComfyUI', 'D:\\a\\comfy-gpu-ci\\comfy-gpu-ci\\ComfyUI\\custom_nodes\\ComfyUI-GeometryPack', 'D:\\a\\comfy-gpu-ci\\comfy-gpu-ci\\ComfyUI\\.ce\\.pixi\\envs\\geometrypack-main\\Lib\\site-packages', 'D:\\a\\comfy-gpu-ci\\comfy-gpu-ci\\ComfyUI\\custom_nodes\\ComfyUI-GeometryPack']
[SubprocessWorker] is_pixi=True, python=D:\a\comfy-gpu-ci\comfy-gpu-ci\ComfyUI\.ce\.pixi\envs\geometrypack-main\python.exe
[SubprocessWorker] launching cmd=['C:\\Users\\runneradmin\\.pixi\\bin\\pixi.exe', 'run', '--as-is', '--manifest-path', 'D:\\a\\comfy-gpu-ci\\comfy-gpu-ci\\ComfyUI\\.ce\\pixi.toml', '-e', 'geometrypack-main', 'python', 'C:\\Users\\RUNNER~1\\AppData\\Local\\Temp\\comfyui_pvenv_l9zeryot\\persistent_worker.py', 'tcp://127.0.0.1:55974']...
[SubprocessWorker] worker started/confirmed
[SubprocessWorker] serializing kwargs to shm...
[SubprocessWorker] created 0 shm blocks
[SubprocessWorker] sending request via socket...
[SubprocessWorker] call_id=1 sending call_method
[worker:ComfyUI-GeometryPack] INFO: Loading PLY: sharp_1778239439016.ply (63.00 MB)
[SubprocessWorker] got response: ok
[comfy-env] GeomPackPreviewGaussian done (8.14s): result: NodeOutput
Prompt executed in 297.18 seconds
Exception in callback _ProactorBasePipeTransport._call_connection_lost(None)
handle: <Handle _ProactorBasePipeTransport._call_connection_lost(None)>
Traceback (most recent call last):
  File "C:\hostedtoolcache\windows\Python\3.10.11\x64\lib\asyncio\events.py", line 80, in _run
    self._context.run(self._callback, *self._args)
  File "C:\hostedtoolcache\windows\Python\3.10.11\x64\lib\asyncio\proactor_events.py", line 165, in _call_connection_lost
    self._sock.shutdown(socket.SHUT_RDWR)
ConnectionResetError: [WinError 10054] An existing connection was forcibly closed by the remote host
=== /validate endpoint called ===
Received JSON with keys: ['prompt']
Prompt has 4 nodes
  Node 2: LoadSharpModel
    Inputs: {"precision": "auto"}
  Node 7: SharpPredict
    Inputs: {"focal_length_mm": ["9", 2], "output_prefix": "sharp", "model": ["2", 0], "image": ["9", 0]}
  Node 8: GeomPackPreviewGaussian
    Inputs: {"preview_gaussian": "", "ply_path": ["7", 0], "extrinsics": ["7", 1], "intrinsics": ["7", 2]}
  Node 9: LoadImageWithExif
    Inputs: {"image": "eth3d.png", "default_focal_mm": 30}
Generated prompt_id: 5346d38d-7017-42d6-930a-b26489308477
Calling execution.validate_prompt()...
Validation result: valid=True
=== Validation PASSED ===
got prompt
[comfy-env] Running LoadImageWithExif: image: 'eth3d.png', default_focal_mm: 30.0
[SubprocessWorker] call_method: nodes.load_image_exif.LoadImageWithExif.EXECUTE_NORMALIZED
[SubprocessWorker] acquired lock, ensuring started...
[ComfyUI-Sharp] Health check: ping (timeout=5.0s)...
[ComfyUI-Sharp] Health check: failed
[ComfyUI-Sharp] Socket unhealthy, restarting worker...
[comfy-env] sharp-nodes: Library/bin has 234 DLLs
[ComfyUI-Sharp] python: D:\a\comfy-gpu-ci\comfy-gpu-ci\ComfyUI\.ce\.pixi\envs\sharp-nodes\python.exe
[ComfyUI-Sharp] sys_path sent to worker: ['D:\\a\\comfy-gpu-ci\\comfy-gpu-ci\\ComfyUI', 'D:\\a\\comfy-gpu-ci\\comfy-gpu-ci\\ComfyUI\\custom_nodes\\ComfyUI-Sharp', 'D:\\a\\comfy-gpu-ci\\comfy-gpu-ci\\ComfyUI\\.ce\\.pixi\\envs\\sharp-nodes\\Lib\\site-packages', 'D:\\a\\comfy-gpu-ci\\comfy-gpu-ci\\ComfyUI\\custom_nodes\\ComfyUI-Sharp']
[SubprocessWorker] is_pixi=True, python=D:\a\comfy-gpu-ci\comfy-gpu-ci\ComfyUI\.ce\.pixi\envs\sharp-nodes\python.exe
[SubprocessWorker] launching cmd=['C:\\Users\\runneradmin\\.pixi\\bin\\pixi.exe', 'run', '--as-is', '--manifest-path', 'D:\\a\\comfy-gpu-ci\\comfy-gpu-ci\\ComfyUI\\.ce\\pixi.toml', '-e', 'sharp-nodes', 'python', 'C:\\Users\\RUNNER~1\\AppData\\Local\\Temp\\comfyui_pvenv_93_xybt4\\persistent_worker.py', 'tcp://127.0.0.1:51945']...
[SubprocessWorker] worker started/confirmed
[SubprocessWorker] serializing kwargs to shm...
[SubprocessWorker] created 0 shm blocks
[SubprocessWorker] sending request via socket...
[SubprocessWorker] call_id=3 sending call_method
[SubprocessWorker] got response: ok
[comfy-env] LoadImageWithExif done (5.64s): result: NodeOutput
[comfy-env] Running LoadSharpModel: precision: 'auto'
[SubprocessWorker] call_method: nodes.load_model.LoadSharpModel.EXECUTE_NORMALIZED
[SubprocessWorker] acquired lock, ensuring started...
[ComfyUI-Sharp] Health check: ping (timeout=5.0s)...
[ComfyUI-Sharp] Health check: ok
[SubprocessWorker] worker started/confirmed
[SubprocessWorker] serializing kwargs to shm...
[SubprocessWorker] created 0 shm blocks
[SubprocessWorker] sending request via socket...
[SubprocessWorker] call_id=4 sending call_method
Warning: You are sending unauthenticated requests to the HF Hub. Please set a HF_TOKEN to enable higher rate limits and faster downloads.
[worker:ComfyUI-Sharp] WARNING: Warning: You are sending unauthenticated requests to the HF Hub. Please set a HF_TOKEN to enable higher rate limits and faster downloads.
[SubprocessWorker] got response: ok
[comfy-env] LoadSharpModel done (0.42s): result: NodeOutput
[comfy-env] Running SharpPredict: focal_length_mm: 20.0, output_prefix: 'sharp', model: dict, image: torch.float32 [1,2022,3040,3] cpu
[SubprocessWorker] call_method: nodes.predict.SharpPredict.EXECUTE_NORMALIZED
[SubprocessWorker] acquired lock, ensuring started...
[ComfyUI-Sharp] Health check: ping (timeout=5.0s)...
[ComfyUI-Sharp] Health check: ok
[SubprocessWorker] worker started/confirmed
[comfy-env] PRE-SERIALIZE 'image' shape: torch.Size([1, 2022, 3040, 3])
[SubprocessWorker] serializing kwargs to shm...
[SubprocessWorker] created 0 shm blocks
[SubprocessWorker] sending request via socket...
[SubprocessWorker] call_id=5 sending call_method
[worker:ComfyUI-Sharp] [comfy-env] _from_shm got dict with keys: ['__type__', 'strategy', 'manager_path', 'storage_key', 'storage_size']
[worker:ComfyUI-Sharp] [comfy-env] DESERIALIZE TensorRef: tensor_size=[1, 2022, 3040, 3]
[worker:ComfyUI-Sharp] [comfy-env] DESERIALIZED tensor shape: torch.Size([1, 2022, 3040, 3])
[SubprocessWorker] callback 'request_vram_budget' from call_id=5
[comfy-env] VRAM request: 2.81GB, free before eviction: 8.99GB
[comfy-env] VRAM after eviction: 8.99GB
[worker:ComfyUI-Sharp] WARNING: [SPN] start: 0.00 GB, input=[1, 3, 1536, 1536]
[worker:ComfyUI-Sharp] WARNING: [SPN] patches: 0.00 GB, x0=25 x1=9 x2=1 total=35
[worker:ComfyUI-Sharp] WARNING: [SPN] after first chunk (4/35): 0.00 GB, chunk_size=4
[worker:ComfyUI-Sharp] 
=== WATCHDOG TICK 1 ===
[worker:ComfyUI-Sharp] Current thread 0x00002480 (most recent call first):
  File "C:\Users\RUNNER~1\AppData\Local\Temp\comfyui_pvenv_93_xybt4\persistent_worker.py", line 52 in _watchdog
  File "D:\a\comfy-gpu-ci\comfy-gpu-ci\ComfyUI\.ce\.pixi\envs\sharp-nodes\lib\threading.py", line 953 in run
  File "D:\a\comfy-gpu-ci\comfy-gpu-ci\ComfyUI\.ce\.pixi\envs\sharp-nodes\lib\threading.py", line 1016 in _bootstrap_inner
  File "D:\a\comfy-gpu-ci\comfy-gpu-ci\ComfyUI\.ce\.pixi\envs\sharp-nodes\lib\threading.py", line 973 in _bootstrap

Thread 0x00000968 (most recent call first):
  File "D:\a\comfy-gpu-ci\comfy-gpu-ci\ComfyUI\.ce\.pixi\envs\sharp-nodes\lib\site-packages\torch\nn\modules\linear.py", line 134 in forward
  File "D:\a\comfy-gpu-ci\comfy-gpu-ci\ComfyUI\comfy\ops.py", line 484 in forward
  File "D:\a\comfy-gpu-ci\comfy-gpu-ci\ComfyUI\.ce\.pixi\envs\sharp-nodes\lib\site-packages\torch\nn\modules\module.py", line 1790 in _call_impl
  File "D:\a\comfy-gpu-ci\comfy-gpu-ci\ComfyUI\.ce\.pixi\envs\sharp-nodes\lib\site-packages\torch\nn\modules\module.py", line 1779 in _wrapped_call_impl
  File "D:\a\comfy-gpu-ci\comfy-gpu-ci\ComfyUI\custom_nodes\ComfyUI-Sharp\nodes\sharp\model.py", line 232 in forward
  File "D:\a\comfy-gpu-ci\comfy-gpu-ci\ComfyUI\.ce\.pixi\envs\sharp-nodes\lib\site-packages\torch\nn\modules\module.py", line 1790 in _call_impl
  File "D:\a\comfy-gpu-ci\comfy-gpu-ci\ComfyUI\.ce\.pixi\envs\sharp-nodes\lib\site-packages\torch\nn\modules\module.py", line 1779 in _wrapped_call_impl
  File "D:\a\comfy-gpu-ci\comfy-gpu-ci\ComfyUI\custom_nodes\ComfyUI-Sharp\nodes\sharp\model.py", line 309 in forward
  File "D:\a\comfy-gpu-ci\comfy-gpu-ci\ComfyUI\.ce\.pixi\envs\sharp-nodes\lib\site-packages\torch\nn\modules\module.py", line 1790 in _call_impl
  File "D:\a\comfy-gpu-ci\comfy-gpu-ci\ComfyUI\.ce\.pixi\envs\sharp-nodes\lib\site-packages\torch\nn\modules\module.py", line 1779 in _wrapped_call_impl
  File "D:\a\comfy-gpu-ci\comfy-gpu-ci\ComfyUI\custom_nodes\ComfyUI-Sharp\nodes\sharp\model.py", line 412 in forward
  File "D:\a\comfy-gpu-ci\comfy-gpu-ci\ComfyUI\.ce\.pixi\envs\sharp-nodes\lib\site-packages\torch\nn\modules\module.py", line 1790 in _call_impl
  File "D:\a\comfy-gpu-ci\comfy-gpu-ci\ComfyUI\.ce\.pixi\envs\sharp-nodes\lib\site-packages\torch\nn\modules\module.py", line 1779 in _wrapped_call_impl
  File "D:\a\comfy-gpu-ci\comfy-gpu-ci\ComfyUI\custom_nodes\ComfyUI-Sharp\nodes\sharp\model.py", line 685 in forward
  File "D:\a\comfy-gpu-ci\comfy-gpu-ci\ComfyUI\.ce\.pixi\envs\sharp-nodes\lib\site-packages\torch\nn\modules\module.py", line 1790 in _call_impl
  File "D:\a\comfy-gpu-ci\comfy-gpu-ci\ComfyUI\.ce\.pixi\envs\sharp-nodes\lib\site-packages\torch\nn\modules\module.py", line 1779 in _wrapped_call_impl
  File "D:\a\comfy-gpu-ci\comfy-gpu-ci\ComfyUI\custom_nodes\ComfyUI-Sharp\nodes\sharp\model.py", line 1109 in forward
  File "D:\a\comfy-gpu-ci\comfy-gpu-ci\ComfyUI\.ce\.pixi\envs\sharp-nodes\lib\site-packages\torch\nn\modules\module.py", line 1790 in _call_impl
  File "D:\a\comfy-gpu-ci\comfy-gpu-ci\ComfyUI\.ce\.pixi\envs\sharp-nodes\lib\site-packages\torch\nn\modules\module.py", line 1779 in _wrapped_call_impl
  File "D:\a\comfy-gpu-ci\comfy-gpu-ci\ComfyUI\custom_nodes\ComfyUI-Sharp\nodes\sharp\model.py", line 2006 in encode
  File "D:\a\comfy-gpu-ci\comfy-gpu-ci\ComfyUI\custom_nodes\ComfyUI-Sharp\nodes\predict.py", line 287 in _predict_image_cached
  File "D:\a\comfy-gpu-ci\comfy-gpu-ci\ComfyUI\custom_nodes\ComfyUI-Sharp\nodes\predict.py", line 184 in execute
  File "D:\a\comfy-gpu-ci\comfy-gpu-ci\ComfyUI\.ce\.pixi\envs\sharp-nodes\lib\site-packages\torch\utils\_contextlib.py", line 124 in decorate_context
  File "D:\a\comfy-gpu-ci\comfy-gpu-ci\ComfyUI\comfy_api\latest\_io.py", line 1833 in EXECUTE_NORMALIZED
  File "C:\Users\RUNNER~1\AppData\Local\Temp\comfyui_pvenv_93_xybt4\persistent_worker.py", line 1762 in main
  File "C:\Users\RUNNER~1\AppData\Local\Temp\comfyui_pvenv_93_xybt4\persistent_worker.py", line 1807 in <module>

[worker:ComfyUI-Sharp] === END ===

[worker:ComfyUI-Sharp] 
=== WATCHDOG TICK 2 ===
[worker:ComfyUI-Sharp] Current thread 0x00002480 (most recent call first):
  File "C:\Users\RUNNER~1\AppData\Local\Temp\comfyui_pvenv_93_xybt4\persistent_worker.py", line 52 in _watchdog
  File "D:\a\comfy-gpu-ci\comfy-gpu-ci\ComfyUI\.ce\.pixi\envs\sharp-nodes\lib\threading.py", line 953 in run
  File "D:\a\comfy-gpu-ci\comfy-gpu-ci\ComfyUI\.ce\.pixi\envs\sharp-nodes\lib\threading.py", line 1016 in _bootstrap_inner
  File "D:\a\comfy-gpu-ci\comfy-gpu-ci\ComfyUI\.ce\.pixi\envs\sharp-nodes\lib\threading.py", line 973 in _bootstrap

Thread 0x00000968 (most recent call first):
  File "D:\a\comfy-gpu-ci\comfy-gpu-ci\ComfyUI\.ce\.pixi\envs\sharp-nodes\lib\site-packages\torch\nn\modules\linear.py", line 134 in forward
  File "D:\a\comfy-gpu-ci\comfy-gpu-ci\ComfyUI\comfy\ops.py", line 484 in forward
  File "D:\a\comfy-gpu-ci\comfy-gpu-ci\ComfyUI\.ce\.pixi\envs\sharp-nodes\lib\site-packages\torch\nn\modules\module.py", line 1790 in _call_impl
  File "D:\a\comfy-gpu-ci\comfy-gpu-ci\ComfyUI\.ce\.pixi\envs\sharp-nodes\lib\site-packages\torch\nn\modules\module.py", line 1779 in _wrapped_call_impl
  File "D:\a\comfy-gpu-ci\comfy-gpu-ci\ComfyUI\custom_nodes\ComfyUI-Sharp\nodes\sharp\model.py", line 274 in forward
  File "D:\a\comfy-gpu-ci\comfy-gpu-ci\ComfyUI\.ce\.pixi\envs\sharp-nodes\lib\site-packages\torch\nn\modules\module.py", line 1790 in _call_impl
  File "D:\a\comfy-gpu-ci\comfy-gpu-ci\ComfyUI\.ce\.pixi\envs\sharp-nodes\lib\site-packages\torch\nn\modules\module.py", line 1779 in _wrapped_call_impl
  File "D:\a\comfy-gpu-ci\comfy-gpu-ci\ComfyUI\custom_nodes\ComfyUI-Sharp\nodes\sharp\model.py", line 310 in forward
  File "D:\a\comfy-gpu-ci\comfy-gpu-ci\ComfyUI\.ce\.pixi\envs\sharp-nodes\lib\site-packages\torch\nn\modules\module.py", line 1790 in _call_impl
  File "D:\a\comfy-gpu-ci\comfy-gpu-ci\ComfyUI\.ce\.pixi\envs\sharp-nodes\lib\site-packages\torch\nn\modules\module.py", line 1779 in _wrapped_call_impl
  File "D:\a\comfy-gpu-ci\comfy-gpu-ci\ComfyUI\custom_nodes\ComfyUI-Sharp\nodes\sharp\model.py", line 412 in forward
  File "D:\a\comfy-gpu-ci\comfy-gpu-ci\ComfyUI\.ce\.pixi\envs\sharp-nodes\lib\site-packages\torch\nn\modules\module.py", line 1790 in _call_impl
  File "D:\a\comfy-gpu-ci\comfy-gpu-ci\ComfyUI\.ce\.pixi\envs\sharp-nodes\lib\site-packages\torch\nn\modules\module.py", line 1779 in _wrapped_call_impl
  File "D:\a\comfy-gpu-ci\comfy-gpu-ci\ComfyUI\custom_nodes\ComfyUI-Sharp\nodes\sharp\model.py", line 685 in forward
  File "D:\a\comfy-gpu-ci\comfy-gpu-ci\ComfyUI\.ce\.pixi\envs\sharp-nodes\lib\site-packages\torch\nn\modules\module.py", line 1790 in _call_impl
  File "D:\a\comfy-gpu-ci\comfy-gpu-ci\ComfyUI\.ce\.pixi\envs\sharp-nodes\lib\site-packages\torch\nn\modules\module.py", line 1779 in _wrapped_call_impl
  File "D:\a\comfy-gpu-ci\comfy-gpu-ci\ComfyUI\custom_nodes\ComfyUI-Sharp\nodes\sharp\model.py", line 1109 in forward
  File "D:\a\comfy-gpu-ci\comfy-gpu-ci\ComfyUI\.ce\.pixi\envs\sharp-nodes\lib\site-packages\torch\nn\modules\module.py", line 1790 in _call_impl
  File "D:\a\comfy-gpu-ci\comfy-gpu-ci\ComfyUI\.ce\.pixi\envs\sharp-nodes\lib\site-packages\torch\nn\modules\module.py", line 1779 in _wrapped_call_impl
  File "D:\a\comfy-gpu-ci\comfy-gpu-ci\ComfyUI\custom_nodes\ComfyUI-Sharp\nodes\sharp\model.py", line 2006 in encode
  File "D:\a\comfy-gpu-ci\comfy-gpu-ci\ComfyUI\custom_nodes\ComfyUI-Sharp\nodes\predict.py", line 287 in _predict_image_cached
  File "D:\a\comfy-gpu-ci\comfy-gpu-ci\ComfyUI\custom_nodes\ComfyUI-Sharp\nodes\predict.py", line 184 in execute
  File "D:\a\comfy-gpu-ci\comfy-gpu-ci\ComfyUI\.ce\.pixi\envs\sharp-nodes\lib\site-packages\torch\utils\_contextlib.py", line 124 in decorate_context
  File "D:\a\comfy-gpu-ci\comfy-gpu-ci\ComfyUI\comfy_api\latest\_io.py", line 1833 in EXECUTE_NORMALIZED
  File "C:\Users\RUNNER~1\AppData\Local\Temp\comfyui_pvenv_93_xybt4\persistent_worker.py", line 1762 in main
  File "C:\Users\RUNNER~1\AppData\Local\Temp\comfyui_pvenv_93_xybt4\persistent_worker.py", line 1807 in <module>

[worker:ComfyUI-Sharp] === END ===

[worker:ComfyUI-Sharp] WARNING: [SPN] after all chunks + cache clear: 0.00 GB
[worker:ComfyUI-Sharp] WARNING: [SPN] after merge intermediates: 0.00 GB
[worker:ComfyUI-Sharp] WARNING: [SPN] after merge all: 0.00 GB
[worker:ComfyUI-Sharp] WARNING: [SPN] after image_encoder: 0.00 GB
[worker:ComfyUI-Sharp] WARNING: [SPN] after upsample: 0.00 GB
[worker:ComfyUI-Sharp] WARNING: [Monodepth] after SPN encoder + cache clear: 0.00 GB
[worker:ComfyUI-Sharp] 
=== WATCHDOG TICK 3 ===
[worker:ComfyUI-Sharp] Current thread 0x00002480 (most recent call first):
  File "C:\Users\RUNNER~1\AppData\Local\Temp\comfyui_pvenv_93_xybt4\persistent_worker.py", line 52 in _watchdog
  File "D:\a\comfy-gpu-ci\comfy-gpu-ci\ComfyUI\.ce\.pixi\envs\sharp-nodes\lib\threading.py", line 953 in run
  File "D:\a\comfy-gpu-ci\comfy-gpu-ci\ComfyUI\.ce\.pixi\envs\sharp-nodes\lib\threading.py", line 1016 in _bootstrap_inner
  File "D:\a\comfy-gpu-ci\comfy-gpu-ci\ComfyUI\.ce\.pixi\envs\sharp-nodes\lib\threading.py", line 973 in _bootstrap

Thread 0x00000968 (most recent call first):
  File "D:\a\comfy-gpu-ci\comfy-gpu-ci\ComfyUI\.ce\.pixi\envs\sharp-nodes\lib\site-packages\torch\nn\modules\conv.py", line 548 in _conv_forward
  File "D:\a\comfy-gpu-ci\comfy-gpu-ci\ComfyUI\.ce\.pixi\envs\sharp-nodes\lib\site-packages\torch\nn\modules\conv.py", line 553 in forward
  File "D:\a\comfy-gpu-ci\comfy-gpu-ci\ComfyUI\comfy\ops.py", line 518 in forward
  File "D:\a\comfy-gpu-ci\comfy-gpu-ci\ComfyUI\.ce\.pixi\envs\sharp-nodes\lib\site-packages\torch\nn\modules\module.py", line 1790 in _call_impl
  File "D:\a\comfy-gpu-ci\comfy-gpu-ci\ComfyUI\.ce\.pixi\envs\sharp-nodes\lib\site-packages\torch\nn\modules\module.py", line 1779 in _wrapped_call_impl
  File "D:\a\comfy-gpu-ci\comfy-gpu-ci\ComfyUI\custom_nodes\ComfyUI-Sharp\nodes\sharp\model.py", line 862 in forward
  File "D:\a\comfy-gpu-ci\comfy-gpu-ci\ComfyUI\.ce\.pixi\envs\sharp-nodes\lib\site-packages\torch\nn\modules\module.py", line 1790 in _call_impl
  File "D:\a\comfy-gpu-ci\comfy-gpu-ci\ComfyUI\.ce\.pixi\envs\sharp-nodes\lib\site-packages\torch\nn\modules\module.py", line 1779 in _wrapped_call_impl
  File "D:\a\comfy-gpu-ci\comfy-gpu-ci\ComfyUI\custom_nodes\ComfyUI-Sharp\nodes\sharp\model.py", line 970 in forward
  File "D:\a\comfy-gpu-ci\comfy-gpu-ci\ComfyUI\.ce\.pixi\envs\sharp-nodes\lib\site-packages\torch\nn\modules\module.py", line 1790 in _call_impl
  File "D:\a\comfy-gpu-ci\comfy-gpu-ci\ComfyUI\.ce\.pixi\envs\sharp-nodes\lib\site-packages\torch\nn\modules\module.py", line 1779 in _wrapped_call_impl
  File "D:\a\comfy-gpu-ci\comfy-gpu-ci\ComfyUI\custom_nodes\ComfyUI-Sharp\nodes\sharp\model.py", line 1118 in forward
  File "D:\a\comfy-gpu-ci\comfy-gpu-ci\ComfyUI\.ce\.pixi\envs\sharp-nodes\lib\site-packages\torch\nn\modules\module.py", line 1790 in _call_impl
  File "D:\a\comfy-gpu-ci\comfy-gpu-ci\ComfyUI\.ce\.pixi\envs\sharp-nodes\lib\site-packages\torch\nn\modules\module.py", line 1779 in _wrapped_call_impl
  File "D:\a\comfy-gpu-ci\comfy-gpu-ci\ComfyUI\custom_nodes\ComfyUI-Sharp\nodes\sharp\model.py", line 2006 in encode
  File "D:\a\comfy-gpu-ci\comfy-gpu-ci\ComfyUI\custom_nodes\ComfyUI-Sharp\nodes\predict.py", line 287 in _predict_image_cached
  File "D:\a\comfy-gpu-ci\comfy-gpu-ci\ComfyUI\custom_nodes\ComfyUI-Sharp\nodes\predict.py", line 184 in execute
  File "D:\a\comfy-gpu-ci\comfy-gpu-ci\ComfyUI\.ce\.pixi\envs\sharp-nodes\lib\site-packages\torch\utils\_contextlib.py", line 124 in decorate_context
  File "D:\a\comfy-gpu-ci\comfy-gpu-ci\ComfyUI\comfy_api\latest\_io.py", line 1833 in EXECUTE_NORMALIZED
  File "C:\Users\RUNNER~1\AppData\Local\Temp\comfyui_pvenv_93_xybt4\persistent_worker.py", line 1762 in main
  File "C:\Users\RUNNER~1\AppData\Local\Temp\comfyui_pvenv_93_xybt4\persistent_worker.py", line 1807 in <module>

[worker:ComfyUI-Sharp] === END ===

[worker:ComfyUI-Sharp] WARNING: [Monodepth] after decoder: 0.00 GB
[worker:ComfyUI-Sharp] WARNING: [Decode] start: 0.00 GB
[worker:ComfyUI-Sharp] WARNING: [Decode] after depth_alignment: 0.00 GB
[worker:ComfyUI-Sharp] WARNING: [Decode] after init_model: 0.00 GB
[worker:ComfyUI-Sharp] 
=== WATCHDOG TICK 4 ===
[worker:ComfyUI-Sharp] Current thread 0x00002480 (most recent call first):
  File "C:\Users\RUNNER~1\AppData\Local\Temp\comfyui_pvenv_93_xybt4\persistent_worker.py", line 52 in _watchdog
  File "D:\a\comfy-gpu-ci\comfy-gpu-ci\ComfyUI\.ce\.pixi\envs\sharp-nodes\lib\threading.py", line 953 in run
  File "D:\a\comfy-gpu-ci\comfy-gpu-ci\ComfyUI\.ce\.pixi\envs\sharp-nodes\lib\threading.py", line 1016 in _bootstrap_inner
  File "D:\a\comfy-gpu-ci\comfy-gpu-ci\ComfyUI\.ce\.pixi\envs\sharp-nodes\lib\threading.py", line 973 in _bootstrap

Thread 0x00000968 (most recent call first):
  File "D:\a\comfy-gpu-ci\comfy-gpu-ci\ComfyUI\.ce\.pixi\envs\sharp-nodes\lib\site-packages\torch\nn\modules\conv.py", line 548 in _conv_forward
  File "D:\a\comfy-gpu-ci\comfy-gpu-ci\ComfyUI\.ce\.pixi\envs\sharp-nodes\lib\site-packages\torch\nn\modules\conv.py", line 553 in forward
  File "D:\a\comfy-gpu-ci\comfy-gpu-ci\ComfyUI\comfy\ops.py", line 518 in forward
  File "D:\a\comfy-gpu-ci\comfy-gpu-ci\ComfyUI\.ce\.pixi\envs\sharp-nodes\lib\site-packages\torch\nn\modules\module.py", line 1790 in _call_impl
  File "D:\a\comfy-gpu-ci\comfy-gpu-ci\ComfyUI\.ce\.pixi\envs\sharp-nodes\lib\site-packages\torch\nn\modules\module.py", line 1779 in _wrapped_call_impl
  File "D:\a\comfy-gpu-ci\comfy-gpu-ci\ComfyUI\.ce\.pixi\envs\sharp-nodes\lib\site-packages\torch\nn\modules\container.py", line 253 in forward
  File "D:\a\comfy-gpu-ci\comfy-gpu-ci\ComfyUI\.ce\.pixi\envs\sharp-nodes\lib\site-packages\torch\nn\modules\module.py", line 1790 in _call_impl
  File "D:\a\comfy-gpu-ci\comfy-gpu-ci\ComfyUI\.ce\.pixi\envs\sharp-nodes\lib\site-packages\torch\nn\modules\module.py", line 1779 in _wrapped_call_impl
  File "D:\a\comfy-gpu-ci\comfy-gpu-ci\ComfyUI\custom_nodes\ComfyUI-Sharp\nodes\sharp\model.py", line 766 in forward
  File "D:\a\comfy-gpu-ci\comfy-gpu-ci\ComfyUI\.ce\.pixi\envs\sharp-nodes\lib\site-packages\torch\nn\modules\module.py", line 1790 in _call_impl
  File "D:\a\comfy-gpu-ci\comfy-gpu-ci\ComfyUI\.ce\.pixi\envs\sharp-nodes\lib\site-packages\torch\nn\modules\module.py", line 1779 in _wrapped_call_impl
  File "D:\a\comfy-gpu-ci\comfy-gpu-ci\ComfyUI\custom_nodes\ComfyUI-Sharp\nodes\sharp\model.py", line 860 in forward
  File "D:\a\comfy-gpu-ci\comfy-gpu-ci\ComfyUI\.ce\.pixi\envs\sharp-nodes\lib\site-packages\torch\nn\modules\module.py", line 1790 in _call_impl
  File "D:\a\comfy-gpu-ci\comfy-gpu-ci\ComfyUI\.ce\.pixi\envs\sharp-nodes\lib\site-packages\torch\nn\modules\module.py", line 1779 in _wrapped_call_impl
  File "D:\a\comfy-gpu-ci\comfy-gpu-ci\ComfyUI\custom_nodes\ComfyUI-Sharp\nodes\sharp\model.py", line 970 in forward
  File "D:\a\comfy-gpu-ci\comfy-gpu-ci\ComfyUI\.ce\.pixi\envs\sharp-nodes\lib\site-packages\torch\nn\modules\module.py", line 1790 in _call_impl
  File "D:\a\comfy-gpu-ci\comfy-gpu-ci\ComfyUI\.ce\.pixi\envs\sharp-nodes\lib\site-packages\torch\nn\modules\module.py", line 1779 in _wrapped_call_impl
  File "D:\a\comfy-gpu-ci\comfy-gpu-ci\ComfyUI\custom_nodes\ComfyUI-Sharp\nodes\sharp\model.py", line 1345 in forward
  File "D:\a\comfy-gpu-ci\comfy-gpu-ci\ComfyUI\.ce\.pixi\envs\sharp-nodes\lib\site-packages\torch\nn\modules\module.py", line 1790 in _call_impl
  File "D:\a\comfy-gpu-ci\comfy-gpu-ci\ComfyUI\.ce\.pixi\envs\sharp-nodes\lib\site-packages\torch\nn\modules\module.py", line 1779 in _wrapped_call_impl
  File "D:\a\comfy-gpu-ci\comfy-gpu-ci\ComfyUI\custom_nodes\ComfyUI-Sharp\nodes\sharp\model.py", line 2030 in decode
  File "D:\a\comfy-gpu-ci\comfy-gpu-ci\ComfyUI\custom_nodes\ComfyUI-Sharp\nodes\predict.py", line 303 in _predict_image_cached
  File "D:\a\comfy-gpu-ci\comfy-gpu-ci\ComfyUI\custom_nodes\ComfyUI-Sharp\nodes\predict.py", line 184 in execute
  File "D:\a\comfy-gpu-ci\comfy-gpu-ci\ComfyUI\.ce\.pixi\envs\sharp-nodes\lib\site-packages\torch\utils\_contextlib.py", line 124 in decorate_context
  File "D:\a\comfy-gpu-ci\comfy-gpu-ci\ComfyUI\comfy_api\latest\_io.py", line 1833 in EXECUTE_NORMALIZED
  File "C:\Users\RUNNER~1\AppData\Local\Temp\comfyui_pvenv_93_xybt4\persistent_worker.py", line 1762 in main
  File "C:\Users\RUNNER~1\AppData\Local\Temp\comfyui_pvenv_93_xybt4\persistent_worker.py", line 1807 in <module>

[worker:ComfyUI-Sharp] === END ===

[worker:ComfyUI-Sharp] WARNING: [Decode] after feature_model: 0.00 GB
[worker:ComfyUI-Sharp] WARNING: [Decode] after prediction_head: 0.00 GB
[SubprocessWorker] callback 'report_progress' from call_id=5
[SubprocessWorker] got response: ok
[comfy-env] SharpPredict done (258.69s): result: NodeOutput
[comfy-env] Running GeomPackPreviewGaussian: ply_path: 'D:\\a\\comfy-gpu-ci\\comfy-gpu-ci\\ComfyUI\\output\\shar..., extrinsics: list[4], intrinsics: list[3]
[SubprocessWorker] call_method: nodes.main.visualization.preview_gaussian.PreviewGaussianNode.EXECUTE_NORMALIZED
[SubprocessWorker] acquired lock, ensuring started...
[ComfyUI-GeometryPack] Health check: ping (timeout=5.0s)...
[ComfyUI-GeometryPack] Health check: failed
[ComfyUI-GeometryPack] Socket unhealthy, restarting worker...
[comfy-env] geometrypack-main: Library/bin has 609 DLLs
[ComfyUI-GeometryPack] python: D:\a\comfy-gpu-ci\comfy-gpu-ci\ComfyUI\.ce\.pixi\envs\geometrypack-main\python.exe
[ComfyUI-GeometryPack] sys_path sent to worker: ['D:\\a\\comfy-gpu-ci\\comfy-gpu-ci\\ComfyUI', 'D:\\a\\comfy-gpu-ci\\comfy-gpu-ci\\ComfyUI\\custom_nodes\\ComfyUI-GeometryPack', 'D:\\a\\comfy-gpu-ci\\comfy-gpu-ci\\ComfyUI\\.ce\\.pixi\\envs\\geometrypack-main\\Lib\\site-packages', 'D:\\a\\comfy-gpu-ci\\comfy-gpu-ci\\ComfyUI\\custom_nodes\\ComfyUI-GeometryPack']
[SubprocessWorker] is_pixi=True, python=D:\a\comfy-gpu-ci\comfy-gpu-ci\ComfyUI\.ce\.pixi\envs\geometrypack-main\python.exe
[SubprocessWorker] launching cmd=['C:\\Users\\runneradmin\\.pixi\\bin\\pixi.exe', 'run', '--as-is', '--manifest-path', 'D:\\a\\comfy-gpu-ci\\comfy-gpu-ci\\ComfyUI\\.ce\\pixi.toml', '-e', 'geometrypack-main', 'python', 'C:\\Users\\RUNNER~1\\AppData\\Local\\Temp\\comfyui_pvenv_l9zeryot\\persistent_worker.py', 'tcp://127.0.0.1:52057']...
[SubprocessWorker] worker started/confirmed
[SubprocessWorker] serializing kwargs to shm...
[SubprocessWorker] created 0 shm blocks
[SubprocessWorker] sending request via socket...
[SubprocessWorker] call_id=2 sending call_method
[worker:ComfyUI-GeometryPack] INFO: Loading PLY: sharp_1778239775690.ply (63.00 MB)
[SubprocessWorker] got response: ok
[comfy-env] GeomPackPreviewGaussian done (10.69s): result: NodeOutput
Prompt executed in 275.46 seconds
