[00:00] Crash dump logging enabled: D:\a\comfy-gpu-ci\comfy-gpu-ci\comfy-test-logs\Sharp-0031\dev\windows-cpu\crash_dump.log
[00:00] 
[00:00] [1/5] SYNTAX
[00:00] ----------------------------------------
[00:00] 
[DEBUG] server=None, server_url=None, api=None
[00:00] Found pyproject.toml (modern format)
[00:00] Found requirements.txt (legacy format)
[00:00] Unicode check: OK (all characters cp1252-safe)
[00:00] Forbidden patterns check: OK
[00:00] [SYNTAX] PASSED
[00:00] 
[00:00] [2/5] INSTALL
[00:00] ----------------------------------------
[00:00] 
[DEBUG] server=None, server_url=None, api=None
[00:00] 
Setting up ComfyUI...
[00:00] Creating virtual environment at D:\a\comfy-gpu-ci\comfy-gpu-ci\test_workspaces\Sharp-0031\.venv...
[00:00] Running: uv venv D:\a\comfy-gpu-ci\comfy-gpu-ci\test_workspaces\Sharp-0031\.venv --python 3.10
[00:01] Cloning ComfyUI (latest) to D:\a\comfy-gpu-ci\comfy-gpu-ci\test_workspaces\Sharp-0031\ComfyUI...
[00:01] Running: git clone --depth 1 https://github.com/comfyanonymous/ComfyUI.git D:\a\comfy-gpu-ci\comfy-gpu-ci\test_workspaces\Sharp-0031\ComfyUI
[00:03] Installing ComfyUI requirements into D:\a\comfy-gpu-ci\comfy-gpu-ci\test_workspaces\Sharp-0031\.venv...
[00:03]     comfyui-frontend-package==1.43.18
[00:03]     comfyui-workflow-templates==0.9.73
[00:03]     comfyui-embedded-docs==0.4.4
[00:03]     torch
[00:03]     torchsde
[00:03]     torchvision
[00:03]     torchaudio
[00:03]     numpy>=1.25.0
[00:03]     einops
[00:03]     transformers>=4.50.3
[00:03]     tokenizers>=0.13.3
[00:03]     sentencepiece
[00:03]     safetensors>=0.4.2
[00:03]     aiohttp>=3.11.8
[00:03]     yarl>=1.18.0
[00:03]     pyyaml
[00:03]     Pillow
[00:03]     scipy
[00:03]     tqdm
[00:03]     psutil
[00:03]     alembic
[00:03]     SQLAlchemy>=2.0.0
[00:03]     filelock
[00:03]     av>=14.2.0
[00:03]     comfy-kitchen>=0.2.8
[00:03]     comfy-aimdo==0.3.0
[00:03]     requests
[00:03]     simpleeval>=1.0.0
[00:03]     blake3
[00:03]     
[00:03]     #non essential dependencies:
[00:03]     kornia>=0.7.1
[00:03]     spandrel
[00:03]     pydantic~=2.0
[00:03]     pydantic-settings~=2.0
[00:03]     PyOpenGL
[00:03]     glfw
[00:03] Running: uv pip install --python D:\a\comfy-gpu-ci\comfy-gpu-ci\test_workspaces\Sharp-0031\.venv\Scripts\python.exe -r D:\a\comfy-gpu-ci\comfy-gpu-ci\test_workspaces\Sharp-0031\ComfyUI\requirements.txt
[00:55] 
Installing custom node...
[00:55] Copying ComfyUI-Sharp to D:\a\comfy-gpu-ci\comfy-gpu-ci\test_workspaces\Sharp-0031\ComfyUI\custom_nodes\ComfyUI-Sharp...
[00:55] Installing node requirements...
[00:55]     comfy-env==0.3.83
[00:55]     comfy-3d-viewers==0.2.44
[00:55] Running: uv pip install --python D:\a\comfy-gpu-ci\comfy-gpu-ci\test_workspaces\Sharp-0031\.venv\Scripts\python.exe -r D:\a\comfy-gpu-ci\comfy-gpu-ci\test_workspaces\Sharp-0031\ComfyUI\custom_nodes\ComfyUI-Sharp\requirements.txt
[00:57] 
Running install.py...
[00:57] Running: D:\a\comfy-gpu-ci\comfy-gpu-ci\test_workspaces\Sharp-0031\.venv\Scripts\python.exe D:\a\comfy-gpu-ci\comfy-gpu-ci\test_workspaces\Sharp-0031\ComfyUI\custom_nodes\ComfyUI-Sharp\install.py
[00:58]   [comfy-env] Enabled Windows long path support
[00:58]   
[00:58]   Installing 1 node dependencies...
[00:58]     Cloning ComfyUI-GeometryPack...
[01:00]     Installing requirements for ComfyUI-GeometryPack...
[01:02]     Running install.py for ComfyUI-GeometryPack...
[01:02]   [comfy-env] Enabled Windows long path support
[01:04]   [comfy-env] _discover: scanning D:\a\comfy-gpu-ci\comfy-gpu-ci\test_workspaces\Sharp-0031\ComfyUI\custom_nodes
[01:04]   [comfy-env] _discover: ComfyUI-GeometryPack -> geometrypack-nodes (custom_nodes\ComfyUI-GeometryPack\nodes\comfy-env.toml)
[01:04]   [comfy-env] _discover: ComfyUI-Sharp -> sharp-nodes (custom_nodes\ComfyUI-Sharp\nodes\comfy-env.toml)
[01:04]   [comfy-env] Workspace: C:\ce
[01:04]   [comfy-env] ComfyUI: D:\a\comfy-gpu-ci\comfy-gpu-ci\test_workspaces\Sharp-0031\ComfyUI
[01:04]   [comfy-env] Found 2 node config(s):
[01:04]     - geometrypack-nodes <- custom_nodes\ComfyUI-GeometryPack\nodes\comfy-env.toml (python=host)
[01:04]     - sharp-nodes <- custom_nodes\ComfyUI-Sharp\nodes\comfy-env.toml (python=host)
[01:04]   [comfy-env] Bootstrap interpreter has python 3.10 + torch 2.11.0 (cpu). Looking for cuda-only wheels matching cpu/torch2.11/cp310.
[01:08]   [comfy-env] GPU: No GPU detected
[01:08]   [comfy-env] No CUDA detected -- pinning comfyui torch to CPU index
[01:08]   Generated C:\ce\pixi.toml
[01:08]   [comfy-env] Installing 2 environment(s):
[01:08]     - geometrypack-nodes (python=host, 14 pypi deps, 1 cuda wheels)
[01:08]     - sharp-nodes (python=host, 9 pypi deps)
[01:08]   [comfy-env] Running `pixi install -e geometrypack-nodes -e sharp-nodes`...
[04:11]      WARN Skipped running the post-link scripts because `run-post-link-scripts` = `false`
[04:11]     	- Scripts/.librsvg-pre-unlink.bat
[04:11]     To enable them, run:
[04:11]     	pixi config set --local run-post-link-scripts insecure
[04:11]     More info:
[04:11]     	https://pixi.sh/latest/reference/pixi_configuration/#run-post-link-scripts
[04:37]      WARN Skipped running the post-link scripts because `run-post-link-scripts` = `false`
[04:37]     	- Scripts/.librsvg-pre-unlink.bat
[04:37]     To enable them, run:
[04:37]     	pixi config set --local run-post-link-scripts insecure
[04:37]     More info:
[04:37]     	https://pixi.sh/latest/reference/pixi_configuration/#run-post-link-scripts
[05:18]     The following environments have been installed: geometrypack-nodes, sharp-nodes.
[05:18]   [comfy-env] Recorded install hash 6e0bf725e071 -> C:\ce\install.hash
[05:18]   [comfy-env] Install log: C:\ce\install.log
[05:18]   
[05:18]   Installation complete!
[05:19]   
[05:19]   [requirements] Re-installing main package requirements...
[05:19]     Installing requirements for ComfyUI-Sharp...
[05:19]   [comfy-env] _discover: scanning D:\a\comfy-gpu-ci\comfy-gpu-ci\test_workspaces\Sharp-0031\ComfyUI\custom_nodes
[05:19]   [comfy-env] _discover: ComfyUI-GeometryPack -> geometrypack-nodes (custom_nodes\ComfyUI-GeometryPack\nodes\comfy-env.toml)
[05:19]   [comfy-env] _discover: ComfyUI-Sharp -> sharp-nodes (custom_nodes\ComfyUI-Sharp\nodes\comfy-env.toml)
[05:19]   [comfy-env] Workspace inputs unchanged (hash 6e0bf725e071) -- skipping install. Delete C:\ce\install.hash to force.
[05:19]   
[05:19]   Installation complete!
[05:19] Installing 1 node dependency(ies)...
[05:19]   ComfyUI-GeometryPack from PozzettiAndrea/ComfyUI-GeometryPack
[05:19]   ComfyUI-GeometryPack already exists, skipping...
[05:19] Installing validation endpoint...
[05:19]   Cloning PozzettiAndrea/ComfyUI-validate-endpoint...
[05:19] Running: git clone --depth 1 https://github.com/PozzettiAndrea/ComfyUI-validate-endpoint.git D:\a\comfy-gpu-ci\comfy-gpu-ci\test_workspaces\Sharp-0031\ComfyUI\custom_nodes\ComfyUI-validate-endpoint
[05:20] [INSTALL] PASSED
[05:20] 
[05:20] [3/5] REGISTRATION
[05:20] ----------------------------------------
[05:20] 
[DEBUG] server=None, server_url=None, api=None
[05:20] 
Starting ComfyUI server...
[05:20] Starting ComfyUI server on port 41889...
[05:20] Starting ComfyUI server on port 41889...
[05:20] Waiting for server to be ready (timeout: 600s)...
[05:21]   [ComfyUI] setup plugin alembic.autogenerate.schemas
[05:21]   [ComfyUI] setup plugin alembic.autogenerate.tables
[05:21]   [ComfyUI] setup plugin alembic.autogenerate.types
[05:21]   [ComfyUI] setup plugin alembic.autogenerate.constraints
[05:21]   [ComfyUI] setup plugin alembic.autogenerate.defaults
[05:21]   [ComfyUI] setup plugin alembic.autogenerate.comments
[05:22]   [ComfyUI] [comfy-env] ComfyUI-GeometryPack: 1 isolation env(s):
[05:22]   [ComfyUI] [comfy-env]   nodes -> D:\a\comfy-gpu-ci\comfy-gpu-ci\test_workspaces\Sharp-0031\ComfyUI\custom_nodes\ComfyUI-GeometryPack\nodes
[05:22]   [ComfyUI] [comfy-env] prestartup complete
[05:22]   [ComfyUI] [comfy-env] ComfyUI-Sharp: 1 isolation env(s):
[05:22]   [ComfyUI] [comfy-env]   nodes -> D:\a\comfy-gpu-ci\comfy-gpu-ci\test_workspaces\Sharp-0031\ComfyUI\custom_nodes\ComfyUI-Sharp\nodes
[05:22]   [ComfyUI] [comfy-env] prestartup complete
[05:22]   [ComfyUI] 
[05:22]   [ComfyUI] Prestartup times for custom nodes:
[05:22]   [ComfyUI]    0.0 seconds: D:\a\comfy-gpu-ci\comfy-gpu-ci\test_workspaces\Sharp-0031\ComfyUI\custom_nodes\ComfyUI-Sharp
[05:22]   [ComfyUI]    0.5 seconds: D:\a\comfy-gpu-ci\comfy-gpu-ci\test_workspaces\Sharp-0031\ComfyUI\custom_nodes\ComfyUI-GeometryPack
[05:22]   [ComfyUI] 
[05:28]   [ComfyUI] Found comfy_kitchen backend triton: {'available': False, 'disabled': True, 'unavailable_reason': "ImportError: No module named 'triton'", 'capabilities': []}
[05:28]   [ComfyUI] Found comfy_kitchen backend eager: {'available': True, 'disabled': False, 'unavailable_reason': None, 'capabilities': ['apply_rope', 'apply_rope1', 'dequantize_mxfp8', 'dequantize_nvfp4', 'dequantize_per_tensor_fp8', 'quantize_mxfp8', 'quantize_nvfp4', 'quantize_per_tensor_fp8', 'scaled_mm_mxfp8', 'scaled_mm_nvfp4']}
[05:28]   [ComfyUI] Found comfy_kitchen backend cuda: {'available': False, 'disabled': True, 'unavailable_reason': 'CUDA not available on this system', 'capabilities': []}
[05:28]   [ComfyUI] Checkpoint files will always be loaded safely.
[05:28]   [ComfyUI] Total VRAM 16379 MB, total RAM 16379 MB
[05:28]   [ComfyUI] pytorch version: 2.11.0+cpu
[05:28]   [ComfyUI] Set vram state to: DISABLED
[05:28]   [ComfyUI] Device: cpu
[05:29]   [ComfyUI] Using sub quadratic optimization for attention, if you have memory or speed issues try using: --use-split-cross-attention
[05:37]   [ComfyUI] Python version: 3.10.11 (tags/v3.10.11:7d4cc5a, Apr  5 2023, 00:38:17) [MSC v.1929 64 bit (AMD64)]
[05:37]   [ComfyUI] ComfyUI version: 0.20.1
[05:37]   [ComfyUI] comfy-aimdo version: 0.3.0
[05:37]   [ComfyUI] comfy-kitchen version: 0.2.8
[05:37]   [ComfyUI] ****** User settings have been changed to be stored on the server instead of browser storage. ******
[05:37]   [ComfyUI] ****** For multi-user setups add the --multi-user CLI argument to enable multiple user profiles. ******
[05:37]   [ComfyUI] ComfyUI frontend version: 1.43.18
[05:37]   [ComfyUI] [Prompt Server] web root: D:\a\comfy-gpu-ci\comfy-gpu-ci\test_workspaces\Sharp-0031\.venv\lib\site-packages\comfyui_frontend_package\static
[05:37]   [ComfyUI] Asset seeder disabled
[05:41]   [ComfyUI] loading...
[05:41]   [ComfyUI] calling register_nodes
[05:41]   [ComfyUI] [comfy-env] Version: 0.3.83
[05:43]   [ComfyUI] [comfy-env] register_nodes: ComfyUI-GeometryPack
[05:43]   [ComfyUI] [comfy-env] ComfyUI source dir: D:\a\comfy-gpu-ci\comfy-gpu-ci\test_workspaces\Sharp-0031\ComfyUI
[05:43]   [ComfyUI] [comfy-env] Found 1 isolation env(s)
[05:43]   [ComfyUI] [comfy-env] Scanning nodes metadata (isolation root)...
[05:43]   [ComfyUI] [comfy-env] geometrypack-nodes: Library/bin has 609 DLLs
[05:43]   [ComfyUI] [comfy-env] Metadata scan: C:\Users\runneradmin\.pixi\bin\pixi.exe run --as-is --manifest-path C:\ce\pixi.toml -e geometrypack-nodes python C:\Users\RUNNER~1\AppData\Local\Temp\comfy_meta_xi4ay9ea.py D:\a\comfy-gpu-ci\comfy-gpu-ci\test_workspaces\Sharp-0031\ComfyUI\custom_nodes\ComfyUI-GeometryPack nodes
[05:43]   [ComfyUI] [comfy-env] Scan env PATH for nodes:
[05:43]   [ComfyUI] [comfy-env]   [0] C:\ce\.pixi\envs\geometrypack-nodes
[05:43]   [ComfyUI] [comfy-env]   [1] C:\ce\.pixi\envs\geometrypack-nodes\Library\bin
[05:43]   [ComfyUI] [comfy-env]   [2] C:\ce\.pixi\envs\geometrypack-nodes\Scripts
[05:43]   [ComfyUI] [comfy-env]   [3] C:\ce\.pixi\envs\geometrypack-nodes\Lib\site-packages\bpy
[05:43]   [ComfyUI] [comfy-env]   [4] C:\Windows\System32
[05:43]   [ComfyUI] [comfy-env]   [5] C:\Windows
[05:43]   [ComfyUI] [comfy-env]   [6] C:\Windows\System32\Wbem
[06:08]   [ComfyUI] [comfy-env] Metadata scan stderr for nodes:
[06:08]   [ComfyUI] [comfy-env]   [meta-scan] importing nodes from D:\a\comfy-gpu-ci\comfy-gpu-ci\test_workspaces\Sharp-0031\ComfyUI\custom_nodes\ComfyUI-GeometryPack
[06:08]   [ComfyUI] [comfy-env]   ERROR:root:Failed to import comfy_kitchen, Error: No module named 'comfy_kitchen', fp8 and fp4 support will not be available.
[06:08]   [ComfyUI] [comfy-env]   [meta-scan] import OK
[06:08]   [ComfyUI] [comfy-env]   Traceback (most recent call last):
[06:08]   [ComfyUI] [comfy-env]     File "C:\ce\.pixi\envs\geometrypack-nodes\lib\site-packages\bpy\3.6\scripts\modules\addon_utils.py", line 421, in disable
[06:08]   [ComfyUI] [comfy-env]       mod.unregister()
[06:08]   [ComfyUI] [comfy-env]   TypeError: '_OpNamespace' object is not callable
[06:08]   [ComfyUI] [comfy-env]   Traceback (most recent call last):
[06:08]   [ComfyUI] [comfy-env]     File "C:\ce\.pixi\envs\geometrypack-nodes\lib\site-packages\bpy\3.6\scripts\modules\addon_utils.py", line 421, in disable
[06:08]   [ComfyUI] [comfy-env]       mod.unregister()
[06:08]   [ComfyUI] [comfy-env]   TypeError: '_ClassNamespace' object is not callable
[06:08]   [ComfyUI] [comfy-env] Scanned nodes: 125 nodes (24.9s)
[06:08]   [ComfyUI] [comfy-env] Scanned nodes root: 125 nodes (25.0s)
[06:08]   [ComfyUI] [comfy-env] Imported nodes root: 125 nodes (isolation)
[06:08]   [ComfyUI] [comfy-env] Registered 125 total nodes
[06:08]   [ComfyUI] [comfy-env] Version: 0.3.83
[06:08]   [ComfyUI] [comfy-env] register_nodes: ComfyUI-Sharp
[06:08]   [ComfyUI] [comfy-env] ComfyUI source dir: D:\a\comfy-gpu-ci\comfy-gpu-ci\test_workspaces\Sharp-0031\ComfyUI
[06:08]   [ComfyUI] [comfy-env] Found 1 isolation env(s)
[06:08]   [ComfyUI] [comfy-env] Scanning nodes metadata (isolation root)...
[06:08]   [ComfyUI] [comfy-env] sharp-nodes: Library/bin has 234 DLLs
[06:08]   [ComfyUI] [comfy-env] Metadata scan: C:\Users\runneradmin\.pixi\bin\pixi.exe run --as-is --manifest-path C:\ce\pixi.toml -e sharp-nodes python C:\Users\RUNNER~1\AppData\Local\Temp\comfy_meta_t31hylbj.py D:\a\comfy-gpu-ci\comfy-gpu-ci\test_workspaces\Sharp-0031\ComfyUI\custom_nodes\ComfyUI-Sharp nodes
[06:08]   [ComfyUI] [comfy-env] Scan env PATH for nodes:
[06:08]   [ComfyUI] [comfy-env]   [0] C:\ce\.pixi\envs\sharp-nodes
[06:08]   [ComfyUI] [comfy-env]   [1] C:\ce\.pixi\envs\sharp-nodes\Library\bin
[06:08]   [ComfyUI] [comfy-env]   [2] C:\ce\.pixi\envs\sharp-nodes\Scripts
[06:08]   [ComfyUI] [comfy-env]   [3] C:\ce\.pixi\envs\sharp-nodes\Lib\site-packages\bpy
[06:08]   [ComfyUI] [comfy-env]   [4] C:\Windows\System32
[06:08]   [ComfyUI] [comfy-env]   [5] C:\Windows
[06:08]   [ComfyUI] [comfy-env]   [6] C:\Windows\System32\Wbem
[06:14]   [ComfyUI] [comfy-env] Metadata scan stderr for nodes:
[06:14]   [ComfyUI] [comfy-env]   [meta-scan] importing nodes from D:\a\comfy-gpu-ci\comfy-gpu-ci\test_workspaces\Sharp-0031\ComfyUI\custom_nodes\ComfyUI-Sharp
[06:14]   [ComfyUI] [comfy-env]   [meta-scan] import OK
[06:14]   [ComfyUI] [comfy-env] Scanned nodes: 8 nodes (6.5s)
[06:14]   [ComfyUI] [comfy-env] Scanned nodes root: 8 nodes (6.6s)
[06:14]   [ComfyUI] [comfy-env] Imported nodes root: 8 nodes (isolation)
[06:14]   [ComfyUI] [comfy-env] Registered 8 total nodes
[06:14]   [ComfyUI] 
[06:14]   [ComfyUI] Import times for custom nodes:
[06:14]   [ComfyUI]    0.0 seconds: D:\a\comfy-gpu-ci\comfy-gpu-ci\test_workspaces\Sharp-0031\ComfyUI\custom_nodes\ComfyUI-validate-endpoint
[06:14]   [ComfyUI]    0.0 seconds: D:\a\comfy-gpu-ci\comfy-gpu-ci\test_workspaces\Sharp-0031\ComfyUI\custom_nodes\websocket_image_save.py
[06:14]   [ComfyUI]    6.6 seconds: D:\a\comfy-gpu-ci\comfy-gpu-ci\test_workspaces\Sharp-0031\ComfyUI\custom_nodes\ComfyUI-Sharp
[06:14]   [ComfyUI]   26.9 seconds: D:\a\comfy-gpu-ci\comfy-gpu-ci\test_workspaces\Sharp-0031\ComfyUI\custom_nodes\ComfyUI-GeometryPack
[06:14]   [ComfyUI] 
[06:14]   [ComfyUI] Context impl SQLiteImpl.
[06:14]   [ComfyUI] Will assume non-transactional DDL.
[06:14]   [ComfyUI] Context impl SQLiteImpl.
[06:14]   [ComfyUI] Will assume non-transactional DDL.
[06:14]   [ComfyUI] Running upgrade  -> 0001_assets, Initial assets schema
[06:14]   [ComfyUI] Revision ID: 0001_assets
[06:14]   [ComfyUI] Revises: None
[06:14]   [ComfyUI] Create Date: 2025-12-10 00:00:00
[06:14]   [ComfyUI] Running upgrade 0001_assets -> 0002_merge_to_asset_references, Merge AssetInfo and AssetCacheState into unified asset_references table.
[06:15]   [ComfyUI] Running upgrade 0002_merge_to_asset_references -> 0003_add_metadata_job_id, Add system_metadata and job_id columns to asset_references.
[06:15]   [ComfyUI] Change preview_id FK from assets.id to asset_references.id.
[06:15]   [ComfyUI] Database upgraded from None to 0003_add_metadata_job_id
[06:15]   [ComfyUI] Starting server
[06:15]   [ComfyUI] 
[06:15]   [ComfyUI] To see the GUI go to: http://127.0.0.1:41889
[06:15] Server responding, waiting for nodes to load...
[06:35] Server is ready!
[06:35] Checking for import errors in server logs...
[06:35] No import errors detected
[06:35] Found 838 registered nodes
[06:35] [REGISTRATION] PASSED
[06:35] 
[06:35] [4/5] INSTANTIATION
[06:35] ----------------------------------------
[06:35] 
[DEBUG] server=<comfy_test.comfyui.server.ComfyUIServer object at 0x0000021798559A90>, server_url=None, api=<comfy_test.comfyui.api.ComfyUIAPI object at 0x0000021798559E80>
[06:35] Testing node constructors...
[06:39] All 8 node(s) instantiated successfully!
[06:39] [INSTANTIATION] PASSED
[06:39] 
[06:39] [5/5] EXECUTION
[06:39] ----------------------------------------
[06:39] 
[DEBUG] server=<comfy_test.comfyui.server.ComfyUIServer object at 0x0000021798559A90>, server_url=None, api=<comfy_test.comfyui.api.ComfyUIAPI object at 0x0000021798559E80>
[06:39] CPU runner - will execute 2 workflow(s)
[06:39] Running 3 workflow(s) (all with videos)...
[06:39] Installing screenshot dependencies (playwright, pillow)...
[06:41]   Packages installed, downloading chromium browser...
[06:56]   Screenshot dependencies installed successfully
[06:56] Starting headless browser...
[06:57]   Downloading Mesa llvmpipe for Windows...
[07:01]   Copied opengl32.dll to Chromium dir
[07:01]   Copied libgallium_wgl.dll to Chromium dir
[07:01]   Using Mesa llvmpipe (desktop GL) -- multithreaded CPU rendering
[07:01]   [1/3] SKIPPED (not in cpu list) pano.json
[07:02] Capturing execution frames: sharp_basic.json
[07:08]   Frame 1 saved (frame_000.jpg, t=0.0s)
[07:08]   Validating workflow...
[07:08]   [ComfyUI] === /validate endpoint called ===
[07:08]   [ComfyUI] Received JSON with keys: ['prompt']
[07:08]   [ComfyUI] Prompt has 4 nodes
[07:08]   [ComfyUI]   Node 1: LoadImage
[07:08]   [ComfyUI]     Inputs: {"image": "beach.jpg"}
[07:08]   [ComfyUI]   Node 2: LoadSharpModel
[07:08]   [ComfyUI]     Inputs: {"precision": "auto"}
[07:08]   [ComfyUI]   Node 4: GeomPackPreviewGaussian
[07:08]   [ComfyUI]     Inputs: {"preview_gaussian": "", "ply_path": ["5", 0], "extrinsics": ["5", 1], "intrinsics": ["5", 2]}
[07:08]   [ComfyUI]   Node 5: SharpPredict
[07:08]   [ComfyUI]     Inputs: {"focal_length_mm": 30, "output_prefix": "sharp", "model": ["2", 0], "image": ["1", 0]}
[07:08]   Queuing workflow for execution...
[07:08]   [ComfyUI] Generated prompt_id: 99c8fdc7-d3af-4f25-8004-1e357b52af26
[07:08]   [ComfyUI] Calling execution.validate_prompt()...
[07:08]   [ComfyUI] Validation result: valid=True
[07:08]   [ComfyUI] === Validation PASSED ===
[07:08]   [ComfyUI] got prompt
[07:08]   [ComfyUI] [comfy-env] Running LoadSharpModel: precision: 'auto'
[07:08]   [ComfyUI] [comfy-env] SubprocessWorker: C:\ce\.pixi\envs\sharp-nodes\python.exe
[07:08]   [ComfyUI] [comfy-env] env_vars: {'COMFYUI_BASE': 'D:\\a\\comfy-gpu-ci\\comfy-gpu-ci\\test_workspaces\\Sharp-0031\\ComfyUI'}
[07:08]   [ComfyUI] [SubprocessWorker] call_method: nodes.load_model.LoadSharpModel.EXECUTE_NORMALIZED
[07:08]   [ComfyUI] [SubprocessWorker] acquired lock, ensuring started...
[07:08]   [ComfyUI] [comfy-env] sharp-nodes: Library/bin has 234 DLLs
[07:08]   [ComfyUI] [ComfyUI-Sharp] python: C:\ce\.pixi\envs\sharp-nodes\python.exe
[07:08]   [ComfyUI] [ComfyUI-Sharp] sys_path sent to worker: ['D:\\a\\comfy-gpu-ci\\comfy-gpu-ci\\test_workspaces\\Sharp-0031\\ComfyUI', 'D:\\a\\comfy-gpu-ci\\comfy-gpu-ci\\test_workspaces\\Sharp-0031\\ComfyUI\\custom_nodes\\ComfyUI-Sharp', 'C:\\ce\\.pixi\\envs\\sharp-nodes\\Lib\\site-packages', 'D:\\a\\comfy-gpu-ci\\comfy-gpu-ci\\test_workspaces\\Sharp-0031\\ComfyUI\\custom_nodes\\ComfyUI-Sharp']
[07:08]   [ComfyUI] [SubprocessWorker] is_pixi=True, python=C:\ce\.pixi\envs\sharp-nodes\python.exe
[07:08]   [ComfyUI] [SubprocessWorker] launching cmd=['C:\\Users\\runneradmin\\.pixi\\bin\\pixi.exe', 'run', '--as-is', '--manifest-path', 'C:\\ce\\pixi.toml', '-e', 'sharp-nodes', 'python', 'C:\\Users\\RUNNER~1\\AppData\\Local\\Temp\\comfyui_pvenv_0a9dsnz4\\persistent_worker.py', 'tcp://127.0.0.1:63083']...
[07:10]   Frame 2 saved (frame_001.jpg, t=2.3s)
[07:10]   [capture-periodic] freeze=4ms shot=138ms unfreeze=7ms saved=True
[07:11]   [ComfyUI] [worker:ComfyUI-Sharp] ERROR: Failed to import comfy_kitchen, Error: No module named 'comfy_kitchen', fp8 and fp4 support will not be available.
[07:11]   [ComfyUI] [SubprocessWorker] worker started/confirmed
[07:11]   [ComfyUI] [SubprocessWorker] serializing kwargs to shm...
[07:11]   [ComfyUI] [SubprocessWorker] created 0 shm blocks
[07:11]   [ComfyUI] [SubprocessWorker] sending request via socket...
[07:11]   [ComfyUI] [SubprocessWorker] call_id=1 sending call_method
[07:12]   [ComfyUI] 
[07:12]   Frame 3 saved (frame_002.jpg, t=4.6s)
[07:12]   [capture-periodic] freeze=5ms shot=121ms unfreeze=7ms saved=True
[07:15]   [ComfyUI] sharp_2572gikvuh.pt:   0%|          | 0.00/2.81G [00:00<?, ?B/s]
[07:15]   [ComfyUI] sharp_2572gikvuh.pt:   3%|▎         | 91.2M/2.81G [00:01<00:53, 50.6MB/s][SubprocessWorker] callback 'report_progress' from call_id=1
[07:15]   [capture-loop] iter=50 t=6.2s state={'complete': False, 'error': None, 'executedCount': 0, 'wsState': 1} eval_ms=51 ram=4.9/16.0GB (31%) swap=0.2/2.9GB (8%) cpu=47% browser_rss=0.71GB
[07:15]   [ComfyUI] sharp_2572gikvuh.pt:   6%|▌         | 158M/2.81G [00:02<00:30, 87.9MB/s] [SubprocessWorker] callback 'report_progress' from call_id=1
[07:15]   [ComfyUI] 
[07:15]   [ComfyUI] sharp_2572gikvuh.pt:   9%|▉         | 256M/2.81G [00:02<00:18, 136MB/s] [SubprocessWorker] callback 'report_progress' from call_id=1
[07:15]   [ComfyUI] 
[07:15]   [ComfyUI] sharp_2572gikvuh.pt:  10%|█         | 292M/2.81G [00:02<00:16, 152MB/s][SubprocessWorker] callback 'report_progress' from call_id=1
[07:15]   Frame 4 saved (frame_003.jpg, t=6.2s)
[07:15]   [capture-periodic] freeze=18ms shot=210ms unfreeze=6ms saved=True
[07:15]   [ComfyUI] 
[07:15]   [ComfyUI] sharp_2572gikvuh.pt:  13%|█▎        | 359M/2.81G [00:02<00:14, 168MB/s][SubprocessWorker] callback 'report_progress' from call_id=1
[07:15]   [ComfyUI] 
[07:15]   [ComfyUI] sharp_2572gikvuh.pt:  15%|█▌        | 427M/2.81G [00:03<00:12, 191MB/s][SubprocessWorker] callback 'report_progress' from call_id=1
[07:16]   [ComfyUI] 
[07:16]   [ComfyUI] sharp_2572gikvuh.pt:  18%|█▊        | 494M/2.81G [00:03<00:10, 219MB/s][SubprocessWorker] callback 'report_progress' from call_id=1
[07:16]   [ComfyUI] 
[07:16]   [ComfyUI] sharp_2572gikvuh.pt:  20%|█▉        | 561M/2.81G [00:03<00:11, 189MB/s][SubprocessWorker] callback 'report_progress' from call_id=1
[07:16]   [ComfyUI] 
[07:16]   [ComfyUI] sharp_2572gikvuh.pt:  22%|██▏       | 628M/2.81G [00:04<00:11, 191MB/s][SubprocessWorker] callback 'report_progress' from call_id=1
[07:17]   [ComfyUI] 
[07:17]   [ComfyUI] sharp_2572gikvuh.pt:  25%|██▍       | 695M/2.81G [00:04<00:09, 221MB/s][SubprocessWorker] callback 'report_progress' from call_id=1
[07:17]   [ComfyUI] 
[07:17]   [ComfyUI] sharp_2572gikvuh.pt:  27%|██▋       | 768M/2.81G [00:04<00:08, 238MB/s][SubprocessWorker] callback 'report_progress' from call_id=1
[07:17]   [ComfyUI] 
[07:17]   [ComfyUI] sharp_2572gikvuh.pt:  30%|██▉       | 829M/2.81G [00:04<00:07, 250MB/s][SubprocessWorker] callback 'report_progress' from call_id=1
[07:17]   [ComfyUI] 
[07:17]   [ComfyUI] sharp_2572gikvuh.pt:  32%|███▏      | 896M/2.81G [00:05<00:08, 227MB/s][SubprocessWorker] callback 'report_progress' from call_id=1
[07:18]   Frame 5 saved (frame_004.jpg, t=9.6s)
[07:18]   [capture-periodic] freeze=10ms shot=287ms unfreeze=16ms saved=True
[07:18]   [ComfyUI] 
[07:18]   [ComfyUI] sharp_2572gikvuh.pt:  36%|███▋      | 1.02G/2.81G [00:05<00:05, 345MB/s][SubprocessWorker] callback 'report_progress' from call_id=1
[07:18]   [ComfyUI] 
[07:18]   [ComfyUI] sharp_2572gikvuh.pt:  41%|████▏     | 1.16G/2.81G [00:05<00:05, 304MB/s][SubprocessWorker] callback 'report_progress' from call_id=1
[07:18]   [ComfyUI] 
[07:18]   [ComfyUI] sharp_2572gikvuh.pt:  44%|████▍     | 1.23G/2.81G [00:06<00:05, 300MB/s][SubprocessWorker] callback 'report_progress' from call_id=1
[07:19]   [ComfyUI] 
[07:19]   [ComfyUI] sharp_2572gikvuh.pt:  46%|████▌     | 1.30G/2.81G [00:06<00:05, 286MB/s][SubprocessWorker] callback 'report_progress' from call_id=1
[07:19]   [ComfyUI] 
[07:19]   [ComfyUI] sharp_2572gikvuh.pt:  51%|█████     | 1.43G/2.81G [00:06<00:05, 269MB/s][SubprocessWorker] callback 'report_progress' from call_id=1
[07:19]   [ComfyUI] 
[07:19]   [ComfyUI] sharp_2572gikvuh.pt:  53%|█████▎    | 1.50G/2.81G [00:07<00:04, 289MB/s][SubprocessWorker] callback 'report_progress' from call_id=1
[07:20]   [ComfyUI] 
[07:20]   [ComfyUI] sharp_2572gikvuh.pt:  56%|█████▌    | 1.57G/2.81G [00:07<00:04, 276MB/s][SubprocessWorker] callback 'report_progress' from call_id=1
[07:20]   [ComfyUI] 
[07:20]   [ComfyUI] sharp_2572gikvuh.pt:  61%|██████    | 1.70G/2.81G [00:07<00:03, 365MB/s][SubprocessWorker] callback 'report_progress' from call_id=1
[07:20]   Frame 6 saved (frame_005.jpg, t=12.0s)
[07:20]   [capture-periodic] freeze=38ms shot=186ms unfreeze=5ms saved=True
[07:20]   [ComfyUI] 
[07:20]   [ComfyUI] sharp_2572gikvuh.pt:  68%|██████▊   | 1.90G/2.81G [00:07<00:01, 491MB/s][SubprocessWorker] callback 'report_progress' from call_id=1
[07:20]   [ComfyUI] 
[07:20]   [ComfyUI] sharp_2572gikvuh.pt:  75%|███████▍  | 2.10G/2.81G [00:08<00:01, 582MB/s][SubprocessWorker] callback 'report_progress' from call_id=1
[07:21]   [ComfyUI] 
[07:21]   [ComfyUI] sharp_2572gikvuh.pt:  80%|███████▉  | 2.24G/2.81G [00:08<00:01, 569MB/s][SubprocessWorker] callback 'report_progress' from call_id=1
[07:21]   [ComfyUI] 
[07:21]   [ComfyUI] sharp_2572gikvuh.pt:  84%|████████▍ | 2.37G/2.81G [00:08<00:00, 559MB/s][SubprocessWorker] callback 'report_progress' from call_id=1
[07:21]   [ComfyUI] 
[07:21]   [ComfyUI] sharp_2572gikvuh.pt:  89%|████████▉ | 2.51G/2.81G [00:08<00:00, 552MB/s][SubprocessWorker] callback 'report_progress' from call_id=1
[07:21]   [ComfyUI] 
[07:21]   [ComfyUI] sharp_2572gikvuh.pt:  94%|█████████▍| 2.64G/2.81G [00:09<00:00, 547MB/s][SubprocessWorker] callback 'report_progress' from call_id=1
[07:22]   [ComfyUI] 
[07:22]   [ComfyUI] sharp_2572gikvuh.pt: 100%|██████████| 2.81G/2.81G [00:09<00:00, 588MB/s][SubprocessWorker] callback 'report_progress' from call_id=1
[07:22]   Frame 7 saved (frame_006.jpg, t=14.3s)
[07:22]   [capture-periodic] freeze=4ms shot=100ms unfreeze=3ms saved=True
[07:22]   [ComfyUI] 
[07:22]   [ComfyUI] sharp_2572gikvuh.pt: 100%|██████████| 2.81G/2.81G [00:09<00:00, 286MB/s]
[07:22]   [ComfyUI] [SubprocessWorker] got response: ok
[07:22]   [ComfyUI] [comfy-env] LoadSharpModel done (14.21s): result: NodeOutput
[07:22]   [ComfyUI] [comfy-env] Running SharpPredict: focal_length_mm: 30.0, output_prefix: 'sharp', model: dict, image: torch.float32 [1,1024,1536,3] cpu
[07:22]   [ComfyUI] [SubprocessWorker] call_method: nodes.predict.SharpPredict.EXECUTE_NORMALIZED
[07:22]   [ComfyUI] [SubprocessWorker] acquired lock, ensuring started...
[07:22]   [ComfyUI] [ComfyUI-Sharp] Health check: ping (timeout=5.0s)...
[07:22]   [ComfyUI] [ComfyUI-Sharp] Health check: ok
[07:22]   [ComfyUI] [SubprocessWorker] worker started/confirmed
[07:22]   [ComfyUI] [comfy-env] PRE-SERIALIZE 'image' shape: torch.Size([1, 1024, 1536, 3])
[07:22]   [ComfyUI] [SubprocessWorker] serializing kwargs to shm...
[07:22]   [ComfyUI] [SubprocessWorker] created 0 shm blocks
[07:22]   [ComfyUI] [SubprocessWorker] sending request via socket...
[07:22]   [ComfyUI] [SubprocessWorker] call_id=2 sending call_method
[07:22]   [ComfyUI] [worker:ComfyUI-Sharp] [comfy-env] _from_shm got dict with keys: ['__type__', 'strategy', 'manager_path', 'storage_key', 'storage_size']
[07:22]   [ComfyUI] [worker:ComfyUI-Sharp] [comfy-env] DESERIALIZE TensorRef: tensor_size=[1, 1024, 1536, 3]
[07:22]   [ComfyUI] [worker:ComfyUI-Sharp] [comfy-env] DESERIALIZED tensor shape: torch.Size([1, 1024, 1536, 3])
[07:22]   [capture-loop] iter=100 t=14.7s state={'complete': False, 'error': None, 'executedCount': 0, 'wsState': 1} eval_ms=6 ram=5.1/16.0GB (32%) swap=0.2/2.9GB (8%) cpu=79% browser_rss=0.75GB
[07:24]   [ComfyUI] [worker:ComfyUI-Sharp] WARNING: No comfy kitchen, using old apply_rope functions.
[07:24]   Frame 8 saved (frame_007.jpg, t=16.5s)
[07:24]   [capture-periodic] freeze=5ms shot=124ms unfreeze=5ms saved=True
[07:28]   [capture-loop] iter=150 t=20.4s state={'complete': False, 'error': None, 'executedCount': 0, 'wsState': 1} eval_ms=5 ram=5.0/16.0GB (32%) swap=0.2/2.9GB (8%) cpu=39% browser_rss=0.75GB
[07:35]   [capture-loop] iter=200 t=27.2s state={'complete': False, 'error': None, 'executedCount': 0, 'wsState': 1} eval_ms=5 ram=6.5/16.0GB (41%) swap=0.2/2.9GB (8%) cpu=43% browser_rss=0.68GB
[07:37]   [ComfyUI] [SubprocessWorker] callback 'request_vram_budget' from call_id=2
[07:37]   [ComfyUI] [comfy-env] VRAM request: 2.81GB, free before eviction: 9.58GB
[07:37]   [ComfyUI] [comfy-env] VRAM after eviction: 9.58GB
[07:48]   [ComfyUI] [worker:ComfyUI-Sharp] WARNING: [SPN] start: 0.00 GB, input=[1, 3, 1536, 1536]
[07:49]   [ComfyUI] [worker:ComfyUI-Sharp] WARNING: [SPN] patches: 0.00 GB, x0=25 x1=9 x2=1 total=35
[07:51]   [capture-loop] iter=250 t=43.3s state={'complete': False, 'error': None, 'executedCount': 0, 'wsState': 1} eval_ms=6 ram=7.3/16.0GB (46%) swap=0.2/2.9GB (8%) cpu=92% browser_rss=0.68GB
[07:58]   [capture-loop] iter=300 t=50.6s state={'complete': False, 'error': None, 'executedCount': 0, 'wsState': 1} eval_ms=16 ram=7.1/16.0GB (44%) swap=0.2/2.9GB (8%) cpu=96% browser_rss=0.68GB
[08:04]   [capture-loop] iter=350 t=56.6s state={'complete': False, 'error': None, 'executedCount': 0, 'wsState': 1} eval_ms=5 ram=7.1/16.0GB (44%) swap=0.2/2.9GB (8%) cpu=96% browser_rss=0.66GB
[08:08]   [ComfyUI] [worker:ComfyUI-Sharp]
[08:08]   [ComfyUI] === WATCHDOG TICK 1 ===
[08:08]   [ComfyUI] [worker:ComfyUI-Sharp] Thread 0x00001868 (most recent call first):
[08:08]   [ComfyUI]   File "C:\ce\.pixi\envs\sharp-nodes\lib\threading.py", line 324 in wait
[08:08]   [ComfyUI]   File "C:\ce\.pixi\envs\sharp-nodes\lib\threading.py", line 607 in wait
[08:08]   [ComfyUI]   File "C:\ce\.pixi\envs\sharp-nodes\lib\site-packages\tqdm\_monitor.py", line 60 in run
[08:08]   [ComfyUI]   File "C:\ce\.pixi\envs\sharp-nodes\lib\threading.py", line 1016 in _bootstrap_inner
[08:08]   [ComfyUI]   File "C:\ce\.pixi\envs\sharp-nodes\lib\threading.py", line 973 in _bootstrap
[08:08]   [ComfyUI] 
[08:08]   [ComfyUI] Current thread 0x000022c8 (most recent call first):
[08:08]   [ComfyUI]   File "C:\Users\RUNNER~1\AppData\Local\Temp\comfyui_pvenv_0a9dsnz4\persistent_worker.py", line 52 in _watchdog
[08:08]   [ComfyUI]   File "C:\ce\.pixi\envs\sharp-nodes\lib\threading.py", line 953 in run
[08:08]   [ComfyUI]   File "C:\ce\.pixi\envs\sharp-nodes\lib\threading.py", line 1016 in _bootstrap_inner
[08:08]   [ComfyUI]   File "C:\ce\.pixi\envs\sharp-nodes\lib\threading.py", line 973 in _bootstrap
[08:08]   [ComfyUI] 
[08:08]   [ComfyUI] Thread 0x000003b4 (most recent call first):
[08:08]   [ComfyUI]   File "C:\ce\.pixi\envs\sharp-nodes\lib\site-packages\torch\nn\modules\linear.py", line 134 in forward
[08:08]   [ComfyUI]   File "D:\a\comfy-gpu-ci\comfy-gpu-ci\test_workspaces\Sharp-0031\ComfyUI\comfy\ops.py", line 484 in forward
[08:08]   [ComfyUI]   File "C:\ce\.pixi\envs\sharp-nodes\lib\site-packages\torch\nn\modules\module.py", line 1790 in _call_impl
[08:08]   [ComfyUI]   File "C:\ce\.pixi\envs\sharp-nodes\lib\site-packages\torch\nn\modules\module.py", line 1779 in _wrapped_call_impl
[08:08]   [ComfyUI]   File "D:\a\comfy-gpu-ci\comfy-gpu-ci\test_workspaces\Sharp-0031\ComfyUI\custom_nodes\ComfyUI-Sharp\nodes\sharp\model.py", line 268 in forward
[08:08]   [ComfyUI]   File "C:\ce\.pixi\envs\sharp-nodes\lib\site-packages\torch\nn\modules\module.py", line 1790 in _call_impl
[08:08]   [ComfyUI]   File "C:\ce\.pixi\envs\sharp-nodes\lib\site-packages\torch\nn\modules\module.py", line 1779 in _wrapped_call_impl
[08:08]   [ComfyUI]   File "D:\a\comfy-gpu-ci\comfy-gpu-ci\test_workspaces\Sharp-0031\ComfyUI\custom_nodes\ComfyUI-Sharp\nodes\sharp\model.py", line 310 in forward
[08:08]   [ComfyUI]   File "C:\ce\.pixi\envs\sharp-nodes\lib\site-packages\torch\nn\modules\module.py", line 1790 in _call_impl
[08:08]   [ComfyUI]   File "C:\ce\.pixi\envs\sharp-nodes\lib\site-packages\torch\nn\modules\module.py", line 1779 in _wrapped_call_impl
[08:08]   [ComfyUI]   File "D:\a\comfy-gpu-ci\comfy-gpu-ci\test_workspaces\Sharp-0031\ComfyUI\custom_nodes\ComfyUI-Sharp\nodes\sharp\model.py", line 412 in forward
[08:08]   [ComfyUI]   File "C:\ce\.pixi\envs\sharp-nodes\lib\site-packages\torch\nn\modules\module.py", line 1790 in _call_impl
[08:08]   [ComfyUI]   File "C:\ce\.pixi\envs\sharp-nodes\lib\site-packages\torch\nn\modules\module.py", line 1779 in _wrapped_call_impl
[08:08]   [ComfyUI]   File "D:\a\comfy-gpu-ci\comfy-gpu-ci\test_workspaces\Sharp-0031\ComfyUI\custom_nodes\ComfyUI-Sharp\nodes\sharp\model.py", line 662 in forward
[08:08]   [ComfyUI]   File "C:\ce\.pixi\envs\sharp-nodes\lib\site-packages\torch\nn\modules\module.py", line 1790 in _call_impl
[08:08]   [ComfyUI]   File "C:\ce\.pixi\envs\sharp-nodes\lib\site-packages\torch\nn\modules\module.py", line 1779 in _wrapped_call_impl
[08:08]   [ComfyUI]   File "D:\a\comfy-gpu-ci\comfy-gpu-ci\test_workspaces\Sharp-0031\ComfyUI\custom_nodes\ComfyUI-Sharp\nodes\sharp\model.py", line 1109 in forward
[08:08]   [ComfyUI]   File "C:\ce\.pixi\envs\sharp-nodes\lib\site-packages\torch\nn\modules\module.py", line 1790 in _call_impl
[08:08]   [ComfyUI]   File "C:\ce\.pixi\envs\sharp-nodes\lib\site-packages\torch\nn\modules\module.py", line 1779 in _wrapped_call_impl
[08:08]   [ComfyUI]   File "D:\a\comfy-gpu-ci\comfy-gpu-ci\test_workspaces\Sharp-0031\ComfyUI\custom_nodes\ComfyUI-Sharp\nodes\sharp\model.py", line 2006 in encode
[08:08]   [ComfyUI]   File "D:\a\comfy-gpu-ci\comfy-gpu-ci\test_workspaces\Sharp-0031\ComfyUI\custom_nodes\ComfyUI-Sharp\nodes\predict.py", line 287 in _predict_image_cached
[08:08]   [ComfyUI]   File "D:\a\comfy-gpu-ci\comfy-gpu-ci\test_workspaces\Sharp-0031\ComfyUI\custom_nodes\ComfyUI-Sharp\nodes\predict.py", line 184 in execute
[08:08]   [ComfyUI]   File "C:\ce\.pixi\envs\sharp-nodes\lib\site-packages\torch\utils\_contextlib.py", line 124 in decorate_context
[08:08]   [ComfyUI]   File "D:\a\comfy-gpu-ci\comfy-gpu-ci\test_workspaces\Sharp-0031\ComfyUI\comfy_api\latest\_io.py", line 1833 in EXECUTE_NORMALIZED
[08:08]   [ComfyUI]   File "C:\Users\RUNNER~1\AppData\Local\Temp\comfyui_pvenv_0a9dsnz4\persistent_worker.py", line 1762 in main
[08:08]   [ComfyUI]   File "C:\Users\RUNNER~1\AppData\Local\Temp\comfyui_pvenv_0a9dsnz4\persistent_worker.py", line 1807 in <module>
[08:08]   [ComfyUI] 
[08:08]   [ComfyUI] [worker:ComfyUI-Sharp] === END ===
[08:08]   [ComfyUI] 
[08:10]   [capture-loop] iter=400 t=62.8s state={'complete': False, 'error': None, 'executedCount': 0, 'wsState': 1} eval_ms=5 ram=7.1/16.0GB (44%) swap=0.2/2.9GB (8%) cpu=95% browser_rss=0.65GB
[08:12]   [ComfyUI] [worker:ComfyUI-Sharp] WARNING: [SPN] after first chunk (4/35): 0.00 GB, chunk_size=4
[08:17]   [capture-loop] iter=450 t=69.0s state={'complete': False, 'error': None, 'executedCount': 0, 'wsState': 1} eval_ms=10 ram=7.1/16.0GB (45%) swap=0.2/2.9GB (8%) cpu=95% browser_rss=0.65GB
[08:23]   [capture-loop] iter=500 t=75.1s state={'complete': False, 'error': None, 'executedCount': 0, 'wsState': 1} eval_ms=7 ram=7.2/16.0GB (45%) swap=0.2/2.9GB (8%) cpu=95% browser_rss=0.64GB
[08:29]   [capture-loop] iter=550 t=81.3s state={'complete': False, 'error': None, 'executedCount': 0, 'wsState': 1} eval_ms=7 ram=7.1/16.0GB (45%) swap=0.2/2.9GB (8%) cpu=95% browser_rss=0.64GB
[08:35]   [capture-loop] iter=600 t=87.3s state={'complete': False, 'error': None, 'executedCount': 0, 'wsState': 1} eval_ms=7 ram=7.2/16.0GB (45%) swap=0.2/2.9GB (8%) cpu=94% browser_rss=0.64GB
[08:41]   [capture-loop] iter=650 t=93.6s state={'complete': False, 'error': None, 'executedCount': 0, 'wsState': 1} eval_ms=6 ram=7.2/16.0GB (45%) swap=0.2/2.9GB (8%) cpu=96% browser_rss=0.64GB
[08:47]   [capture-loop] iter=700 t=99.9s state={'complete': False, 'error': None, 'executedCount': 0, 'wsState': 1} eval_ms=8 ram=7.1/16.0GB (45%) swap=0.3/2.9GB (12%) cpu=96% browser_rss=0.64GB
[08:54]   [capture-loop] iter=750 t=106.2s state={'complete': False, 'error': None, 'executedCount': 0, 'wsState': 1} eval_ms=16 ram=7.1/16.0GB (44%) swap=0.3/2.9GB (12%) cpu=96% browser_rss=0.64GB
[09:00]   [capture-loop] iter=800 t=112.3s state={'complete': False, 'error': None, 'executedCount': 0, 'wsState': 1} eval_ms=7 ram=7.1/16.0GB (44%) swap=0.3/2.9GB (12%) cpu=96% browser_rss=0.63GB
[09:06]   [capture-loop] iter=850 t=118.5s state={'complete': False, 'error': None, 'executedCount': 0, 'wsState': 1} eval_ms=7 ram=7.1/16.0GB (45%) swap=0.3/2.9GB (12%) cpu=94% browser_rss=0.63GB
[09:08]   [ComfyUI] [worker:ComfyUI-Sharp]
[09:08]   [ComfyUI] === WATCHDOG TICK 2 ===
[09:08]   [ComfyUI] [worker:ComfyUI-Sharp] Thread 0x00001868 (most recent call first):
[09:08]   [ComfyUI]   File "C:\ce\.pixi\envs\sharp-nodes\lib\threading.py", line 324 in wait
[09:08]   [ComfyUI]   File "C:\ce\.pixi\envs\sharp-nodes\lib\threading.py", line 607 in wait
[09:08]   [ComfyUI]   File "C:\ce\.pixi\envs\sharp-nodes\lib\site-packages\tqdm\_monitor.py", line 60 in run
[09:08]   [ComfyUI]   File "C:\ce\.pixi\envs\sharp-nodes\lib\threading.py", line 1016 in _bootstrap_inner
[09:08]   [ComfyUI]   File "C:\ce\.pixi\envs\sharp-nodes\lib\threading.py", line 973 in _bootstrap
[09:08]   [ComfyUI] 
[09:08]   [ComfyUI] Current thread 0x000022c8 (most recent call first):
[09:08]   [ComfyUI]   File "C:\Users\RUNNER~1\AppData\Local\Temp\comfyui_pvenv_0a9dsnz4\persistent_worker.py", line 52 in _watchdog
[09:08]   [ComfyUI]   File "C:\ce\.pixi\envs\sharp-nodes\lib\threading.py", line 953 in run
[09:08]   [ComfyUI]   File "C:\ce\.pixi\envs\sharp-nodes\lib\threading.py", line 1016 in _bootstrap_inner
[09:08]   [ComfyUI]   File "C:\ce\.pixi\envs\sharp-nodes\lib\threading.py", line 973 in _bootstrap
[09:08]   [ComfyUI] 
[09:08]   [ComfyUI] Thread 0x000003b4 (most recent call first):
[09:08]   [ComfyUI]   File "C:\ce\.pixi\envs\sharp-nodes\lib\site-packages\torch\nn\modules\linear.py", line 134 in forward
[09:08]   [ComfyUI]   File "D:\a\comfy-gpu-ci\comfy-gpu-ci\test_workspaces\Sharp-0031\ComfyUI\comfy\ops.py", line 484 in forward
[09:08]   [ComfyUI]   File "C:\ce\.pixi\envs\sharp-nodes\lib\site-packages\torch\nn\modules\module.py", line 1790 in _call_impl
[09:08]   [ComfyUI]   File "C:\ce\.pixi\envs\sharp-nodes\lib\site-packages\torch\nn\modules\module.py", line 1779 in _wrapped_call_impl
[09:08]   [ComfyUI]   File "D:\a\comfy-gpu-ci\comfy-gpu-ci\test_workspaces\Sharp-0031\ComfyUI\custom_nodes\ComfyUI-Sharp\nodes\sharp\model.py", line 268 in forward
[09:08]   [ComfyUI]   File "C:\ce\.pixi\envs\sharp-nodes\lib\site-packages\torch\nn\modules\module.py", line 1790 in _call_impl
[09:08]   [ComfyUI]   File "C:\ce\.pixi\envs\sharp-nodes\lib\site-packages\torch\nn\modules\module.py", line 1779 in _wrapped_call_impl
[09:08]   [ComfyUI]   File "D:\a\comfy-gpu-ci\comfy-gpu-ci\test_workspaces\Sharp-0031\ComfyUI\custom_nodes\ComfyUI-Sharp\nodes\sharp\model.py", line 310 in forward
[09:08]   [ComfyUI]   File "C:\ce\.pixi\envs\sharp-nodes\lib\site-packages\torch\nn\modules\module.py", line 1790 in _call_impl
[09:08]   [ComfyUI]   File "C:\ce\.pixi\envs\sharp-nodes\lib\site-packages\torch\nn\modules\module.py", line 1779 in _wrapped_call_impl
[09:08]   [ComfyUI]   File "D:\a\comfy-gpu-ci\comfy-gpu-ci\test_workspaces\Sharp-0031\ComfyUI\custom_nodes\ComfyUI-Sharp\nodes\sharp\model.py", line 412 in forward
[09:08]   [ComfyUI]   File "C:\ce\.pixi\envs\sharp-nodes\lib\site-packages\torch\nn\modules\module.py", line 1790 in _call_impl
[09:08]   [ComfyUI]   File "C:\ce\.pixi\envs\sharp-nodes\lib\site-packages\torch\nn\modules\module.py", line 1779 in _wrapped_call_impl
[09:08]   [ComfyUI]   File "D:\a\comfy-gpu-ci\comfy-gpu-ci\test_workspaces\Sharp-0031\ComfyUI\custom_nodes\ComfyUI-Sharp\nodes\sharp\model.py", line 685 in forward
[09:08]   [ComfyUI]   File "C:\ce\.pixi\envs\sharp-nodes\lib\site-packages\torch\nn\modules\module.py", line 1790 in _call_impl
[09:08]   [ComfyUI]   File "C:\ce\.pixi\envs\sharp-nodes\lib\site-packages\torch\nn\modules\module.py", line 1779 in _wrapped_call_impl
[09:08]   [ComfyUI]   File "D:\a\comfy-gpu-ci\comfy-gpu-ci\test_workspaces\Sharp-0031\ComfyUI\custom_nodes\ComfyUI-Sharp\nodes\sharp\model.py", line 1109 in forward
[09:08]   [ComfyUI]   File "C:\ce\.pixi\envs\sharp-nodes\lib\site-packages\torch\nn\modules\module.py", line 1790 in _call_impl
[09:08]   [ComfyUI]   File "C:\ce\.pixi\envs\sharp-nodes\lib\site-packages\torch\nn\modules\module.py", line 1779 in _wrapped_call_impl
[09:08]   [ComfyUI]   File "D:\a\comfy-gpu-ci\comfy-gpu-ci\test_workspaces\Sharp-0031\ComfyUI\custom_nodes\ComfyUI-Sharp\nodes\sharp\model.py", line 2006 in encode
[09:08]   [ComfyUI]   File "D:\a\comfy-gpu-ci\comfy-gpu-ci\test_workspaces\Sharp-0031\ComfyUI\custom_nodes\ComfyUI-Sharp\nodes\predict.py", line 287 in _predict_image_cached
[09:08]   [ComfyUI]   File "D:\a\comfy-gpu-ci\comfy-gpu-ci\test_workspaces\Sharp-0031\ComfyUI\custom_nodes\ComfyUI-Sharp\nodes\predict.py", line 184 in execute
[09:08]   [ComfyUI]   File "C:\ce\.pixi\envs\sharp-nodes\lib\site-packages\torch\utils\_contextlib.py", line 124 in decorate_context
[09:08]   [ComfyUI]   File "D:\a\comfy-gpu-ci\comfy-gpu-ci\test_workspaces\Sharp-0031\ComfyUI\comfy_api\latest\_io.py", line 1833 in EXECUTE_NORMALIZED
[09:08]   [ComfyUI]   File "C:\Users\RUNNER~1\AppData\Local\Temp\comfyui_pvenv_0a9dsnz4\persistent_worker.py", line 1762 in main
[09:08]   [ComfyUI]   File "C:\Users\RUNNER~1\AppData\Local\Temp\comfyui_pvenv_0a9dsnz4\persistent_worker.py", line 1807 in <module>
[09:08]   [ComfyUI] 
[09:08]   [ComfyUI] [worker:ComfyUI-Sharp] === END ===
[09:08]   [ComfyUI] 
[09:12]   [capture-loop] iter=900 t=124.7s state={'complete': False, 'error': None, 'executedCount': 0, 'wsState': 1} eval_ms=12 ram=7.2/16.0GB (45%) swap=0.3/2.9GB (12%) cpu=94% browser_rss=0.63GB
[09:18]   [capture-loop] iter=950 t=130.9s state={'complete': False, 'error': None, 'executedCount': 0, 'wsState': 1} eval_ms=13 ram=7.2/16.0GB (45%) swap=0.3/2.9GB (12%) cpu=94% browser_rss=0.63GB
[09:25]   [capture-loop] iter=1000 t=137.1s state={'complete': False, 'error': None, 'executedCount': 0, 'wsState': 1} eval_ms=5 ram=7.2/16.0GB (45%) swap=0.3/2.9GB (12%) cpu=96% browser_rss=0.62GB
[09:31]   [capture-loop] iter=1050 t=143.1s state={'complete': False, 'error': None, 'executedCount': 0, 'wsState': 1} eval_ms=14 ram=7.2/16.0GB (45%) swap=0.3/2.9GB (12%) cpu=95% browser_rss=0.62GB
[09:37]   [capture-loop] iter=1100 t=149.3s state={'complete': False, 'error': None, 'executedCount': 0, 'wsState': 1} eval_ms=5 ram=7.3/16.0GB (46%) swap=0.3/2.9GB (12%) cpu=94% browser_rss=0.63GB
[09:43]   [capture-loop] iter=1150 t=155.5s state={'complete': False, 'error': None, 'executedCount': 0, 'wsState': 1} eval_ms=8 ram=7.2/16.0GB (45%) swap=0.3/2.9GB (12%) cpu=93% browser_rss=0.62GB
[09:49]   [capture-loop] iter=1200 t=161.7s state={'complete': False, 'error': None, 'executedCount': 0, 'wsState': 1} eval_ms=12 ram=7.4/16.0GB (46%) swap=0.3/2.9GB (12%) cpu=93% browser_rss=0.62GB
[09:55]   [capture-loop] iter=1250 t=167.7s state={'complete': False, 'error': None, 'executedCount': 0, 'wsState': 1} eval_ms=11 ram=7.3/16.0GB (45%) swap=0.3/2.9GB (12%) cpu=95% browser_rss=0.61GB
[10:01]   [capture-loop] iter=1300 t=173.9s state={'complete': False, 'error': None, 'executedCount': 0, 'wsState': 1} eval_ms=6 ram=7.4/16.0GB (46%) swap=0.3/2.9GB (12%) cpu=96% browser_rss=0.61GB
[10:08]   [capture-loop] iter=1350 t=180.2s state={'complete': False, 'error': None, 'executedCount': 0, 'wsState': 1} eval_ms=12 ram=7.4/16.0GB (46%) swap=0.3/2.9GB (12%) cpu=95% browser_rss=0.60GB
[10:08]   [ComfyUI] [worker:ComfyUI-Sharp]
[10:08]   [ComfyUI] === WATCHDOG TICK 3 ===
[10:08]   [ComfyUI] [worker:ComfyUI-Sharp] Thread 0x00001868 (most recent call first):
[10:08]   [ComfyUI]   File "C:\ce\.pixi\envs\sharp-nodes\lib\threading.py", line 324 in wait
[10:08]   [ComfyUI]   File "C:\ce\.pixi\envs\sharp-nodes\lib\threading.py", line 607 in wait
[10:08]   [ComfyUI]   File "C:\ce\.pixi\envs\sharp-nodes\lib\site-packages\tqdm\_monitor.py", line 60 in run
[10:08]   [ComfyUI]   File "C:\ce\.pixi\envs\sharp-nodes\lib\threading.py", line 1016 in _bootstrap_inner
[10:08]   [ComfyUI]   File "C:\ce\.pixi\envs\sharp-nodes\lib\threading.py", line 973 in _bootstrap
[10:08]   [ComfyUI] 
[10:08]   [ComfyUI] Current thread 0x000022c8 (most recent call first):
[10:08]   [ComfyUI]   File "C:\Users\RUNNER~1\AppData\Local\Temp\comfyui_pvenv_0a9dsnz4\persistent_worker.py", line 52 in _watchdog
[10:08]   [ComfyUI]   File "C:\ce\.pixi\envs\sharp-nodes\lib\threading.py", line 953 in run
[10:08]   [ComfyUI]   File "C:\ce\.pixi\envs\sharp-nodes\lib\threading.py", line 1016 in _bootstrap_inner
[10:08]   [ComfyUI]   File "C:\ce\.pixi\envs\sharp-nodes\lib\threading.py", line 973 in _bootstrap
[10:08]   [ComfyUI] 
[10:08]   [ComfyUI] Thread 0x000003b4 (most recent call first):
[10:08]   [ComfyUI]   File "C:\ce\.pixi\envs\sharp-nodes\lib\site-packages\torch\nn\modules\linear.py", line 134 in forward
[10:08]   [ComfyUI]   File "D:\a\comfy-gpu-ci\comfy-gpu-ci\test_workspaces\Sharp-0031\ComfyUI\comfy\ops.py", line 484 in forward
[10:08]   [ComfyUI]   File "C:\ce\.pixi\envs\sharp-nodes\lib\site-packages\torch\nn\modules\module.py", line 1790 in _call_impl
[10:08]   [ComfyUI]   File "C:\ce\.pixi\envs\sharp-nodes\lib\site-packages\torch\nn\modules\module.py", line 1779 in _wrapped_call_impl
[10:08]   [ComfyUI]   File "D:\a\comfy-gpu-ci\comfy-gpu-ci\test_workspaces\Sharp-0031\ComfyUI\custom_nodes\ComfyUI-Sharp\nodes\sharp\model.py", line 232 in forward
[10:08]   [ComfyUI]   File "C:\ce\.pixi\envs\sharp-nodes\lib\site-packages\torch\nn\modules\module.py", line 1790 in _call_impl
[10:08]   [ComfyUI]   File "C:\ce\.pixi\envs\sharp-nodes\lib\site-packages\torch\nn\modules\module.py", line 1779 in _wrapped_call_impl
[10:08]   [ComfyUI]   File "D:\a\comfy-gpu-ci\comfy-gpu-ci\test_workspaces\Sharp-0031\ComfyUI\custom_nodes\ComfyUI-Sharp\nodes\sharp\model.py", line 309 in forward
[10:08]   [ComfyUI]   File "C:\ce\.pixi\envs\sharp-nodes\lib\site-packages\torch\nn\modules\module.py", line 1790 in _call_impl
[10:08]   [ComfyUI]   File "C:\ce\.pixi\envs\sharp-nodes\lib\site-packages\torch\nn\modules\module.py", line 1779 in _wrapped_call_impl
[10:08]   [ComfyUI]   File "D:\a\comfy-gpu-ci\comfy-gpu-ci\test_workspaces\Sharp-0031\ComfyUI\custom_nodes\ComfyUI-Sharp\nodes\sharp\model.py", line 412 in forward
[10:08]   [ComfyUI]   File "C:\ce\.pixi\envs\sharp-nodes\lib\site-packages\torch\nn\modules\module.py", line 1790 in _call_impl
[10:08]   [ComfyUI]   File "C:\ce\.pixi\envs\sharp-nodes\lib\site-packages\torch\nn\modules\module.py", line 1779 in _wrapped_call_impl
[10:08]   [ComfyUI]   File "D:\a\comfy-gpu-ci\comfy-gpu-ci\test_workspaces\Sharp-0031\ComfyUI\custom_nodes\ComfyUI-Sharp\nodes\sharp\model.py", line 685 in forward
[10:08]   [ComfyUI]   File "C:\ce\.pixi\envs\sharp-nodes\lib\site-packages\torch\nn\modules\module.py", line 1790 in _call_impl
[10:08]   [ComfyUI]   File "C:\ce\.pixi\envs\sharp-nodes\lib\site-packages\torch\nn\modules\module.py", line 1779 in _wrapped_call_impl
[10:08]   [ComfyUI]   File "D:\a\comfy-gpu-ci\comfy-gpu-ci\test_workspaces\Sharp-0031\ComfyUI\custom_nodes\ComfyUI-Sharp\nodes\sharp\model.py", line 1109 in forward
[10:08]   [ComfyUI]   File "C:\ce\.pixi\envs\sharp-nodes\lib\site-packages\torch\nn\modules\module.py", line 1790 in _call_impl
[10:08]   [ComfyUI]   File "C:\ce\.pixi\envs\sharp-nodes\lib\site-packages\torch\nn\modules\module.py", line 1779 in _wrapped_call_impl
[10:08]   [ComfyUI]   File "D:\a\comfy-gpu-ci\comfy-gpu-ci\test_workspaces\Sharp-0031\ComfyUI\custom_nodes\ComfyUI-Sharp\nodes\sharp\model.py", line 2006 in encode
[10:08]   [ComfyUI]   File "D:\a\comfy-gpu-ci\comfy-gpu-ci\test_workspaces\Sharp-0031\ComfyUI\custom_nodes\ComfyUI-Sharp\nodes\predict.py", line 287 in _predict_image_cached
[10:08]   [ComfyUI]   File "D:\a\comfy-gpu-ci\comfy-gpu-ci\test_workspaces\Sharp-0031\ComfyUI\custom_nodes\ComfyUI-Sharp\nodes\predict.py", line 184 in execute
[10:08]   [ComfyUI]   File "C:\ce\.pixi\envs\sharp-nodes\lib\site-packages\torch\utils\_contextlib.py", line 124 in decorate_context
[10:08]   [ComfyUI]   File "D:\a\comfy-gpu-ci\comfy-gpu-ci\test_workspaces\Sharp-0031\ComfyUI\comfy_api\latest\_io.py", line 1833 in EXECUTE_NORMALIZED
[10:08]   [ComfyUI]   File "C:\Users\RUNNER~1\AppData\Local\Temp\comfyui_pvenv_0a9dsnz4\persistent_worker.py", line 1762 in main
[10:08]   [ComfyUI]   File "C:\Users\RUNNER~1\AppData\Local\Temp\comfyui_pvenv_0a9dsnz4\persistent_worker.py", line 1807 in <module>
[10:08]   [ComfyUI] 
[10:08]   [ComfyUI] [worker:ComfyUI-Sharp] === END ===
[10:08]   [ComfyUI] 
[10:14]   [capture-loop] iter=1400 t=186.4s state={'complete': False, 'error': None, 'executedCount': 0, 'wsState': 1} eval_ms=6 ram=7.2/16.0GB (45%) swap=0.5/2.9GB (16%) cpu=95% browser_rss=0.60GB
[10:20]   [capture-loop] iter=1450 t=192.6s state={'complete': False, 'error': None, 'executedCount': 0, 'wsState': 1} eval_ms=5 ram=7.2/16.0GB (45%) swap=0.5/2.9GB (16%) cpu=93% browser_rss=0.60GB
[10:25]   [ComfyUI] [worker:ComfyUI-Sharp] WARNING: [SPN] after all chunks + cache clear: 0.00 GB
[10:25]   [ComfyUI] [worker:ComfyUI-Sharp] WARNING: [SPN] after merge intermediates: 0.00 GB
[10:25]   [ComfyUI] [worker:ComfyUI-Sharp] WARNING: [SPN] after merge all: 0.00 GB
[10:26]   [capture-loop] iter=1500 t=198.6s state={'complete': False, 'error': None, 'executedCount': 0, 'wsState': 1} eval_ms=5 ram=6.9/16.0GB (43%) swap=0.5/2.9GB (16%) cpu=96% browser_rss=0.59GB
[10:29]   [ComfyUI] [worker:ComfyUI-Sharp] WARNING: [SPN] after image_encoder: 0.00 GB
[10:32]   [ComfyUI] [worker:ComfyUI-Sharp] WARNING: [SPN] after upsample: 0.00 GB
[10:32]   [ComfyUI] [worker:ComfyUI-Sharp] WARNING: [Monodepth] after SPN encoder + cache clear: 0.00 GB
[10:32]   [capture-loop] iter=1550 t=204.8s state={'complete': False, 'error': None, 'executedCount': 0, 'wsState': 1} eval_ms=11 ram=7.3/16.0GB (46%) swap=0.6/2.9GB (22%) cpu=95% browser_rss=0.58GB
[10:39]   [capture-loop] iter=1600 t=211.2s state={'complete': False, 'error': None, 'executedCount': 0, 'wsState': 1} eval_ms=5 ram=7.8/16.0GB (48%) swap=0.6/2.9GB (22%) cpu=94% browser_rss=0.57GB
[10:45]   [capture-loop] iter=1650 t=217.5s state={'complete': False, 'error': None, 'executedCount': 0, 'wsState': 1} eval_ms=16 ram=8.1/16.0GB (51%) swap=0.6/2.9GB (22%) cpu=93% browser_rss=0.57GB
[10:51]   [capture-loop] iter=1700 t=223.8s state={'complete': False, 'error': None, 'executedCount': 0, 'wsState': 1} eval_ms=12 ram=8.6/16.0GB (54%) swap=0.6/2.9GB (22%) cpu=95% browser_rss=0.55GB
[10:58]   [capture-loop] iter=1750 t=230.0s state={'complete': False, 'error': None, 'executedCount': 0, 'wsState': 1} eval_ms=11 ram=8.7/16.0GB (54%) swap=0.6/2.9GB (22%) cpu=95% browser_rss=0.53GB
[11:04]   [capture-loop] iter=1800 t=236.1s state={'complete': False, 'error': None, 'executedCount': 0, 'wsState': 1} eval_ms=5 ram=10.5/16.0GB (66%) swap=0.7/2.9GB (26%) cpu=91% browser_rss=0.52GB
[11:08]   [ComfyUI] [worker:ComfyUI-Sharp]
[11:08]   [ComfyUI] === WATCHDOG TICK 4 ===
[11:08]   [ComfyUI] [worker:ComfyUI-Sharp] Thread 0x00001868 (most recent call first):
[11:08]   [ComfyUI]   File "C:\ce\.pixi\envs\sharp-nodes\lib\threading.py", line 324 in wait
[11:08]   [ComfyUI]   File "C:\ce\.pixi\envs\sharp-nodes\lib\threading.py", line 607 in wait
[11:08]   [ComfyUI]   File "C:\ce\.pixi\envs\sharp-nodes\lib\site-packages\tqdm\_monitor.py", line 60 in run
[11:08]   [ComfyUI]   File "C:\ce\.pixi\envs\sharp-nodes\lib\threading.py", line 1016 in _bootstrap_inner
[11:08]   [ComfyUI]   File "C:\ce\.pixi\envs\sharp-nodes\lib\threading.py", line 973 in _bootstrap
[11:08]   [ComfyUI] 
[11:08]   [ComfyUI] Current thread 0x000022c8 (most recent call first):
[11:08]   [ComfyUI]   File "C:\Users\RUNNER~1\AppData\Local\Temp\comfyui_pvenv_0a9dsnz4\persistent_worker.py", line 52 in _watchdog
[11:08]   [ComfyUI]   File "C:\ce\.pixi\envs\sharp-nodes\lib\threading.py", line 953 in run
[11:08]   [ComfyUI]   File "C:\ce\.pixi\envs\sharp-nodes\lib\threading.py", line 1016 in _bootstrap_inner
[11:08]   [ComfyUI]   File "C:\ce\.pixi\envs\sharp-nodes\lib\threading.py", line 973 in _bootstrap
[11:08]   [ComfyUI] 
[11:08]   [ComfyUI] Thread 0x000003b4 (most recent call first):
[11:08]   [ComfyUI]   File "C:\ce\.pixi\envs\sharp-nodes\lib\site-packages\torch\nn\modules\conv.py", line 548 in _conv_forward
[11:08]   [ComfyUI]   File "C:\ce\.pixi\envs\sharp-nodes\lib\site-packages\torch\nn\modules\conv.py", line 553 in forward
[11:08]   [ComfyUI]   File "D:\a\comfy-gpu-ci\comfy-gpu-ci\test_workspaces\Sharp-0031\ComfyUI\comfy\ops.py", line 518 in forward
[11:08]   [ComfyUI]   File "C:\ce\.pixi\envs\sharp-nodes\lib\site-packages\torch\nn\modules\module.py", line 1790 in _call_impl
[11:08]   [ComfyUI]   File "C:\ce\.pixi\envs\sharp-nodes\lib\site-packages\torch\nn\modules\module.py", line 1779 in _wrapped_call_impl
[11:08]   [ComfyUI]   File "C:\ce\.pixi\envs\sharp-nodes\lib\site-packages\torch\nn\modules\container.py", line 253 in forward
[11:08]   [ComfyUI]   File "C:\ce\.pixi\envs\sharp-nodes\lib\site-packages\torch\nn\modules\module.py", line 1790 in _call_impl
[11:08]   [ComfyUI]   File "C:\ce\.pixi\envs\sharp-nodes\lib\site-packages\torch\nn\modules\module.py", line 1779 in _wrapped_call_impl
[11:08]   [ComfyUI]   File "D:\a\comfy-gpu-ci\comfy-gpu-ci\test_workspaces\Sharp-0031\ComfyUI\custom_nodes\ComfyUI-Sharp\nodes\sharp\model.py", line 766 in forward
[11:08]   [ComfyUI]   File "C:\ce\.pixi\envs\sharp-nodes\lib\site-packages\torch\nn\modules\module.py", line 1790 in _call_impl
[11:08]   [ComfyUI]   File "C:\ce\.pixi\envs\sharp-nodes\lib\site-packages\torch\nn\modules\module.py", line 1779 in _wrapped_call_impl
[11:08]   [ComfyUI]   File "D:\a\comfy-gpu-ci\comfy-gpu-ci\test_workspaces\Sharp-0031\ComfyUI\custom_nodes\ComfyUI-Sharp\nodes\sharp\model.py", line 860 in forward
[11:08]   [ComfyUI]   File "C:\ce\.pixi\envs\sharp-nodes\lib\site-packages\torch\nn\modules\module.py", line 1790 in _call_impl
[11:08]   [ComfyUI]   File "C:\ce\.pixi\envs\sharp-nodes\lib\site-packages\torch\nn\modules\module.py", line 1779 in _wrapped_call_impl
[11:08]   [ComfyUI]   File "D:\a\comfy-gpu-ci\comfy-gpu-ci\test_workspaces\Sharp-0031\ComfyUI\custom_nodes\ComfyUI-Sharp\nodes\sharp\model.py", line 970 in forward
[11:08]   [ComfyUI]   File "C:\ce\.pixi\envs\sharp-nodes\lib\site-packages\torch\nn\modules\module.py", line 1790 in _call_impl
[11:08]   [ComfyUI]   File "C:\ce\.pixi\envs\sharp-nodes\lib\site-packages\torch\nn\modules\module.py", line 1779 in _wrapped_call_impl
[11:08]   [ComfyUI]   File "D:\a\comfy-gpu-ci\comfy-gpu-ci\test_workspaces\Sharp-0031\ComfyUI\custom_nodes\ComfyUI-Sharp\nodes\sharp\model.py", line 1118 in forward
[11:08]   [ComfyUI]   File "C:\ce\.pixi\envs\sharp-nodes\lib\site-packages\torch\nn\modules\module.py", line 1790 in _call_impl
[11:08]   [ComfyUI]   File "C:\ce\.pixi\envs\sharp-nodes\lib\site-packages\torch\nn\modules\module.py", line 1779 in _wrapped_call_impl
[11:08]   [ComfyUI]   File "D:\a\comfy-gpu-ci\comfy-gpu-ci\test_workspaces\Sharp-0031\ComfyUI\custom_nodes\ComfyUI-Sharp\nodes\sharp\model.py", line 2006 in encode
[11:08]   [ComfyUI]   File "D:\a\comfy-gpu-ci\comfy-gpu-ci\test_workspaces\Sharp-0031\ComfyUI\custom_nodes\ComfyUI-Sharp\nodes\predict.py", line 287 in _predict_image_cached
[11:08]   [ComfyUI]   File "D:\a\comfy-gpu-ci\comfy-gpu-ci\test_workspaces\Sharp-0031\ComfyUI\custom_nodes\ComfyUI-Sharp\nodes\predict.py", line 184 in execute
[11:08]   [ComfyUI]   File "C:\ce\.pixi\envs\sharp-nodes\lib\site-packages\torch\utils\_contextlib.py", line 124 in decorate_context
[11:08]   [ComfyUI]   File "D:\a\comfy-gpu-ci\comfy-gpu-ci\test_workspaces\Sharp-0031\ComfyUI\comfy_api\latest\_io.py", line 1833 in EXECUTE_NORMALIZED
[11:08]   [ComfyUI]   File "C:\Users\RUNNER~1\AppData\Local\Temp\comfyui_pvenv_0a9dsnz4\persistent_worker.py", line 1762 in main
[11:08]   [ComfyUI]   File "C:\Users\RUNNER~1\AppData\Local\Temp\comfyui_pvenv_0a9dsnz4\persistent_worker.py", line 1807 in <module>
[11:08]   [ComfyUI] 
[11:08]   [ComfyUI] [worker:ComfyUI-Sharp] === END ===
[11:08]   [ComfyUI] 
[11:10]   [capture-loop] iter=1850 t=242.6s state={'complete': False, 'error': None, 'executedCount': 0, 'wsState': 1} eval_ms=27 ram=10.4/16.0GB (65%) swap=0.7/2.9GB (26%) cpu=95% browser_rss=0.51GB
[11:15]   [ComfyUI] [worker:ComfyUI-Sharp] WARNING: [Monodepth] after decoder: 0.00 GB
[11:16]   [capture-loop] iter=1900 t=248.7s state={'complete': False, 'error': None, 'executedCount': 0, 'wsState': 1} eval_ms=7 ram=8.5/16.0GB (53%) swap=0.7/2.9GB (26%) cpu=95% browser_rss=0.50GB
[11:22]   [capture-loop] iter=1950 t=254.8s state={'complete': False, 'error': None, 'executedCount': 0, 'wsState': 1} eval_ms=5 ram=10.1/16.0GB (63%) swap=0.8/2.9GB (29%) cpu=94% browser_rss=0.49GB
[11:23]   [ComfyUI] [worker:ComfyUI-Sharp] WARNING: [Decode] start: 0.00 GB
[11:23]   [ComfyUI] [worker:ComfyUI-Sharp] WARNING: [Decode] after depth_alignment: 0.00 GB
[11:23]   [ComfyUI] [worker:ComfyUI-Sharp] WARNING: [Decode] after init_model: 0.00 GB
[11:28]   [capture-loop] iter=2000 t=260.8s state={'complete': False, 'error': None, 'executedCount': 0, 'wsState': 1} eval_ms=8 ram=8.1/16.0GB (51%) swap=0.8/2.9GB (29%) cpu=95% browser_rss=0.49GB
[11:35]   [capture-loop] iter=2050 t=267.1s state={'complete': False, 'error': None, 'executedCount': 0, 'wsState': 1} eval_ms=12 ram=9.6/16.0GB (60%) swap=0.8/2.9GB (29%) cpu=95% browser_rss=0.47GB
[11:41]   [capture-loop] iter=2100 t=273.2s state={'complete': False, 'error': None, 'executedCount': 0, 'wsState': 1} eval_ms=15 ram=9.4/16.0GB (59%) swap=0.8/2.9GB (29%) cpu=96% browser_rss=0.46GB
[11:47]   [capture-loop] iter=2150 t=279.4s state={'complete': False, 'error': None, 'executedCount': 0, 'wsState': 1} eval_ms=9 ram=8.9/16.0GB (56%) swap=0.8/2.9GB (29%) cpu=96% browser_rss=0.44GB
[11:51]   [ComfyUI] [worker:ComfyUI-Sharp] WARNING: [Decode] after feature_model: 0.00 GB
[11:51]   [ComfyUI] [worker:ComfyUI-Sharp] WARNING: [Decode] after prediction_head: 0.00 GB
[11:53]   [capture-loop] iter=2200 t=285.4s state={'complete': False, 'error': None, 'executedCount': 0, 'wsState': 1} eval_ms=5 ram=7.7/16.0GB (48%) swap=0.8/2.9GB (29%) cpu=93% browser_rss=0.43GB
[11:58]   [ComfyUI] [SubprocessWorker] callback 'report_progress' from call_id=2
[11:58]   [ComfyUI] [SubprocessWorker] got response: ok
[11:58]   [ComfyUI] [comfy-env] SharpPredict done (275.92s): result: NodeOutput
[11:58]   [ComfyUI] [comfy-env] Running GeomPackPreviewGaussian: ply_path: 'D:\\a\\comfy-gpu-ci\\comfy-gpu-ci\\test_workspaces\\Shar..., extrinsics: list[4], intrinsics: list[3]
[11:58]   [ComfyUI] [comfy-env] SubprocessWorker: C:\ce\.pixi\envs\geometrypack-nodes\python.exe
[11:58]   [ComfyUI] [comfy-env] env_vars: {'KMP_DUPLICATE_LIB_OK': 'TRUE', 'OMP_NUM_THREADS': '1', 'COMFYUI_BASE': 'D:\\a\\comfy-gpu-ci\\comfy-gpu-ci\\test_workspaces\\Sharp-0031\\ComfyUI'}
[11:58]   [ComfyUI] [SubprocessWorker] call_method: nodes.visualization.preview_gaussian.PreviewGaussianNode.EXECUTE_NORMALIZED
[11:58]   [ComfyUI] [SubprocessWorker] acquired lock, ensuring started...
[11:58]   [ComfyUI] [comfy-env] geometrypack-nodes: Library/bin has 609 DLLs
[11:58]   [ComfyUI] [ComfyUI-GeometryPack] python: C:\ce\.pixi\envs\geometrypack-nodes\python.exe
[11:58]   [ComfyUI] [ComfyUI-GeometryPack] sys_path sent to worker: ['D:\\a\\comfy-gpu-ci\\comfy-gpu-ci\\test_workspaces\\Sharp-0031\\ComfyUI', 'D:\\a\\comfy-gpu-ci\\comfy-gpu-ci\\test_workspaces\\Sharp-0031\\ComfyUI\\custom_nodes\\ComfyUI-GeometryPack', 'C:\\ce\\.pixi\\envs\\geometrypack-nodes\\Lib\\site-packages', 'D:\\a\\comfy-gpu-ci\\comfy-gpu-ci\\test_workspaces\\Sharp-0031\\ComfyUI\\custom_nodes\\ComfyUI-GeometryPack']
[11:58]   [ComfyUI] [SubprocessWorker] is_pixi=True, python=C:\ce\.pixi\envs\geometrypack-nodes\python.exe
[11:58]   [ComfyUI] [SubprocessWorker] launching cmd=['C:\\Users\\runneradmin\\.pixi\\bin\\pixi.exe', 'run', '--as-is', '--manifest-path', 'C:\\ce\\pixi.toml', '-e', 'geometrypack-nodes', 'python', 'C:\\Users\\RUNNER~1\\AppData\\Local\\Temp\\comfyui_pvenv_5uk5ll0b\\persistent_worker.py', 'tcp://127.0.0.1:63230']...
[11:59]   [capture-loop] iter=2250 t=291.3s state={'complete': False, 'error': None, 'executedCount': 0, 'wsState': 1} eval_ms=5 ram=7.6/16.0GB (47%) swap=0.8/2.9GB (29%) cpu=72% browser_rss=0.43GB
[12:00]   Frame 9 saved (frame_008.jpg, t=292.1s)
[12:00]   [capture-periodic] freeze=5ms shot=138ms unfreeze=4ms saved=True
[12:03]   [ComfyUI] [worker:ComfyUI-GeometryPack] ERROR: Failed to import comfy_kitchen, Error: No module named 'comfy_kitchen', fp8 and fp4 support will not be available.
[12:03]   [ComfyUI] [SubprocessWorker] worker started/confirmed
[12:03]   [ComfyUI] [SubprocessWorker] serializing kwargs to shm...
[12:03]   [ComfyUI] [SubprocessWorker] created 0 shm blocks
[12:03]   [ComfyUI] [SubprocessWorker] sending request via socket...
[12:03]   [ComfyUI] [SubprocessWorker] call_id=1 sending call_method
[12:05]   [capture-loop] iter=2300 t=297.3s state={'complete': False, 'error': None, 'executedCount': 0, 'wsState': 1} eval_ms=5 ram=7.8/16.0GB (49%) swap=0.8/2.9GB (29%) cpu=60% browser_rss=0.43GB
[12:08]   [ComfyUI] [worker:ComfyUI-GeometryPack] INFO: Loading PLY: sharp_1778459929709.ply (63.00 MB)
[12:08]   [ComfyUI] [SubprocessWorker] got response: ok
[12:08]   [ComfyUI] [comfy-env] GeomPackPreviewGaussian done (10.07s): result: NodeOutput
[12:08]   [ComfyUI] Prompt executed in 300.44 seconds
[12:08]   Node executed (1 total), capturing...
[12:09]   Frame 10 saved (frame_009.jpg, t=300.9s)
[12:09]   [capture-node] freeze=12ms shot=141ms unfreeze=4ms saved=True
[12:09]   Execution complete (t=301.2s)
[12:09]   [3d-wait] Phase 1: Waiting for 'Loading 3D Model' text to disappear...
[12:09]   [3d-wait] Phase 1 done in 0.0s
[12:09]   [3d-wait] Phase 2: iframes=1
[12:09]   [3d-wait] iframe viewer_ready=False (matched 0 console logs)
[12:09]   [3d-wait] Waiting for 'Loaded successfully' console message (timeout=60s)...
[12:11]   [3d-wait] Got 'Loaded successfully' after 1.8s
[12:11]   [3d-wait] Unfrozen in 0.216s, rendering for 5s...
[12:33]   [3d-wait] JS halted via CDP after 22.7s
[13:02]   [3d-wait] Re-frozen in 51.6s
[13:02]   [3d-wait] Total 3D wait: 53.5s
[13:02]   Captured 10 unique frames over 354.66s
[13:02]   [debug] iframes: 1
[13:02]   [debug]   iframe[0]: src=http://127.0.0.1:41889/extensions/ComfyUI-GeometryPack/viewer_gaussian.html?v=17, canvas=1536x1024, rafFrozen=True
[13:02]   [timing] trigger_3d_previews: 0.0s
[13:05]   Saved high-quality screenshot: sharp_basic_executed.png
[13:05]   [timing] final_screenshot: 0.3s
[13:05] Capturing execution frames: sharp_exif.json
[13:11]   Frame 1 saved (frame_000.jpg, t=0.0s)
[13:11]   Validating workflow...
[13:11]   [ComfyUI] === /validate endpoint called ===
[13:11]   [ComfyUI] Received JSON with keys: ['prompt']
[13:11]   [ComfyUI] Prompt has 4 nodes
[13:11]   [ComfyUI]   Node 2: LoadSharpModel
[13:12]   [ComfyUI]     Inputs: {"precision": "auto"}
[13:12]   [ComfyUI]   Node 7: SharpPredict
[13:12]   [ComfyUI]     Inputs: {"focal_length_mm": ["9", 2], "output_prefix": "sharp", "model": ["2", 0], "image": ["9", 0]}
[13:12]   [ComfyUI]   Node 8: GeomPackPreviewGaussian
[13:12]   [ComfyUI]     Inputs: {"preview_gaussian": "", "ply_path": ["7", 0], "extrinsics": ["7", 1], "intrinsics": ["7", 2]}
[13:12]   Queuing workflow for execution...
[13:12]   [ComfyUI]   Node 9: LoadImageWithExif
[13:12]   [ComfyUI]     Inputs: {"image": "eth3d.png", "default_focal_mm": 30}
[13:12]   [ComfyUI] Generated prompt_id: 991f41f5-0ccd-4e94-a15d-65765e383cfa
[13:12]   [ComfyUI] Calling execution.validate_prompt()...
[13:12]   [ComfyUI] Validation result: valid=True
[13:12]   [ComfyUI] === Validation PASSED ===
[13:12]   [ComfyUI] got prompt
[13:12]   [ComfyUI] [comfy-env] Running LoadImageWithExif: image: 'eth3d.png', default_focal_mm: 30.0
[13:12]   [ComfyUI] [SubprocessWorker] call_method: nodes.load_image_exif.LoadImageWithExif.EXECUTE_NORMALIZED
[13:12]   [ComfyUI] [SubprocessWorker] acquired lock, ensuring started...
[13:12]   [ComfyUI] [ComfyUI-Sharp] Health check: ping (timeout=5.0s)...
[13:12]   [ComfyUI] [ComfyUI-Sharp] python: C:\ce\.pixi\envs\sharp-nodes\python.exe
[13:12]   [ComfyUI] [ComfyUI-Sharp] Health check: failed
[13:12]   [ComfyUI] [ComfyUI-Sharp] sys_path sent to worker: ['D:\\a\\comfy-gpu-ci\\comfy-gpu-ci\\test_workspaces\\Sharp-0031\\ComfyUI', 'D:\\a\\comfy-gpu-ci\\comfy-gpu-ci\\test_workspaces\\Sharp-0031\\ComfyUI\\custom_nodes\\ComfyUI-Sharp', 'C:\\ce\\.pixi\\envs\\sharp-nodes\\Lib\\site-packages', 'D:\\a\\comfy-gpu-ci\\comfy-gpu-ci\\test_workspaces\\Sharp-0031\\ComfyUI\\custom_nodes\\ComfyUI-Sharp']
[13:12]   [ComfyUI] [ComfyUI-Sharp] Socket unhealthy, restarting worker...
[13:12]   [ComfyUI] [SubprocessWorker] is_pixi=True, python=C:\ce\.pixi\envs\sharp-nodes\python.exe
[13:12]   [ComfyUI] [comfy-env] sharp-nodes: Library/bin has 234 DLLs
[13:12]   [ComfyUI] [SubprocessWorker] launching cmd=['C:\\Users\\runneradmin\\.pixi\\bin\\pixi.exe', 'run', '--as-is', '--manifest-path', 'C:\\ce\\pixi.toml', '-e', 'sharp-nodes', 'python', 'C:\\Users\\RUNNER~1\\AppData\\Local\\Temp\\comfyui_pvenv_0a9dsnz4\\persistent_worker.py', 'tcp://127.0.0.1:59176']...
[13:14]   Frame 2 saved (frame_001.jpg, t=2.3s)
[13:14]   [capture-periodic] freeze=4ms shot=143ms unfreeze=4ms saved=True
[13:15]   [ComfyUI] [worker:ComfyUI-Sharp] ERROR: Failed to import comfy_kitchen, Error: No module named 'comfy_kitchen', fp8 and fp4 support will not be available.
[13:15]   [ComfyUI] [SubprocessWorker] worker started/confirmed
[13:15]   [ComfyUI] [SubprocessWorker] serializing kwargs to shm...
[13:15]   [ComfyUI] [SubprocessWorker] created 0 shm blocks
[13:15]   [ComfyUI] [SubprocessWorker] sending request via socket...
[13:15]   [ComfyUI] [SubprocessWorker] call_id=3 sending call_method
[13:16]   Frame 3 saved (frame_002.jpg, t=4.5s)
[13:16]   [capture-periodic] freeze=4ms shot=146ms unfreeze=4ms saved=True
[13:16]   [ComfyUI] [SubprocessWorker] got response: ok
[13:16]   [ComfyUI] [comfy-env] LoadImageWithExif done (4.68s): result: NodeOutput
[13:16]   [ComfyUI] [comfy-env] Running LoadSharpModel: precision: 'auto'
[13:16]   [ComfyUI] [SubprocessWorker] call_method: nodes.load_model.LoadSharpModel.EXECUTE_NORMALIZED
[13:16]   [ComfyUI] [SubprocessWorker] acquired lock, ensuring started...
[13:16]   [ComfyUI] [ComfyUI-Sharp] Health check: ping (timeout=5.0s)...
[13:16]   [ComfyUI] [ComfyUI-Sharp] Health check: ok
[13:16]   [ComfyUI] [SubprocessWorker] worker started/confirmed
[13:16]   [ComfyUI] [SubprocessWorker] serializing kwargs to shm...
[13:16]   [ComfyUI] [SubprocessWorker] created 0 shm blocks
[13:16]   [ComfyUI] [SubprocessWorker] sending request via socket...
[13:16]   [ComfyUI] [SubprocessWorker] call_id=4 sending call_method
[13:17]   [ComfyUI] Warning: You are sending unauthenticated requests to the HF Hub. Please set a HF_TOKEN to enable higher rate limits and faster downloads.
[13:17]   [ComfyUI] [worker:ComfyUI-Sharp] WARNING: Warning: You are sending unauthenticated requests to the HF Hub. Please set a HF_TOKEN to enable higher rate limits and faster downloads.
[13:17]   [ComfyUI] [SubprocessWorker] got response: ok
[13:17]   [ComfyUI] [comfy-env] LoadSharpModel done (0.47s): result: NodeOutput
[13:17]   [ComfyUI] [comfy-env] Running SharpPredict: focal_length_mm: 20.0, output_prefix: 'sharp', model: dict, image: torch.float32 [1,2022,3040,3] cpu
[13:17]   [ComfyUI] [SubprocessWorker] call_method: nodes.predict.SharpPredict.EXECUTE_NORMALIZED
[13:17]   [ComfyUI] [SubprocessWorker] acquired lock, ensuring started...
[13:17]   [ComfyUI] [ComfyUI-Sharp] Health check: ping (timeout=5.0s)...
[13:17]   [ComfyUI] [ComfyUI-Sharp] Health check: ok
[13:17]   [ComfyUI] [SubprocessWorker] worker started/confirmed
[13:17]   [ComfyUI] [comfy-env] PRE-SERIALIZE 'image' shape: torch.Size([1, 2022, 3040, 3])
[13:17]   [ComfyUI] [SubprocessWorker] serializing kwargs to shm...
[13:17]   [ComfyUI] [SubprocessWorker] created 0 shm blocks
[13:17]   [ComfyUI] [SubprocessWorker] sending request via socket...
[13:17]   [ComfyUI] [SubprocessWorker] call_id=5 sending call_method
[13:17]   [ComfyUI] [worker:ComfyUI-Sharp] [comfy-env] _from_shm got dict with keys: ['__type__', 'strategy', 'manager_path', 'storage_key', 'storage_size']
[13:17]   [ComfyUI] [worker:ComfyUI-Sharp] [comfy-env] DESERIALIZE TensorRef: tensor_size=[1, 2022, 3040, 3]
[13:17]   [ComfyUI] [worker:ComfyUI-Sharp] [comfy-env] DESERIALIZED tensor shape: torch.Size([1, 2022, 3040, 3])
[13:17]   [capture-loop] iter=50 t=6.0s state={'complete': False, 'error': None, 'executedCount': 0, 'wsState': 1} eval_ms=5 ram=4.1/16.0GB (26%) swap=0.6/2.9GB (19%) cpu=84% browser_rss=0.67GB
[13:18]   [ComfyUI] [worker:ComfyUI-Sharp] WARNING: No comfy kitchen, using old apply_rope functions.
[13:18]   Frame 4 saved (frame_003.jpg, t=6.8s)
[13:18]   [capture-periodic] freeze=4ms shot=119ms unfreeze=4ms saved=True
[13:23]   [capture-loop] iter=100 t=11.9s state={'complete': False, 'error': None, 'executedCount': 0, 'wsState': 1} eval_ms=4 ram=5.4/16.0GB (34%) swap=0.6/2.9GB (19%) cpu=32% browser_rss=0.60GB
[13:27]   [ComfyUI] [SubprocessWorker] callback 'request_vram_budget' from call_id=5
[13:27]   [ComfyUI] [comfy-env] VRAM request: 2.81GB, free before eviction: 9.90GB
[13:27]   [ComfyUI] [comfy-env] VRAM after eviction: 9.90GB
[13:28]   [ComfyUI] [worker:ComfyUI-Sharp] WARNING: [SPN] start: 0.00 GB, input=[1, 3, 1536, 1536]
[13:28]   [ComfyUI] [worker:ComfyUI-Sharp] WARNING: [SPN] patches: 0.00 GB, x0=25 x1=9 x2=1 total=35
[13:29]   [capture-loop] iter=150 t=17.8s state={'complete': False, 'error': None, 'executedCount': 0, 'wsState': 1} eval_ms=6 ram=7.1/16.0GB (44%) swap=0.6/2.9GB (19%) cpu=48% browser_rss=0.59GB
[13:35]   [capture-loop] iter=200 t=23.7s state={'complete': False, 'error': None, 'executedCount': 0, 'wsState': 1} eval_ms=4 ram=7.2/16.0GB (45%) swap=0.6/2.9GB (19%) cpu=74% browser_rss=0.59GB
[13:41]   [capture-loop] iter=250 t=29.7s state={'complete': False, 'error': None, 'executedCount': 0, 'wsState': 1} eval_ms=5 ram=7.1/16.0GB (44%) swap=0.6/2.9GB (19%) cpu=73% browser_rss=0.59GB
[13:42]   [ComfyUI] [worker:ComfyUI-Sharp] WARNING: [SPN] after first chunk (4/35): 0.00 GB, chunk_size=4
[13:47]   [capture-loop] iter=300 t=35.6s state={'complete': False, 'error': None, 'executedCount': 0, 'wsState': 1} eval_ms=5 ram=7.1/16.0GB (44%) swap=0.6/2.9GB (19%) cpu=80% browser_rss=0.59GB
[13:53]   [capture-loop] iter=350 t=41.7s state={'complete': False, 'error': None, 'executedCount': 0, 'wsState': 1} eval_ms=6 ram=7.1/16.0GB (44%) swap=0.6/2.9GB (19%) cpu=82% browser_rss=0.60GB
[13:59]   [capture-loop] iter=400 t=47.6s state={'complete': False, 'error': None, 'executedCount': 0, 'wsState': 1} eval_ms=5 ram=7.1/16.0GB (44%) swap=0.6/2.9GB (19%) cpu=74% browser_rss=0.60GB
[14:05]   [capture-loop] iter=450 t=53.4s state={'complete': False, 'error': None, 'executedCount': 0, 'wsState': 1} eval_ms=6 ram=7.1/16.0GB (45%) swap=0.6/2.9GB (19%) cpu=73% browser_rss=0.59GB
[14:11]   [capture-loop] iter=500 t=59.4s state={'complete': False, 'error': None, 'executedCount': 0, 'wsState': 1} eval_ms=7 ram=7.2/16.0GB (45%) swap=0.6/2.9GB (19%) cpu=74% browser_rss=0.59GB
[14:12]   [ComfyUI] [worker:ComfyUI-Sharp]
[14:12]   [ComfyUI] === WATCHDOG TICK 1 ===
[14:12]   [ComfyUI] [worker:ComfyUI-Sharp] Current thread 0x000016a8 (most recent call first):
[14:12]   [ComfyUI]   File "C:\Users\RUNNER~1\AppData\Local\Temp\comfyui_pvenv_0a9dsnz4\persistent_worker.py", line 52 in _watchdog
[14:12]   [ComfyUI]   File "C:\ce\.pixi\envs\sharp-nodes\lib\threading.py", line 953 in run
[14:12]   [ComfyUI]   File "C:\ce\.pixi\envs\sharp-nodes\lib\threading.py", line 1016 in _bootstrap_inner
[14:12]   [ComfyUI]   File "C:\ce\.pixi\envs\sharp-nodes\lib\threading.py", line 973 in _bootstrap
[14:12]   [ComfyUI] 
[14:12]   [ComfyUI] Thread 0x00002764 (most recent call first):
[14:12]   [ComfyUI]   File "C:\ce\.pixi\envs\sharp-nodes\lib\site-packages\torch\nn\modules\linear.py", line 134 in forward
[14:12]   [ComfyUI]   File "D:\a\comfy-gpu-ci\comfy-gpu-ci\test_workspaces\Sharp-0031\ComfyUI\comfy\ops.py", line 484 in forward
[14:12]   [ComfyUI]   File "C:\ce\.pixi\envs\sharp-nodes\lib\site-packages\torch\nn\modules\module.py", line 1790 in _call_impl
[14:12]   [ComfyUI]   File "C:\ce\.pixi\envs\sharp-nodes\lib\site-packages\torch\nn\modules\module.py", line 1779 in _wrapped_call_impl
[14:12]   [ComfyUI]   File "D:\a\comfy-gpu-ci\comfy-gpu-ci\test_workspaces\Sharp-0031\ComfyUI\custom_nodes\ComfyUI-Sharp\nodes\sharp\model.py", line 236 in forward
[14:12]   [ComfyUI]   File "C:\ce\.pixi\envs\sharp-nodes\lib\site-packages\torch\nn\modules\module.py", line 1790 in _call_impl
[14:12]   [ComfyUI]   File "C:\ce\.pixi\envs\sharp-nodes\lib\site-packages\torch\nn\modules\module.py", line 1779 in _wrapped_call_impl
[14:12]   [ComfyUI]   File "D:\a\comfy-gpu-ci\comfy-gpu-ci\test_workspaces\Sharp-0031\ComfyUI\custom_nodes\ComfyUI-Sharp\nodes\sharp\model.py", line 309 in forward
[14:12]   [ComfyUI]   File "C:\ce\.pixi\envs\sharp-nodes\lib\site-packages\torch\nn\modules\module.py", line 1790 in _call_impl
[14:12]   [ComfyUI]   File "C:\ce\.pixi\envs\sharp-nodes\lib\site-packages\torch\nn\modules\module.py", line 1779 in _wrapped_call_impl
[14:12]   [ComfyUI]   File "D:\a\comfy-gpu-ci\comfy-gpu-ci\test_workspaces\Sharp-0031\ComfyUI\custom_nodes\ComfyUI-Sharp\nodes\sharp\model.py", line 412 in forward
[14:12]   [ComfyUI]   File "C:\ce\.pixi\envs\sharp-nodes\lib\site-packages\torch\nn\modules\module.py", line 1790 in _call_impl
[14:12]   [ComfyUI]   File "C:\ce\.pixi\envs\sharp-nodes\lib\site-packages\torch\nn\modules\module.py", line 1779 in _wrapped_call_impl
[14:12]   [ComfyUI]   File "D:\a\comfy-gpu-ci\comfy-gpu-ci\test_workspaces\Sharp-0031\ComfyUI\custom_nodes\ComfyUI-Sharp\nodes\sharp\model.py", line 685 in forward
[14:12]   [ComfyUI]   File "C:\ce\.pixi\envs\sharp-nodes\lib\site-packages\torch\nn\modules\module.py", line 1790 in _call_impl
[14:12]   [ComfyUI]   File "C:\ce\.pixi\envs\sharp-nodes\lib\site-packages\torch\nn\modules\module.py", line 1779 in _wrapped_call_impl
[14:12]   [ComfyUI]   File "D:\a\comfy-gpu-ci\comfy-gpu-ci\test_workspaces\Sharp-0031\ComfyUI\custom_nodes\ComfyUI-Sharp\nodes\sharp\model.py", line 1109 in forward
[14:12]   [ComfyUI]   File "C:\ce\.pixi\envs\sharp-nodes\lib\site-packages\torch\nn\modules\module.py", line 1790 in _call_impl
[14:12]   [ComfyUI]   File "C:\ce\.pixi\envs\sharp-nodes\lib\site-packages\torch\nn\modules\module.py", line 1779 in _wrapped_call_impl
[14:12]   [ComfyUI]   File "D:\a\comfy-gpu-ci\comfy-gpu-ci\test_workspaces\Sharp-0031\ComfyUI\custom_nodes\ComfyUI-Sharp\nodes\sharp\model.py", line 2006 in encode
[14:12]   [ComfyUI]   File "D:\a\comfy-gpu-ci\comfy-gpu-ci\test_workspaces\Sharp-0031\ComfyUI\custom_nodes\ComfyUI-Sharp\nodes\predict.py", line 287 in _predict_image_cached
[14:12]   [ComfyUI]   File "D:\a\comfy-gpu-ci\comfy-gpu-ci\test_workspaces\Sharp-0031\ComfyUI\custom_nodes\ComfyUI-Sharp\nodes\predict.py", line 184 in execute
[14:12]   [ComfyUI]   File "C:\ce\.pixi\envs\sharp-nodes\lib\site-packages\torch\utils\_contextlib.py", line 124 in decorate_context
[14:12]   [ComfyUI]   File "D:\a\comfy-gpu-ci\comfy-gpu-ci\test_workspaces\Sharp-0031\ComfyUI\comfy_api\latest\_io.py", line 1833 in EXECUTE_NORMALIZED
[14:12]   [ComfyUI]   File "C:\Users\RUNNER~1\AppData\Local\Temp\comfyui_pvenv_0a9dsnz4\persistent_worker.py", line 1762 in main
[14:12]   [ComfyUI]   File "C:\Users\RUNNER~1\AppData\Local\Temp\comfyui_pvenv_0a9dsnz4\persistent_worker.py", line 1807 in <module>
[14:12]   [ComfyUI] 
[14:12]   [ComfyUI] [worker:ComfyUI-Sharp] === END ===
[14:12]   [ComfyUI] 
[14:17]   [capture-loop] iter=550 t=65.4s state={'complete': False, 'error': None, 'executedCount': 0, 'wsState': 1} eval_ms=5 ram=7.2/16.0GB (45%) swap=0.6/2.9GB (19%) cpu=75% browser_rss=0.59GB
[14:23]   [capture-loop] iter=600 t=71.2s state={'complete': False, 'error': None, 'executedCount': 0, 'wsState': 1} eval_ms=6 ram=7.2/16.0GB (45%) swap=0.6/2.9GB (19%) cpu=74% browser_rss=0.58GB
[14:29]   [capture-loop] iter=650 t=77.2s state={'complete': False, 'error': None, 'executedCount': 0, 'wsState': 1} eval_ms=5 ram=7.2/16.0GB (45%) swap=0.6/2.9GB (19%) cpu=74% browser_rss=0.58GB
[14:34]   [capture-loop] iter=700 t=83.0s state={'complete': False, 'error': None, 'executedCount': 0, 'wsState': 1} eval_ms=5 ram=7.2/16.0GB (45%) swap=0.6/2.9GB (19%) cpu=74% browser_rss=0.58GB
[14:40]   [capture-loop] iter=750 t=89.0s state={'complete': False, 'error': None, 'executedCount': 0, 'wsState': 1} eval_ms=6 ram=7.2/16.0GB (45%) swap=0.6/2.9GB (19%) cpu=74% browser_rss=0.58GB
[14:46]   [capture-loop] iter=800 t=95.0s state={'complete': False, 'error': None, 'executedCount': 0, 'wsState': 1} eval_ms=5 ram=7.3/16.0GB (46%) swap=0.6/2.9GB (19%) cpu=75% browser_rss=0.58GB
[14:52]   [capture-loop] iter=850 t=100.8s state={'complete': False, 'error': None, 'executedCount': 0, 'wsState': 1} eval_ms=7 ram=7.3/16.0GB (46%) swap=0.6/2.9GB (19%) cpu=74% browser_rss=0.58GB
[14:58]   [capture-loop] iter=900 t=106.8s state={'complete': False, 'error': None, 'executedCount': 0, 'wsState': 1} eval_ms=5 ram=7.3/16.0GB (46%) swap=0.6/2.9GB (19%) cpu=74% browser_rss=0.58GB
[15:04]   [capture-loop] iter=950 t=112.8s state={'complete': False, 'error': None, 'executedCount': 0, 'wsState': 1} eval_ms=6 ram=7.3/16.0GB (46%) swap=0.6/2.9GB (19%) cpu=74% browser_rss=0.58GB
[15:10]   [capture-loop] iter=1000 t=118.6s state={'complete': False, 'error': None, 'executedCount': 0, 'wsState': 1} eval_ms=5 ram=7.3/16.0GB (46%) swap=0.6/2.9GB (19%) cpu=74% browser_rss=0.58GB
[15:12]   [ComfyUI] [worker:ComfyUI-Sharp]
[15:12]   [ComfyUI] === WATCHDOG TICK 2 ===
[15:12]   [ComfyUI] [worker:ComfyUI-Sharp] Current thread 0x000016a8 (most recent call first):
[15:12]   [ComfyUI]   File "C:\Users\RUNNER~1\AppData\Local\Temp\comfyui_pvenv_0a9dsnz4\persistent_worker.py", line 52 in _watchdog
[15:12]   [ComfyUI]   File "C:\ce\.pixi\envs\sharp-nodes\lib\threading.py", line 953 in run
[15:12]   [ComfyUI]   File "C:\ce\.pixi\envs\sharp-nodes\lib\threading.py", line 1016 in _bootstrap_inner
[15:12]   [ComfyUI]   File "C:\ce\.pixi\envs\sharp-nodes\lib\threading.py", line 973 in _bootstrap
[15:12]   [ComfyUI] 
[15:12]   [ComfyUI] Thread 0x00002764 (most recent call first):
[15:12]   [ComfyUI]   File "C:\ce\.pixi\envs\sharp-nodes\lib\site-packages\torch\nn\modules\linear.py", line 134 in forward
[15:12]   [ComfyUI]   File "D:\a\comfy-gpu-ci\comfy-gpu-ci\test_workspaces\Sharp-0031\ComfyUI\comfy\ops.py", line 484 in forward
[15:12]   [ComfyUI]   File "C:\ce\.pixi\envs\sharp-nodes\lib\site-packages\torch\nn\modules\module.py", line 1790 in _call_impl
[15:12]   [ComfyUI]   File "C:\ce\.pixi\envs\sharp-nodes\lib\site-packages\torch\nn\modules\module.py", line 1779 in _wrapped_call_impl
[15:12]   [ComfyUI]   File "D:\a\comfy-gpu-ci\comfy-gpu-ci\test_workspaces\Sharp-0031\ComfyUI\custom_nodes\ComfyUI-Sharp\nodes\sharp\model.py", line 274 in forward
[15:12]   [ComfyUI]   File "C:\ce\.pixi\envs\sharp-nodes\lib\site-packages\torch\nn\modules\module.py", line 1790 in _call_impl
[15:12]   [ComfyUI]   File "C:\ce\.pixi\envs\sharp-nodes\lib\site-packages\torch\nn\modules\module.py", line 1779 in _wrapped_call_impl
[15:12]   [ComfyUI]   File "D:\a\comfy-gpu-ci\comfy-gpu-ci\test_workspaces\Sharp-0031\ComfyUI\custom_nodes\ComfyUI-Sharp\nodes\sharp\model.py", line 310 in forward
[15:12]   [ComfyUI]   File "C:\ce\.pixi\envs\sharp-nodes\lib\site-packages\torch\nn\modules\module.py", line 1790 in _call_impl
[15:12]   [ComfyUI]   File "C:\ce\.pixi\envs\sharp-nodes\lib\site-packages\torch\nn\modules\module.py", line 1779 in _wrapped_call_impl
[15:12]   [ComfyUI]   File "D:\a\comfy-gpu-ci\comfy-gpu-ci\test_workspaces\Sharp-0031\ComfyUI\custom_nodes\ComfyUI-Sharp\nodes\sharp\model.py", line 412 in forward
[15:12]   [ComfyUI]   File "C:\ce\.pixi\envs\sharp-nodes\lib\site-packages\torch\nn\modules\module.py", line 1790 in _call_impl
[15:12]   [ComfyUI]   File "C:\ce\.pixi\envs\sharp-nodes\lib\site-packages\torch\nn\modules\module.py", line 1779 in _wrapped_call_impl
[15:12]   [ComfyUI]   File "D:\a\comfy-gpu-ci\comfy-gpu-ci\test_workspaces\Sharp-0031\ComfyUI\custom_nodes\ComfyUI-Sharp\nodes\sharp\model.py", line 685 in forward
[15:12]   [ComfyUI]   File "C:\ce\.pixi\envs\sharp-nodes\lib\site-packages\torch\nn\modules\module.py", line 1790 in _call_impl
[15:12]   [ComfyUI]   File "C:\ce\.pixi\envs\sharp-nodes\lib\site-packages\torch\nn\modules\module.py", line 1779 in _wrapped_call_impl
[15:12]   [ComfyUI]   File "D:\a\comfy-gpu-ci\comfy-gpu-ci\test_workspaces\Sharp-0031\ComfyUI\custom_nodes\ComfyUI-Sharp\nodes\sharp\model.py", line 1109 in forward
[15:12]   [ComfyUI]   File "C:\ce\.pixi\envs\sharp-nodes\lib\site-packages\torch\nn\modules\module.py", line 1790 in _call_impl
[15:12]   [ComfyUI]   File "C:\ce\.pixi\envs\sharp-nodes\lib\site-packages\torch\nn\modules\module.py", line 1779 in _wrapped_call_impl
[15:12]   [ComfyUI]   File "D:\a\comfy-gpu-ci\comfy-gpu-ci\test_workspaces\Sharp-0031\ComfyUI\custom_nodes\ComfyUI-Sharp\nodes\sharp\model.py", line 2006 in encode
[15:12]   [ComfyUI]   File "D:\a\comfy-gpu-ci\comfy-gpu-ci\test_workspaces\Sharp-0031\ComfyUI\custom_nodes\ComfyUI-Sharp\nodes\predict.py", line 287 in _predict_image_cached
[15:12]   [ComfyUI]   File "D:\a\comfy-gpu-ci\comfy-gpu-ci\test_workspaces\Sharp-0031\ComfyUI\custom_nodes\ComfyUI-Sharp\nodes\predict.py", line 184 in execute
[15:12]   [ComfyUI]   File "C:\ce\.pixi\envs\sharp-nodes\lib\site-packages\torch\utils\_contextlib.py", line 124 in decorate_context
[15:12]   [ComfyUI]   File "D:\a\comfy-gpu-ci\comfy-gpu-ci\test_workspaces\Sharp-0031\ComfyUI\comfy_api\latest\_io.py", line 1833 in EXECUTE_NORMALIZED
[15:12]   [ComfyUI]   File "C:\Users\RUNNER~1\AppData\Local\Temp\comfyui_pvenv_0a9dsnz4\persistent_worker.py", line 1762 in main
[15:12]   [ComfyUI]   File "C:\Users\RUNNER~1\AppData\Local\Temp\comfyui_pvenv_0a9dsnz4\persistent_worker.py", line 1807 in <module>
[15:12]   [ComfyUI] 
[15:12]   [ComfyUI] [worker:ComfyUI-Sharp] === END ===
[15:12]   [ComfyUI] 
[15:16]   [capture-loop] iter=1050 t=124.6s state={'complete': False, 'error': None, 'executedCount': 0, 'wsState': 1} eval_ms=5 ram=7.4/16.0GB (46%) swap=0.6/2.9GB (19%) cpu=74% browser_rss=0.58GB
[15:22]   [capture-loop] iter=1100 t=130.5s state={'complete': False, 'error': None, 'executedCount': 0, 'wsState': 1} eval_ms=5 ram=7.4/16.0GB (46%) swap=0.6/2.9GB (19%) cpu=73% browser_rss=0.58GB
[15:28]   [capture-loop] iter=1150 t=136.4s state={'complete': False, 'error': None, 'executedCount': 0, 'wsState': 1} eval_ms=39 ram=7.4/16.0GB (46%) swap=0.6/2.9GB (19%) cpu=74% browser_rss=0.59GB
[15:34]   [capture-loop] iter=1200 t=142.4s state={'complete': False, 'error': None, 'executedCount': 0, 'wsState': 1} eval_ms=5 ram=7.5/16.0GB (47%) swap=0.6/2.9GB (19%) cpu=72% browser_rss=0.59GB
[15:35]   [ComfyUI] [worker:ComfyUI-Sharp] WARNING: [SPN] after all chunks + cache clear: 0.00 GB
[15:35]   [ComfyUI] [worker:ComfyUI-Sharp] WARNING: [SPN] after merge intermediates: 0.00 GB
[15:35]   [ComfyUI] [worker:ComfyUI-Sharp] WARNING: [SPN] after merge all: 0.00 GB
[15:39]   [ComfyUI] [worker:ComfyUI-Sharp] WARNING: [SPN] after image_encoder: 0.00 GB
[15:40]   [capture-loop] iter=1250 t=148.2s state={'complete': False, 'error': None, 'executedCount': 0, 'wsState': 1} eval_ms=4 ram=7.7/16.0GB (48%) swap=0.6/2.9GB (19%) cpu=74% browser_rss=0.59GB
[15:41]   [ComfyUI] [worker:ComfyUI-Sharp] WARNING: [SPN] after upsample: 0.00 GB
[15:41]   [ComfyUI] [worker:ComfyUI-Sharp] WARNING: [Monodepth] after SPN encoder + cache clear: 0.00 GB
[15:46]   [capture-loop] iter=1300 t=154.2s state={'complete': False, 'error': None, 'executedCount': 0, 'wsState': 1} eval_ms=5 ram=8.0/16.0GB (50%) swap=0.6/2.9GB (19%) cpu=75% browser_rss=0.59GB
[15:52]   [capture-loop] iter=1350 t=160.3s state={'complete': False, 'error': None, 'executedCount': 0, 'wsState': 1} eval_ms=8 ram=8.5/16.0GB (53%) swap=0.5/2.9GB (19%) cpu=76% browser_rss=0.58GB
[15:57]   [capture-loop] iter=1400 t=166.1s state={'complete': False, 'error': None, 'executedCount': 0, 'wsState': 1} eval_ms=6 ram=9.1/16.0GB (57%) swap=0.7/2.9GB (24%) cpu=79% browser_rss=0.58GB
[16:03]   [capture-loop] iter=1450 t=172.1s state={'complete': False, 'error': None, 'executedCount': 0, 'wsState': 1} eval_ms=5 ram=9.0/16.0GB (56%) swap=0.8/2.9GB (29%) cpu=72% browser_rss=0.55GB
[16:09]   [capture-loop] iter=1500 t=178.1s state={'complete': False, 'error': None, 'executedCount': 0, 'wsState': 1} eval_ms=5 ram=10.6/16.0GB (67%) swap=0.9/2.9GB (33%) cpu=76% browser_rss=0.53GB
[16:12]   [ComfyUI] [worker:ComfyUI-Sharp]
[16:12]   [ComfyUI] === WATCHDOG TICK 3 ===
[16:12]   [ComfyUI] [worker:ComfyUI-Sharp] Current thread 0x000016a8 (most recent call first):
[16:12]   [ComfyUI]   File "C:\Users\RUNNER~1\AppData\Local\Temp\comfyui_pvenv_0a9dsnz4\persistent_worker.py", line 52 in _watchdog
[16:12]   [ComfyUI]   File "C:\ce\.pixi\envs\sharp-nodes\lib\threading.py", line 953 in run
[16:12]   [ComfyUI]   File "C:\ce\.pixi\envs\sharp-nodes\lib\threading.py", line 1016 in _bootstrap_inner
[16:12]   [ComfyUI]   File "C:\ce\.pixi\envs\sharp-nodes\lib\threading.py", line 973 in _bootstrap
[16:12]   [ComfyUI] 
[16:12]   [ComfyUI] Thread 0x00002764 (most recent call first):
[16:12]   [ComfyUI]   File "C:\ce\.pixi\envs\sharp-nodes\lib\site-packages\torch\nn\modules\conv.py", line 548 in _conv_forward
[16:12]   [ComfyUI]   File "C:\ce\.pixi\envs\sharp-nodes\lib\site-packages\torch\nn\modules\conv.py", line 553 in forward
[16:12]   [ComfyUI]   File "D:\a\comfy-gpu-ci\comfy-gpu-ci\test_workspaces\Sharp-0031\ComfyUI\comfy\ops.py", line 518 in forward
[16:12]   [ComfyUI]   File "C:\ce\.pixi\envs\sharp-nodes\lib\site-packages\torch\nn\modules\module.py", line 1790 in _call_impl
[16:12]   [ComfyUI]   File "C:\ce\.pixi\envs\sharp-nodes\lib\site-packages\torch\nn\modules\module.py", line 1779 in _wrapped_call_impl
[16:12]   [ComfyUI]   File "C:\ce\.pixi\envs\sharp-nodes\lib\site-packages\torch\nn\modules\container.py", line 253 in forward
[16:12]   [ComfyUI]   File "C:\ce\.pixi\envs\sharp-nodes\lib\site-packages\torch\nn\modules\module.py", line 1790 in _call_impl
[16:12]   [ComfyUI]   File "C:\ce\.pixi\envs\sharp-nodes\lib\site-packages\torch\nn\modules\module.py", line 1779 in _wrapped_call_impl
[16:12]   [ComfyUI]   File "D:\a\comfy-gpu-ci\comfy-gpu-ci\test_workspaces\Sharp-0031\ComfyUI\custom_nodes\ComfyUI-Sharp\nodes\sharp\model.py", line 766 in forward
[16:12]   [ComfyUI]   File "C:\ce\.pixi\envs\sharp-nodes\lib\site-packages\torch\nn\modules\module.py", line 1790 in _call_impl
[16:12]   [ComfyUI]   File "C:\ce\.pixi\envs\sharp-nodes\lib\site-packages\torch\nn\modules\module.py", line 1779 in _wrapped_call_impl
[16:12]   [ComfyUI]   File "D:\a\comfy-gpu-ci\comfy-gpu-ci\test_workspaces\Sharp-0031\ComfyUI\custom_nodes\ComfyUI-Sharp\nodes\sharp\model.py", line 860 in forward
[16:12]   [ComfyUI]   File "C:\ce\.pixi\envs\sharp-nodes\lib\site-packages\torch\nn\modules\module.py", line 1790 in _call_impl
[16:12]   [ComfyUI]   File "C:\ce\.pixi\envs\sharp-nodes\lib\site-packages\torch\nn\modules\module.py", line 1779 in _wrapped_call_impl
[16:12]   [ComfyUI]   File "D:\a\comfy-gpu-ci\comfy-gpu-ci\test_workspaces\Sharp-0031\ComfyUI\custom_nodes\ComfyUI-Sharp\nodes\sharp\model.py", line 970 in forward
[16:12]   [ComfyUI]   File "C:\ce\.pixi\envs\sharp-nodes\lib\site-packages\torch\nn\modules\module.py", line 1790 in _call_impl
[16:12]   [ComfyUI]   File "C:\ce\.pixi\envs\sharp-nodes\lib\site-packages\torch\nn\modules\module.py", line 1779 in _wrapped_call_impl
[16:12]   [ComfyUI]   File "D:\a\comfy-gpu-ci\comfy-gpu-ci\test_workspaces\Sharp-0031\ComfyUI\custom_nodes\ComfyUI-Sharp\nodes\sharp\model.py", line 1118 in forward
[16:12]   [ComfyUI]   File "C:\ce\.pixi\envs\sharp-nodes\lib\site-packages\torch\nn\modules\module.py", line 1790 in _call_impl
[16:12]   [ComfyUI]   File "C:\ce\.pixi\envs\sharp-nodes\lib\site-packages\torch\nn\modules\module.py", line 1779 in _wrapped_call_impl
[16:12]   [ComfyUI]   File "D:\a\comfy-gpu-ci\comfy-gpu-ci\test_workspaces\Sharp-0031\ComfyUI\custom_nodes\ComfyUI-Sharp\nodes\sharp\model.py", line 2006 in encode
[16:12]   [ComfyUI]   File "D:\a\comfy-gpu-ci\comfy-gpu-ci\test_workspaces\Sharp-0031\ComfyUI\custom_nodes\ComfyUI-Sharp\nodes\predict.py", line 287 in _predict_image_cached
[16:12]   [ComfyUI]   File "D:\a\comfy-gpu-ci\comfy-gpu-ci\test_workspaces\Sharp-0031\ComfyUI\custom_nodes\ComfyUI-Sharp\nodes\predict.py", line 184 in execute
[16:12]   [ComfyUI]   File "C:\ce\.pixi\envs\sharp-nodes\lib\site-packages\torch\utils\_contextlib.py", line 124 in decorate_context
[16:12]   [ComfyUI]   File "D:\a\comfy-gpu-ci\comfy-gpu-ci\test_workspaces\Sharp-0031\ComfyUI\comfy_api\latest\_io.py", line 1833 in EXECUTE_NORMALIZED
[16:12]   [ComfyUI]   File "C:\Users\RUNNER~1\AppData\Local\Temp\comfyui_pvenv_0a9dsnz4\persistent_worker.py", line 1762 in main
[16:12]   [ComfyUI]   File "C:\Users\RUNNER~1\AppData\Local\Temp\comfyui_pvenv_0a9dsnz4\persistent_worker.py", line 1807 in <module>
[16:12]   [ComfyUI] 
[16:12]   [ComfyUI] [worker:ComfyUI-Sharp] === END ===
[16:12]   [ComfyUI] 
[16:15]   [capture-loop] iter=1550 t=184.0s state={'complete': False, 'error': None, 'executedCount': 0, 'wsState': 1} eval_ms=5 ram=10.7/16.0GB (67%) swap=0.9/2.9GB (33%) cpu=76% browser_rss=0.53GB
[16:17]   [ComfyUI] [worker:ComfyUI-Sharp] WARNING: [Monodepth] after decoder: 0.00 GB
[16:21]   [capture-loop] iter=1600 t=189.9s state={'complete': False, 'error': None, 'executedCount': 0, 'wsState': 1} eval_ms=8 ram=10.2/16.0GB (64%) swap=0.9/2.9GB (33%) cpu=77% browser_rss=0.52GB
[16:25]   [ComfyUI] [worker:ComfyUI-Sharp] WARNING: [Decode] start: 0.00 GB
[16:25]   [ComfyUI] [worker:ComfyUI-Sharp] WARNING: [Decode] after depth_alignment: 0.00 GB
[16:25]   [ComfyUI] [worker:ComfyUI-Sharp] WARNING: [Decode] after init_model: 0.00 GB
[16:27]   [capture-loop] iter=1650 t=195.9s state={'complete': False, 'error': None, 'executedCount': 0, 'wsState': 1} eval_ms=5 ram=8.1/16.0GB (50%) swap=1.0/2.9GB (36%) cpu=79% browser_rss=0.51GB
[16:33]   [capture-loop] iter=1700 t=201.8s state={'complete': False, 'error': None, 'executedCount': 0, 'wsState': 1} eval_ms=5 ram=9.7/16.0GB (60%) swap=1.0/2.9GB (36%) cpu=75% browser_rss=0.49GB
[16:39]   [capture-loop] iter=1750 t=207.7s state={'complete': False, 'error': None, 'executedCount': 0, 'wsState': 1} eval_ms=10 ram=9.3/16.0GB (58%) swap=1.0/2.9GB (36%) cpu=75% browser_rss=0.48GB
[16:45]   [capture-loop] iter=1800 t=213.7s state={'complete': False, 'error': None, 'executedCount': 0, 'wsState': 1} eval_ms=5 ram=9.0/16.0GB (56%) swap=1.0/2.9GB (36%) cpu=75% browser_rss=0.47GB
[16:50]   [ComfyUI] [worker:ComfyUI-Sharp] WARNING: [Decode] after feature_model: 0.00 GB
[16:50]   [ComfyUI] [worker:ComfyUI-Sharp] WARNING: [Decode] after prediction_head: 0.00 GB
[16:51]   [capture-loop] iter=1850 t=219.5s state={'complete': False, 'error': None, 'executedCount': 0, 'wsState': 1} eval_ms=7 ram=7.9/16.0GB (49%) swap=1.0/2.9GB (36%) cpu=75% browser_rss=0.46GB
[16:55]   [ComfyUI] [SubprocessWorker] callback 'report_progress' from call_id=5
[16:55]   [ComfyUI] [SubprocessWorker] got response: ok
[16:55]   [ComfyUI] [comfy-env] SharpPredict done (218.71s): result: NodeOutput
[16:55]   [ComfyUI] [comfy-env] Running GeomPackPreviewGaussian: ply_path: 'D:\\a\\comfy-gpu-ci\\comfy-gpu-ci\\test_workspaces\\Shar..., extrinsics: list[4], intrinsics: list[3]
[16:55]   [ComfyUI] [SubprocessWorker] call_method: nodes.visualization.preview_gaussian.PreviewGaussianNode.EXECUTE_NORMALIZED
[16:55]   [ComfyUI] [SubprocessWorker] acquired lock, ensuring started...
[16:55]   [ComfyUI] [ComfyUI-GeometryPack] Health check: ping (timeout=5.0s)...
[16:55]   [ComfyUI] [ComfyUI-GeometryPack] Health check: failed
[16:55]   [ComfyUI] [ComfyUI-GeometryPack] Socket unhealthy, restarting worker...
[16:55]   [ComfyUI] [ComfyUI-GeometryPack] python: C:\ce\.pixi\envs\geometrypack-nodes\python.exe
[16:55]   [ComfyUI] [comfy-env] geometrypack-nodes: Library/bin has 609 DLLs
[16:55]   [ComfyUI] [ComfyUI-GeometryPack] sys_path sent to worker: ['D:\\a\\comfy-gpu-ci\\comfy-gpu-ci\\test_workspaces\\Sharp-0031\\ComfyUI', 'D:\\a\\comfy-gpu-ci\\comfy-gpu-ci\\test_workspaces\\Sharp-0031\\ComfyUI\\custom_nodes\\ComfyUI-GeometryPack', 'C:\\ce\\.pixi\\envs\\geometrypack-nodes\\Lib\\site-packages', 'D:\\a\\comfy-gpu-ci\\comfy-gpu-ci\\test_workspaces\\Sharp-0031\\ComfyUI\\custom_nodes\\ComfyUI-GeometryPack']
[16:55]   [ComfyUI] [SubprocessWorker] is_pixi=True, python=C:\ce\.pixi\envs\geometrypack-nodes\python.exe
[16:55]   [ComfyUI] [SubprocessWorker] launching cmd=['C:\\Users\\runneradmin\\.pixi\\bin\\pixi.exe', 'run', '--as-is', '--manifest-path', 'C:\\ce\\pixi.toml', '-e', 'geometrypack-nodes', 'python', 'C:\\Users\\RUNNER~1\\AppData\\Local\\Temp\\comfyui_pvenv_5uk5ll0b\\persistent_worker.py', 'tcp://127.0.0.1:59269']...
[16:56]   Frame 5 saved (frame_004.jpg, t=224.3s)
[16:56]   [capture-periodic] freeze=4ms shot=132ms unfreeze=5ms saved=True
[16:57]   [capture-loop] iter=1900 t=225.4s state={'complete': False, 'error': None, 'executedCount': 0, 'wsState': 1} eval_ms=4 ram=7.6/16.0GB (48%) swap=0.9/2.9GB (30%) cpu=49% browser_rss=0.47GB
[16:59]   [ComfyUI] [worker:ComfyUI-GeometryPack] ERROR: Failed to import comfy_kitchen, Error: No module named 'comfy_kitchen', fp8 and fp4 support will not be available.
[16:59]   [ComfyUI] [SubprocessWorker] worker started/confirmed
[16:59]   [ComfyUI] [SubprocessWorker] serializing kwargs to shm...
[16:59]   [ComfyUI] [SubprocessWorker] created 0 shm blocks
[16:59]   [ComfyUI] [SubprocessWorker] sending request via socket...
[16:59]   [ComfyUI] [SubprocessWorker] call_id=2 sending call_method
[17:01]   [ComfyUI] [worker:ComfyUI-GeometryPack] INFO: Loading PLY: sharp_1778460280529.ply (63.00 MB)
[17:01]   [ComfyUI] [SubprocessWorker] got response: ok
[17:01]   [ComfyUI] [comfy-env] GeomPackPreviewGaussian done (5.96s): result: NodeOutput
[17:01]   [ComfyUI] Prompt executed in 229.85 seconds
[17:01]   Node executed (1 total), capturing...
[17:02]   Frame 6 saved (frame_005.jpg, t=230.3s)
[17:02]   [capture-node] freeze=5ms shot=150ms unfreeze=9ms saved=True
[17:02]   Execution complete (t=230.6s)
[17:02]   [3d-wait] Phase 1: Waiting for 'Loading 3D Model' text to disappear...
[17:02]   [3d-wait] Phase 1 done in 0.0s
[17:02]   [3d-wait] Phase 2: iframes=1
[17:02]   [3d-wait] iframe viewer_ready=False (matched 0 console logs)
[17:02]   [3d-wait] Waiting for 'Loaded successfully' console message (timeout=60s)...
[17:03]   [3d-wait] Got 'Loaded successfully' after 1.2s
[17:03]   [3d-wait] Unfrozen in 0.236s, rendering for 5s...
[17:18]   [3d-wait] JS halted via CDP after 14.8s
[18:01]   [3d-wait] Re-frozen in 58.0s
[18:01]   [3d-wait] Total 3D wait: 59.2s
[18:01]   Captured 6 unique frames over 289.81s
[18:01]   [debug] iframes: 1
[18:01]   [debug]   iframe[0]: src=http://127.0.0.1:41889/extensions/ComfyUI-GeometryPack/viewer_gaussian.html?v=17, canvas=3040x2022, rafFrozen=True
[18:01]   [timing] trigger_3d_previews: 0.0s
[18:03]   Saved high-quality screenshot: sharp_exif_executed.png
[18:03]   [timing] final_screenshot: 0.3s
[18:04] Results saved to D:\a\comfy-gpu-ci\comfy-gpu-ci\comfy-test-logs\Sharp-0031\dev\windows-cpu\results.json
[18:04] Model report: 4 files, 2.6 GB -> D:\a\comfy-gpu-ci\comfy-gpu-ci\comfy-test-logs\Sharp-0031\dev\windows-cpu\models.json
[18:04] Saved: D:\a\comfy-gpu-ci\comfy-gpu-ci\comfy-test-logs\Sharp-0031\dev\windows-cpu\index.html
[18:04] [EXECUTION] PASSED
[18:04] 
windows: PASSED
[18:04] Stopping ComfyUI server...
