Capturing execution frames: sharp_exif.json
  [ComfyUI] [32m[INFO][0m Using RAM pressure cache.
  [ComfyUI] [32m[INFO][0m Using RAM pressure cache.
  Frame 1 saved (frame_000.jpg, t=0.0s)
  Validating workflow...
  [ComfyUI] [32m[INFO][0m === /validate endpoint called ===
  Queuing workflow for execution...
  [ComfyUI] [32m[INFO][0m Received JSON with keys: ['prompt']
  [ComfyUI] [32m[INFO][0m Prompt has 4 nodes
  [ComfyUI] [32m[INFO][0m   Node 2: LoadSharpModel
  [ComfyUI] [32m[INFO][0m     Inputs: {"precision": "auto"}
  [ComfyUI] [32m[INFO][0m   Node 7: SharpPredict
  [ComfyUI] [32m[INFO][0m     Inputs: {"focal_length_mm": ["9", 2], "output_prefix": "sharp", "model": ["2", 0], "image": ["9", 0]}
  [ComfyUI] [32m[INFO][0m   Node 9: LoadImageWithExif
  [ComfyUI] [32m[INFO][0m     Inputs: {"image": "eth3d.png", "default_focal_mm": 30}
  [ComfyUI] [32m[INFO][0m   Node 11: PreviewGaussianSharp
  [ComfyUI] [32m[INFO][0m     Inputs: {"preview_gaussian": "", "ply_path": ["7", 0], "extrinsics": ["7", 1], "intrinsics": ["7", 2]}
  [ComfyUI] [32m[INFO][0m Generated prompt_id: 231dce28-7083-4482-a978-774cd9a326a8
  [ComfyUI] [32m[INFO][0m Calling execution.validate_prompt()...
  [ComfyUI] [32m[INFO][0m Validation result: valid=True
  [ComfyUI] [32m[INFO][0m === Validation PASSED ===
  [ComfyUI] [32m[INFO][0m got prompt
  [ComfyUI] [comfy-env] Running LoadImageWithExif: image: 'eth3d.png', default_focal_mm: 30.0
  [ComfyUI] [VRAM] Before LoadImageWithExif: 1156 / 16379 MB
  [ComfyUI] [ComfyUI-Sharp] python: C:\Users\ContainerUser\AppData\Local\Programs\comfy-env\.pixi\envs\sharp-nodes\python.exe
  [ComfyUI] [SubprocessWorker] call_method: nodes.load_image_exif.LoadImageWithExif.EXECUTE_NORMALIZED
  [ComfyUI] [ComfyUI-Sharp] sys_path sent to worker: ['C:\\workspaces\\Sharp-2317\\ComfyUI', 'C:\\workspaces\\Sharp-2317\\ComfyUI\\custom_nodes\\ComfyUI-Sharp', 'C:\\Users\\ContainerUser\\AppData\\Local\\Programs\\comfy-env\\.pixi\\envs\\sharp-nodes\\Lib\\site-packages', 'C:\\workspaces\\Sharp-2317\\ComfyUI\\custom_nodes\\ComfyUI-Sharp']
  [ComfyUI] [SubprocessWorker] acquired lock, ensuring started...
  [ComfyUI] [SubprocessWorker] is_pixi=True, python=C:\Users\ContainerUser\AppData\Local\Programs\comfy-env\.pixi\envs\sharp-nodes\python.exe
  [ComfyUI] [ComfyUI-Sharp] Health check: ping (timeout=5.0s)...
  [ComfyUI] [SubprocessWorker] launching cmd=['C:\\Users\\ContainerUser\\.pixi\\bin\\pixi.exe', 'run', '--as-is', '--manifest-path', 'C:\\Users\\ContainerUser\\AppData\\Local\\Programs\\comfy-env\\pixi.toml', '-e', 'sharp-nodes', 'python', 'C:\\Users\\ContainerUser\\AppData\\Local\\Temp\\comfyui_pvenv_u82etz1_\\persistent_worker.py', 'tcp://127.0.0.1:58780']...
  [ComfyUI] [ComfyUI-Sharp] Health check: failed
  [ComfyUI] [ComfyUI-Sharp] Socket unhealthy, restarting worker...
  [ComfyUI] [comfy-env] sharp-nodes: Library/bin has 565 DLLs
  [ComfyUI] [worker:ComfyUI-Sharp] ERROR: Failed to import comfy_kitchen, Error: No module named 'comfy_kitchen', fp8 and fp4 support will not be available.
  [ComfyUI] [worker:ComfyUI-Sharp] WARNING: comfy_kitchen does not support stochastic FP8 rounding, please update comfy_kitchen.
  [ComfyUI] [SubprocessWorker] worker started/confirmed
  [ComfyUI] [SubprocessWorker] serializing kwargs to shm...
  [ComfyUI] [SubprocessWorker] created 0 shm blocks
  [ComfyUI] [SubprocessWorker] sending request via socket...
  [ComfyUI] [SubprocessWorker] call_id=7 sending call_method
  Frame 2 saved (frame_001.jpg, t=2.2s)
  [capture-periodic] freeze=2ms shot=85ms unfreeze=2ms saved=True
  [ComfyUI] [SubprocessWorker] got response: ok
  [ComfyUI] [comfy-env] LoadImageWithExif done (2.53s): result: NodeOutput
  [ComfyUI] [VRAM] After LoadImageWithExif: 1156 / 16379 MB
  [ComfyUI] [comfy-env] Running LoadSharpModel: precision: 'auto'
  [ComfyUI] [VRAM] Before LoadSharpModel: 1156 / 16379 MB
  [ComfyUI] [SubprocessWorker] call_method: nodes.load_model.LoadSharpModel.EXECUTE_NORMALIZED
  [ComfyUI] [SubprocessWorker] acquired lock, ensuring started...
  [ComfyUI] [ComfyUI-Sharp] Health check: ping (timeout=5.0s)...
  [ComfyUI] [ComfyUI-Sharp] Health check: ok
  [ComfyUI] [SubprocessWorker] worker started/confirmed
  [ComfyUI] [SubprocessWorker] serializing kwargs to shm...
  [ComfyUI] [SubprocessWorker] created 0 shm blocks
  [ComfyUI] [SubprocessWorker] sending request via socket...
  [ComfyUI] [SubprocessWorker] call_id=8 sending call_method
  [ComfyUI] [worker:ComfyUI-Sharp] [LoadSharpModel] precision='auto' -> dtype=bf16 (device=cuda:0)
  [ComfyUI] [worker:ComfyUI-Sharp] [LoadSharpModel] checkpoint already present, reusing (no download): C:\workspaces\Sharp-2317\ComfyUI\models\sharp\sharp_2572gikvuh.pt (2679.6 MB)
  [ComfyUI] [worker:ComfyUI-Sharp] [LoadSharpModel] checkpoint ready: C:\workspaces\Sharp-2317\ComfyUI\models\sharp\sharp_2572gikvuh.pt (2679.6 MB)
  [ComfyUI] [worker:ComfyUI-Sharp] [LoadSharpModel] config: precision=auto -> dtype=bf16
  [ComfyUI] [SubprocessWorker] got response: ok
  [ComfyUI] [comfy-env] LoadSharpModel done (0.02s): result: NodeOutput
  [ComfyUI] [VRAM] After LoadSharpModel: 1156 / 16379 MB
  [ComfyUI] [comfy-env] Running SharpPredict: focal_length_mm: 20.0, output_prefix: 'sharp', model: dict, image: torch.float32 [1,1011,1520,3] cpu
  [ComfyUI] [VRAM] Before SharpPredict: 1156 / 16379 MB
  [ComfyUI] [SubprocessWorker] call_method: nodes.predict.SharpPredict.EXECUTE_NORMALIZED
  [ComfyUI] [SubprocessWorker] acquired lock, ensuring started...
  [ComfyUI] [ComfyUI-Sharp] Health check: ping (timeout=5.0s)...
  [ComfyUI] [ComfyUI-Sharp] Health check: ok
  [ComfyUI] [SubprocessWorker] worker started/confirmed
  [ComfyUI] [comfy-env] PRE-SERIALIZE 'image' shape: torch.Size([1, 1011, 1520, 3])
  [ComfyUI] [SubprocessWorker] serializing kwargs to shm...
  [ComfyUI] [SubprocessWorker] created 0 shm blocks
  [ComfyUI] [SubprocessWorker] sending request via socket...
  [ComfyUI] [SubprocessWorker] call_id=9 sending call_method
  [ComfyUI] [worker:ComfyUI-Sharp] [comfy-env] _from_shm got dict with keys: ['__type__', 'strategy', 'manager_path', 'storage_key', 'storage_size']
  [ComfyUI] [worker:ComfyUI-Sharp] [comfy-env] DESERIALIZE TensorRef: tensor_size=[1, 1011, 1520, 3]
  [ComfyUI] [worker:ComfyUI-Sharp] [comfy-env] DESERIALIZED tensor shape: torch.Size([1, 1011, 1520, 3])
  Frame 3 saved (frame_002.jpg, t=4.4s)
  [capture-periodic] freeze=2ms shot=68ms unfreeze=2ms saved=True
  [capture-loop] iter=50 t=5.7s state={'complete': False, 'error': None, 'executedCount': 0, 'wsState': 1} eval_ms=4 ram=16.2/31.9GB (51%) swap=0.0/5.0GB (0%) cpu=62% browser_rss=0.87GB
  [ComfyUI] [worker:ComfyUI-Sharp] [LoadSharpModel] loading checkpoint from C:\workspaces\Sharp-2317\ComfyUI\models\sharp\sharp_2572gikvuh.pt (dtype=bf16)
  [ComfyUI] [worker:ComfyUI-Sharp] [LoadSharpModel] initializing model on meta device...
  [ComfyUI] [worker:ComfyUI-Sharp] [LoadSharpModel] model ready (torch.bfloat16)
  [ComfyUI] [SubprocessWorker] callback 'request_vram_budget' from call_id=9
  [ComfyUI] [comfy-env] VRAM request: 2.81GB, free before eviction: 15.96GB
  [ComfyUI] [comfy-env] VRAM after eviction: 15.96GB
  [ComfyUI] [worker:ComfyUI-Sharp] [VRAM] +474MB (now 474MB) reserved=480MB peak=474MB
  [ComfyUI] [worker:ComfyUI-Sharp] [VRAM] +603MB (now 1078MB) reserved=1344MB peak=1123MB
  [ComfyUI] [worker:ComfyUI-Sharp] [VRAM] -281MB (now 798MB) reserved=1152MB peak=1168MB
  [ComfyUI] [worker:ComfyUI-Sharp] [VRAM] +1193MB (now 1991MB) reserved=5632MB peak=4882MB
  [ComfyUI] [worker:ComfyUI-Sharp] [VRAM] +234MB (now 2225MB) reserved=4640MB peak=4882MB
  [capture-loop] iter=100 t=11.4s state={'complete': False, 'error': None, 'executedCount': 0, 'wsState': 1} eval_ms=3 ram=21.2/31.9GB (66%) swap=0.0/7.0GB (0%) cpu=18% browser_rss=0.79GB
  [ComfyUI] [SubprocessWorker] callback 'report_progress' from call_id=9
  [ComfyUI] [SubprocessWorker] got response: ok
  [ComfyUI] [comfy-env] SharpPredict done (9.26s): result: NodeOutput
  [ComfyUI] [VRAM] After SharpPredict: 1156 / 16379 MB
  [ComfyUI] [comfy-env] Running PreviewGaussianSharp: ply_path: 'C:\\workspaces\\Sharp-2317\\ComfyUI\\output\\sharp_17808..., extrinsics: list[4], intrinsics: list[3]
  [ComfyUI] [VRAM] Before PreviewGaussianSharp: 1156 / 16379 MB
  [ComfyUI] [SubprocessWorker] call_method: nodes.preview_gaussian_sharp.PreviewGaussianSharp.EXECUTE_NORMALIZED
  [ComfyUI] [SubprocessWorker] acquired lock, ensuring started...
  [ComfyUI] [ComfyUI-GaussianPack] Health check: ping (timeout=5.0s)...
  [ComfyUI] [ComfyUI-GaussianPack] Health check: failed
  [ComfyUI] [ComfyUI-GaussianPack] python: C:\Users\ContainerUser\AppData\Local\Programs\comfy-env\.pixi\envs\gaussianpack-nodes\python.exe
  [ComfyUI] [ComfyUI-GaussianPack] Socket unhealthy, restarting worker...
  [ComfyUI] [ComfyUI-GaussianPack] sys_path sent to worker: ['C:\\workspaces\\Sharp-2317\\ComfyUI', 'C:\\workspaces\\Sharp-2317\\ComfyUI\\custom_nodes\\ComfyUI-GaussianPack', 'C:\\Users\\ContainerUser\\AppData\\Local\\Programs\\comfy-env\\.pixi\\envs\\gaussianpack-nodes\\Lib\\site-packages', 'C:\\workspaces\\Sharp-2317\\ComfyUI\\custom_nodes\\ComfyUI-GaussianPack']
  [ComfyUI] [comfy-env] gaussianpack-nodes: Library/bin has 236 DLLs
  [ComfyUI] [SubprocessWorker] is_pixi=True, python=C:\Users\ContainerUser\AppData\Local\Programs\comfy-env\.pixi\envs\gaussianpack-nodes\python.exe
  [ComfyUI] [SubprocessWorker] launching cmd=['C:\\Users\\ContainerUser\\.pixi\\bin\\pixi.exe', 'run', '--as-is', '--manifest-path', 'C:\\Users\\ContainerUser\\AppData\\Local\\Programs\\comfy-env\\pixi.toml', '-e', 'gaussianpack-nodes', 'python', 'C:\\Users\\ContainerUser\\AppData\\Local\\Temp\\comfyui_pvenv_dobwf_p6\\persistent_worker.py', 'tcp://127.0.0.1:58782']...
  Frame 4 saved (frame_003.jpg, t=13.0s)
  [capture-periodic] freeze=2ms shot=75ms unfreeze=2ms saved=True
  [ComfyUI] [SubprocessWorker] worker started/confirmed
  [ComfyUI] [SubprocessWorker] serializing kwargs to shm...
  [ComfyUI] [SubprocessWorker] created 0 shm blocks
  [ComfyUI] [SubprocessWorker] sending request via socket...
  [ComfyUI] [SubprocessWorker] call_id=4 sending call_method
  [ComfyUI] [worker:ComfyUI-GaussianPack] WARNING: SPZ route not registered (ModuleNotFoundError: No module named 'comfy_aimdo')
  [ComfyUI] [SubprocessWorker] got response: ok
  [ComfyUI] [comfy-env] PreviewGaussianSharp done (2.12s): result: NodeOutput
  [ComfyUI] [VRAM] After PreviewGaussianSharp: 1156 / 16379 MB
  [ComfyUI] [32m[INFO][0m [32mPrompt executed in 13.94 seconds[0m
  Node executed (1 total), capturing...
  Frame 5 saved (frame_004.jpg, t=14.3s)
  [capture-node] freeze=9ms shot=674ms unfreeze=0ms saved=True
  Execution complete (t=14.3s)
  [3d-wait] Phase 1: Waiting for 'Loading 3D Model' text to disappear...
  [3d-wait] Phase 1 done in 0.0s
  [3d-wait] Phase 2: iframes=1
  [3d-wait] iframe viewer_ready=True (matched 1 console logs)
  [3d-wait] Unfrozen in 0.002s, rendering for 5s...
  [3d-wait] JS halted via CDP after 8.0s
  [3d-wait] Re-frozen in 31.9s
  [3d-wait] Total 3D wait: 32.0s
  Captured 5 unique frames over 47.04s
  [debug] iframes: 1
  [debug]   iframe[0]: src=http://127.0.0.1:41893/extensions/ComfyUI-GaussianPack/viewer_gaussian_sharp.htm, canvas=1520x1011, rafFrozen=True
  [timing] trigger_3d_previews: 0.0s
  Saved high-quality screenshot: sharp_exif_executed.png
  [timing] final_screenshot: 0.2s
    Captured 6 video frames