[00:00] Crash dump logging enabled: D:\a\comfy-gpu-ci\comfy-gpu-ci\comfy-test-logs\Sharp-0031\dev\windows-portable-cpu\crash_dump.log
[00:00] 
[00:00] [1/5] SYNTAX
[00:00] ----------------------------------------
[00:00] 
[DEBUG] server=None, server_url=None, api=None
[00:00] Found pyproject.toml (modern format)
[00:00] Found requirements.txt (legacy format)
[00:00] Unicode check: OK (all characters cp1252-safe)
[00:00] Forbidden patterns check: OK
[00:00] [SYNTAX] PASSED
[00:00] 
[00:00] [2/5] INSTALL
[00:00] ----------------------------------------
[00:00] 
[DEBUG] server=None, server_url=None, api=None
[00:00] 
Setting up ComfyUI...
[00:00] Fetching latest release version...
[00:00] Latest version: v0.20.1
[00:00] Downloading portable ComfyUI from https://github.com/comfyanonymous/ComfyUI/releases/download/v0.20.1/ComfyUI_windows_portable_nvidia.7z...
[00:02]   Downloaded: 10%
[00:03]   Downloaded: 20%
[00:05]   Downloaded: 30%
[00:07]   Downloaded: 40%
[00:08]   Downloaded: 50%
[00:10]   Downloaded: 60%
[00:12]   Downloaded: 70%
[00:13]   Downloaded: 80%
[00:15]   Downloaded: 90%
[00:17]   Downloaded: 100%
[00:17] Downloaded to C:\Users\runneradmin\.comfy-test\cache\portable\ComfyUI_portable_v0.20.1.7z
[00:17] Extracting to cache: C:\Users\runneradmin\.comfy-test\cache\portable\ComfyUI_portable_v0.20.1
[00:17] Extracting ComfyUI_portable_v0.20.1.7z...
[00:17] Using 7z: 7z
[02:22] Extracted to C:\Users\runneradmin\.comfy-test\cache\portable\ComfyUI_portable_v0.20.1
[02:22] Copying from cache to: D:\a\comfy-gpu-ci\comfy-gpu-ci\test_workspaces\Sharp-0031\portable-comfyui
[04:29] Installing uv into embedded Python...
[04:29] Running: D:\a\comfy-gpu-ci\comfy-gpu-ci\test_workspaces\Sharp-0031\portable-comfyui\ComfyUI_windows_portable\python_embeded\python.exe -m pip install uv
[04:32] Installing ComfyUI requirements...
[04:32] Running: D:\a\comfy-gpu-ci\comfy-gpu-ci\test_workspaces\Sharp-0031\portable-comfyui\ComfyUI_windows_portable\python_embeded\python.exe -m uv pip install -r D:\a\comfy-gpu-ci\comfy-gpu-ci\test_workspaces\Sharp-0031\portable-comfyui\ComfyUI_windows_portable\ComfyUI\requirements.txt
[04:32] 
Installing custom node...
[04:32] Copying ComfyUI-Sharp to custom_nodes/...
[04:32] Installing node requirements...
[04:32] Running: D:\a\comfy-gpu-ci\comfy-gpu-ci\test_workspaces\Sharp-0031\portable-comfyui\ComfyUI_windows_portable\python_embeded\python.exe -m pip install -r D:\a\comfy-gpu-ci\comfy-gpu-ci\test_workspaces\Sharp-0031\portable-comfyui\ComfyUI_windows_portable\ComfyUI\custom_nodes\ComfyUI-Sharp\requirements.txt
[04:37] 
Running install.py...
[04:37] Running: D:\a\comfy-gpu-ci\comfy-gpu-ci\test_workspaces\Sharp-0031\portable-comfyui\ComfyUI_windows_portable\python_embeded\python.exe D:\a\comfy-gpu-ci\comfy-gpu-ci\test_workspaces\Sharp-0031\portable-comfyui\ComfyUI_windows_portable\ComfyUI\custom_nodes\ComfyUI-Sharp\install.py
[04:38]   [comfy-env] Enabled Windows long path support
[04:38]   
[04:38]   Installing 1 node dependencies...
[04:38]     Cloning ComfyUI-GeometryPack...
[04:40]     Installing requirements for ComfyUI-GeometryPack...
[04:43]     Running install.py for ComfyUI-GeometryPack...
[04:43]   [comfy-env] Enabled Windows long path support
[04:45]   [comfy-env] _discover: scanning D:\a\comfy-gpu-ci\comfy-gpu-ci\test_workspaces\Sharp-0031\portable-comfyui\ComfyUI_windows_portable\ComfyUI\custom_nodes
[04:45]   [comfy-env] _discover: ComfyUI-GeometryPack -> geometrypack-nodes (custom_nodes\ComfyUI-GeometryPack\nodes\comfy-env.toml)
[04:45]   [comfy-env] _discover: ComfyUI-Sharp -> sharp-nodes (custom_nodes\ComfyUI-Sharp\nodes\comfy-env.toml)
[04:45]   [comfy-env] Workspace: C:\ce
[04:45]   [comfy-env] ComfyUI: D:\a\comfy-gpu-ci\comfy-gpu-ci\test_workspaces\Sharp-0031\portable-comfyui\ComfyUI_windows_portable\ComfyUI
[04:45]   [comfy-env] Found 2 node config(s):
[04:45]     - geometrypack-nodes <- custom_nodes\ComfyUI-GeometryPack\nodes\comfy-env.toml (python=host)
[04:45]     - sharp-nodes <- custom_nodes\ComfyUI-Sharp\nodes\comfy-env.toml (python=host)
[04:45]   [comfy-env] Bootstrap interpreter has python 3.13 + torch 2.11.0 (cu130). Looking for cuda-only wheels matching cu130/torch2.11/cp313.
[04:48]   [comfy-env] GPU: No GPU detected
[04:48]   [comfy-env] Comfyui feature -> torch 2.11.0 from https://download.pytorch.org/whl/cu130 (CUDA 13.0 via bootstrap torch)
[04:48]   [comfy-env] cuda-wheels: 1 package(s) need a matched (cuda, torch, python) combo: ['cumesh']
[04:48]   [comfy-env] cuda-wheels tier 1 (bootstrap): probing cu13.0/torch2.11/cp313
[04:48]   [cuda-wheels] Looking up cumesh: cu130 torch2.11 cp313 win_amd64
[04:49]   [cuda-wheels]   Found: cumesh-0.0.1+cu130torch2.11-cp313-cp313-win_amd64.whl
[04:49]   [comfy-env] cuda-wheels combo: cu13.0/torch2.11 (bootstrap matches; per-node envs will pin to this)
[04:49]   [cuda-wheels] Looking up cumesh: cu130 torch2.11 cp313 win_amd64
[04:49]   [cuda-wheels]   Found: cumesh-0.0.1+cu130torch2.11-cp313-cp313-win_amd64.whl
[04:49]   [comfy-env] geometrypack-nodes: cuda-wheels deferred for post-pixi install (cumesh)
[04:49]   Generated C:\ce\pixi.toml
[04:49]   [comfy-env] Installing 2 environment(s):
[04:49]     - geometrypack-nodes (python=host, 14 pypi deps, 1 cuda wheels)
[04:49]     - sharp-nodes (python=host, 9 pypi deps)
[04:49]   [comfy-env] Running `pixi install -e geometrypack-nodes -e sharp-nodes`...
[07:21]      WARN Skipped running the post-link scripts because `run-post-link-scripts` = `false`
[07:21]     	- Scripts/.librsvg-pre-unlink.bat
[07:21]     To enable them, run:
[07:21]     	pixi config set --local run-post-link-scripts insecure
[07:21]     More info:
[07:21]     	https://pixi.sh/latest/reference/pixi_configuration/#run-post-link-scripts
[07:41]      WARN Skipped running the post-link scripts because `run-post-link-scripts` = `false`
[07:41]     	- Scripts/.librsvg-pre-unlink.bat
[07:41]     To enable them, run:
[07:41]     	pixi config set --local run-post-link-scripts insecure
[07:41]     More info:
[07:41]     	https://pixi.sh/latest/reference/pixi_configuration/#run-post-link-scripts
[08:49]     The following environments have been installed: geometrypack-nodes, sharp-nodes.
[08:49]   [comfy-env] geometrypack-nodes: installing cuda-wheels with --no-deps (cumesh)
[08:49]     Using Python 3.13.13 environment at: .pixi\envs\geometrypack-nodes
[08:51]     Resolved 1 package in 1.20s
[08:51]     Downloading cumesh (3.8MiB)
[08:51]      Downloaded cumesh
[08:51]     Prepared 1 package in 270ms
[08:51]     Installed 1 package in 17ms
[08:51]      + cumesh==0.0.1+cu130torch2.11 (from https://github.com/PozzettiAndrea/cuda-wheels/releases/download/cumesh-latest/cumesh-0.0.1%2Bcu130torch2.11-cp313-cp313-win_amd64.whl)
[08:51]   [comfy-env] Recorded install hash 6e0bf725e071 -> C:\ce\install.hash
[08:51]   [comfy-env] Install log: C:\ce\install.log
[08:51]   
[08:51]   Installation complete!
[08:52]   
[08:52]   [requirements] Re-installing main package requirements...
[08:52]     Installing requirements for ComfyUI-Sharp...
[08:52]   [comfy-env] _discover: scanning D:\a\comfy-gpu-ci\comfy-gpu-ci\test_workspaces\Sharp-0031\portable-comfyui\ComfyUI_windows_portable\ComfyUI\custom_nodes
[08:52]   [comfy-env] _discover: ComfyUI-GeometryPack -> geometrypack-nodes (custom_nodes\ComfyUI-GeometryPack\nodes\comfy-env.toml)
[08:52]   [comfy-env] _discover: ComfyUI-Sharp -> sharp-nodes (custom_nodes\ComfyUI-Sharp\nodes\comfy-env.toml)
[08:52]   [comfy-env] Workspace inputs unchanged (hash 6e0bf725e071) -- skipping install. Delete C:\ce\install.hash to force.
[08:52]   
[08:52]   Installation complete!
[08:52] Installing 1 node dependency(ies)...
[08:52]   ComfyUI-GeometryPack from PozzettiAndrea/ComfyUI-GeometryPack
[08:52]   ComfyUI-GeometryPack already exists, skipping...
[08:52] Installing validation endpoint...
[08:52]   Cloning PozzettiAndrea/ComfyUI-validate-endpoint...
[08:52] Running: git clone --depth 1 https://github.com/PozzettiAndrea/ComfyUI-validate-endpoint.git D:\a\comfy-gpu-ci\comfy-gpu-ci\test_workspaces\Sharp-0031\portable-comfyui\ComfyUI_windows_portable\ComfyUI\custom_nodes\ComfyUI-validate-endpoint
[08:53] [INSTALL] PASSED
[08:53] 
[08:53] [3/5] REGISTRATION
[08:53] ----------------------------------------
[08:53] 
[DEBUG] server=None, server_url=None, api=None
[08:53] 
Starting ComfyUI server...
[08:53] Starting ComfyUI server on port 41896...
[08:53] Starting ComfyUI server on port 41896...
[08:53] Waiting for server to be ready (timeout: 600s)...
[08:54]   [ComfyUI] setup plugin alembic.autogenerate.schemas
[08:54]   [ComfyUI] setup plugin alembic.autogenerate.tables
[08:54]   [ComfyUI] setup plugin alembic.autogenerate.types
[08:54]   [ComfyUI] setup plugin alembic.autogenerate.constraints
[08:54]   [ComfyUI] setup plugin alembic.autogenerate.defaults
[08:54]   [ComfyUI] setup plugin alembic.autogenerate.comments
[08:54]   [ComfyUI] [comfy-env] ComfyUI-GeometryPack: 1 isolation env(s):
[08:54]   [ComfyUI] [comfy-env]   nodes -> D:\a\comfy-gpu-ci\comfy-gpu-ci\test_workspaces\Sharp-0031\portable-comfyui\ComfyUI_windows_portable\ComfyUI\custom_nodes\ComfyUI-GeometryPack\nodes
[08:54]   [ComfyUI] [comfy-env] prestartup complete
[08:54]   [ComfyUI] [comfy-env] ComfyUI-Sharp: 1 isolation env(s):
[08:54]   [ComfyUI] [comfy-env]   nodes -> D:\a\comfy-gpu-ci\comfy-gpu-ci\test_workspaces\Sharp-0031\portable-comfyui\ComfyUI_windows_portable\ComfyUI\custom_nodes\ComfyUI-Sharp\nodes
[08:54]   [ComfyUI] [comfy-env] prestartup complete
[08:54]   [ComfyUI] 
[08:54]   [ComfyUI] Prestartup times for custom nodes:
[08:54]   [ComfyUI]    0.0 seconds: D:\a\comfy-gpu-ci\comfy-gpu-ci\test_workspaces\Sharp-0031\portable-comfyui\ComfyUI_windows_portable\ComfyUI\custom_nodes\ComfyUI-Sharp
[08:54]   [ComfyUI]    0.4 seconds: D:\a\comfy-gpu-ci\comfy-gpu-ci\test_workspaces\Sharp-0031\portable-comfyui\ComfyUI_windows_portable\ComfyUI\custom_nodes\ComfyUI-GeometryPack
[08:54]   [ComfyUI] 
[08:57]   [ComfyUI] D:\a\comfy-gpu-ci\comfy-gpu-ci\test_workspaces\Sharp-0031\portable-comfyui\ComfyUI_windows_portable\python_embeded\Lib\site-packages\torch\cuda\__init__.py:180: UserWarning: cudaGetDeviceCount() returned cudaErrorNotSupported, likely using older driver or on CPU machine (Triggered internally at C:\actions-runner\_work\pytorch\pytorch\pytorch\c10\cuda\CUDAFunctions.cpp:88.)
[08:57]   [ComfyUI]   return torch._C._cuda_getDeviceCount() > 0
[08:58]   [ComfyUI] Found comfy_kitchen backend eager: {'available': True, 'disabled': False, 'unavailable_reason': None, 'capabilities': ['apply_rope', 'apply_rope1', 'dequantize_mxfp8', 'dequantize_nvfp4', 'dequantize_per_tensor_fp8', 'quantize_mxfp8', 'quantize_nvfp4', 'quantize_per_tensor_fp8', 'scaled_mm_mxfp8', 'scaled_mm_nvfp4']}
[08:58]   [ComfyUI] Found comfy_kitchen backend cuda: {'available': False, 'disabled': False, 'unavailable_reason': 'CUDA not available on this system', 'capabilities': []}
[08:58]   [ComfyUI] Found comfy_kitchen backend triton: {'available': False, 'disabled': True, 'unavailable_reason': "ImportError: No module named 'triton'", 'capabilities': []}
[08:58]   [ComfyUI] Checkpoint files will always be loaded safely.
[08:58]   [ComfyUI] Total VRAM 16379 MB, total RAM 16379 MB
[08:58]   [ComfyUI] pytorch version: 2.11.0+cu130
[08:58]   [ComfyUI] Set vram state to: DISABLED
[08:58]   [ComfyUI] Device: cpu
[08:59]   [ComfyUI] Using sub quadratic optimization for attention, if you have memory or speed issues try using: --use-split-cross-attention
[09:05]   [ComfyUI] Python version: 3.13.12 (tags/v3.13.12:1cbe481, Feb  3 2026, 18:22:25) [MSC v.1944 64 bit (AMD64)]
[09:05]   [ComfyUI] ComfyUI version: 0.20.1
[09:05]   [ComfyUI] comfy-aimdo version: 0.2.14
[09:05]   [ComfyUI] comfy-kitchen version: 0.2.8
[09:05]   [ComfyUI] ****** User settings have been changed to be stored on the server instead of browser storage. ******
[09:05]   [ComfyUI] ****** For multi-user setups add the --multi-user CLI argument to enable multiple user profiles. ******
[09:05]   [ComfyUI] ComfyUI frontend version: 1.42.15
[09:05]   [ComfyUI] [Prompt Server] web root: D:\a\comfy-gpu-ci\comfy-gpu-ci\test_workspaces\Sharp-0031\portable-comfyui\ComfyUI_windows_portable\python_embeded\Lib\site-packages\comfyui_frontend_package\static
[09:05]   [ComfyUI] Asset seeder disabled
[09:07]   [ComfyUI] loading...
[09:07]   [ComfyUI] calling register_nodes
[09:07]   [ComfyUI] [comfy-env] Version: 0.3.83
[09:09]   [ComfyUI] [comfy-env] register_nodes: ComfyUI-GeometryPack
[09:09]   [ComfyUI] [comfy-env] ComfyUI source dir: D:\a\comfy-gpu-ci\comfy-gpu-ci\test_workspaces\Sharp-0031\portable-comfyui\ComfyUI_windows_portable\ComfyUI
[09:09]   [ComfyUI] [comfy-env] Found 1 isolation env(s)
[09:09]   [ComfyUI] [comfy-env] Scanning nodes metadata (isolation root)...
[09:09]   [ComfyUI] [comfy-env] geometrypack-nodes: Library/bin has 611 DLLs
[09:09]   [ComfyUI] [comfy-env] Metadata scan: C:\Users\runneradmin\.pixi\bin\pixi.exe run --as-is --manifest-path C:\ce\pixi.toml -e geometrypack-nodes python C:\Users\RUNNER~1\AppData\Local\Temp\comfy_meta_kouvuh49.py D:\a\comfy-gpu-ci\comfy-gpu-ci\test_workspaces\Sharp-0031\portable-comfyui\ComfyUI_windows_portable\ComfyUI\custom_nodes\ComfyUI-GeometryPack nodes
[09:09]   [ComfyUI] [comfy-env] Scan env PATH for nodes:
[09:09]   [ComfyUI] [comfy-env]   [0] C:\ce\.pixi\envs\geometrypack-nodes
[09:09]   [ComfyUI] [comfy-env]   [1] C:\ce\.pixi\envs\geometrypack-nodes\Library\bin
[09:09]   [ComfyUI] [comfy-env]   [2] C:\ce\.pixi\envs\geometrypack-nodes\Scripts
[09:09]   [ComfyUI] [comfy-env]   [3] C:\ce\.pixi\envs\geometrypack-nodes\Lib\site-packages\bpy
[09:09]   [ComfyUI] [comfy-env]   [4] C:\Windows\System32
[09:09]   [ComfyUI] [comfy-env]   [5] C:\Windows
[09:09]   [ComfyUI] [comfy-env]   [6] C:\Windows\System32\Wbem
[09:28]   [ComfyUI] [comfy-env] Metadata scan stderr for nodes:
[09:28]   [ComfyUI] [comfy-env]   [meta-scan] importing nodes from D:\a\comfy-gpu-ci\comfy-gpu-ci\test_workspaces\Sharp-0031\portable-comfyui\ComfyUI_windows_portable\ComfyUI\custom_nodes\ComfyUI-GeometryPack
[09:28]   [ComfyUI] [comfy-env]   ERROR:root:Failed to import comfy_kitchen, Error: No module named 'comfy_kitchen', fp8 and fp4 support will not be available.
[09:28]   [ComfyUI] [comfy-env]   [meta-scan] import OK
[09:28]   [ComfyUI] [comfy-env] Scanned nodes: 125 nodes (19.4s)
[09:28]   [ComfyUI] [comfy-env] Scanned nodes root: 125 nodes (19.4s)
[09:28]   [ComfyUI] [comfy-env] Imported nodes root: 125 nodes (isolation)
[09:28]   [ComfyUI] [comfy-env] Registered 125 total nodes
[09:28]   [ComfyUI] [comfy-env] Version: 0.3.83
[09:28]   [ComfyUI] [comfy-env] register_nodes: ComfyUI-Sharp
[09:28]   [ComfyUI] [comfy-env] ComfyUI source dir: D:\a\comfy-gpu-ci\comfy-gpu-ci\test_workspaces\Sharp-0031\portable-comfyui\ComfyUI_windows_portable\ComfyUI
[09:28]   [ComfyUI] [comfy-env] Found 1 isolation env(s)
[09:28]   [ComfyUI] [comfy-env] Scanning nodes metadata (isolation root)...
[09:28]   [ComfyUI] [comfy-env] sharp-nodes: Library/bin has 235 DLLs
[09:28]   [ComfyUI] [comfy-env] Metadata scan: C:\Users\runneradmin\.pixi\bin\pixi.exe run --as-is --manifest-path C:\ce\pixi.toml -e sharp-nodes python C:\Users\RUNNER~1\AppData\Local\Temp\comfy_meta__qy4p4vf.py D:\a\comfy-gpu-ci\comfy-gpu-ci\test_workspaces\Sharp-0031\portable-comfyui\ComfyUI_windows_portable\ComfyUI\custom_nodes\ComfyUI-Sharp nodes
[09:28]   [ComfyUI] [comfy-env] Scan env PATH for nodes:
[09:28]   [ComfyUI] [comfy-env]   [0] C:\ce\.pixi\envs\sharp-nodes
[09:28]   [ComfyUI] [comfy-env]   [1] C:\ce\.pixi\envs\sharp-nodes\Library\bin
[09:28]   [ComfyUI] [comfy-env]   [2] C:\ce\.pixi\envs\sharp-nodes\Scripts
[09:28]   [ComfyUI] [comfy-env]   [3] C:\ce\.pixi\envs\sharp-nodes\Lib\site-packages\bpy
[09:28]   [ComfyUI] [comfy-env]   [4] C:\Windows\System32
[09:28]   [ComfyUI] [comfy-env]   [5] C:\Windows
[09:28]   [ComfyUI] [comfy-env]   [6] C:\Windows\System32\Wbem
[09:36]   [ComfyUI] [comfy-env] Metadata scan stderr for nodes:
[09:36]   [ComfyUI] [comfy-env]   [meta-scan] importing nodes from D:\a\comfy-gpu-ci\comfy-gpu-ci\test_workspaces\Sharp-0031\portable-comfyui\ComfyUI_windows_portable\ComfyUI\custom_nodes\ComfyUI-Sharp
[09:36]   [ComfyUI] [comfy-env]   [meta-scan] import OK
[09:36]   [ComfyUI] [comfy-env] Scanned nodes: 8 nodes (8.3s)
[09:36]   [ComfyUI] [comfy-env] Scanned nodes root: 8 nodes (8.3s)
[09:36]   [ComfyUI] [comfy-env] Imported nodes root: 8 nodes (isolation)
[09:36]   [ComfyUI] [comfy-env] Registered 8 total nodes
[09:36]   [ComfyUI] 
[09:36]   [ComfyUI] Import times for custom nodes:
[09:36]   [ComfyUI]    0.0 seconds: D:\a\comfy-gpu-ci\comfy-gpu-ci\test_workspaces\Sharp-0031\portable-comfyui\ComfyUI_windows_portable\ComfyUI\custom_nodes\ComfyUI-validate-endpoint
[09:36]   [ComfyUI]    0.0 seconds: D:\a\comfy-gpu-ci\comfy-gpu-ci\test_workspaces\Sharp-0031\portable-comfyui\ComfyUI_windows_portable\ComfyUI\custom_nodes\websocket_image_save.py
[09:36]   [ComfyUI]    8.4 seconds: D:\a\comfy-gpu-ci\comfy-gpu-ci\test_workspaces\Sharp-0031\portable-comfyui\ComfyUI_windows_portable\ComfyUI\custom_nodes\ComfyUI-Sharp
[09:36]   [ComfyUI]   21.1 seconds: D:\a\comfy-gpu-ci\comfy-gpu-ci\test_workspaces\Sharp-0031\portable-comfyui\ComfyUI_windows_portable\ComfyUI\custom_nodes\ComfyUI-GeometryPack
[09:36]   [ComfyUI] 
[09:36]   [ComfyUI] Context impl SQLiteImpl.
[09:36]   [ComfyUI] Will assume non-transactional DDL.
[09:36]   [ComfyUI] Context impl SQLiteImpl.
[09:36]   [ComfyUI] Will assume non-transactional DDL.
[09:36]   [ComfyUI] Running upgrade  -> 0001_assets, Initial assets schema
[09:36]   [ComfyUI] Revision ID: 0001_assets
[09:36]   [ComfyUI] Revises: None
[09:36]   [ComfyUI] Create Date: 2025-12-10 00:00:00
[09:36]   [ComfyUI] Running upgrade 0001_assets -> 0002_merge_to_asset_references, Merge AssetInfo and AssetCacheState into unified asset_references table.
[09:37]   [ComfyUI] Running upgrade 0002_merge_to_asset_references -> 0003_add_metadata_job_id, Add system_metadata and job_id columns to asset_references.
[09:37]   [ComfyUI] Change preview_id FK from assets.id to asset_references.id.
[09:37]   [ComfyUI] Database upgraded from None to 0003_add_metadata_job_id
[09:37]   [ComfyUI] Starting server
[09:37]   [ComfyUI] 
[09:37]   [ComfyUI] To see the GUI go to: http://127.0.0.1:41896
[09:37] Server responding, waiting for nodes to load...
[09:57] Server is ready!
[09:57] Checking for import errors in server logs...
[09:57] No import errors detected
[09:57] Found 822 registered nodes
[09:57] [REGISTRATION] PASSED
[09:57] 
[09:57] [4/5] INSTANTIATION
[09:57] ----------------------------------------
[09:57] 
[DEBUG] server=<comfy_test.comfyui.server.ComfyUIServer object at 0x0000025A98FE7FD0>, server_url=None, api=<comfy_test.comfyui.api.ComfyUIAPI object at 0x0000025A9902D4B0>
[09:57] Testing node constructors...
[10:01] All 8 node(s) instantiated successfully!
[10:01] [INSTANTIATION] PASSED
[10:01] 
[10:01] [5/5] EXECUTION
[10:01] ----------------------------------------
[10:01] 
[DEBUG] server=<comfy_test.comfyui.server.ComfyUIServer object at 0x0000025A98FE7FD0>, server_url=None, api=<comfy_test.comfyui.api.ComfyUIAPI object at 0x0000025A9902D4B0>
[10:01] CPU runner - will execute 2 workflow(s)
[10:01] Running 3 workflow(s) (all with videos)...
[10:01] Installing screenshot dependencies (playwright, pillow)...
[10:04]   Packages installed, downloading chromium browser...
[10:18]   Screenshot dependencies installed successfully
[10:18] Starting headless browser...
[10:19]   Downloading Mesa llvmpipe for Windows...
[10:23]   Copied opengl32.dll to Chromium dir
[10:23]   Copied libgallium_wgl.dll to Chromium dir
[10:23]   Using Mesa llvmpipe (desktop GL) -- multithreaded CPU rendering
[10:23]   [1/3] SKIPPED (not in cpu list) pano.json
[10:23] Capturing execution frames: sharp_basic.json
[10:33]   Frame 1 saved (frame_000.jpg, t=0.0s)
[10:33]   Validating workflow...
[10:33]   [ComfyUI] === /validate endpoint called ===
[10:33]   [ComfyUI] Received JSON with keys: ['prompt']
[10:33]   [ComfyUI] Prompt has 4 nodes
[10:33]   Queuing workflow for execution...
[10:33]   [ComfyUI]   Node 1: LoadImage
[10:33]   [ComfyUI]     Inputs: {"image": "beach.jpg"}
[10:33]   [ComfyUI]   Node 2: LoadSharpModel
[10:33]   [ComfyUI]     Inputs: {"precision": "auto"}
[10:33]   [ComfyUI]   Node 4: GeomPackPreviewGaussian
[10:33]   [ComfyUI]     Inputs: {"preview_gaussian": "", "ply_path": ["5", 0], "extrinsics": ["5", 1], "intrinsics": ["5", 2]}
[10:33]   [ComfyUI]   Node 5: SharpPredict
[10:33]   [ComfyUI]     Inputs: {"focal_length_mm": 30, "output_prefix": "sharp", "model": ["2", 0], "image": ["1", 0]}
[10:33]   [ComfyUI] Generated prompt_id: f9199abb-2f00-46d0-befa-2b1fb166017a
[10:33]   [ComfyUI] Calling execution.validate_prompt()...
[10:33]   [ComfyUI] Validation result: valid=True
[10:33]   [ComfyUI] === Validation PASSED ===
[10:33]   [ComfyUI] got prompt
[10:33]   [ComfyUI] [comfy-env] Running LoadSharpModel: precision: 'auto'
[10:33]   [ComfyUI] [comfy-env] SubprocessWorker: C:\ce\.pixi\envs\sharp-nodes\python.exe
[10:33]   [ComfyUI] [comfy-env] env_vars: {'COMFYUI_BASE': 'D:\\a\\comfy-gpu-ci\\comfy-gpu-ci\\test_workspaces\\Sharp-0031\\portable-comfyui\\ComfyUI_windows_portable\\ComfyUI'}
[10:33]   [ComfyUI] [SubprocessWorker] call_method: nodes.load_model.LoadSharpModel.EXECUTE_NORMALIZED
[10:33]   [ComfyUI] [SubprocessWorker] acquired lock, ensuring started...
[10:33]   [ComfyUI] [comfy-env] sharp-nodes: Library/bin has 235 DLLs
[10:33]   [ComfyUI] [ComfyUI-Sharp] python: C:\ce\.pixi\envs\sharp-nodes\python.exe
[10:33]   [ComfyUI] [ComfyUI-Sharp] sys_path sent to worker: ['D:\\a\\comfy-gpu-ci\\comfy-gpu-ci\\test_workspaces\\Sharp-0031\\portable-comfyui\\ComfyUI_windows_portable\\ComfyUI', 'D:\\a\\comfy-gpu-ci\\comfy-gpu-ci\\test_workspaces\\Sharp-0031\\portable-comfyui\\ComfyUI_windows_portable\\ComfyUI\\custom_nodes\\ComfyUI-Sharp', 'C:\\ce\\.pixi\\envs\\sharp-nodes\\Lib\\site-packages', 'D:\\a\\comfy-gpu-ci\\comfy-gpu-ci\\test_workspaces\\Sharp-0031\\portable-comfyui\\ComfyUI_windows_portable\\ComfyUI\\custom_nodes\\ComfyUI-Sharp']
[10:33]   [ComfyUI] [SubprocessWorker] is_pixi=True, python=C:\ce\.pixi\envs\sharp-nodes\python.exe
[10:33]   [ComfyUI] [SubprocessWorker] launching cmd=['C:\\Users\\runneradmin\\.pixi\\bin\\pixi.exe', 'run', '--as-is', '--manifest-path', 'C:\\ce\\pixi.toml', '-e', 'sharp-nodes', 'python', 'C:\\Users\\RUNNER~1\\AppData\\Local\\Temp\\comfyui_pvenv_lds30kiu\\persistent_worker.py', 'tcp://127.0.0.1:59215']...
[10:35]   Frame 2 saved (frame_001.jpg, t=2.4s)
[10:35]   [capture-periodic] freeze=2ms shot=134ms unfreeze=3ms saved=True
[10:35]   [ComfyUI] C:\ce\.pixi\envs\sharp-nodes\Lib\site-packages\torch\cuda\__init__.py:180: UserWarning: cudaGetDeviceCount() returned cudaErrorNotSupported, likely using older driver or on CPU machine (Triggered internally at C:\actions-runner\_work\pytorch\pytorch\pytorch\c10\cuda\CUDAFunctions.cpp:88.)
[10:35]   [ComfyUI]   return torch._C._cuda_getDeviceCount() > 0
[10:35]   [ComfyUI] [worker:ComfyUI-Sharp] ERROR: Failed to import comfy_kitchen, Error: No module named 'comfy_kitchen', fp8 and fp4 support will not be available.
[10:35]   [ComfyUI] [SubprocessWorker] worker started/confirmed
[10:35]   [ComfyUI] [SubprocessWorker] serializing kwargs to shm...
[10:35]   [ComfyUI] [SubprocessWorker] created 0 shm blocks
[10:35]   [ComfyUI] [SubprocessWorker] sending request via socket...
[10:35]   [ComfyUI] [SubprocessWorker] call_id=1 sending call_method
[10:37]   [ComfyUI] 
[10:37]   Frame 3 saved (frame_002.jpg, t=4.6s)
[10:37]   [capture-periodic] freeze=3ms shot=128ms unfreeze=4ms saved=True
[10:39]   [capture-loop] iter=50 t=6.0s state={'complete': False, 'error': None, 'executedCount': 0, 'wsState': 1} eval_ms=24 ram=5.4/16.0GB (34%) swap=0.3/2.9GB (10%) cpu=41% browser_rss=0.70GB
[10:39]   [ComfyUI] sharp_2572gikvuh.pt:   0%|          | 0.00/2.81G [00:00<?, ?B/s]
[10:39]   [ComfyUI] sharp_2572gikvuh.pt:   3%|▎         | 91.2M/2.81G [00:02<01:03, 42.9MB/s][SubprocessWorker] callback 'report_progress' from call_id=1
[10:39]   [ComfyUI] 
[10:39]   [ComfyUI] sharp_2572gikvuh.pt:   6%|▌         | 158M/2.81G [00:02<00:34, 76.9MB/s] [SubprocessWorker] callback 'report_progress' from call_id=1
[10:39]   Frame 4 saved (frame_003.jpg, t=6.9s)
[10:39]   [capture-periodic] freeze=13ms shot=191ms unfreeze=4ms saved=True
[10:39]   [ComfyUI] 
[10:39]   [ComfyUI] sharp_2572gikvuh.pt:  10%|█         | 292M/2.81G [00:02<00:16, 152MB/s] [SubprocessWorker] callback 'report_progress' from call_id=1
[10:40]   [ComfyUI] 
[10:40]   [ComfyUI] sharp_2572gikvuh.pt:  15%|█▌        | 427M/2.81G [00:03<00:14, 164MB/s][SubprocessWorker] callback 'report_progress' from call_id=1
[10:41]   [ComfyUI] 
[10:41]   [ComfyUI] sharp_2572gikvuh.pt:  18%|█▊        | 494M/2.81G [00:03<00:13, 176MB/s][SubprocessWorker] callback 'report_progress' from call_id=1
[10:41]   [ComfyUI] 
[10:41]   [ComfyUI] sharp_2572gikvuh.pt:  20%|█▉        | 561M/2.81G [00:03<00:10, 217MB/s][SubprocessWorker] callback 'report_progress' from call_id=1
[10:41]   [ComfyUI] 
[10:41]   [ComfyUI] sharp_2572gikvuh.pt:  22%|██▏       | 628M/2.81G [00:04<00:09, 229MB/s][SubprocessWorker] callback 'report_progress' from call_id=1
[10:42]   Frame 5 saved (frame_004.jpg, t=9.1s)
[10:42]   [capture-periodic] freeze=4ms shot=179ms unfreeze=6ms saved=True
[10:46]   [ComfyUI] 
[10:46]   [ComfyUI] sharp_2572gikvuh.pt:  27%|██▋       | 768M/2.81G [00:08<00:35, 56.9MB/s][SubprocessWorker] callback 'report_progress' from call_id=1
[10:46]   [capture-loop] iter=100 t=13.5s state={'complete': False, 'error': None, 'executedCount': 0, 'wsState': 1} eval_ms=8 ram=7.0/16.0GB (44%) swap=0.3/2.9GB (10%) cpu=84% browser_rss=0.74GB
[10:46]   [ComfyUI] 
[10:46]   [ComfyUI] sharp_2572gikvuh.pt:  32%|███▏      | 896M/2.81G [00:09<00:22, 84.6MB/s][SubprocessWorker] callback 'report_progress' from call_id=1
[10:46]   [ComfyUI] 
[10:46]   [ComfyUI] sharp_2572gikvuh.pt:  36%|███▋      | 1.02G/2.81G [00:09<00:15, 118MB/s][SubprocessWorker] callback 'report_progress' from call_id=1
[10:46]   Frame 6 saved (frame_005.jpg, t=13.8s)
[10:46]   [capture-periodic] freeze=16ms shot=141ms unfreeze=4ms saved=True
[10:46]   [ComfyUI] 
[10:46]   [ComfyUI] sharp_2572gikvuh.pt:  41%|████▏     | 1.16G/2.81G [00:09<00:10, 164MB/s][SubprocessWorker] callback 'report_progress' from call_id=1
[10:47]   [ComfyUI] 
[10:47]   [ComfyUI] sharp_2572gikvuh.pt:  49%|████▊     | 1.37G/2.81G [00:09<00:05, 246MB/s][SubprocessWorker] callback 'report_progress' from call_id=1
[10:47]   [ComfyUI] 
[10:47]   [ComfyUI] sharp_2572gikvuh.pt:  53%|█████▎    | 1.50G/2.81G [00:10<00:04, 290MB/s][SubprocessWorker] callback 'report_progress' from call_id=1
[10:47]   [ComfyUI] 
[10:47]   [ComfyUI] sharp_2572gikvuh.pt:  61%|██████    | 1.70G/2.81G [00:10<00:02, 383MB/s][SubprocessWorker] callback 'report_progress' from call_id=1
[10:47]   [ComfyUI] 
[10:47]   [ComfyUI] sharp_2572gikvuh.pt:  65%|██████▌   | 1.83G/2.81G [00:10<00:02, 415MB/s][SubprocessWorker] callback 'report_progress' from call_id=1
[10:48]   [ComfyUI] 
[10:48]   [ComfyUI] sharp_2572gikvuh.pt:  68%|██████▊   | 1.90G/2.81G [00:10<00:02, 382MB/s][SubprocessWorker] callback 'report_progress' from call_id=1
[10:48]   [ComfyUI] 
[10:48]   [ComfyUI] sharp_2572gikvuh.pt:  72%|███████▏  | 2.04G/2.81G [00:11<00:01, 421MB/s][SubprocessWorker] callback 'report_progress' from call_id=1
[10:48]   [ComfyUI] 
[10:48]   [ComfyUI] sharp_2572gikvuh.pt:  80%|███████▉  | 2.24G/2.81G [00:11<00:01, 519MB/s][SubprocessWorker] callback 'report_progress' from call_id=1
[10:48]   [ComfyUI] 
[10:48]   [ComfyUI] sharp_2572gikvuh.pt:  84%|████████▍ | 2.37G/2.81G [00:11<00:00, 524MB/s][SubprocessWorker] callback 'report_progress' from call_id=1
[10:49]   Frame 7 saved (frame_006.jpg, t=16.1s)
[10:49]   [capture-periodic] freeze=4ms shot=108ms unfreeze=3ms saved=True
[10:49]   [ComfyUI] 
[10:49]   [ComfyUI] sharp_2572gikvuh.pt:  89%|████████▉ | 2.51G/2.81G [00:11<00:00, 528MB/s][SubprocessWorker] callback 'report_progress' from call_id=1
[10:49]   [ComfyUI] 
[10:49]   [ComfyUI] sharp_2572gikvuh.pt:  94%|█████████▍| 2.64G/2.81G [00:12<00:00, 529MB/s][SubprocessWorker] callback 'report_progress' from call_id=1
[10:49]   [ComfyUI] 
[10:49]   [ComfyUI] sharp_2572gikvuh.pt:  99%|█████████▊| 2.77G/2.81G [00:12<00:00, 530MB/s][SubprocessWorker] callback 'report_progress' from call_id=1
[10:49]   [ComfyUI] [SubprocessWorker] callback 'report_progress' from call_id=1
[10:49]   [ComfyUI] 
[10:49]   [ComfyUI] sharp_2572gikvuh.pt: 100%|██████████| 2.81G/2.81G [00:12<00:00, 228MB/s]
[10:49]   [ComfyUI] [SubprocessWorker] got response: ok
[10:49]   [ComfyUI] [comfy-env] LoadSharpModel done (16.52s): result: NodeOutput
[10:49]   [ComfyUI] [comfy-env] Running SharpPredict: focal_length_mm: 30.0, output_prefix: 'sharp', model: dict, image: torch.float32 [1,1024,1536,3] cpu
[10:49]   [ComfyUI] [SubprocessWorker] call_method: nodes.predict.SharpPredict.EXECUTE_NORMALIZED
[10:49]   [ComfyUI] [SubprocessWorker] acquired lock, ensuring started...
[10:49]   [ComfyUI] [ComfyUI-Sharp] Health check: ping (timeout=5.0s)...
[10:49]   [ComfyUI] [ComfyUI-Sharp] Health check: ok
[10:49]   [ComfyUI] [SubprocessWorker] worker started/confirmed
[10:49]   [ComfyUI] [comfy-env] PRE-SERIALIZE 'image' shape: torch.Size([1, 1024, 1536, 3])
[10:49]   [ComfyUI] [SubprocessWorker] serializing kwargs to shm...
[10:49]   [ComfyUI] [SubprocessWorker] created 0 shm blocks
[10:49]   [ComfyUI] [SubprocessWorker] sending request via socket...
[10:49]   [ComfyUI] [SubprocessWorker] call_id=2 sending call_method
[10:49]   [ComfyUI] [worker:ComfyUI-Sharp] [comfy-env] _from_shm got dict with keys: ['__type__', 'strategy', 'manager_path', 'storage_key', 'storage_size']
[10:49]   [ComfyUI] [worker:ComfyUI-Sharp] [comfy-env] DESERIALIZE TensorRef: tensor_size=[1, 1024, 1536, 3]
[10:49]   [ComfyUI] [worker:ComfyUI-Sharp] [comfy-env] DESERIALIZED tensor shape: torch.Size([1, 1024, 1536, 3])
[10:50]   [ComfyUI] [worker:ComfyUI-Sharp] WARNING: No comfy kitchen, using old apply_rope functions.
[10:51]   Frame 8 saved (frame_007.jpg, t=18.3s)
[10:51]   [capture-periodic] freeze=4ms shot=111ms unfreeze=4ms saved=True
[10:52]   [capture-loop] iter=150 t=19.5s state={'complete': False, 'error': None, 'executedCount': 0, 'wsState': 1} eval_ms=8 ram=5.7/16.0GB (36%) swap=0.3/2.9GB (10%) cpu=51% browser_rss=0.75GB
[10:58]   [capture-loop] iter=200 t=25.6s state={'complete': False, 'error': None, 'executedCount': 0, 'wsState': 1} eval_ms=6 ram=5.6/16.0GB (35%) swap=0.3/2.9GB (10%) cpu=39% browser_rss=0.68GB
[11:04]   [capture-loop] iter=250 t=31.2s state={'complete': False, 'error': None, 'executedCount': 0, 'wsState': 1} eval_ms=4 ram=7.3/16.0GB (45%) swap=0.3/2.9GB (10%) cpu=41% browser_rss=0.68GB
[11:06]   [ComfyUI] [SubprocessWorker] callback 'request_vram_budget' from call_id=2
[11:06]   [ComfyUI] [comfy-env] VRAM request: 2.81GB, free before eviction: 8.42GB
[11:06]   [ComfyUI] [comfy-env] VRAM after eviction: 8.41GB
[11:06]   [ComfyUI] [worker:ComfyUI-Sharp] WARNING: [SPN] start: 0.00 GB, input=[1, 3, 1536, 1536]
[11:06]   [ComfyUI] [worker:ComfyUI-Sharp] WARNING: [SPN] patches: 0.00 GB, x0=25 x1=9 x2=1 total=35
[11:10]   [capture-loop] iter=300 t=37.2s state={'complete': False, 'error': None, 'executedCount': 0, 'wsState': 1} eval_ms=6 ram=8.5/16.0GB (53%) swap=0.3/2.9GB (10%) cpu=68% browser_rss=0.68GB
[11:16]   [capture-loop] iter=350 t=43.3s state={'complete': False, 'error': None, 'executedCount': 0, 'wsState': 1} eval_ms=4 ram=8.3/16.0GB (52%) swap=0.3/2.9GB (10%) cpu=84% browser_rss=0.67GB
[11:20]   [ComfyUI] [worker:ComfyUI-Sharp] WARNING: [SPN] after first chunk (4/35): 0.00 GB, chunk_size=4
[11:22]   [capture-loop] iter=400 t=49.3s state={'complete': False, 'error': None, 'executedCount': 0, 'wsState': 1} eval_ms=5 ram=8.1/16.0GB (51%) swap=0.3/2.9GB (10%) cpu=86% browser_rss=0.68GB
[11:28]   [capture-loop] iter=450 t=55.3s state={'complete': False, 'error': None, 'executedCount': 0, 'wsState': 1} eval_ms=4 ram=8.1/16.0GB (51%) swap=0.3/2.9GB (10%) cpu=85% browser_rss=0.65GB
[11:33]   [ComfyUI] [worker:ComfyUI-Sharp]
[11:33]   [ComfyUI] === WATCHDOG TICK 1 ===
[11:33]   [ComfyUI] [worker:ComfyUI-Sharp] Thread 0x00002470 (most recent call first):
[11:33]   [ComfyUI]   File "C:\ce\.pixi\envs\sharp-nodes\Lib\threading.py", line 363 in wait
[11:33]   [ComfyUI]   File "C:\ce\.pixi\envs\sharp-nodes\Lib\threading.py", line 660 in wait
[11:33]   [ComfyUI]   File "C:\ce\.pixi\envs\sharp-nodes\Lib\site-packages\tqdm\_monitor.py", line 60 in run
[11:33]   [ComfyUI]   File "C:\ce\.pixi\envs\sharp-nodes\Lib\threading.py", line 1044 in _bootstrap_inner
[11:33]   [ComfyUI]   File "C:\ce\.pixi\envs\sharp-nodes\Lib\threading.py", line 1015 in _bootstrap
[11:33]   [ComfyUI] 
[11:33]   [ComfyUI] Current thread 0x00001594 (most recent call first):
[11:33]   [ComfyUI]   File "C:\Users\RUNNER~1\AppData\Local\Temp\comfyui_pvenv_lds30kiu\persistent_worker.py", line 52 in _watchdog
[11:33]   [ComfyUI]   File "C:\ce\.pixi\envs\sharp-nodes\Lib\threading.py", line 995 in run
[11:33]   [ComfyUI]   File "C:\ce\.pixi\envs\sharp-nodes\Lib\threading.py", line 1044 in _bootstrap_inner
[11:33]   [ComfyUI]   File "C:\ce\.pixi\envs\sharp-nodes\Lib\threading.py", line 1015 in _bootstrap
[11:33]   [ComfyUI] 
[11:33]   [ComfyUI] Thread 0x00000a24 (most recent call first):
[11:33]   [ComfyUI]   File "D:\a\comfy-gpu-ci\comfy-gpu-ci\test_workspaces\Sharp-0031\portable-comfyui\ComfyUI_windows_portable\ComfyUI\comfy\ldm\modules\sub_quadratic_attention.py", line 171 in _get_attention_scores_no_kv_chunking
[11:33]   [ComfyUI]   File "D:\a\comfy-gpu-ci\comfy-gpu-ci\test_workspaces\Sharp-0031\portable-comfyui\ComfyUI_windows_portable\ComfyUI\comfy\ldm\modules\sub_quadratic_attention.py", line 259 in efficient_dot_product_attention
[11:33]   [ComfyUI]   File "D:\a\comfy-gpu-ci\comfy-gpu-ci\test_workspaces\Sharp-0031\portable-comfyui\ComfyUI_windows_portable\ComfyUI\comfy\ldm\modules\attention.py", line 264 in attention_sub_quad
[11:33]   [ComfyUI]   File "D:\a\comfy-gpu-ci\comfy-gpu-ci\test_workspaces\Sharp-0031\portable-comfyui\ComfyUI_windows_portable\ComfyUI\comfy\ldm\modules\attention.py", line 137 in wrapper
[11:33]   [ComfyUI]   File "D:\a\comfy-gpu-ci\comfy-gpu-ci\test_workspaces\Sharp-0031\portable-comfyui\ComfyUI_windows_portable\ComfyUI\custom_nodes\ComfyUI-Sharp\nodes\sharp\model.py", line 234 in forward
[11:33]   [ComfyUI]   File "C:\ce\.pixi\envs\sharp-nodes\Lib\site-packages\torch\nn\modules\module.py", line 1790 in _call_impl
[11:33]   [ComfyUI]   File "C:\ce\.pixi\envs\sharp-nodes\Lib\site-packages\torch\nn\modules\module.py", line 1779 in _wrapped_call_impl
[11:33]   [ComfyUI]   File "D:\a\comfy-gpu-ci\comfy-gpu-ci\test_workspaces\Sharp-0031\portable-comfyui\ComfyUI_windows_portable\ComfyUI\custom_nodes\ComfyUI-Sharp\nodes\sharp\model.py", line 309 in forward
[11:33]   [ComfyUI]   File "C:\ce\.pixi\envs\sharp-nodes\Lib\site-packages\torch\nn\modules\module.py", line 1790 in _call_impl
[11:33]   [ComfyUI]   File "C:\ce\.pixi\envs\sharp-nodes\Lib\site-packages\torch\nn\modules\module.py", line 1779 in _wrapped_call_impl
[11:33]   [ComfyUI]   File "D:\a\comfy-gpu-ci\comfy-gpu-ci\test_workspaces\Sharp-0031\portable-comfyui\ComfyUI_windows_portable\ComfyUI\custom_nodes\ComfyUI-Sharp\nodes\sharp\model.py", line 412 in forward
[11:33]   [ComfyUI]   File "C:\ce\.pixi\envs\sharp-nodes\Lib\site-packages\torch\nn\modules\module.py", line 1790 in _call_impl
[11:33]   [ComfyUI]   File "C:\ce\.pixi\envs\sharp-nodes\Lib\site-packages\torch\nn\modules\module.py", line 1779 in _wrapped_call_impl
[11:33]   [ComfyUI]   File "D:\a\comfy-gpu-ci\comfy-gpu-ci\test_workspaces\Sharp-0031\portable-comfyui\ComfyUI_windows_portable\ComfyUI\custom_nodes\ComfyUI-Sharp\nodes\sharp\model.py", line 685 in forward
[11:33]   [ComfyUI]   File "C:\ce\.pixi\envs\sharp-nodes\Lib\site-packages\torch\nn\modules\module.py", line 1790 in _call_impl
[11:33]   [ComfyUI]   File "C:\ce\.pixi\envs\sharp-nodes\Lib\site-packages\torch\nn\modules\module.py", line 1779 in _wrapped_call_impl
[11:33]   [ComfyUI]   File "D:\a\comfy-gpu-ci\comfy-gpu-ci\test_workspaces\Sharp-0031\portable-comfyui\ComfyUI_windows_portable\ComfyUI\custom_nodes\ComfyUI-Sharp\nodes\sharp\model.py", line 1109 in forward
[11:33]   [ComfyUI]   File "C:\ce\.pixi\envs\sharp-nodes\Lib\site-packages\torch\nn\modules\module.py", line 1790 in _call_impl
[11:33]   [ComfyUI]   File "C:\ce\.pixi\envs\sharp-nodes\Lib\site-packages\torch\nn\modules\module.py", line 1779 in _wrapped_call_impl
[11:33]   [ComfyUI]   File "D:\a\comfy-gpu-ci\comfy-gpu-ci\test_workspaces\Sharp-0031\portable-comfyui\ComfyUI_windows_portable\ComfyUI\custom_nodes\ComfyUI-Sharp\nodes\sharp\model.py", line 2006 in encode
[11:33]   [ComfyUI]   File "D:\a\comfy-gpu-ci\comfy-gpu-ci\test_workspaces\Sharp-0031\portable-comfyui\ComfyUI_windows_portable\ComfyUI\custom_nodes\ComfyUI-Sharp\nodes\predict.py", line 287 in _predict_image_cached
[11:33]   [ComfyUI]   File "D:\a\comfy-gpu-ci\comfy-gpu-ci\test_workspaces\Sharp-0031\portable-comfyui\ComfyUI_windows_portable\ComfyUI\custom_nodes\ComfyUI-Sharp\nodes\predict.py", line 184 in execute
[11:33]   [ComfyUI]   File "C:\ce\.pixi\envs\sharp-nodes\Lib\site-packages\torch\utils\_contextlib.py", line 124 in decorate_context
[11:33]   [ComfyUI]   File "D:\a\comfy-gpu-ci\comfy-gpu-ci\test_workspaces\Sharp-0031\portable-comfyui\ComfyUI_windows_portable\ComfyUI\comfy_api\latest\_io.py", line 1826 in EXECUTE_NORMALIZED
[11:33]   [ComfyUI]   File "C:\Users\RUNNER~1\AppData\Local\Temp\comfyui_pvenv_lds30kiu\persistent_worker.py", line 1762 in main
[11:33]   [ComfyUI]   File "C:\Users\RUNNER~1\AppData\Local\Temp\comfyui_pvenv_lds30kiu\persistent_worker.py", line 1807 in <module>
[11:33]   [ComfyUI] 
[11:33]   [ComfyUI] [worker:ComfyUI-Sharp] === END ===
[11:33]   [ComfyUI] 
[11:34]   [capture-loop] iter=500 t=61.3s state={'complete': False, 'error': None, 'executedCount': 0, 'wsState': 1} eval_ms=10 ram=8.1/16.0GB (51%) swap=0.3/2.9GB (10%) cpu=85% browser_rss=0.65GB
[11:40]   [capture-loop] iter=550 t=67.3s state={'complete': False, 'error': None, 'executedCount': 0, 'wsState': 1} eval_ms=5 ram=8.3/16.0GB (52%) swap=0.3/2.9GB (10%) cpu=83% browser_rss=0.64GB
[11:45]   [capture-loop] iter=600 t=73.1s state={'complete': False, 'error': None, 'executedCount': 0, 'wsState': 1} eval_ms=10 ram=8.2/16.0GB (51%) swap=0.3/2.9GB (10%) cpu=82% browser_rss=0.64GB
[11:52]   [capture-loop] iter=650 t=79.2s state={'complete': False, 'error': None, 'executedCount': 0, 'wsState': 1} eval_ms=5 ram=8.2/16.0GB (51%) swap=0.3/2.9GB (10%) cpu=85% browser_rss=0.64GB
[11:58]   [capture-loop] iter=700 t=85.4s state={'complete': False, 'error': None, 'executedCount': 0, 'wsState': 1} eval_ms=5 ram=8.2/16.0GB (51%) swap=0.3/2.9GB (10%) cpu=85% browser_rss=0.64GB
[12:04]   [capture-loop] iter=750 t=91.2s state={'complete': False, 'error': None, 'executedCount': 0, 'wsState': 1} eval_ms=5 ram=8.2/16.0GB (52%) swap=0.3/2.9GB (10%) cpu=84% browser_rss=0.63GB
[12:10]   [capture-loop] iter=800 t=97.3s state={'complete': False, 'error': None, 'executedCount': 0, 'wsState': 1} eval_ms=7 ram=8.2/16.0GB (51%) swap=0.3/2.9GB (10%) cpu=84% browser_rss=0.63GB
[12:16]   [capture-loop] iter=850 t=103.4s state={'complete': False, 'error': None, 'executedCount': 0, 'wsState': 1} eval_ms=5 ram=8.1/16.0GB (50%) swap=0.4/2.9GB (14%) cpu=85% browser_rss=0.63GB
[12:22]   [capture-loop] iter=900 t=109.5s state={'complete': False, 'error': None, 'executedCount': 0, 'wsState': 1} eval_ms=6 ram=8.1/16.0GB (51%) swap=0.4/2.9GB (14%) cpu=84% browser_rss=0.62GB
[12:28]   [capture-loop] iter=950 t=115.4s state={'complete': False, 'error': None, 'executedCount': 0, 'wsState': 1} eval_ms=6 ram=8.1/16.0GB (50%) swap=0.4/2.9GB (14%) cpu=83% browser_rss=0.62GB
[12:33]   [ComfyUI] [worker:ComfyUI-Sharp]
[12:33]   [ComfyUI] === WATCHDOG TICK 2 ===
[12:33]   [ComfyUI] [worker:ComfyUI-Sharp] Thread 0x00002470 (most recent call first):
[12:33]   [ComfyUI]   File "C:\ce\.pixi\envs\sharp-nodes\Lib\threading.py", line 363 in wait
[12:33]   [ComfyUI]   File "C:\ce\.pixi\envs\sharp-nodes\Lib\threading.py", line 660 in wait
[12:33]   [ComfyUI]   File "C:\ce\.pixi\envs\sharp-nodes\Lib\site-packages\tqdm\_monitor.py", line 60 in run
[12:33]   [ComfyUI]   File "C:\ce\.pixi\envs\sharp-nodes\Lib\threading.py", line 1044 in _bootstrap_inner
[12:33]   [ComfyUI]   File "C:\ce\.pixi\envs\sharp-nodes\Lib\threading.py", line 1015 in _bootstrap
[12:33]   [ComfyUI] 
[12:33]   [ComfyUI] Current thread 0x00001594 (most recent call first):
[12:33]   [ComfyUI]   File "C:\Users\RUNNER~1\AppData\Local\Temp\comfyui_pvenv_lds30kiu\persistent_worker.py", line 52 in _watchdog
[12:33]   [ComfyUI]   File "C:\ce\.pixi\envs\sharp-nodes\Lib\threading.py", line 995 in run
[12:33]   [ComfyUI]   File "C:\ce\.pixi\envs\sharp-nodes\Lib\threading.py", line 1044 in _bootstrap_inner
[12:33]   [ComfyUI]   File "C:\ce\.pixi\envs\sharp-nodes\Lib\threading.py", line 1015 in _bootstrap
[12:33]   [ComfyUI] 
[12:33]   [ComfyUI] Thread 0x00000a24 (most recent call first):
[12:33]   [ComfyUI]   File "C:\ce\.pixi\envs\sharp-nodes\Lib\site-packages\torch\nn\functional.py", line 2935 in layer_norm
[12:33]   [ComfyUI]   File "C:\ce\.pixi\envs\sharp-nodes\Lib\site-packages\torch\nn\modules\normalization.py", line 229 in forward
[12:33]   [ComfyUI]   File "D:\a\comfy-gpu-ci\comfy-gpu-ci\test_workspaces\Sharp-0031\portable-comfyui\ComfyUI_windows_portable\ComfyUI\comfy\ops.py", line 495 in forward
[12:33]   [ComfyUI]   File "C:\ce\.pixi\envs\sharp-nodes\Lib\site-packages\torch\nn\modules\module.py", line 1790 in _call_impl
[12:33]   [ComfyUI]   File "C:\ce\.pixi\envs\sharp-nodes\Lib\site-packages\torch\nn\modules\module.py", line 1779 in _wrapped_call_impl
[12:33]   [ComfyUI]   File "D:\a\comfy-gpu-ci\comfy-gpu-ci\test_workspaces\Sharp-0031\portable-comfyui\ComfyUI_windows_portable\ComfyUI\custom_nodes\ComfyUI-Sharp\nodes\sharp\model.py", line 309 in forward
[12:33]   [ComfyUI]   File "C:\ce\.pixi\envs\sharp-nodes\Lib\site-packages\torch\nn\modules\module.py", line 1790 in _call_impl
[12:33]   [ComfyUI]   File "C:\ce\.pixi\envs\sharp-nodes\Lib\site-packages\torch\nn\modules\module.py", line 1779 in _wrapped_call_impl
[12:33]   [ComfyUI]   File "D:\a\comfy-gpu-ci\comfy-gpu-ci\test_workspaces\Sharp-0031\portable-comfyui\ComfyUI_windows_portable\ComfyUI\custom_nodes\ComfyUI-Sharp\nodes\sharp\model.py", line 412 in forward
[12:33]   [ComfyUI]   File "C:\ce\.pixi\envs\sharp-nodes\Lib\site-packages\torch\nn\modules\module.py", line 1790 in _call_impl
[12:33]   [ComfyUI]   File "C:\ce\.pixi\envs\sharp-nodes\Lib\site-packages\torch\nn\modules\module.py", line 1779 in _wrapped_call_impl
[12:33]   [ComfyUI]   File "D:\a\comfy-gpu-ci\comfy-gpu-ci\test_workspaces\Sharp-0031\portable-comfyui\ComfyUI_windows_portable\ComfyUI\custom_nodes\ComfyUI-Sharp\nodes\sharp\model.py", line 685 in forward
[12:33]   [ComfyUI]   File "C:\ce\.pixi\envs\sharp-nodes\Lib\site-packages\torch\nn\modules\module.py", line 1790 in _call_impl
[12:33]   [ComfyUI]   File "C:\ce\.pixi\envs\sharp-nodes\Lib\site-packages\torch\nn\modules\module.py", line 1779 in _wrapped_call_impl
[12:33]   [ComfyUI]   File "D:\a\comfy-gpu-ci\comfy-gpu-ci\test_workspaces\Sharp-0031\portable-comfyui\ComfyUI_windows_portable\ComfyUI\custom_nodes\ComfyUI-Sharp\nodes\sharp\model.py", line 1109 in forward
[12:33]   [ComfyUI]   File "C:\ce\.pixi\envs\sharp-nodes\Lib\site-packages\torch\nn\modules\module.py", line 1790 in _call_impl
[12:33]   [ComfyUI]   File "C:\ce\.pixi\envs\sharp-nodes\Lib\site-packages\torch\nn\modules\module.py", line 1779 in _wrapped_call_impl
[12:33]   [ComfyUI]   File "D:\a\comfy-gpu-ci\comfy-gpu-ci\test_workspaces\Sharp-0031\portable-comfyui\ComfyUI_windows_portable\ComfyUI\custom_nodes\ComfyUI-Sharp\nodes\sharp\model.py", line 2006 in encode
[12:33]   [ComfyUI]   File "D:\a\comfy-gpu-ci\comfy-gpu-ci\test_workspaces\Sharp-0031\portable-comfyui\ComfyUI_windows_portable\ComfyUI\custom_nodes\ComfyUI-Sharp\nodes\predict.py", line 287 in _predict_image_cached
[12:33]   [ComfyUI]   File "D:\a\comfy-gpu-ci\comfy-gpu-ci\test_workspaces\Sharp-0031\portable-comfyui\ComfyUI_windows_portable\ComfyUI\custom_nodes\ComfyUI-Sharp\nodes\predict.py", line 184 in execute
[12:33]   [ComfyUI]   File "C:\ce\.pixi\envs\sharp-nodes\Lib\site-packages\torch\utils\_contextlib.py", line 124 in decorate_context
[12:33]   [ComfyUI]   File "D:\a\comfy-gpu-ci\comfy-gpu-ci\test_workspaces\Sharp-0031\portable-comfyui\ComfyUI_windows_portable\ComfyUI\comfy_api\latest\_io.py", line 1826 in EXECUTE_NORMALIZED
[12:33]   [ComfyUI]   File "C:\Users\RUNNER~1\AppData\Local\Temp\comfyui_pvenv_lds30kiu\persistent_worker.py", line 1762 in main
[12:33]   [ComfyUI]   File "C:\Users\RUNNER~1\AppData\Local\Temp\comfyui_pvenv_lds30kiu\persistent_worker.py", line 1807 in <module>
[12:33]   [ComfyUI] 
[12:33]   [ComfyUI] [worker:ComfyUI-Sharp] === END ===
[12:33]   [ComfyUI] 
[12:34]   [capture-loop] iter=1000 t=121.5s state={'complete': False, 'error': None, 'executedCount': 0, 'wsState': 1} eval_ms=18 ram=8.1/16.0GB (51%) swap=0.4/2.9GB (14%) cpu=84% browser_rss=0.62GB
[12:40]   [capture-loop] iter=1050 t=127.5s state={'complete': False, 'error': None, 'executedCount': 0, 'wsState': 1} eval_ms=5 ram=8.1/16.0GB (51%) swap=0.4/2.9GB (14%) cpu=81% browser_rss=0.62GB
[12:46]   [capture-loop] iter=1100 t=133.4s state={'complete': False, 'error': None, 'executedCount': 0, 'wsState': 1} eval_ms=5 ram=8.1/16.0GB (51%) swap=0.4/2.9GB (14%) cpu=86% browser_rss=0.61GB
[12:52]   [capture-loop] iter=1150 t=139.4s state={'complete': False, 'error': None, 'executedCount': 0, 'wsState': 1} eval_ms=5 ram=8.2/16.0GB (51%) swap=0.4/2.9GB (14%) cpu=82% browser_rss=0.61GB
[12:58]   [capture-loop] iter=1200 t=145.6s state={'complete': False, 'error': None, 'executedCount': 0, 'wsState': 1} eval_ms=8 ram=8.2/16.0GB (51%) swap=0.4/2.9GB (14%) cpu=86% browser_rss=0.61GB
[13:04]   [capture-loop] iter=1250 t=151.6s state={'complete': False, 'error': None, 'executedCount': 0, 'wsState': 1} eval_ms=7 ram=8.0/16.0GB (50%) swap=0.5/2.9GB (18%) cpu=83% browser_rss=0.60GB
[13:04]   [ComfyUI] [worker:ComfyUI-Sharp] WARNING: [SPN] after all chunks + cache clear: 0.00 GB
[13:05]   [ComfyUI] [worker:ComfyUI-Sharp] WARNING: [SPN] after merge intermediates: 0.00 GB
[13:05]   [ComfyUI] [worker:ComfyUI-Sharp] WARNING: [SPN] after merge all: 0.00 GB
[13:08]   [ComfyUI] [worker:ComfyUI-Sharp] WARNING: [SPN] after image_encoder: 0.00 GB
[13:10]   [capture-loop] iter=1300 t=157.4s state={'complete': False, 'error': None, 'executedCount': 0, 'wsState': 1} eval_ms=6 ram=8.5/16.0GB (53%) swap=0.5/2.9GB (18%) cpu=78% browser_rss=0.60GB
[13:10]   [ComfyUI] [worker:ComfyUI-Sharp] WARNING: [SPN] after upsample: 0.00 GB
[13:10]   [ComfyUI] [worker:ComfyUI-Sharp] WARNING: [Monodepth] after SPN encoder + cache clear: 0.00 GB
[13:16]   [capture-loop] iter=1350 t=163.5s state={'complete': False, 'error': None, 'executedCount': 0, 'wsState': 1} eval_ms=10 ram=8.8/16.0GB (55%) swap=0.5/2.9GB (18%) cpu=84% browser_rss=0.60GB
[13:22]   [capture-loop] iter=1400 t=169.6s state={'complete': False, 'error': None, 'executedCount': 0, 'wsState': 1} eval_ms=5 ram=10.3/16.0GB (65%) swap=0.6/2.9GB (22%) cpu=84% browser_rss=0.59GB
[13:28]   [capture-loop] iter=1450 t=175.4s state={'complete': False, 'error': None, 'executedCount': 0, 'wsState': 1} eval_ms=4 ram=9.6/16.0GB (60%) swap=0.6/2.9GB (22%) cpu=76% browser_rss=0.58GB
[13:33]   [ComfyUI] [worker:ComfyUI-Sharp]
[13:33]   [ComfyUI] === WATCHDOG TICK 3 ===
[13:33]   [ComfyUI] [worker:ComfyUI-Sharp] Thread 0x00002470 (most recent call first):
[13:33]   [ComfyUI]   File "C:\ce\.pixi\envs\sharp-nodes\Lib\threading.py", line 363 in wait
[13:33]   [ComfyUI]   File "C:\ce\.pixi\envs\sharp-nodes\Lib\threading.py", line 660 in wait
[13:33]   [ComfyUI]   File "C:\ce\.pixi\envs\sharp-nodes\Lib\site-packages\tqdm\_monitor.py", line 60 in run
[13:33]   [ComfyUI]   File "C:\ce\.pixi\envs\sharp-nodes\Lib\threading.py", line 1044 in _bootstrap_inner
[13:33]   [ComfyUI]   File "C:\ce\.pixi\envs\sharp-nodes\Lib\threading.py", line 1015 in _bootstrap
[13:33]   [ComfyUI] 
[13:33]   [ComfyUI] Current thread 0x00001594 (most recent call first):
[13:33]   [ComfyUI]   File "C:\Users\RUNNER~1\AppData\Local\Temp\comfyui_pvenv_lds30kiu\persistent_worker.py", line 52 in _watchdog
[13:33]   [ComfyUI]   File "C:\ce\.pixi\envs\sharp-nodes\Lib\threading.py", line 995 in run
[13:33]   [ComfyUI]   File "C:\ce\.pixi\envs\sharp-nodes\Lib\threading.py", line 1044 in _bootstrap_inner
[13:33]   [ComfyUI]   File "C:\ce\.pixi\envs\sharp-nodes\Lib\threading.py", line 1015 in _bootstrap
[13:33]   [ComfyUI] 
[13:33]   [ComfyUI] Thread 0x00000a24 (most recent call first):
[13:33]   [ComfyUI]   File "C:\ce\.pixi\envs\sharp-nodes\Lib\site-packages\torch\nn\modules\conv.py", line 548 in _conv_forward
[13:33]   [ComfyUI]   File "C:\ce\.pixi\envs\sharp-nodes\Lib\site-packages\torch\nn\modules\conv.py", line 553 in forward
[13:33]   [ComfyUI]   File "D:\a\comfy-gpu-ci\comfy-gpu-ci\test_workspaces\Sharp-0031\portable-comfyui\ComfyUI_windows_portable\ComfyUI\comfy\ops.py", line 428 in forward
[13:33]   [ComfyUI]   File "C:\ce\.pixi\envs\sharp-nodes\Lib\site-packages\torch\nn\modules\module.py", line 1790 in _call_impl
[13:33]   [ComfyUI]   File "C:\ce\.pixi\envs\sharp-nodes\Lib\site-packages\torch\nn\modules\module.py", line 1779 in _wrapped_call_impl
[13:33]   [ComfyUI]   File "C:\ce\.pixi\envs\sharp-nodes\Lib\site-packages\torch\nn\modules\container.py", line 253 in forward
[13:33]   [ComfyUI]   File "C:\ce\.pixi\envs\sharp-nodes\Lib\site-packages\torch\nn\modules\module.py", line 1790 in _call_impl
[13:33]   [ComfyUI]   File "C:\ce\.pixi\envs\sharp-nodes\Lib\site-packages\torch\nn\modules\module.py", line 1779 in _wrapped_call_impl
[13:33]   [ComfyUI]   File "D:\a\comfy-gpu-ci\comfy-gpu-ci\test_workspaces\Sharp-0031\portable-comfyui\ComfyUI_windows_portable\ComfyUI\custom_nodes\ComfyUI-Sharp\nodes\sharp\model.py", line 766 in forward
[13:33]   [ComfyUI]   File "C:\ce\.pixi\envs\sharp-nodes\Lib\site-packages\torch\nn\modules\module.py", line 1790 in _call_impl
[13:33]   [ComfyUI]   File "C:\ce\.pixi\envs\sharp-nodes\Lib\site-packages\torch\nn\modules\module.py", line 1779 in _wrapped_call_impl
[13:33]   [ComfyUI]   File "D:\a\comfy-gpu-ci\comfy-gpu-ci\test_workspaces\Sharp-0031\portable-comfyui\ComfyUI_windows_portable\ComfyUI\custom_nodes\ComfyUI-Sharp\nodes\sharp\model.py", line 860 in forward
[13:33]   [ComfyUI]   File "C:\ce\.pixi\envs\sharp-nodes\Lib\site-packages\torch\nn\modules\module.py", line 1790 in _call_impl
[13:33]   [ComfyUI]   File "C:\ce\.pixi\envs\sharp-nodes\Lib\site-packages\torch\nn\modules\module.py", line 1779 in _wrapped_call_impl
[13:33]   [ComfyUI]   File "D:\a\comfy-gpu-ci\comfy-gpu-ci\test_workspaces\Sharp-0031\portable-comfyui\ComfyUI_windows_portable\ComfyUI\custom_nodes\ComfyUI-Sharp\nodes\sharp\model.py", line 970 in forward
[13:33]   [ComfyUI]   File "C:\ce\.pixi\envs\sharp-nodes\Lib\site-packages\torch\nn\modules\module.py", line 1790 in _call_impl
[13:33]   [ComfyUI]   File "C:\ce\.pixi\envs\sharp-nodes\Lib\site-packages\torch\nn\modules\module.py", line 1779 in _wrapped_call_impl
[13:33]   [ComfyUI]   File "D:\a\comfy-gpu-ci\comfy-gpu-ci\test_workspaces\Sharp-0031\portable-comfyui\ComfyUI_windows_portable\ComfyUI\custom_nodes\ComfyUI-Sharp\nodes\sharp\model.py", line 1118 in forward
[13:33]   [ComfyUI]   File "C:\ce\.pixi\envs\sharp-nodes\Lib\site-packages\torch\nn\modules\module.py", line 1790 in _call_impl
[13:33]   [ComfyUI]   File "C:\ce\.pixi\envs\sharp-nodes\Lib\site-packages\torch\nn\modules\module.py", line 1779 in _wrapped_call_impl
[13:33]   [ComfyUI]   File "D:\a\comfy-gpu-ci\comfy-gpu-ci\test_workspaces\Sharp-0031\portable-comfyui\ComfyUI_windows_portable\ComfyUI\custom_nodes\ComfyUI-Sharp\nodes\sharp\model.py", line 2006 in encode
[13:33]   [ComfyUI]   File "D:\a\comfy-gpu-ci\comfy-gpu-ci\test_workspaces\Sharp-0031\portable-comfyui\ComfyUI_windows_portable\ComfyUI\custom_nodes\ComfyUI-Sharp\nodes\predict.py", line 287 in _predict_image_cached
[13:33]   [ComfyUI]   File "D:\a\comfy-gpu-ci\comfy-gpu-ci\test_workspaces\Sharp-0031\portable-comfyui\ComfyUI_windows_portable\ComfyUI\custom_nodes\ComfyUI-Sharp\nodes\predict.py", line 184 in execute
[13:33]   [ComfyUI]   File "C:\ce\.pixi\envs\sharp-nodes\Lib\site-packages\torch\utils\_contextlib.py", line 124 in decorate_context
[13:33]   [ComfyUI]   File "D:\a\comfy-gpu-ci\comfy-gpu-ci\test_workspaces\Sharp-0031\portable-comfyui\ComfyUI_windows_portable\ComfyUI\comfy_api\latest\_io.py", line 1826 in EXECUTE_NORMALIZED
[13:33]   [ComfyUI]   File "C:\Users\RUNNER~1\AppData\Local\Temp\comfyui_pvenv_lds30kiu\persistent_worker.py", line 1762 in main
[13:33]   [ComfyUI]   File "C:\Users\RUNNER~1\AppData\Local\Temp\comfyui_pvenv_lds30kiu\persistent_worker.py", line 1807 in <module>
[13:33]   [ComfyUI] 
[13:33]   [ComfyUI] [worker:ComfyUI-Sharp] === END ===
[13:33]   [ComfyUI] 
[13:34]   [capture-loop] iter=1500 t=181.5s state={'complete': False, 'error': None, 'executedCount': 0, 'wsState': 1} eval_ms=6 ram=11.2/16.0GB (70%) swap=0.7/2.9GB (25%) cpu=80% browser_rss=0.57GB
[13:40]   [capture-loop] iter=1550 t=187.6s state={'complete': False, 'error': None, 'executedCount': 0, 'wsState': 1} eval_ms=4 ram=11.3/16.0GB (71%) swap=0.7/2.9GB (25%) cpu=84% browser_rss=0.56GB
[13:42]   [ComfyUI] [worker:ComfyUI-Sharp] WARNING: [Monodepth] after decoder: 0.00 GB
[13:46]   [capture-loop] iter=1600 t=193.5s state={'complete': False, 'error': None, 'executedCount': 0, 'wsState': 1} eval_ms=7 ram=11.7/16.0GB (73%) swap=0.7/2.9GB (25%) cpu=79% browser_rss=0.56GB
[13:49]   [ComfyUI] [worker:ComfyUI-Sharp] WARNING: [Decode] start: 0.00 GB
[13:49]   [ComfyUI] [worker:ComfyUI-Sharp] WARNING: [Decode] after depth_alignment: 0.00 GB
[13:50]   [ComfyUI] [worker:ComfyUI-Sharp] WARNING: [Decode] after init_model: 0.00 GB
[13:52]   [capture-loop] iter=1650 t=199.5s state={'complete': False, 'error': None, 'executedCount': 0, 'wsState': 1} eval_ms=4 ram=8.8/16.0GB (55%) swap=0.8/2.9GB (29%) cpu=76% browser_rss=0.55GB
[13:58]   [capture-loop] iter=1700 t=205.5s state={'complete': False, 'error': None, 'executedCount': 0, 'wsState': 1} eval_ms=6 ram=10.0/16.0GB (62%) swap=0.8/2.9GB (29%) cpu=76% browser_rss=0.53GB
[14:04]   [capture-loop] iter=1750 t=211.3s state={'complete': False, 'error': None, 'executedCount': 0, 'wsState': 1} eval_ms=6 ram=10.2/16.0GB (64%) swap=0.8/2.9GB (29%) cpu=75% browser_rss=0.52GB
[14:10]   [capture-loop] iter=1800 t=217.2s state={'complete': False, 'error': None, 'executedCount': 0, 'wsState': 1} eval_ms=4 ram=9.8/16.0GB (61%) swap=0.8/2.9GB (29%) cpu=74% browser_rss=0.51GB
[14:13]   [ComfyUI] [worker:ComfyUI-Sharp] WARNING: [Decode] after feature_model: 0.00 GB
[14:13]   [ComfyUI] [worker:ComfyUI-Sharp] WARNING: [Decode] after prediction_head: 0.00 GB
[14:15]   [capture-loop] iter=1850 t=223.0s state={'complete': False, 'error': None, 'executedCount': 0, 'wsState': 1} eval_ms=3 ram=8.6/16.0GB (54%) swap=0.8/2.9GB (29%) cpu=71% browser_rss=0.51GB
[14:19]   [ComfyUI] [SubprocessWorker] callback 'report_progress' from call_id=2
[14:20]   [ComfyUI] [SubprocessWorker] got response: ok
[14:20]   [ComfyUI] [comfy-env] SharpPredict done (210.35s): result: NodeOutput
[14:20]   [ComfyUI] [comfy-env] Running GeomPackPreviewGaussian: ply_path: 'D:\\a\\comfy-gpu-ci\\comfy-gpu-ci\\test_workspaces\\Shar..., extrinsics: list[4], intrinsics: list[3]
[14:20]   [ComfyUI] [comfy-env] SubprocessWorker: C:\ce\.pixi\envs\geometrypack-nodes\python.exe
[14:20]   [ComfyUI] [comfy-env] env_vars: {'KMP_DUPLICATE_LIB_OK': 'TRUE', 'OMP_NUM_THREADS': '1', 'COMFYUI_BASE': 'D:\\a\\comfy-gpu-ci\\comfy-gpu-ci\\test_workspaces\\Sharp-0031\\portable-comfyui\\ComfyUI_windows_portable\\ComfyUI'}
[14:20]   [ComfyUI] [SubprocessWorker] call_method: nodes.visualization.preview_gaussian.PreviewGaussianNode.EXECUTE_NORMALIZED
[14:20]   [ComfyUI] [SubprocessWorker] acquired lock, ensuring started...
[14:20]   [ComfyUI] [comfy-env] geometrypack-nodes: Library/bin has 611 DLLs
[14:20]   [ComfyUI] [ComfyUI-GeometryPack] python: C:\ce\.pixi\envs\geometrypack-nodes\python.exe
[14:20]   [ComfyUI] [ComfyUI-GeometryPack] sys_path sent to worker: ['D:\\a\\comfy-gpu-ci\\comfy-gpu-ci\\test_workspaces\\Sharp-0031\\portable-comfyui\\ComfyUI_windows_portable\\ComfyUI', 'D:\\a\\comfy-gpu-ci\\comfy-gpu-ci\\test_workspaces\\Sharp-0031\\portable-comfyui\\ComfyUI_windows_portable\\ComfyUI\\custom_nodes\\ComfyUI-GeometryPack', 'C:\\ce\\.pixi\\envs\\geometrypack-nodes\\Lib\\site-packages', 'D:\\a\\comfy-gpu-ci\\comfy-gpu-ci\\test_workspaces\\Sharp-0031\\portable-comfyui\\ComfyUI_windows_portable\\ComfyUI\\custom_nodes\\ComfyUI-GeometryPack']
[14:20]   [ComfyUI] [SubprocessWorker] is_pixi=True, python=C:\ce\.pixi\envs\geometrypack-nodes\python.exe
[14:20]   [ComfyUI] [SubprocessWorker] launching cmd=['C:\\Users\\runneradmin\\.pixi\\bin\\pixi.exe', 'run', '--as-is', '--manifest-path', 'C:\\ce\\pixi.toml', '-e', 'geometrypack-nodes', 'python', 'C:\\Users\\RUNNER~1\\AppData\\Local\\Temp\\comfyui_pvenv_4y_20m2_\\persistent_worker.py', 'tcp://127.0.0.1:57021']...
[14:20]   Frame 9 saved (frame_008.jpg, t=227.4s)
[14:20]   [capture-periodic] freeze=3ms shot=116ms unfreeze=5ms saved=True
[14:21]   [capture-loop] iter=1900 t=228.9s state={'complete': False, 'error': None, 'executedCount': 0, 'wsState': 1} eval_ms=6 ram=8.5/16.0GB (53%) swap=0.8/2.9GB (29%) cpu=48% browser_rss=0.51GB
[14:25]   [ComfyUI] C:\ce\.pixi\envs\geometrypack-nodes\Lib\site-packages\torch\cuda\__init__.py:180: UserWarning: cudaGetDeviceCount() returned cudaErrorNotSupported, likely using older driver or on CPU machine (Triggered internally at C:\actions-runner\_work\pytorch\pytorch\pytorch\c10\cuda\CUDAFunctions.cpp:88.)
[14:25]   [ComfyUI]   return torch._C._cuda_getDeviceCount() > 0
[14:25]   [ComfyUI] [worker:ComfyUI-GeometryPack] ERROR: Failed to import comfy_kitchen, Error: No module named 'comfy_kitchen', fp8 and fp4 support will not be available.
[14:25]   [ComfyUI] [SubprocessWorker] worker started/confirmed
[14:25]   [ComfyUI] [SubprocessWorker] serializing kwargs to shm...
[14:25]   [ComfyUI] [SubprocessWorker] created 0 shm blocks
[14:25]   [ComfyUI] [SubprocessWorker] sending request via socket...
[14:25]   [ComfyUI] [SubprocessWorker] call_id=1 sending call_method
[14:27]   [capture-loop] iter=1950 t=234.6s state={'complete': False, 'error': None, 'executedCount': 0, 'wsState': 1} eval_ms=3 ram=8.9/16.0GB (56%) swap=0.8/2.9GB (29%) cpu=37% browser_rss=0.49GB
[14:29]   [ComfyUI] [worker:ComfyUI-GeometryPack] INFO: Loading PLY: sharp_1778460141128.ply (63.00 MB)
[14:29]   [ComfyUI] [SubprocessWorker] got response: ok
[14:29]   [ComfyUI] [comfy-env] GeomPackPreviewGaussian done (9.60s): result: NodeOutput
[14:29]   [ComfyUI] Prompt executed in 236.58 seconds
[14:29]   Node executed (1 total), capturing...
[14:30]   Frame 10 saved (frame_009.jpg, t=237.1s)
[14:30]   [capture-node] freeze=7ms shot=132ms unfreeze=0ms saved=True
[14:30]   Execution complete (t=237.1s)
[14:30]   [3d-wait] Phase 1: Waiting for 'Loading 3D Model' text to disappear...
[14:30]   [3d-wait] Phase 1 done in 0.0s
[14:30]   [3d-wait] Phase 2: iframes=1
[14:30]   [3d-wait] iframe viewer_ready=False (matched 0 console logs)
[14:30]   [3d-wait] Waiting for 'Loaded successfully' console message (timeout=60s)...
[14:31]   [3d-wait] Got 'Loaded successfully' after 1.5s
[14:31]   [3d-wait] Unfrozen in 0.173s, rendering for 5s...
[14:45]   [3d-wait] JS halted via CDP after 14.4s
[15:28]   [3d-wait] Re-frozen in 56.5s
[15:28]   [3d-wait] Total 3D wait: 57.9s
[15:28]   Captured 10 unique frames over 295.2s
[15:28]   [debug] iframes: 1
[15:28]   [debug]   iframe[0]: src=http://127.0.0.1:41896/extensions/ComfyUI-GeometryPack/viewer_gaussian.html?v=17, canvas=1536x1024, rafFrozen=True
[15:28]   [timing] trigger_3d_previews: 0.0s
[15:30]   Saved high-quality screenshot: sharp_basic_executed.png
[15:30]   [timing] final_screenshot: 0.3s
[15:30] Capturing execution frames: sharp_exif.json
[15:37]   Frame 1 saved (frame_000.jpg, t=0.0s)
[15:37]   Validating workflow...
[15:37]   [ComfyUI] === /validate endpoint called ===
[15:37]   [ComfyUI] Received JSON with keys: ['prompt']
[15:37]   [ComfyUI] Prompt has 4 nodes
[15:37]   [ComfyUI]   Node 2: LoadSharpModel
[15:37]   [ComfyUI]     Inputs: {"precision": "auto"}
[15:37]   [ComfyUI]   Node 7: SharpPredict
[15:37]   Queuing workflow for execution...
[15:37]   [ComfyUI]     Inputs: {"focal_length_mm": ["9", 2], "output_prefix": "sharp", "model": ["2", 0], "image": ["9", 0]}
[15:37]   [ComfyUI]   Node 8: GeomPackPreviewGaussian
[15:37]   [ComfyUI]     Inputs: {"preview_gaussian": "", "ply_path": ["7", 0], "extrinsics": ["7", 1], "intrinsics": ["7", 2]}
[15:37]   [ComfyUI]   Node 9: LoadImageWithExif
[15:37]   [ComfyUI]     Inputs: {"image": "eth3d.png", "default_focal_mm": 30}
[15:37]   [ComfyUI] Generated prompt_id: d404fc05-7b53-4a3c-9a5d-eaeb0bdc246b
[15:37]   [ComfyUI] Calling execution.validate_prompt()...
[15:37]   [ComfyUI] Validation result: valid=True
[15:37]   [ComfyUI] === Validation PASSED ===
[15:37]   [ComfyUI] got prompt
[15:37]   [ComfyUI] [comfy-env] Running LoadImageWithExif: image: 'eth3d.png', default_focal_mm: 30.0
[15:37]   [ComfyUI] [SubprocessWorker] call_method: nodes.load_image_exif.LoadImageWithExif.EXECUTE_NORMALIZED
[15:37]   [ComfyUI] [SubprocessWorker] acquired lock, ensuring started...
[15:37]   [ComfyUI] [ComfyUI-Sharp] Health check: ping (timeout=5.0s)...
[15:37]   [ComfyUI] [ComfyUI-Sharp] Health check: failed
[15:37]   [ComfyUI] [ComfyUI-Sharp] Socket unhealthy, restarting worker...
[15:37]   [ComfyUI] [comfy-env] sharp-nodes: Library/bin has 235 DLLs
[15:37]   [ComfyUI] [ComfyUI-Sharp] python: C:\ce\.pixi\envs\sharp-nodes\python.exe
[15:37]   [ComfyUI] [ComfyUI-Sharp] sys_path sent to worker: ['D:\\a\\comfy-gpu-ci\\comfy-gpu-ci\\test_workspaces\\Sharp-0031\\portable-comfyui\\ComfyUI_windows_portable\\ComfyUI', 'D:\\a\\comfy-gpu-ci\\comfy-gpu-ci\\test_workspaces\\Sharp-0031\\portable-comfyui\\ComfyUI_windows_portable\\ComfyUI\\custom_nodes\\ComfyUI-Sharp', 'C:\\ce\\.pixi\\envs\\sharp-nodes\\Lib\\site-packages', 'D:\\a\\comfy-gpu-ci\\comfy-gpu-ci\\test_workspaces\\Sharp-0031\\portable-comfyui\\ComfyUI_windows_portable\\ComfyUI\\custom_nodes\\ComfyUI-Sharp']
[15:37]   [ComfyUI] [SubprocessWorker] is_pixi=True, python=C:\ce\.pixi\envs\sharp-nodes\python.exe
[15:37]   [ComfyUI] [SubprocessWorker] launching cmd=['C:\\Users\\runneradmin\\.pixi\\bin\\pixi.exe', 'run', '--as-is', '--manifest-path', 'C:\\ce\\pixi.toml', '-e', 'sharp-nodes', 'python', 'C:\\Users\\RUNNER~1\\AppData\\Local\\Temp\\comfyui_pvenv_lds30kiu\\persistent_worker.py', 'tcp://127.0.0.1:49472']...
[15:39]   Frame 2 saved (frame_001.jpg, t=2.4s)
[15:39]   [capture-periodic] freeze=3ms shot=128ms unfreeze=3ms saved=True
[15:40]   [ComfyUI] C:\ce\.pixi\envs\sharp-nodes\Lib\site-packages\torch\cuda\__init__.py:180: UserWarning: cudaGetDeviceCount() returned cudaErrorNotSupported, likely using older driver or on CPU machine (Triggered internally at C:\actions-runner\_work\pytorch\pytorch\pytorch\c10\cuda\CUDAFunctions.cpp:88.)
[15:40]   [ComfyUI]   return torch._C._cuda_getDeviceCount() > 0
[15:40]   [ComfyUI] [worker:ComfyUI-Sharp] ERROR: Failed to import comfy_kitchen, Error: No module named 'comfy_kitchen', fp8 and fp4 support will not be available.
[15:40]   [ComfyUI] [SubprocessWorker] worker started/confirmed
[15:40]   [ComfyUI] [SubprocessWorker] serializing kwargs to shm...
[15:40]   [ComfyUI] [SubprocessWorker] created 0 shm blocks
[15:40]   [ComfyUI] [SubprocessWorker] sending request via socket...
[15:40]   [ComfyUI] [SubprocessWorker] call_id=3 sending call_method
[15:41]   [ComfyUI] [SubprocessWorker] got response: ok
[15:41]   [ComfyUI] [comfy-env] LoadImageWithExif done (4.34s): result: NodeOutput
[15:41]   [ComfyUI] [comfy-env] Running LoadSharpModel: precision: 'auto'
[15:41]   [ComfyUI] [SubprocessWorker] call_method: nodes.load_model.LoadSharpModel.EXECUTE_NORMALIZED
[15:41]   [ComfyUI] [SubprocessWorker] acquired lock, ensuring started...
[15:41]   [ComfyUI] [ComfyUI-Sharp] Health check: ping (timeout=5.0s)...
[15:41]   [ComfyUI] [ComfyUI-Sharp] Health check: ok
[15:41]   [ComfyUI] [SubprocessWorker] worker started/confirmed
[15:41]   [ComfyUI] [SubprocessWorker] serializing kwargs to shm...
[15:41]   [ComfyUI] [SubprocessWorker] created 0 shm blocks
[15:41]   [ComfyUI] [SubprocessWorker] sending request via socket...
[15:41]   [ComfyUI] [SubprocessWorker] call_id=4 sending call_method
[15:41]   Frame 3 saved (frame_002.jpg, t=4.6s)
[15:41]   [capture-periodic] freeze=4ms shot=152ms unfreeze=5ms saved=True
[15:42]   [ComfyUI] Warning: You are sending unauthenticated requests to the HF Hub. Please set a HF_TOKEN to enable higher rate limits and faster downloads.
[15:42]   [ComfyUI] [worker:ComfyUI-Sharp] WARNING: Warning: You are sending unauthenticated requests to the HF Hub. Please set a HF_TOKEN to enable higher rate limits and faster downloads.
[15:42]   [ComfyUI] [SubprocessWorker] got response: ok
[15:42]   [ComfyUI] [comfy-env] LoadSharpModel done (0.45s): result: NodeOutput
[15:42]   [ComfyUI] [comfy-env] Running SharpPredict: focal_length_mm: 20.0, output_prefix: 'sharp', model: dict, image: torch.float32 [1,2022,3040,3] cpu
[15:42]   [ComfyUI] [SubprocessWorker] call_method: nodes.predict.SharpPredict.EXECUTE_NORMALIZED
[15:42]   [ComfyUI] [SubprocessWorker] acquired lock, ensuring started...
[15:42]   [ComfyUI] [ComfyUI-Sharp] Health check: ping (timeout=5.0s)...
[15:42]   [ComfyUI] [ComfyUI-Sharp] Health check: ok
[15:42]   [ComfyUI] [SubprocessWorker] worker started/confirmed
[15:42]   [ComfyUI] [comfy-env] PRE-SERIALIZE 'image' shape: torch.Size([1, 2022, 3040, 3])
[15:42]   [ComfyUI] [SubprocessWorker] serializing kwargs to shm...
[15:42]   [ComfyUI] [SubprocessWorker] created 0 shm blocks
[15:42]   [ComfyUI] [SubprocessWorker] sending request via socket...
[15:42]   [ComfyUI] [SubprocessWorker] call_id=5 sending call_method
[15:42]   [ComfyUI] [worker:ComfyUI-Sharp] [comfy-env] _from_shm got dict with keys: ['__type__', 'strategy', 'manager_path', 'storage_key', 'storage_size']
[15:42]   [ComfyUI] [worker:ComfyUI-Sharp] [comfy-env] DESERIALIZE TensorRef: tensor_size=[1, 2022, 3040, 3]
[15:42]   [ComfyUI] [worker:ComfyUI-Sharp] [comfy-env] DESERIALIZED tensor shape: torch.Size([1, 2022, 3040, 3])
[15:42]   [ComfyUI] [worker:ComfyUI-Sharp] WARNING: No comfy kitchen, using old apply_rope functions.
[15:43]   [capture-loop] iter=50 t=6.0s state={'complete': False, 'error': None, 'executedCount': 0, 'wsState': 1} eval_ms=5 ram=4.9/16.0GB (31%) swap=1.0/2.9GB (34%) cpu=84% browser_rss=0.67GB
[15:44]   Frame 4 saved (frame_003.jpg, t=6.8s)
[15:44]   [capture-periodic] freeze=3ms shot=127ms unfreeze=4ms saved=True
[15:48]   [capture-loop] iter=100 t=11.8s state={'complete': False, 'error': None, 'executedCount': 0, 'wsState': 1} eval_ms=6 ram=6.5/16.0GB (41%) swap=1.0/2.9GB (34%) cpu=37% browser_rss=0.59GB
[15:51]   [ComfyUI] [SubprocessWorker] callback 'request_vram_budget' from call_id=5
[15:51]   [ComfyUI] [comfy-env] VRAM request: 2.81GB, free before eviction: 9.07GB
[15:51]   [ComfyUI] [comfy-env] VRAM after eviction: 9.07GB
[15:52]   [ComfyUI] [worker:ComfyUI-Sharp] WARNING: [SPN] start: 0.00 GB, input=[1, 3, 1536, 1536]
[15:52]   [ComfyUI] [worker:ComfyUI-Sharp] WARNING: [SPN] patches: 0.00 GB, x0=25 x1=9 x2=1 total=35
[15:54]   [capture-loop] iter=150 t=17.6s state={'complete': False, 'error': None, 'executedCount': 0, 'wsState': 1} eval_ms=4 ram=7.8/16.0GB (49%) swap=1.0/2.9GB (34%) cpu=61% browser_rss=0.59GB
[16:00]   [capture-loop] iter=200 t=23.7s state={'complete': False, 'error': None, 'executedCount': 0, 'wsState': 1} eval_ms=5 ram=7.8/16.0GB (49%) swap=1.0/2.9GB (34%) cpu=78% browser_rss=0.59GB
[16:04]   [ComfyUI] [worker:ComfyUI-Sharp] WARNING: [SPN] after first chunk (4/35): 0.00 GB, chunk_size=4
[16:06]   [capture-loop] iter=250 t=29.7s state={'complete': False, 'error': None, 'executedCount': 0, 'wsState': 1} eval_ms=5 ram=7.9/16.0GB (49%) swap=1.0/2.9GB (34%) cpu=76% browser_rss=0.59GB
[16:12]   [capture-loop] iter=300 t=35.6s state={'complete': False, 'error': None, 'executedCount': 0, 'wsState': 1} eval_ms=9 ram=7.9/16.0GB (49%) swap=1.0/2.9GB (34%) cpu=75% browser_rss=0.59GB
[16:18]   [capture-loop] iter=350 t=41.7s state={'complete': False, 'error': None, 'executedCount': 0, 'wsState': 1} eval_ms=3 ram=7.9/16.0GB (49%) swap=1.0/2.9GB (34%) cpu=76% browser_rss=0.59GB
[16:24]   [capture-loop] iter=400 t=47.7s state={'complete': False, 'error': None, 'executedCount': 0, 'wsState': 1} eval_ms=3 ram=7.9/16.0GB (49%) swap=1.0/2.9GB (34%) cpu=77% browser_rss=0.59GB
[16:30]   [capture-loop] iter=450 t=53.5s state={'complete': False, 'error': None, 'executedCount': 0, 'wsState': 1} eval_ms=4 ram=7.9/16.0GB (50%) swap=1.0/2.9GB (34%) cpu=78% browser_rss=0.58GB
[16:36]   [capture-loop] iter=500 t=59.6s state={'complete': False, 'error': None, 'executedCount': 0, 'wsState': 1} eval_ms=6 ram=7.9/16.0GB (50%) swap=1.0/2.9GB (34%) cpu=76% browser_rss=0.58GB
[16:37]   [ComfyUI] [worker:ComfyUI-Sharp]
[16:37]   [ComfyUI] === WATCHDOG TICK 1 ===
[16:37]   [ComfyUI] [worker:ComfyUI-Sharp] Current thread 0x00000064 (most recent call first):
[16:37]   [ComfyUI]   File "C:\Users\RUNNER~1\AppData\Local\Temp\comfyui_pvenv_lds30kiu\persistent_worker.py", line 52 in _watchdog
[16:37]   [ComfyUI]   File "C:\ce\.pixi\envs\sharp-nodes\Lib\threading.py", line 995 in run
[16:37]   [ComfyUI]   File "C:\ce\.pixi\envs\sharp-nodes\Lib\threading.py", line 1044 in _bootstrap_inner
[16:37]   [ComfyUI]   File "C:\ce\.pixi\envs\sharp-nodes\Lib\threading.py", line 1015 in _bootstrap
[16:37]   [ComfyUI] 
[16:37]   [ComfyUI] Thread 0x00000d7c (most recent call first):
[16:37]   [ComfyUI]   File "D:\a\comfy-gpu-ci\comfy-gpu-ci\test_workspaces\Sharp-0031\portable-comfyui\ComfyUI_windows_portable\ComfyUI\comfy\ldm\modules\sub_quadratic_attention.py", line 171 in _get_attention_scores_no_kv_chunking
[16:37]   [ComfyUI]   File "D:\a\comfy-gpu-ci\comfy-gpu-ci\test_workspaces\Sharp-0031\portable-comfyui\ComfyUI_windows_portable\ComfyUI\comfy\ldm\modules\sub_quadratic_attention.py", line 259 in efficient_dot_product_attention
[16:37]   [ComfyUI]   File "D:\a\comfy-gpu-ci\comfy-gpu-ci\test_workspaces\Sharp-0031\portable-comfyui\ComfyUI_windows_portable\ComfyUI\comfy\ldm\modules\attention.py", line 264 in attention_sub_quad
[16:37]   [ComfyUI]   File "D:\a\comfy-gpu-ci\comfy-gpu-ci\test_workspaces\Sharp-0031\portable-comfyui\ComfyUI_windows_portable\ComfyUI\comfy\ldm\modules\attention.py", line 137 in wrapper
[16:37]   [ComfyUI]   File "D:\a\comfy-gpu-ci\comfy-gpu-ci\test_workspaces\Sharp-0031\portable-comfyui\ComfyUI_windows_portable\ComfyUI\custom_nodes\ComfyUI-Sharp\nodes\sharp\model.py", line 234 in forward
[16:37]   [ComfyUI]   File "C:\ce\.pixi\envs\sharp-nodes\Lib\site-packages\torch\nn\modules\module.py", line 1790 in _call_impl
[16:37]   [ComfyUI]   File "C:\ce\.pixi\envs\sharp-nodes\Lib\site-packages\torch\nn\modules\module.py", line 1779 in _wrapped_call_impl
[16:37]   [ComfyUI]   File "D:\a\comfy-gpu-ci\comfy-gpu-ci\test_workspaces\Sharp-0031\portable-comfyui\ComfyUI_windows_portable\ComfyUI\custom_nodes\ComfyUI-Sharp\nodes\sharp\model.py", line 309 in forward
[16:37]   [ComfyUI]   File "C:\ce\.pixi\envs\sharp-nodes\Lib\site-packages\torch\nn\modules\module.py", line 1790 in _call_impl
[16:37]   [ComfyUI]   File "C:\ce\.pixi\envs\sharp-nodes\Lib\site-packages\torch\nn\modules\module.py", line 1779 in _wrapped_call_impl
[16:37]   [ComfyUI]   File "D:\a\comfy-gpu-ci\comfy-gpu-ci\test_workspaces\Sharp-0031\portable-comfyui\ComfyUI_windows_portable\ComfyUI\custom_nodes\ComfyUI-Sharp\nodes\sharp\model.py", line 412 in forward
[16:37]   [ComfyUI]   File "C:\ce\.pixi\envs\sharp-nodes\Lib\site-packages\torch\nn\modules\module.py", line 1790 in _call_impl
[16:37]   [ComfyUI]   File "C:\ce\.pixi\envs\sharp-nodes\Lib\site-packages\torch\nn\modules\module.py", line 1779 in _wrapped_call_impl
[16:37]   [ComfyUI]   File "D:\a\comfy-gpu-ci\comfy-gpu-ci\test_workspaces\Sharp-0031\portable-comfyui\ComfyUI_windows_portable\ComfyUI\custom_nodes\ComfyUI-Sharp\nodes\sharp\model.py", line 685 in forward
[16:37]   [ComfyUI]   File "C:\ce\.pixi\envs\sharp-nodes\Lib\site-packages\torch\nn\modules\module.py", line 1790 in _call_impl
[16:37]   [ComfyUI]   File "C:\ce\.pixi\envs\sharp-nodes\Lib\site-packages\torch\nn\modules\module.py", line 1779 in _wrapped_call_impl
[16:37]   [ComfyUI]   File "D:\a\comfy-gpu-ci\comfy-gpu-ci\test_workspaces\Sharp-0031\portable-comfyui\ComfyUI_windows_portable\ComfyUI\custom_nodes\ComfyUI-Sharp\nodes\sharp\model.py", line 1109 in forward
[16:37]   [ComfyUI]   File "C:\ce\.pixi\envs\sharp-nodes\Lib\site-packages\torch\nn\modules\module.py", line 1790 in _call_impl
[16:37]   [ComfyUI]   File "C:\ce\.pixi\envs\sharp-nodes\Lib\site-packages\torch\nn\modules\module.py", line 1779 in _wrapped_call_impl
[16:37]   [ComfyUI]   File "D:\a\comfy-gpu-ci\comfy-gpu-ci\test_workspaces\Sharp-0031\portable-comfyui\ComfyUI_windows_portable\ComfyUI\custom_nodes\ComfyUI-Sharp\nodes\sharp\model.py", line 2006 in encode
[16:37]   [ComfyUI]   File "D:\a\comfy-gpu-ci\comfy-gpu-ci\test_workspaces\Sharp-0031\portable-comfyui\ComfyUI_windows_portable\ComfyUI\custom_nodes\ComfyUI-Sharp\nodes\predict.py", line 287 in _predict_image_cached
[16:37]   [ComfyUI]   File "D:\a\comfy-gpu-ci\comfy-gpu-ci\test_workspaces\Sharp-0031\portable-comfyui\ComfyUI_windows_portable\ComfyUI\custom_nodes\ComfyUI-Sharp\nodes\predict.py", line 184 in execute
[16:37]   [ComfyUI]   File "C:\ce\.pixi\envs\sharp-nodes\Lib\site-packages\torch\utils\_contextlib.py", line 124 in decorate_context
[16:37]   [ComfyUI]   File "D:\a\comfy-gpu-ci\comfy-gpu-ci\test_workspaces\Sharp-0031\portable-comfyui\ComfyUI_windows_portable\ComfyUI\comfy_api\latest\_io.py", line 1826 in EXECUTE_NORMALIZED
[16:37]   [ComfyUI]   File "C:\Users\RUNNER~1\AppData\Local\Temp\comfyui_pvenv_lds30kiu\persistent_worker.py", line 1762 in main
[16:37]   [ComfyUI]   File "C:\Users\RUNNER~1\AppData\Local\Temp\comfyui_pvenv_lds30kiu\persistent_worker.py", line 1807 in <module>
[16:37]   [ComfyUI] 
[16:37]   [ComfyUI] [worker:ComfyUI-Sharp] === END ===
[16:37]   [ComfyUI] 
[16:42]   [capture-loop] iter=550 t=65.4s state={'complete': False, 'error': None, 'executedCount': 0, 'wsState': 1} eval_ms=4 ram=8.0/16.0GB (50%) swap=1.0/2.9GB (34%) cpu=78% browser_rss=0.58GB
[16:48]   [capture-loop] iter=600 t=71.5s state={'complete': False, 'error': None, 'executedCount': 0, 'wsState': 1} eval_ms=33 ram=8.0/16.0GB (50%) swap=1.0/2.9GB (34%) cpu=78% browser_rss=0.58GB
[16:54]   [capture-loop] iter=650 t=77.5s state={'complete': False, 'error': None, 'executedCount': 0, 'wsState': 1} eval_ms=7 ram=8.0/16.0GB (50%) swap=1.0/2.9GB (34%) cpu=76% browser_rss=0.58GB
[17:00]   [capture-loop] iter=700 t=83.4s state={'complete': False, 'error': None, 'executedCount': 0, 'wsState': 1} eval_ms=5 ram=8.0/16.0GB (50%) swap=1.0/2.9GB (34%) cpu=75% browser_rss=0.57GB
[17:06]   [capture-loop] iter=750 t=89.5s state={'complete': False, 'error': None, 'executedCount': 0, 'wsState': 1} eval_ms=9 ram=8.0/16.0GB (50%) swap=1.0/2.9GB (34%) cpu=77% browser_rss=0.57GB
[17:12]   [capture-loop] iter=800 t=95.6s state={'complete': False, 'error': None, 'executedCount': 0, 'wsState': 1} eval_ms=4 ram=8.0/16.0GB (50%) swap=1.0/2.9GB (34%) cpu=76% browser_rss=0.57GB
[17:18]   [capture-loop] iter=850 t=101.5s state={'complete': False, 'error': None, 'executedCount': 0, 'wsState': 1} eval_ms=3 ram=8.0/16.0GB (50%) swap=1.1/2.9GB (38%) cpu=79% browser_rss=0.57GB
[17:24]   [capture-loop] iter=900 t=107.5s state={'complete': False, 'error': None, 'executedCount': 0, 'wsState': 1} eval_ms=5 ram=8.0/16.0GB (50%) swap=1.1/2.9GB (38%) cpu=78% browser_rss=0.57GB
[17:30]   [capture-loop] iter=950 t=113.5s state={'complete': False, 'error': None, 'executedCount': 0, 'wsState': 1} eval_ms=4 ram=8.0/16.0GB (50%) swap=1.1/2.9GB (38%) cpu=77% browser_rss=0.58GB
[17:36]   [capture-loop] iter=1000 t=119.3s state={'complete': False, 'error': None, 'executedCount': 0, 'wsState': 1} eval_ms=4 ram=8.0/16.0GB (50%) swap=1.1/2.9GB (38%) cpu=77% browser_rss=0.58GB
[17:37]   [ComfyUI] [worker:ComfyUI-Sharp]
[17:37]   [ComfyUI] === WATCHDOG TICK 2 ===
[17:37]   [ComfyUI] [worker:ComfyUI-Sharp] Current thread 0x00000064 (most recent call first):
[17:37]   [ComfyUI]   File "C:\Users\RUNNER~1\AppData\Local\Temp\comfyui_pvenv_lds30kiu\persistent_worker.py", line 52 in _watchdog
[17:37]   [ComfyUI]   File "C:\ce\.pixi\envs\sharp-nodes\Lib\threading.py", line 995 in run
[17:37]   [ComfyUI]   File "C:\ce\.pixi\envs\sharp-nodes\Lib\threading.py", line 1044 in _bootstrap_inner
[17:37]   [ComfyUI]   File "C:\ce\.pixi\envs\sharp-nodes\Lib\threading.py", line 1015 in _bootstrap
[17:37]   [ComfyUI] 
[17:37]   [ComfyUI] Thread 0x00000d7c (most recent call first):
[17:37]   [ComfyUI]   File "C:\ce\.pixi\envs\sharp-nodes\Lib\site-packages\torch\nn\modules\linear.py", line 134 in forward
[17:37]   [ComfyUI]   File "D:\a\comfy-gpu-ci\comfy-gpu-ci\test_workspaces\Sharp-0031\portable-comfyui\ComfyUI_windows_portable\ComfyUI\comfy\ops.py", line 394 in forward
[17:37]   [ComfyUI]   File "C:\ce\.pixi\envs\sharp-nodes\Lib\site-packages\torch\nn\modules\module.py", line 1790 in _call_impl
[17:37]   [ComfyUI]   File "C:\ce\.pixi\envs\sharp-nodes\Lib\site-packages\torch\nn\modules\module.py", line 1779 in _wrapped_call_impl
[17:37]   [ComfyUI]   File "D:\a\comfy-gpu-ci\comfy-gpu-ci\test_workspaces\Sharp-0031\portable-comfyui\ComfyUI_windows_portable\ComfyUI\custom_nodes\ComfyUI-Sharp\nodes\sharp\model.py", line 232 in forward
[17:37]   [ComfyUI]   File "C:\ce\.pixi\envs\sharp-nodes\Lib\site-packages\torch\nn\modules\module.py", line 1790 in _call_impl
[17:37]   [ComfyUI]   File "C:\ce\.pixi\envs\sharp-nodes\Lib\site-packages\torch\nn\modules\module.py", line 1779 in _wrapped_call_impl
[17:37]   [ComfyUI]   File "D:\a\comfy-gpu-ci\comfy-gpu-ci\test_workspaces\Sharp-0031\portable-comfyui\ComfyUI_windows_portable\ComfyUI\custom_nodes\ComfyUI-Sharp\nodes\sharp\model.py", line 309 in forward
[17:37]   [ComfyUI]   File "C:\ce\.pixi\envs\sharp-nodes\Lib\site-packages\torch\nn\modules\module.py", line 1790 in _call_impl
[17:37]   [ComfyUI]   File "C:\ce\.pixi\envs\sharp-nodes\Lib\site-packages\torch\nn\modules\module.py", line 1779 in _wrapped_call_impl
[17:37]   [ComfyUI]   File "D:\a\comfy-gpu-ci\comfy-gpu-ci\test_workspaces\Sharp-0031\portable-comfyui\ComfyUI_windows_portable\ComfyUI\custom_nodes\ComfyUI-Sharp\nodes\sharp\model.py", line 412 in forward
[17:37]   [ComfyUI]   File "C:\ce\.pixi\envs\sharp-nodes\Lib\site-packages\torch\nn\modules\module.py", line 1790 in _call_impl
[17:37]   [ComfyUI]   File "C:\ce\.pixi\envs\sharp-nodes\Lib\site-packages\torch\nn\modules\module.py", line 1779 in _wrapped_call_impl
[17:37]   [ComfyUI]   File "D:\a\comfy-gpu-ci\comfy-gpu-ci\test_workspaces\Sharp-0031\portable-comfyui\ComfyUI_windows_portable\ComfyUI\custom_nodes\ComfyUI-Sharp\nodes\sharp\model.py", line 685 in forward
[17:37]   [ComfyUI]   File "C:\ce\.pixi\envs\sharp-nodes\Lib\site-packages\torch\nn\modules\module.py", line 1790 in _call_impl
[17:37]   [ComfyUI]   File "C:\ce\.pixi\envs\sharp-nodes\Lib\site-packages\torch\nn\modules\module.py", line 1779 in _wrapped_call_impl
[17:37]   [ComfyUI]   File "D:\a\comfy-gpu-ci\comfy-gpu-ci\test_workspaces\Sharp-0031\portable-comfyui\ComfyUI_windows_portable\ComfyUI\custom_nodes\ComfyUI-Sharp\nodes\sharp\model.py", line 1109 in forward
[17:37]   [ComfyUI]   File "C:\ce\.pixi\envs\sharp-nodes\Lib\site-packages\torch\nn\modules\module.py", line 1790 in _call_impl
[17:37]   [ComfyUI]   File "C:\ce\.pixi\envs\sharp-nodes\Lib\site-packages\torch\nn\modules\module.py", line 1779 in _wrapped_call_impl
[17:37]   [ComfyUI]   File "D:\a\comfy-gpu-ci\comfy-gpu-ci\test_workspaces\Sharp-0031\portable-comfyui\ComfyUI_windows_portable\ComfyUI\custom_nodes\ComfyUI-Sharp\nodes\sharp\model.py", line 2006 in encode
[17:37]   [ComfyUI]   File "D:\a\comfy-gpu-ci\comfy-gpu-ci\test_workspaces\Sharp-0031\portable-comfyui\ComfyUI_windows_portable\ComfyUI\custom_nodes\ComfyUI-Sharp\nodes\predict.py", line 287 in _predict_image_cached
[17:37]   [ComfyUI]   File "D:\a\comfy-gpu-ci\comfy-gpu-ci\test_workspaces\Sharp-0031\portable-comfyui\ComfyUI_windows_portable\ComfyUI\custom_nodes\ComfyUI-Sharp\nodes\predict.py", line 184 in execute
[17:37]   [ComfyUI]   File "C:\ce\.pixi\envs\sharp-nodes\Lib\site-packages\torch\utils\_contextlib.py", line 124 in decorate_context
[17:37]   [ComfyUI]   File "D:\a\comfy-gpu-ci\comfy-gpu-ci\test_workspaces\Sharp-0031\portable-comfyui\ComfyUI_windows_portable\ComfyUI\comfy_api\latest\_io.py", line 1826 in EXECUTE_NORMALIZED
[17:37]   [ComfyUI]   File "C:\Users\RUNNER~1\AppData\Local\Temp\comfyui_pvenv_lds30kiu\persistent_worker.py", line 1762 in main
[17:37]   [ComfyUI]   File "C:\Users\RUNNER~1\AppData\Local\Temp\comfyui_pvenv_lds30kiu\persistent_worker.py", line 1807 in <module>
[17:37]   [ComfyUI] 
[17:37]   [ComfyUI] [worker:ComfyUI-Sharp] === END ===
[17:37]   [ComfyUI] 
[17:38]   [ComfyUI] [worker:ComfyUI-Sharp] WARNING: [SPN] after all chunks + cache clear: 0.00 GB
[17:38]   [ComfyUI] [worker:ComfyUI-Sharp] WARNING: [SPN] after merge intermediates: 0.00 GB
[17:38]   [ComfyUI] [worker:ComfyUI-Sharp] WARNING: [SPN] after merge all: 0.00 GB
[17:42]   [ComfyUI] [worker:ComfyUI-Sharp] WARNING: [SPN] after image_encoder: 0.00 GB
[17:42]   [capture-loop] iter=1050 t=125.4s state={'complete': False, 'error': None, 'executedCount': 0, 'wsState': 1} eval_ms=3 ram=8.0/16.0GB (50%) swap=1.1/2.9GB (38%) cpu=78% browser_rss=0.58GB
[17:43]   [ComfyUI] [worker:ComfyUI-Sharp] WARNING: [SPN] after upsample: 0.00 GB
[17:44]   [ComfyUI] [worker:ComfyUI-Sharp] WARNING: [Monodepth] after SPN encoder + cache clear: 0.00 GB
[17:48]   [capture-loop] iter=1100 t=131.5s state={'complete': False, 'error': None, 'executedCount': 0, 'wsState': 1} eval_ms=4 ram=8.8/16.0GB (55%) swap=1.1/2.9GB (38%) cpu=80% browser_rss=0.57GB
[17:54]   [capture-loop] iter=1150 t=137.5s state={'complete': False, 'error': None, 'executedCount': 0, 'wsState': 1} eval_ms=7 ram=10.3/16.0GB (64%) swap=1.2/2.9GB (42%) cpu=86% browser_rss=0.58GB
[18:00]   [capture-loop] iter=1200 t=143.7s state={'complete': False, 'error': None, 'executedCount': 0, 'wsState': 1} eval_ms=7 ram=9.2/16.0GB (58%) swap=1.3/2.9GB (46%) cpu=88% browser_rss=0.58GB
[18:06]   [capture-loop] iter=1250 t=149.8s state={'complete': False, 'error': None, 'executedCount': 0, 'wsState': 1} eval_ms=8 ram=10.8/16.0GB (68%) swap=1.5/2.9GB (54%) cpu=80% browser_rss=0.56GB
[18:12]   [capture-loop] iter=1300 t=155.7s state={'complete': False, 'error': None, 'executedCount': 0, 'wsState': 1} eval_ms=5 ram=11.0/16.0GB (69%) swap=1.5/2.9GB (54%) cpu=82% browser_rss=0.56GB
[18:15]   [ComfyUI] [worker:ComfyUI-Sharp] WARNING: [Monodepth] after decoder: 0.00 GB
[18:18]   [capture-loop] iter=1350 t=161.7s state={'complete': False, 'error': None, 'executedCount': 0, 'wsState': 1} eval_ms=8 ram=10.9/16.0GB (68%) swap=1.5/2.9GB (54%) cpu=78% browser_rss=0.54GB
[18:23]   [ComfyUI] [worker:ComfyUI-Sharp] WARNING: [Decode] start: 0.00 GB
[18:23]   [ComfyUI] [worker:ComfyUI-Sharp] WARNING: [Decode] after depth_alignment: 0.00 GB
[18:23]   [ComfyUI] [worker:ComfyUI-Sharp] WARNING: [Decode] after init_model: 0.00 GB
[18:24]   [capture-loop] iter=1400 t=167.8s state={'complete': False, 'error': None, 'executedCount': 0, 'wsState': 1} eval_ms=3 ram=8.6/16.0GB (54%) swap=1.6/2.9GB (56%) cpu=79% browser_rss=0.52GB
[18:30]   [capture-loop] iter=1450 t=173.7s state={'complete': False, 'error': None, 'executedCount': 0, 'wsState': 1} eval_ms=7 ram=9.5/16.0GB (59%) swap=1.6/2.9GB (56%) cpu=76% browser_rss=0.51GB
[18:36]   [capture-loop] iter=1500 t=179.7s state={'complete': False, 'error': None, 'executedCount': 0, 'wsState': 1} eval_ms=4 ram=9.8/16.0GB (61%) swap=1.7/2.9GB (60%) cpu=77% browser_rss=0.50GB
[18:37]   [ComfyUI] [worker:ComfyUI-Sharp]
[18:37]   [ComfyUI] === WATCHDOG TICK 3 ===
[18:37]   [ComfyUI] [worker:ComfyUI-Sharp] Current thread 0x00000064 (most recent call first):
[18:37]   [ComfyUI]   File "C:\Users\RUNNER~1\AppData\Local\Temp\comfyui_pvenv_lds30kiu\persistent_worker.py", line 52 in _watchdog
[18:37]   [ComfyUI]   File "C:\ce\.pixi\envs\sharp-nodes\Lib\threading.py", line 995 in run
[18:37]   [ComfyUI]   File "C:\ce\.pixi\envs\sharp-nodes\Lib\threading.py", line 1044 in _bootstrap_inner
[18:37]   [ComfyUI]   File "C:\ce\.pixi\envs\sharp-nodes\Lib\threading.py", line 1015 in _bootstrap
[18:37]   [ComfyUI] 
[18:37]   [ComfyUI] Thread 0x00000d7c (most recent call first):
[18:37]   [ComfyUI]   File "C:\ce\.pixi\envs\sharp-nodes\Lib\site-packages\torch\nn\modules\conv.py", line 548 in _conv_forward
[18:37]   [ComfyUI]   File "C:\ce\.pixi\envs\sharp-nodes\Lib\site-packages\torch\nn\modules\conv.py", line 553 in forward
[18:37]   [ComfyUI]   File "D:\a\comfy-gpu-ci\comfy-gpu-ci\test_workspaces\Sharp-0031\portable-comfyui\ComfyUI_windows_portable\ComfyUI\comfy\ops.py", line 428 in forward
[18:37]   [ComfyUI]   File "C:\ce\.pixi\envs\sharp-nodes\Lib\site-packages\torch\nn\modules\module.py", line 1790 in _call_impl
[18:37]   [ComfyUI]   File "C:\ce\.pixi\envs\sharp-nodes\Lib\site-packages\torch\nn\modules\module.py", line 1779 in _wrapped_call_impl
[18:37]   [ComfyUI]   File "C:\ce\.pixi\envs\sharp-nodes\Lib\site-packages\torch\nn\modules\container.py", line 253 in forward
[18:37]   [ComfyUI]   File "C:\ce\.pixi\envs\sharp-nodes\Lib\site-packages\torch\nn\modules\module.py", line 1790 in _call_impl
[18:37]   [ComfyUI]   File "C:\ce\.pixi\envs\sharp-nodes\Lib\site-packages\torch\nn\modules\module.py", line 1779 in _wrapped_call_impl
[18:37]   [ComfyUI]   File "D:\a\comfy-gpu-ci\comfy-gpu-ci\test_workspaces\Sharp-0031\portable-comfyui\ComfyUI_windows_portable\ComfyUI\custom_nodes\ComfyUI-Sharp\nodes\sharp\model.py", line 766 in forward
[18:37]   [ComfyUI]   File "C:\ce\.pixi\envs\sharp-nodes\Lib\site-packages\torch\nn\modules\module.py", line 1790 in _call_impl
[18:37]   [ComfyUI]   File "C:\ce\.pixi\envs\sharp-nodes\Lib\site-packages\torch\nn\modules\module.py", line 1779 in _wrapped_call_impl
[18:37]   [ComfyUI]   File "D:\a\comfy-gpu-ci\comfy-gpu-ci\test_workspaces\Sharp-0031\portable-comfyui\ComfyUI_windows_portable\ComfyUI\custom_nodes\ComfyUI-Sharp\nodes\sharp\model.py", line 860 in forward
[18:37]   [ComfyUI]   File "C:\ce\.pixi\envs\sharp-nodes\Lib\site-packages\torch\nn\modules\module.py", line 1790 in _call_impl
[18:37]   [ComfyUI]   File "C:\ce\.pixi\envs\sharp-nodes\Lib\site-packages\torch\nn\modules\module.py", line 1779 in _wrapped_call_impl
[18:37]   [ComfyUI]   File "D:\a\comfy-gpu-ci\comfy-gpu-ci\test_workspaces\Sharp-0031\portable-comfyui\ComfyUI_windows_portable\ComfyUI\custom_nodes\ComfyUI-Sharp\nodes\sharp\model.py", line 1352 in forward
[18:37]   [ComfyUI]   File "C:\ce\.pixi\envs\sharp-nodes\Lib\site-packages\torch\nn\modules\module.py", line 1790 in _call_impl
[18:37]   [ComfyUI]   File "C:\ce\.pixi\envs\sharp-nodes\Lib\site-packages\torch\nn\modules\module.py", line 1779 in _wrapped_call_impl
[18:37]   [ComfyUI]   File "D:\a\comfy-gpu-ci\comfy-gpu-ci\test_workspaces\Sharp-0031\portable-comfyui\ComfyUI_windows_portable\ComfyUI\custom_nodes\ComfyUI-Sharp\nodes\sharp\model.py", line 2030 in decode
[18:37]   [ComfyUI]   File "D:\a\comfy-gpu-ci\comfy-gpu-ci\test_workspaces\Sharp-0031\portable-comfyui\ComfyUI_windows_portable\ComfyUI\custom_nodes\ComfyUI-Sharp\nodes\predict.py", line 303 in _predict_image_cached
[18:37]   [ComfyUI]   File "D:\a\comfy-gpu-ci\comfy-gpu-ci\test_workspaces\Sharp-0031\portable-comfyui\ComfyUI_windows_portable\ComfyUI\custom_nodes\ComfyUI-Sharp\nodes\predict.py", line 184 in execute
[18:37]   [ComfyUI]   File "C:\ce\.pixi\envs\sharp-nodes\Lib\site-packages\torch\utils\_contextlib.py", line 124 in decorate_context
[18:37]   [ComfyUI]   File "D:\a\comfy-gpu-ci\comfy-gpu-ci\test_workspaces\Sharp-0031\portable-comfyui\ComfyUI_windows_portable\ComfyUI\comfy_api\latest\_io.py", line 1826 in EXECUTE_NORMALIZED
[18:37]   [ComfyUI]   File "C:\Users\RUNNER~1\AppData\Local\Temp\comfyui_pvenv_lds30kiu\persistent_worker.py", line 1762 in main
[18:37]   [ComfyUI]   File "C:\Users\RUNNER~1\AppData\Local\Temp\comfyui_pvenv_lds30kiu\persistent_worker.py", line 1807 in <module>
[18:37]   [ComfyUI] 
[18:37]   [ComfyUI] [worker:ComfyUI-Sharp] === END ===
[18:37]   [ComfyUI] 
[18:42]   [capture-loop] iter=1550 t=185.7s state={'complete': False, 'error': None, 'executedCount': 0, 'wsState': 1} eval_ms=7 ram=9.6/16.0GB (60%) swap=1.7/2.9GB (60%) cpu=77% browser_rss=0.49GB
[18:47]   [ComfyUI] [worker:ComfyUI-Sharp] WARNING: [Decode] after feature_model: 0.00 GB
[18:47]   [ComfyUI] [worker:ComfyUI-Sharp] WARNING: [Decode] after prediction_head: 0.00 GB
[18:48]   [capture-loop] iter=1600 t=191.5s state={'complete': False, 'error': None, 'executedCount': 0, 'wsState': 1} eval_ms=4 ram=8.3/16.0GB (52%) swap=1.7/2.9GB (60%) cpu=76% browser_rss=0.48GB
[18:54]   [ComfyUI] [SubprocessWorker] callback 'report_progress' from call_id=5
[18:54]   [ComfyUI] [SubprocessWorker] got response: ok
[18:54]   [ComfyUI] [comfy-env] SharpPredict done (192.02s): result: NodeOutput
[18:54]   [ComfyUI] [comfy-env] Running GeomPackPreviewGaussian: ply_path: 'D:\\a\\comfy-gpu-ci\\comfy-gpu-ci\\test_workspaces\\Shar..., extrinsics: list[4], intrinsics: list[3]
[18:54]   [ComfyUI] [SubprocessWorker] call_method: nodes.visualization.preview_gaussian.PreviewGaussianNode.EXECUTE_NORMALIZED
[18:54]   [ComfyUI] [SubprocessWorker] acquired lock, ensuring started...
[18:54]   [ComfyUI] [ComfyUI-GeometryPack] Health check: ping (timeout=5.0s)...
[18:54]   [ComfyUI] [ComfyUI-GeometryPack] Health check: failed
[18:54]   [ComfyUI] [ComfyUI-GeometryPack] Socket unhealthy, restarting worker...
[18:54]   [ComfyUI] [comfy-env] geometrypack-nodes: Library/bin has 611 DLLs
[18:54]   [ComfyUI] [ComfyUI-GeometryPack] python: C:\ce\.pixi\envs\geometrypack-nodes\python.exe
[18:54]   [ComfyUI] [ComfyUI-GeometryPack] sys_path sent to worker: ['D:\\a\\comfy-gpu-ci\\comfy-gpu-ci\\test_workspaces\\Sharp-0031\\portable-comfyui\\ComfyUI_windows_portable\\ComfyUI', 'D:\\a\\comfy-gpu-ci\\comfy-gpu-ci\\test_workspaces\\Sharp-0031\\portable-comfyui\\ComfyUI_windows_portable\\ComfyUI\\custom_nodes\\ComfyUI-GeometryPack', 'C:\\ce\\.pixi\\envs\\geometrypack-nodes\\Lib\\site-packages', 'D:\\a\\comfy-gpu-ci\\comfy-gpu-ci\\test_workspaces\\Sharp-0031\\portable-comfyui\\ComfyUI_windows_portable\\ComfyUI\\custom_nodes\\ComfyUI-GeometryPack']
[18:54]   [ComfyUI] [SubprocessWorker] is_pixi=True, python=C:\ce\.pixi\envs\geometrypack-nodes\python.exe
[18:54]   [ComfyUI] [SubprocessWorker] launching cmd=['C:\\Users\\runneradmin\\.pixi\\bin\\pixi.exe', 'run', '--as-is', '--manifest-path', 'C:\\ce\\pixi.toml', '-e', 'geometrypack-nodes', 'python', 'C:\\Users\\RUNNER~1\\AppData\\Local\\Temp\\comfyui_pvenv_4y_20m2_\\persistent_worker.py', 'tcp://127.0.0.1:50971']...
[18:54]   [capture-loop] iter=1650 t=197.4s state={'complete': False, 'error': None, 'executedCount': 0, 'wsState': 1} eval_ms=4 ram=7.9/16.0GB (50%) swap=1.4/2.9GB (48%) cpu=55% browser_rss=0.48GB
[18:55]   Frame 5 saved (frame_004.jpg, t=198.4s)
[18:55]   [capture-periodic] freeze=6ms shot=143ms unfreeze=3ms saved=True
[18:57]   [ComfyUI] C:\ce\.pixi\envs\geometrypack-nodes\Lib\site-packages\torch\cuda\__init__.py:180: UserWarning: cudaGetDeviceCount() returned cudaErrorNotSupported, likely using older driver or on CPU machine (Triggered internally at C:\actions-runner\_work\pytorch\pytorch\pytorch\c10\cuda\CUDAFunctions.cpp:88.)
[18:57]   [ComfyUI]   return torch._C._cuda_getDeviceCount() > 0
[18:57]   [ComfyUI] [worker:ComfyUI-GeometryPack] ERROR: Failed to import comfy_kitchen, Error: No module named 'comfy_kitchen', fp8 and fp4 support will not be available.
[18:57]   [ComfyUI] [SubprocessWorker] worker started/confirmed
[18:57]   [ComfyUI] [SubprocessWorker] serializing kwargs to shm...
[18:57]   [ComfyUI] [SubprocessWorker] created 0 shm blocks
[18:57]   [ComfyUI] [SubprocessWorker] sending request via socket...
[18:57]   [ComfyUI] [SubprocessWorker] call_id=2 sending call_method
[19:00]   [capture-loop] iter=1700 t=203.2s state={'complete': False, 'error': None, 'executedCount': 0, 'wsState': 1} eval_ms=6 ram=8.4/16.0GB (53%) swap=1.4/2.9GB (48%) cpu=41% browser_rss=0.47GB
[19:01]   [ComfyUI] [worker:ComfyUI-GeometryPack] INFO: Loading PLY: sharp_1778460426502.ply (63.00 MB)
[19:01]   [ComfyUI] [SubprocessWorker] got response: ok
[19:01]   [ComfyUI] [comfy-env] GeomPackPreviewGaussian done (7.29s): result: NodeOutput
[19:01]   [ComfyUI] Prompt executed in 204.11 seconds
[19:01]   Node executed (1 total), capturing...
[19:01]   Frame 6 saved (frame_005.jpg, t=204.6s)
[19:01]   [capture-node] freeze=3ms shot=148ms unfreeze=0ms saved=True
[19:01]   Execution complete (t=204.6s)
[19:01]   [3d-wait] Phase 1: Waiting for 'Loading 3D Model' text to disappear...
[19:01]   [3d-wait] Phase 1 done in 0.0s
[19:01]   [3d-wait] Phase 2: iframes=1
[19:01]   [3d-wait] iframe viewer_ready=False (matched 0 console logs)
[19:01]   [3d-wait] Waiting for 'Loaded successfully' console message (timeout=60s)...
[19:03]   [3d-wait] Got 'Loaded successfully' after 1.4s
[19:03]   [3d-wait] Unfrozen in 0.218s, rendering for 5s...
[19:21]   [3d-wait] JS halted via CDP after 18.7s
[20:16]   [3d-wait] Re-frozen in 73.1s
[20:16]   [3d-wait] Total 3D wait: 74.5s
[20:16]   Captured 6 unique frames over 279.21s
[20:16]   [debug] iframes: 1
[20:16]   [debug]   iframe[0]: src=http://127.0.0.1:41896/extensions/ComfyUI-GeometryPack/viewer_gaussian.html?v=17, canvas=3040x2022, rafFrozen=True
[20:16]   [timing] trigger_3d_previews: 0.0s
[20:18]   Saved high-quality screenshot: sharp_exif_executed.png
[20:18]   [timing] final_screenshot: 0.3s
[20:19] Results saved to D:\a\comfy-gpu-ci\comfy-gpu-ci\comfy-test-logs\Sharp-0031\dev\windows-portable-cpu\results.json
[20:19] Model report: 12 files, 2.6 GB -> D:\a\comfy-gpu-ci\comfy-gpu-ci\comfy-test-logs\Sharp-0031\dev\windows-portable-cpu\models.json
[20:19] Saved: D:\a\comfy-gpu-ci\comfy-gpu-ci\comfy-test-logs\Sharp-0031\dev\windows-portable-cpu\index.html
[20:19] [EXECUTION] PASSED
[20:19] 
windows_portable: PASSED
[20:19] Stopping ComfyUI server...
