Capturing execution frames: sharp_basic.json
  Frame 1 saved (frame_000.jpg, t=0.0s)
  Validating workflow...
  Queuing workflow for execution...
  Frame 2 saved (frame_001.jpg, t=2.3s)
  [capture-periodic] freeze=4ms shot=152ms unfreeze=6ms saved=True
  Frame 3 saved (frame_002.jpg, t=4.5s)
  [capture-periodic] freeze=4ms shot=150ms unfreeze=12ms saved=True
  [capture-loop] iter=50 t=6.3s state={'complete': False, 'error': None, 'executedCount': 0, 'wsState': 1} eval_ms=7 ram=2.3/15.6GB (15%) swap=0.0/3.0GB (0%) cpu=40% browser_rss=0.90GB
  [capture-loop] iter=100 t=13.4s state={'complete': False, 'error': None, 'executedCount': 0, 'wsState': 1} eval_ms=3 ram=2.3/15.6GB (15%) swap=0.0/3.0GB (0%) cpu=77% browser_rss=0.91GB
  Frame 4 saved (frame_003.jpg, t=18.8s)
  [capture-periodic] freeze=4ms shot=119ms unfreeze=5ms saved=True
  [capture-loop] iter=150 t=20.4s state={'complete': False, 'error': None, 'executedCount': 0, 'wsState': 1} eval_ms=14 ram=3.6/15.6GB (23%) swap=0.0/3.0GB (0%) cpu=28% browser_rss=0.91GB
  [capture-loop] iter=200 t=26.3s state={'complete': False, 'error': None, 'executedCount': 0, 'wsState': 1} eval_ms=4 ram=5.2/15.6GB (33%) swap=0.0/3.0GB (0%) cpu=54% browser_rss=0.85GB
  [capture-loop] iter=250 t=32.0s state={'complete': False, 'error': None, 'executedCount': 0, 'wsState': 1} eval_ms=3 ram=5.2/15.6GB (33%) swap=0.0/3.0GB (0%) cpu=50% browser_rss=0.84GB
  [capture-loop] iter=300 t=37.7s state={'complete': False, 'error': None, 'executedCount': 0, 'wsState': 1} eval_ms=3 ram=5.2/15.6GB (33%) swap=0.0/3.0GB (0%) cpu=49% browser_rss=0.85GB
  [capture-loop] iter=350 t=43.5s state={'complete': False, 'error': None, 'executedCount': 0, 'wsState': 1} eval_ms=5 ram=5.2/15.6GB (34%) swap=0.0/3.0GB (0%) cpu=49% browser_rss=0.85GB
  [capture-loop] iter=400 t=49.2s state={'complete': False, 'error': None, 'executedCount': 0, 'wsState': 1} eval_ms=3 ram=5.3/15.6GB (34%) swap=0.0/3.0GB (0%) cpu=49% browser_rss=0.85GB
  [capture-loop] iter=450 t=55.0s state={'complete': False, 'error': None, 'executedCount': 0, 'wsState': 1} eval_ms=5 ram=5.3/15.6GB (34%) swap=0.0/3.0GB (0%) cpu=51% browser_rss=0.85GB
  [capture-loop] iter=500 t=60.7s state={'complete': False, 'error': None, 'executedCount': 0, 'wsState': 1} eval_ms=4 ram=5.3/15.6GB (34%) swap=0.0/3.0GB (0%) cpu=46% browser_rss=0.85GB
  [capture-loop] iter=550 t=66.4s state={'complete': False, 'error': None, 'executedCount': 0, 'wsState': 1} eval_ms=3 ram=5.3/15.6GB (34%) swap=0.0/3.0GB (0%) cpu=46% browser_rss=0.83GB
  [capture-loop] iter=600 t=72.1s state={'complete': False, 'error': None, 'executedCount': 0, 'wsState': 1} eval_ms=6 ram=5.4/15.6GB (34%) swap=0.0/3.0GB (0%) cpu=48% browser_rss=0.84GB
  [capture-loop] iter=650 t=77.9s state={'complete': False, 'error': None, 'executedCount': 0, 'wsState': 1} eval_ms=7 ram=5.4/15.6GB (35%) swap=0.0/3.0GB (0%) cpu=47% browser_rss=0.84GB
  [capture-loop] iter=700 t=83.5s state={'complete': False, 'error': None, 'executedCount': 0, 'wsState': 1} eval_ms=3 ram=5.4/15.6GB (34%) swap=0.0/3.0GB (0%) cpu=48% browser_rss=0.84GB
  [capture-loop] iter=750 t=89.3s state={'complete': False, 'error': None, 'executedCount': 0, 'wsState': 1} eval_ms=3 ram=5.4/15.6GB (35%) swap=0.0/3.0GB (0%) cpu=47% browser_rss=0.84GB
  [capture-loop] iter=800 t=94.9s state={'complete': False, 'error': None, 'executedCount': 0, 'wsState': 1} eval_ms=4 ram=5.5/15.6GB (35%) swap=0.0/3.0GB (0%) cpu=47% browser_rss=0.85GB
  [capture-loop] iter=850 t=100.7s state={'complete': False, 'error': None, 'executedCount': 0, 'wsState': 1} eval_ms=3 ram=5.4/15.6GB (34%) swap=0.0/3.0GB (0%) cpu=50% browser_rss=0.85GB
  [capture-loop] iter=900 t=106.5s state={'complete': False, 'error': None, 'executedCount': 0, 'wsState': 1} eval_ms=4 ram=5.5/15.6GB (35%) swap=0.0/3.0GB (0%) cpu=47% browser_rss=0.84GB
  [capture-loop] iter=950 t=112.1s state={'complete': False, 'error': None, 'executedCount': 0, 'wsState': 1} eval_ms=4 ram=5.4/15.6GB (35%) swap=0.0/3.0GB (0%) cpu=48% browser_rss=0.84GB
  [capture-loop] iter=1000 t=117.9s state={'complete': False, 'error': None, 'executedCount': 0, 'wsState': 1} eval_ms=3 ram=5.5/15.6GB (35%) swap=0.0/3.0GB (0%) cpu=48% browser_rss=0.85GB
  [capture-loop] iter=1050 t=123.6s state={'complete': False, 'error': None, 'executedCount': 0, 'wsState': 1} eval_ms=4 ram=5.5/15.6GB (35%) swap=0.0/3.0GB (0%) cpu=47% browser_rss=0.84GB
  [capture-loop] iter=1100 t=129.3s state={'complete': False, 'error': None, 'executedCount': 0, 'wsState': 1} eval_ms=4 ram=5.5/15.6GB (35%) swap=0.0/3.0GB (0%) cpu=46% browser_rss=0.85GB
  [capture-loop] iter=1150 t=135.0s state={'complete': False, 'error': None, 'executedCount': 0, 'wsState': 1} eval_ms=4 ram=5.5/15.6GB (35%) swap=0.0/3.0GB (0%) cpu=48% browser_rss=0.85GB
  [capture-loop] iter=1200 t=140.6s state={'complete': False, 'error': None, 'executedCount': 0, 'wsState': 1} eval_ms=4 ram=5.5/15.6GB (35%) swap=0.0/3.0GB (0%) cpu=47% browser_rss=0.85GB
  [capture-loop] iter=1250 t=146.3s state={'complete': False, 'error': None, 'executedCount': 0, 'wsState': 1} eval_ms=3 ram=5.5/15.6GB (35%) swap=0.0/3.0GB (0%) cpu=48% browser_rss=0.85GB
  [capture-loop] iter=1300 t=152.1s state={'complete': False, 'error': None, 'executedCount': 0, 'wsState': 1} eval_ms=7 ram=5.5/15.6GB (35%) swap=0.0/3.0GB (0%) cpu=48% browser_rss=0.85GB
  [capture-loop] iter=1350 t=157.7s state={'complete': False, 'error': None, 'executedCount': 0, 'wsState': 1} eval_ms=4 ram=5.5/15.6GB (35%) swap=0.0/3.0GB (0%) cpu=46% browser_rss=0.85GB
  [capture-loop] iter=1400 t=163.4s state={'complete': False, 'error': None, 'executedCount': 0, 'wsState': 1} eval_ms=4 ram=5.5/15.6GB (35%) swap=0.0/3.0GB (0%) cpu=50% browser_rss=0.85GB
  [capture-loop] iter=1450 t=169.2s state={'complete': False, 'error': None, 'executedCount': 0, 'wsState': 1} eval_ms=3 ram=5.6/15.6GB (36%) swap=0.0/3.0GB (0%) cpu=49% browser_rss=0.85GB
  [capture-loop] iter=1500 t=174.9s state={'complete': False, 'error': None, 'executedCount': 0, 'wsState': 1} eval_ms=3 ram=5.6/15.6GB (36%) swap=0.0/3.0GB (0%) cpu=49% browser_rss=0.85GB
  [capture-loop] iter=1550 t=180.6s state={'complete': False, 'error': None, 'executedCount': 0, 'wsState': 1} eval_ms=4 ram=5.6/15.6GB (36%) swap=0.0/3.0GB (0%) cpu=47% browser_rss=0.85GB
  [capture-loop] iter=1600 t=186.3s state={'complete': False, 'error': None, 'executedCount': 0, 'wsState': 1} eval_ms=4 ram=5.6/15.6GB (36%) swap=0.0/3.0GB (0%) cpu=48% browser_rss=0.85GB
  [capture-loop] iter=1650 t=191.9s state={'complete': False, 'error': None, 'executedCount': 0, 'wsState': 1} eval_ms=4 ram=5.6/15.6GB (36%) swap=0.0/3.0GB (0%) cpu=46% browser_rss=0.85GB
  [capture-loop] iter=1700 t=197.7s state={'complete': False, 'error': None, 'executedCount': 0, 'wsState': 1} eval_ms=5 ram=5.6/15.6GB (36%) swap=0.0/3.0GB (0%) cpu=46% browser_rss=0.86GB
  [capture-loop] iter=1750 t=203.3s state={'complete': False, 'error': None, 'executedCount': 0, 'wsState': 1} eval_ms=5 ram=5.6/15.6GB (36%) swap=0.0/3.0GB (0%) cpu=46% browser_rss=0.86GB
  [capture-loop] iter=1800 t=209.1s state={'complete': False, 'error': None, 'executedCount': 0, 'wsState': 1} eval_ms=8 ram=5.3/15.6GB (34%) swap=0.0/3.0GB (0%) cpu=48% browser_rss=0.86GB
  [capture-loop] iter=1850 t=214.8s state={'complete': False, 'error': None, 'executedCount': 0, 'wsState': 1} eval_ms=7 ram=6.0/15.6GB (38%) swap=0.0/3.0GB (0%) cpu=47% browser_rss=0.85GB
  [capture-loop] iter=1900 t=220.5s state={'complete': False, 'error': None, 'executedCount': 0, 'wsState': 1} eval_ms=5 ram=6.3/15.6GB (40%) swap=0.0/3.0GB (0%) cpu=49% browser_rss=0.85GB
  [capture-loop] iter=1950 t=226.2s state={'complete': False, 'error': None, 'executedCount': 0, 'wsState': 1} eval_ms=4 ram=6.5/15.6GB (41%) swap=0.0/3.0GB (0%) cpu=48% browser_rss=0.85GB
  [capture-loop] iter=2000 t=232.0s state={'complete': False, 'error': None, 'executedCount': 0, 'wsState': 1} eval_ms=4 ram=6.9/15.6GB (44%) swap=0.0/3.0GB (0%) cpu=50% browser_rss=0.86GB
  [capture-loop] iter=2050 t=237.7s state={'complete': False, 'error': None, 'executedCount': 0, 'wsState': 1} eval_ms=4 ram=7.2/15.6GB (46%) swap=0.0/3.0GB (0%) cpu=50% browser_rss=0.85GB
  [capture-loop] iter=2100 t=243.5s state={'complete': False, 'error': None, 'executedCount': 0, 'wsState': 1} eval_ms=3 ram=7.6/15.6GB (49%) swap=0.0/3.0GB (0%) cpu=48% browser_rss=0.86GB
  [capture-loop] iter=2150 t=249.1s state={'complete': False, 'error': None, 'executedCount': 0, 'wsState': 1} eval_ms=3 ram=7.4/15.6GB (48%) swap=0.0/3.0GB (0%) cpu=47% browser_rss=0.85GB
  [capture-loop] iter=2200 t=254.9s state={'complete': False, 'error': None, 'executedCount': 0, 'wsState': 1} eval_ms=4 ram=9.0/15.6GB (58%) swap=0.0/3.0GB (0%) cpu=48% browser_rss=0.86GB
  [capture-loop] iter=2250 t=260.6s state={'complete': False, 'error': None, 'executedCount': 0, 'wsState': 1} eval_ms=5 ram=9.3/15.6GB (60%) swap=0.0/3.0GB (0%) cpu=47% browser_rss=0.86GB
  [capture-loop] iter=2300 t=266.2s state={'complete': False, 'error': None, 'executedCount': 0, 'wsState': 1} eval_ms=3 ram=9.3/15.6GB (60%) swap=0.0/3.0GB (0%) cpu=48% browser_rss=0.86GB
  [capture-loop] iter=2350 t=272.0s state={'complete': False, 'error': None, 'executedCount': 0, 'wsState': 1} eval_ms=4 ram=7.2/15.6GB (46%) swap=0.0/3.0GB (0%) cpu=48% browser_rss=0.86GB
  [capture-loop] iter=2400 t=277.7s state={'complete': False, 'error': None, 'executedCount': 0, 'wsState': 1} eval_ms=4 ram=9.3/15.6GB (60%) swap=0.0/3.0GB (0%) cpu=47% browser_rss=0.86GB
  [capture-loop] iter=2450 t=283.3s state={'complete': False, 'error': None, 'executedCount': 0, 'wsState': 1} eval_ms=3 ram=6.7/15.6GB (43%) swap=0.0/3.0GB (0%) cpu=48% browser_rss=0.85GB
  [capture-loop] iter=2500 t=289.1s state={'complete': False, 'error': None, 'executedCount': 0, 'wsState': 1} eval_ms=4 ram=7.5/15.6GB (48%) swap=0.0/3.0GB (0%) cpu=46% browser_rss=0.86GB
  [capture-loop] iter=2550 t=294.9s state={'complete': False, 'error': None, 'executedCount': 0, 'wsState': 1} eval_ms=4 ram=8.5/15.6GB (55%) swap=0.0/3.0GB (0%) cpu=47% browser_rss=0.86GB
  [capture-loop] iter=2600 t=300.5s state={'complete': False, 'error': None, 'executedCount': 0, 'wsState': 1} eval_ms=4 ram=7.7/15.6GB (50%) swap=0.0/3.0GB (0%) cpu=51% browser_rss=0.86GB
  [capture-loop] iter=2650 t=306.3s state={'complete': False, 'error': None, 'executedCount': 0, 'wsState': 1} eval_ms=3 ram=8.5/15.6GB (55%) swap=0.0/3.0GB (0%) cpu=47% browser_rss=0.85GB
  [capture-loop] iter=2700 t=311.9s state={'complete': False, 'error': None, 'executedCount': 0, 'wsState': 1} eval_ms=6 ram=8.0/15.6GB (51%) swap=0.0/3.0GB (0%) cpu=48% browser_rss=0.86GB
  [capture-loop] iter=2750 t=317.6s state={'complete': False, 'error': None, 'executedCount': 0, 'wsState': 1} eval_ms=4 ram=6.8/15.6GB (44%) swap=0.0/3.0GB (0%) cpu=48% browser_rss=0.85GB
  Frame 5 saved (frame_004.jpg, t=322.8s)
  [capture-periodic] freeze=2ms shot=135ms unfreeze=5ms saved=True
  [capture-loop] iter=2800 t=323.4s state={'complete': False, 'error': None, 'executedCount': 0, 'wsState': 1} eval_ms=3 ram=6.8/15.6GB (44%) swap=0.0/3.0GB (0%) cpu=45% browser_rss=0.86GB
  Node executed (1 total), capturing...
  Frame 6 saved (frame_005.jpg, t=326.0s)
  [capture-node] freeze=4ms shot=135ms unfreeze=35ms saved=True
  Execution complete (t=327.3s)
  [3d-wait] Phase 1: Waiting for 'Loading 3D Model' text to disappear...
  [3d-wait] Phase 1 done in 0.0s
  [3d-wait] Phase 2: iframes=1
  [3d-wait] iframe viewer_ready=True (matched 1 console logs)
  [3d-wait] Unfrozen in 0.004s, rendering for 5s...
  [3d-wait] JS halted via CDP after 10.5s
  [3d-wait] Re-frozen in 41.8s
  [3d-wait] Total 3D wait: 41.9s
  Captured 6 unique frames over 369.36s
  [debug] iframes: 1
  [debug]   iframe[0]: src=http://127.0.0.1:8188/extensions/ComfyUI-GeometryPack/viewer_gaussian.html?v=177, canvas=1536x1024, rafFrozen=True
  [timing] trigger_3d_previews: 0.0s
  Saved high-quality screenshot: sharp_basic_executed.png
  [timing] final_screenshot: 0.3s
    Captured 7 video frames