[00:00] Crash dump logging enabled: /logs/Sharp-0944/dev/linux-gpu/crash_dump.log
[00:00] 
[00:00] [1/5] SYNTAX
[00:00] ----------------------------------------
[00:00] 
[DEBUG] server=None, server_url=None, api=None
[00:00] Found pyproject.toml (modern format)
[00:00] Found requirements.txt (legacy format)
[00:00] Unicode check: OK (all characters cp1252-safe)
[00:00] Forbidden patterns check: OK
[00:00] [SYNTAX] PASSED
[00:00] 
[00:00] [2/5] INSTALL
[00:00] ----------------------------------------
[00:00] 
[DEBUG] server=None, server_url=None, api=None
[00:00] 
Setting up ComfyUI...
[00:00] Creating virtual environment...
[00:00] Running: uv venv /workspaces/Sharp-0944/.venv --python 3.11
[00:00] Cloning ComfyUI (latest)...
[00:00] Running: git clone --depth 1 https://github.com/comfyanonymous/ComfyUI.git /workspaces/Sharp-0944/ComfyUI
[00:02] Installing ComfyUI requirements...
[00:02] Running: uv pip install --python /workspaces/Sharp-0944/.venv/bin/python --index-url https://download.pytorch.org/whl/cu128 --extra-index-url https://pypi.org/simple --index-strategy unsafe-best-match -r /workspaces/Sharp-0944/ComfyUI/requirements.txt
[01:18] 
Installing custom node...
[01:18] Copying ComfyUI-Sharp to custom_nodes/...
[01:18] Installing node requirements...
[01:18] Running: uv pip install --python /workspaces/Sharp-0944/.venv/bin/python --index-url https://download.pytorch.org/whl/cu128 --extra-index-url https://pypi.org/simple --index-strategy unsafe-best-match -r /workspaces/Sharp-0944/ComfyUI/custom_nodes/ComfyUI-Sharp/requirements.txt
[01:21] 
Running install.py...
[01:21] Running: /workspaces/Sharp-0944/.venv/bin/python /workspaces/Sharp-0944/ComfyUI/custom_nodes/ComfyUI-Sharp/install.py
[01:22]   
[01:22]   Installing 1 node dependencies...
[01:22]     Cloning ComfyUI-GeometryPack...
[01:26]     Installing requirements for ComfyUI-GeometryPack...
[01:27]     Running install.py for ComfyUI-GeometryPack...
[01:29]   [comfy-env] _discover: scanning /workspaces/Sharp-0944/ComfyUI/custom_nodes
[01:29]   [comfy-env] _discover: ComfyUI-GeometryPack -> geometrypack-nodes (custom_nodes/ComfyUI-GeometryPack/nodes/comfy-env.toml)
[01:30]   [comfy-env] _discover: ComfyUI-Sharp -> sharp-nodes (custom_nodes/ComfyUI-Sharp/nodes/comfy-env.toml)
[01:30]   [comfy-env] Workspace: /root/.ce
[01:30]   [comfy-env] ComfyUI: /workspaces/Sharp-0944/ComfyUI
[01:30]   [comfy-env] Found 2 node config(s):
[01:30]     - geometrypack-nodes <- custom_nodes/ComfyUI-GeometryPack/nodes/comfy-env.toml (python=host)
[01:30]     - sharp-nodes <- custom_nodes/ComfyUI-Sharp/nodes/comfy-env.toml (python=host)
[01:30]   [comfy-env] Bootstrap interpreter has python 3.11 + torch 2.11.0 (cu128). Looking for cuda-only wheels matching cu128/torch2.11/cp311.
[01:30]   [comfy-env] GPU: Detection: smi
[01:30]   Driver: 580.126.20
[01:30]   CUDA: 13.0
[01:30]   Recommended: CUDA 13.0
[01:30]   
[01:30]     GPU 0: NVIDIA GeForce RTX 5060 (sm_120) [Blackwell] 8151MB
[01:30]   [comfy-env] Comfyui feature -> torch 2.11.0 from https://download.pytorch.org/whl/cu128 (CUDA 12.8 via bootstrap torch)
[01:30]   [comfy-env] cuda-wheels: 1 package(s) need a matched (cuda, torch, python) combo: ['cumesh']
[01:30]   [comfy-env] cuda-wheels tier 1 (bootstrap): probing cu12.8/torch2.11/cp311
[01:30]   [cuda-wheels] Looking up cumesh: cu128 torch2.11 cp311 manylinux linux
[01:30]   [cuda-wheels]   Found: cumesh-0.0.1+cu128torch2.11-cp311-cp311-manylinux_2_35_x86_64.whl
[01:30]   [comfy-env] cuda-wheels combo: cu12.8/torch2.11 (bootstrap matches; per-node envs will pin to this)
[01:30]   [comfy-env] Host glibc 2.35 -> system-requirements
[01:30]   [cuda-wheels] Looking up cumesh: cu128 torch2.11 cp311 manylinux linux
[01:30]   [cuda-wheels]   Found: cumesh-0.0.1+cu128torch2.11-cp311-cp311-manylinux_2_35_x86_64.whl
[01:30]   [comfy-env] geometrypack-nodes: cuda-wheels deferred for post-pixi install (cumesh)
[01:30]   Generated /root/.ce/pixi.toml
[01:30]   [comfy-env] Installing 2 environment(s):
[01:30]     - geometrypack-nodes (python=host, 14 pypi deps, 1 cuda wheels)
[01:30]     - sharp-nodes (python=host, 9 pypi deps)
[01:30]   [comfy-env] Running `pixi install -e geometrypack-nodes -e sharp-nodes`...
[01:46]      WARN Skipped running the post-link scripts because `run-post-link-scripts` = `false`
[01:46]     	- bin/.librsvg-pre-unlink.sh
[01:46]     To enable them, run:
[01:46]     	pixi config set --local run-post-link-scripts insecure
[01:46]     More info:
[01:46]     	https://pixi.sh/latest/reference/pixi_configuration/#run-post-link-scripts
[01:47]      WARN Skipped running the post-link scripts because `run-post-link-scripts` = `false`
[01:47]     	- bin/.librsvg-pre-unlink.sh
[01:47]     To enable them, run:
[01:47]     	pixi config set --local run-post-link-scripts insecure
[01:47]     More info:
[01:47]     	https://pixi.sh/latest/reference/pixi_configuration/#run-post-link-scripts
[02:54]     The following environments have been installed: geometrypack-nodes, sharp-nodes.
[02:54]   [comfy-env] geometrypack-nodes: installing cuda-wheels with --no-deps (cumesh)
[02:54]     Using Python 3.11.15 environment at: .pixi/envs/geometrypack-nodes
[02:55]     Resolved 1 package in 1.08s
[02:55]     Downloading cumesh (19.5MiB)
[02:56]      Downloaded cumesh
[02:56]     Prepared 1 package in 389ms
[02:56]     Installed 1 package in 3ms
[02:56]      + cumesh==0.0.1+cu128torch2.11 (from https://github.com/PozzettiAndrea/cuda-wheels/releases/download/cumesh-latest/cumesh-0.0.1%2Bcu128torch2.11-cp311-cp311-manylinux_2_35_x86_64.whl)
[02:56]   [comfy-env] Recorded install hash 0e1ef38d50f5 -> /root/.ce/install.hash
[02:56]   [comfy-env] Install log: /root/.ce/install.log
[02:56]   
[02:56]   Installation complete!
[02:56]   
[02:56]   [requirements] Re-installing main package requirements...
[02:56]     Installing requirements for ComfyUI-Sharp...
[02:56]   [comfy-env] _discover: scanning /workspaces/Sharp-0944/ComfyUI/custom_nodes
[02:56]   [comfy-env] _discover: ComfyUI-GeometryPack -> geometrypack-nodes (custom_nodes/ComfyUI-GeometryPack/nodes/comfy-env.toml)
[02:56]   [comfy-env] _discover: ComfyUI-Sharp -> sharp-nodes (custom_nodes/ComfyUI-Sharp/nodes/comfy-env.toml)
[02:56]   [comfy-env] Workspace inputs unchanged (hash 0e1ef38d50f5) -- skipping install. Delete /root/.ce/install.hash to force.
[02:56]   
[02:56]   Installation complete!
[02:56] Installing 1 node dependency(ies)...
[02:56]   ComfyUI-GeometryPack from PozzettiAndrea/ComfyUI-GeometryPack
[02:56]   ComfyUI-GeometryPack already exists, skipping...
[02:56] Installing validation endpoint...
[02:56]   Cloning PozzettiAndrea/ComfyUI-validate-endpoint...
[02:56] Running: git clone --depth 1 https://github.com/PozzettiAndrea/ComfyUI-validate-endpoint.git /workspaces/Sharp-0944/ComfyUI/custom_nodes/ComfyUI-validate-endpoint
[02:56] [INSTALL] PASSED
[02:56] 
[02:56] [3/5] REGISTRATION
[02:56] ----------------------------------------
[02:56] 
[DEBUG] server=None, server_url=None, api=None
[02:56] 
Starting ComfyUI server...
[02:56] Starting ComfyUI server on port 41892...
[02:56] Starting ComfyUI server on port 41892...
[02:56] Waiting for server to be ready (timeout: 600s)...
[02:57]   [ComfyUI] setup plugin alembic.autogenerate.schemas
[02:57]   [ComfyUI] setup plugin alembic.autogenerate.tables
[02:57]   [ComfyUI] setup plugin alembic.autogenerate.types
[02:57]   [ComfyUI] setup plugin alembic.autogenerate.constraints
[02:57]   [ComfyUI] setup plugin alembic.autogenerate.defaults
[02:57]   [ComfyUI] setup plugin alembic.autogenerate.comments
[02:58]   [ComfyUI] [comfy-env] ComfyUI-Sharp: 1 isolation env(s):
[02:58]   [ComfyUI] [comfy-env]   nodes -> /workspaces/Sharp-0944/ComfyUI/custom_nodes/ComfyUI-Sharp/nodes
[02:58]   [ComfyUI] [comfy-env] prestartup complete
[02:58]   [ComfyUI] [comfy-env] ComfyUI-GeometryPack: 1 isolation env(s):
[02:58]   [ComfyUI] [comfy-env]   nodes -> /workspaces/Sharp-0944/ComfyUI/custom_nodes/ComfyUI-GeometryPack/nodes
[02:58]   [ComfyUI] [comfy-env] prestartup complete
[02:58]   [ComfyUI] 
[02:58]   [ComfyUI] Prestartup times for custom nodes:
[02:58]   [ComfyUI]    0.1 seconds: /workspaces/Sharp-0944/ComfyUI/custom_nodes/ComfyUI-GeometryPack
[02:58]   [ComfyUI]    0.2 seconds: /workspaces/Sharp-0944/ComfyUI/custom_nodes/ComfyUI-Sharp
[02:58]   [ComfyUI] 
[03:02]   [ComfyUI] WARNING: You need pytorch with cu130 or higher to use optimized CUDA operations.
[03:02]   [ComfyUI] Found comfy_kitchen backend cuda: {'available': True, 'disabled': True, 'unavailable_reason': None, 'capabilities': ['apply_rope', 'apply_rope1', 'dequantize_nvfp4', 'dequantize_per_tensor_fp8', 'quantize_mxfp8', 'quantize_nvfp4', 'quantize_per_tensor_fp8']}
[03:02]   [ComfyUI] Found comfy_kitchen backend triton: {'available': True, 'disabled': True, 'unavailable_reason': None, 'capabilities': ['apply_rope', 'apply_rope1', 'dequantize_nvfp4', 'dequantize_per_tensor_fp8', 'quantize_mxfp8', 'quantize_nvfp4', 'quantize_per_tensor_fp8']}
[03:02]   [ComfyUI] Found comfy_kitchen backend eager: {'available': True, 'disabled': False, 'unavailable_reason': None, 'capabilities': ['apply_rope', 'apply_rope1', 'dequantize_mxfp8', 'dequantize_nvfp4', 'dequantize_per_tensor_fp8', 'quantize_mxfp8', 'quantize_nvfp4', 'quantize_per_tensor_fp8', 'scaled_mm_mxfp8', 'scaled_mm_nvfp4']}
[03:02]   [ComfyUI] Checkpoint files will always be loaded safely.
[03:03]   [ComfyUI] Total VRAM 7704 MB, total RAM 32011 MB
[03:03]   [ComfyUI] pytorch version: 2.11.0+cu128
[03:03]   [ComfyUI] Set vram state to: NORMAL_VRAM
[03:03]   [ComfyUI] Device: cuda:0 NVIDIA GeForce RTX 5060 : cudaMallocAsync
[03:03]   [ComfyUI] Using async weight offloading with 2 streams
[03:03]   [ComfyUI] Enabled pinned memory 28810.0
[03:03]   [ComfyUI] Using pytorch attention
[03:07]   [ComfyUI] aimdo: /project/src-posix/cuda-funchooks.c:52:DEBUG:aimdo_setup_hooks: hooks successfully installed
[03:07]   [ComfyUI] aimdo: /project/src/control.c:151:INFO:comfy-aimdo inited for GPU: NVIDIA GeForce RTX 5060 (VRAM: 7703 MB)
[03:07]   [ComfyUI] DynamicVRAM support detected and enabled
[03:07]   [ComfyUI] Python version: 3.11.15 (main, May  8 2026, 18:33:10) [Clang 22.1.3 ]
[03:07]   [ComfyUI] ComfyUI version: 0.21.0
[03:07]   [ComfyUI] comfy-aimdo version: 0.3.0
[03:07]   [ComfyUI] comfy-kitchen version: 0.2.8
[03:07]   [ComfyUI] ****** User settings have been changed to be stored on the server instead of browser storage. ******
[03:07]   [ComfyUI] ****** For multi-user setups add the --multi-user CLI argument to enable multiple user profiles. ******
[03:07]   [ComfyUI] ComfyUI frontend version: 1.43.18
[03:07]   [ComfyUI] [Prompt Server] web root: /workspaces/Sharp-0944/.venv/lib/python3.11/site-packages/comfyui_frontend_package/static
[03:07]   [ComfyUI] Asset seeder disabled
[03:08]   [ComfyUI] [comfy-env] Version: 0.3.83
[03:09]   [ComfyUI] [comfy-env] register_nodes: ComfyUI-Sharp
[03:09]   [ComfyUI] [comfy-env] ComfyUI source dir: /workspaces/Sharp-0944/ComfyUI
[03:09]   [ComfyUI] [comfy-env] Found 1 isolation env(s)
[03:09]   [ComfyUI] [comfy-env] Scanning nodes metadata (isolation root)...
[03:09]   [ComfyUI] [comfy-env] Metadata scan: /root/.pixi/bin/pixi run --as-is --manifest-path /root/.ce/pixi.toml -e sharp-nodes python /tmp/comfy_meta_j61psusf.py /workspaces/Sharp-0944/ComfyUI/custom_nodes/ComfyUI-Sharp nodes
[03:09]   [ComfyUI] [comfy-env] Scan env PATH for nodes:
[03:09]   [ComfyUI] [comfy-env]   [0] /root/.local/bin
[03:09]   [ComfyUI] [comfy-env]   [1] /usr/local/nvidia/bin
[03:09]   [ComfyUI] [comfy-env]   [2] /usr/local/cuda/bin
[03:09]   [ComfyUI] [comfy-env]   [3] /usr/local/sbin
[03:09]   [ComfyUI] [comfy-env]   [4] /usr/local/bin
[03:09]   [ComfyUI] [comfy-env]   [5] /usr/sbin
[03:09]   [ComfyUI] [comfy-env]   [6] /usr/bin
[03:09]   [ComfyUI] [comfy-env]   [7] /sbin
[03:09]   [ComfyUI] [comfy-env]   [8] /bin
[03:12]   [ComfyUI] [comfy-env] Metadata scan stderr for nodes:
[03:12]   [ComfyUI] [comfy-env]   [meta-scan] importing nodes from /workspaces/Sharp-0944/ComfyUI/custom_nodes/ComfyUI-Sharp
[03:12]   [ComfyUI] [comfy-env]   [meta-scan] import OK
[03:12]   [ComfyUI] [comfy-env] Scanned nodes: 8 nodes (3.1s)
[03:12]   [ComfyUI] [comfy-env] Scanned nodes root: 8 nodes (3.1s)
[03:12]   [ComfyUI] [comfy-env] Imported nodes root: 8 nodes (isolation)
[03:12]   [ComfyUI] [comfy-env] Registered 8 total nodes
[03:12]   [ComfyUI] loading...
[03:12]   [ComfyUI] calling register_nodes
[03:12]   [ComfyUI] [comfy-env] Version: 0.3.83
[03:12]   [ComfyUI] [comfy-env] register_nodes: ComfyUI-GeometryPack
[03:12]   [ComfyUI] [comfy-env] ComfyUI source dir: /workspaces/Sharp-0944/ComfyUI
[03:12]   [ComfyUI] [comfy-env] Found 1 isolation env(s)
[03:12]   [ComfyUI] [comfy-env] Scanning nodes metadata (isolation root)...
[03:12]   [ComfyUI] [comfy-env] Metadata scan: /root/.pixi/bin/pixi run --as-is --manifest-path /root/.ce/pixi.toml -e geometrypack-nodes python /tmp/comfy_meta_wd7hpnwd.py /workspaces/Sharp-0944/ComfyUI/custom_nodes/ComfyUI-GeometryPack nodes
[03:12]   [ComfyUI] [comfy-env] Scan env PATH for nodes:
[03:12]   [ComfyUI] [comfy-env]   [0] /root/.local/bin
[03:12]   [ComfyUI] [comfy-env]   [1] /usr/local/nvidia/bin
[03:12]   [ComfyUI] [comfy-env]   [2] /usr/local/cuda/bin
[03:12]   [ComfyUI] [comfy-env]   [3] /usr/local/sbin
[03:12]   [ComfyUI] [comfy-env]   [4] /usr/local/bin
[03:12]   [ComfyUI] [comfy-env]   [5] /usr/sbin
[03:12]   [ComfyUI] [comfy-env]   [6] /usr/bin
[03:12]   [ComfyUI] [comfy-env]   [7] /sbin
[03:12]   [ComfyUI] [comfy-env]   [8] /bin
[03:17]   [ComfyUI] [comfy-env] Metadata scan stderr for nodes:
[03:17]   [ComfyUI] [comfy-env]   [meta-scan] importing nodes from /workspaces/Sharp-0944/ComfyUI/custom_nodes/ComfyUI-GeometryPack
[03:17]   [ComfyUI] [comfy-env]   ERROR:root:Failed to import comfy_kitchen, Error: No module named 'comfy_kitchen', fp8 and fp4 support will not be available.
[03:17]   [ComfyUI] [comfy-env]   [meta-scan] import OK
[03:17]   [ComfyUI] [comfy-env] Scanned nodes: 125 nodes (4.9s)
[03:17]   [ComfyUI] [comfy-env] Scanned nodes root: 125 nodes (4.9s)
[03:17]   [ComfyUI] [comfy-env] Imported nodes root: 125 nodes (isolation)
[03:17]   [ComfyUI] [comfy-env] Registered 125 total nodes
[03:17]   [ComfyUI] 
[03:17]   [ComfyUI] Import times for custom nodes:
[03:17]   [ComfyUI]    0.0 seconds: /workspaces/Sharp-0944/ComfyUI/custom_nodes/websocket_image_save.py
[03:17]   [ComfyUI]    0.0 seconds: /workspaces/Sharp-0944/ComfyUI/custom_nodes/ComfyUI-validate-endpoint
[03:17]   [ComfyUI]    3.3 seconds: /workspaces/Sharp-0944/ComfyUI/custom_nodes/ComfyUI-Sharp
[03:17]   [ComfyUI]    4.9 seconds: /workspaces/Sharp-0944/ComfyUI/custom_nodes/ComfyUI-GeometryPack
[03:17]   [ComfyUI] 
[03:17]   [ComfyUI] Context impl SQLiteImpl.
[03:17]   [ComfyUI] Will assume non-transactional DDL.
[03:17]   [ComfyUI] Context impl SQLiteImpl.
[03:17]   [ComfyUI] Will assume non-transactional DDL.
[03:17]   [ComfyUI] Running upgrade  -> 0001_assets, Initial assets schema
[03:17]   [ComfyUI] Revision ID: 0001_assets
[03:17]   [ComfyUI] Revises: None
[03:17]   [ComfyUI] Create Date: 2025-12-10 00:00:00
[03:17]   [ComfyUI] Running upgrade 0001_assets -> 0002_merge_to_asset_references, Merge AssetInfo and AssetCacheState into unified asset_references table.
[03:17]   [ComfyUI] Running upgrade 0002_merge_to_asset_references -> 0003_add_metadata_job_id, Add system_metadata and job_id columns to asset_references.
[03:17]   [ComfyUI] Change preview_id FK from assets.id to asset_references.id.
[03:17]   [ComfyUI] Database upgraded from None to 0003_add_metadata_job_id
[03:17]   [ComfyUI] Starting server
[03:17]   [ComfyUI] 
[03:17]   [ComfyUI] To see the GUI go to: http://127.0.0.1:41892
[03:17] Server responding, waiting for nodes to load...
[03:38] Server is ready!
[03:38] Checking for import errors in server logs...
[03:38] No import errors detected
[03:38] Found 840 registered nodes
[03:38] [REGISTRATION] PASSED
[03:38] 
[03:38] [4/5] INSTANTIATION
[03:38] ----------------------------------------
[03:38] 
[DEBUG] server=<comfy_test.comfyui.server.ComfyUIServer object at 0x7059122cc850>, server_url=None, api=<comfy_test.comfyui.api.ComfyUIAPI object at 0x70591161c280>
[03:38] Testing node constructors...
[03:38] All 8 node(s) instantiated successfully!
[03:38] [INSTANTIATION] PASSED
[03:38] 
[03:38] [5/5] EXECUTION
[03:38] ----------------------------------------
[03:38] 
[DEBUG] server=<comfy_test.comfyui.server.ComfyUIServer object at 0x7059122cc850>, server_url=None, api=<comfy_test.comfyui.api.ComfyUIAPI object at 0x70591161c280>
[03:38] GPU runner - will execute 2 workflow(s)
[03:38] Running 3 workflow(s) (all with videos)...
[03:38] Installing screenshot dependencies (playwright, pillow)...
[03:40]   Packages installed, downloading chromium browser...
[03:56]   Screenshot dependencies installed successfully
[03:56] Starting headless browser...
[03:57]   Installing Vulkan stack (apt)...
[03:57]   Vulkan install error: [Errno 2] No such file or directory: 'sudo'
[03:57]   GPU detected (no Vulkan) -- using ANGLE/OpenGL rendering
[03:57]   [1/3] SKIPPED (not in gpu list) pano.json
[03:57] Capturing execution frames: sharp_basic.json
[04:03]   Frame 1 saved (frame_000.jpg, t=0.0s)
[04:03]   Validating workflow...
[04:03]   [ComfyUI] === /validate endpoint called ===
[04:03]   [ComfyUI] Received JSON with keys: ['prompt']
[04:03]   [ComfyUI] Prompt has 4 nodes
[04:03]   [ComfyUI]   Node 1: LoadImage
[04:03]   Queuing workflow for execution...
[04:03]   [ComfyUI]     Inputs: {"image": "beach.jpg"}
[04:03]   [ComfyUI]   Node 2: LoadSharpModel
[04:03]   [ComfyUI]     Inputs: {"precision": "auto"}
[04:03]   [ComfyUI]   Node 4: GeomPackPreviewGaussian
[04:03]   [ComfyUI]     Inputs: {"preview_gaussian": "", "ply_path": ["5", 0], "extrinsics": ["5", 1], "intrinsics": ["5", 2]}
[04:03]   [ComfyUI]   Node 5: SharpPredict
[04:03]   [ComfyUI]     Inputs: {"focal_length_mm": 30, "output_prefix": "sharp", "model": ["2", 0], "image": ["1", 0]}
[04:03]   [ComfyUI] Generated prompt_id: 346abf1b-858b-4177-bc03-9a04465e96d9
[04:03]   [ComfyUI] Calling execution.validate_prompt()...
[04:03]   [ComfyUI] Validation result: valid=True
[04:03]   [ComfyUI] === Validation PASSED ===
[04:03]   [ComfyUI] got prompt
[04:03]   [ComfyUI] [comfy-env] Running LoadSharpModel: precision: 'auto'
[04:03]   [ComfyUI] [comfy-env] SubprocessWorker: /root/.ce/.pixi/envs/sharp-nodes/bin/python
[04:03]   [ComfyUI] [VRAM] Before LoadSharpModel: 152 / 7703 MB
[04:03]   [ComfyUI] [comfy-env] env_vars: {'COMFYUI_BASE': '/workspaces/Sharp-0944/ComfyUI'}
[04:03]   [ComfyUI] [SubprocessWorker] call_method: nodes.load_model.LoadSharpModel.EXECUTE_NORMALIZED
[04:03]   [ComfyUI] [ComfyUI-Sharp] python: /root/.ce/.pixi/envs/sharp-nodes/bin/python
[04:03]   [ComfyUI] [SubprocessWorker] acquired lock, ensuring started...
[04:03]   [ComfyUI] [ComfyUI-Sharp] sys_path sent to worker: ['/workspaces/Sharp-0944/ComfyUI', '/workspaces/Sharp-0944/ComfyUI/custom_nodes/ComfyUI-Sharp', '/root/.ce/.pixi/envs/sharp-nodes/lib/python3.11/site-packages', '/workspaces/Sharp-0944/ComfyUI/custom_nodes/ComfyUI-Sharp']
[04:03]   [ComfyUI] [SubprocessWorker] is_pixi=True, python=/root/.ce/.pixi/envs/sharp-nodes/bin/python
[04:03]   [ComfyUI] [SubprocessWorker] launching cmd=['/root/.pixi/bin/pixi', 'run', '--as-is', '--manifest-path', '/root/.ce/pixi.toml', '-e', 'sharp-nodes', 'python', '/tmp/comfyui_pvenv_ngtufel2/persistent_worker.py', 'abstract://comfy_worker_b3aad30f257a']...
[04:03]   [ComfyUI] [SubprocessWorker] socket_addr=abstract://comfy_worker_b3aad30f257a (abstract, no filesystem path)
[04:04]   [ComfyUI] [worker:ComfyUI-Sharp] ERROR: Failed to import comfy_kitchen, Error: No module named 'comfy_kitchen', fp8 and fp4 support will not be available.
[04:04]   [ComfyUI] [SubprocessWorker] worker started/confirmed
[04:04]   [ComfyUI] [SubprocessWorker] serializing kwargs to shm...
[04:04]   [ComfyUI] [SubprocessWorker] created 0 shm blocks
[04:04]   [ComfyUI] [SubprocessWorker] sending request via socket...
[04:04]   [ComfyUI] [SubprocessWorker] call_id=1 sending call_method
[04:05]   [ComfyUI] 
[04:05]   Frame 2 saved (frame_001.jpg, t=2.3s)
[04:05]   [capture-periodic] freeze=2ms shot=107ms unfreeze=3ms saved=True
[04:07]   Frame 3 saved (frame_002.jpg, t=4.5s)
[04:07]   [capture-periodic] freeze=2ms shot=164ms unfreeze=3ms saved=True
[04:08]   [capture-loop] iter=50 t=5.8s state={'complete': False, 'error': None, 'executedCount': 0, 'wsState': 1} eval_ms=6 ram=3.5/31.3GB (11%) swap=0.7/32.0GB (2%) cpu=9% browser_rss=0.88GB
[04:10]   [ComfyUI] sharp_2572gikvuh.pt:   0%|          | 0.00/2.81G [00:00<?, ?B/s]
[04:10]   [ComfyUI] sharp_2572gikvuh.pt:  10%|█         | 292M/2.81G [00:05<00:47, 52.9MB/s][SubprocessWorker] callback 'report_progress' from call_id=1
[04:12]   [ComfyUI] 
[04:12]   [ComfyUI] sharp_2572gikvuh.pt:  13%|█▎        | 359M/2.81G [00:06<00:46, 53.1MB/s][SubprocessWorker] callback 'report_progress' from call_id=1
[04:12]   Frame 4 saved (frame_003.jpg, t=9.0s)
[04:12]   [capture-periodic] freeze=3ms shot=143ms unfreeze=5ms saved=True
[04:14]   Frame 5 saved (frame_004.jpg, t=11.4s)
[04:14]   [capture-periodic] freeze=2ms shot=148ms unfreeze=4ms saved=True
[04:14]   [capture-loop] iter=100 t=11.7s state={'complete': False, 'error': None, 'executedCount': 0, 'wsState': 1} eval_ms=2 ram=4.0/31.3GB (13%) swap=0.7/32.0GB (2%) cpu=17% browser_rss=0.88GB
[04:15]   [ComfyUI] 
[04:15]   [ComfyUI] sharp_2572gikvuh.pt:  15%|█▌        | 427M/2.81G [00:10<01:05, 36.3MB/s][SubprocessWorker] callback 'report_progress' from call_id=1
[04:15]   [ComfyUI] 
[04:15]   [ComfyUI] sharp_2572gikvuh.pt:  20%|█▉        | 561M/2.81G [00:10<00:37, 60.3MB/s][SubprocessWorker] callback 'report_progress' from call_id=1
[04:16]   [ComfyUI] 
[04:16]   [ComfyUI] sharp_2572gikvuh.pt:  25%|██▍       | 695M/2.81G [00:11<00:26, 80.4MB/s][SubprocessWorker] callback 'report_progress' from call_id=1
[04:16]   Frame 6 saved (frame_005.jpg, t=13.7s)
[04:16]   [capture-periodic] freeze=2ms shot=154ms unfreeze=6ms saved=True
[04:18]   [ComfyUI] 
[04:18]   [ComfyUI] sharp_2572gikvuh.pt:  30%|██▉       | 829M/2.81G [00:13<00:27, 71.7MB/s][SubprocessWorker] callback 'report_progress' from call_id=1
[04:19]   Frame 7 saved (frame_006.jpg, t=16.0s)
[04:19]   [capture-periodic] freeze=5ms shot=149ms unfreeze=2ms saved=True
[04:20]   [capture-loop] iter=150 t=17.3s state={'complete': False, 'error': None, 'executedCount': 0, 'wsState': 1} eval_ms=2 ram=4.2/31.3GB (14%) swap=0.7/32.0GB (2%) cpu=20% browser_rss=0.88GB
[04:21]   [ComfyUI] 
[04:21]   [ComfyUI] sharp_2572gikvuh.pt:  37%|███▋      | 1.03G/2.81G [00:16<00:25, 69.5MB/s][SubprocessWorker] callback 'report_progress' from call_id=1
[04:22]   [ComfyUI] 
[04:22]   [ComfyUI] sharp_2572gikvuh.pt:  39%|███▉      | 1.10G/2.81G [00:16<00:21, 79.7MB/s][SubprocessWorker] callback 'report_progress' from call_id=1
[04:23]   Frame 8 saved (frame_007.jpg, t=20.6s)
[04:23]   [capture-periodic] freeze=2ms shot=154ms unfreeze=3ms saved=True
[04:26]   [capture-loop] iter=200 t=23.1s state={'complete': False, 'error': None, 'executedCount': 0, 'wsState': 1} eval_ms=2 ram=4.5/31.3GB (14%) swap=0.7/32.0GB (2%) cpu=19% browser_rss=0.88GB
[04:26]   [ComfyUI] 
[04:26]   [ComfyUI] sharp_2572gikvuh.pt:  53%|█████▎    | 1.50G/2.81G [00:21<00:14, 87.9MB/s][SubprocessWorker] callback 'report_progress' from call_id=1
[04:27]   [ComfyUI] 
[04:27]   [ComfyUI] sharp_2572gikvuh.pt:  56%|█████▌    | 1.57G/2.81G [00:22<00:15, 81.5MB/s][SubprocessWorker] callback 'report_progress' from call_id=1
[04:28]   Frame 9 saved (frame_008.jpg, t=25.0s)
[04:28]   [capture-periodic] freeze=1ms shot=157ms unfreeze=5ms saved=True
[04:28]   [ComfyUI] 
[04:28]   [ComfyUI] sharp_2572gikvuh.pt:  63%|██████▎   | 1.77G/2.81G [00:23<00:10, 98.3MB/s][SubprocessWorker] callback 'report_progress' from call_id=1
[04:29]   [ComfyUI] 
[04:29]   [ComfyUI] sharp_2572gikvuh.pt:  72%|███████▏  | 2.04G/2.81G [00:23<00:05, 154MB/s] [SubprocessWorker] callback 'report_progress' from call_id=1
[04:29]   [ComfyUI] 
[04:29]   [ComfyUI] sharp_2572gikvuh.pt: 100%|██████████| 2.81G/2.81G [00:24<00:00, 326MB/s][SubprocessWorker] callback 'report_progress' from call_id=1
[04:30]   [ComfyUI] 
[04:30]   [ComfyUI] sharp_2572gikvuh.pt: 100%|██████████| 2.81G/2.81G [00:25<00:00, 111MB/s]
[04:30]   [ComfyUI] [SubprocessWorker] got response: ok
[04:30]   [ComfyUI] [comfy-env] LoadSharpModel done (27.29s): result: NodeOutput
[04:30]   [ComfyUI] [VRAM] After LoadSharpModel: 269 / 7703 MB
[04:30]   [ComfyUI] [comfy-env] Running SharpPredict: focal_length_mm: 30.0, output_prefix: 'sharp', model: dict, image: torch.float32 [1,1024,1536,3] cpu
[04:30]   [ComfyUI] [VRAM] Before SharpPredict: 269 / 7703 MB
[04:30]   [ComfyUI] [SubprocessWorker] call_method: nodes.predict.SharpPredict.EXECUTE_NORMALIZED
[04:30]   [ComfyUI] [SubprocessWorker] acquired lock, ensuring started...
[04:30]   [ComfyUI] [ComfyUI-Sharp] Health check: ping (timeout=5.0s)...
[04:30]   [ComfyUI] [ComfyUI-Sharp] Health check: ok
[04:30]   [ComfyUI] [SubprocessWorker] worker started/confirmed
[04:30]   [ComfyUI] [comfy-env] PRE-SERIALIZE 'image' shape: torch.Size([1, 1024, 1536, 3])
[04:30]   [ComfyUI] [SubprocessWorker] serializing kwargs to shm...
[04:30]   Frame 10 saved (frame_009.jpg, t=27.4s)
[04:30]   [capture-periodic] freeze=2ms shot=159ms unfreeze=2ms saved=True
[04:30]   [ComfyUI] [SubprocessWorker] created 0 shm blocks
[04:30]   [ComfyUI] [SubprocessWorker] sending request via socket...
[04:30]   [ComfyUI] [SubprocessWorker] call_id=2 sending call_method
[04:30]   [ComfyUI] [worker:ComfyUI-Sharp] [comfy-env] _from_shm got dict with keys: ['__type__', 'strategy', 'parent_pid', 'fd', 'storage_size']
[04:30]   [ComfyUI] [worker:ComfyUI-Sharp] [comfy-env] DESERIALIZE TensorRef: tensor_size=[1, 1024, 1536, 3]
[04:30]   [ComfyUI] [worker:ComfyUI-Sharp] [comfy-env] DESERIALIZED tensor shape: torch.Size([1, 1024, 1536, 3])
[04:30]   [ComfyUI] [worker:ComfyUI-Sharp] WARNING: No comfy kitchen, using old apply_rope functions.
[04:31]   [capture-loop] iter=250 t=28.8s state={'complete': False, 'error': None, 'executedCount': 0, 'wsState': 1} eval_ms=2 ram=3.3/31.3GB (11%) swap=0.7/32.0GB (2%) cpu=22% browser_rss=0.81GB
[04:32]   Frame 11 saved (frame_010.jpg, t=29.7s)
[04:32]   [capture-periodic] freeze=2ms shot=152ms unfreeze=4ms saved=True
[04:35]   [ComfyUI] [SubprocessWorker] callback 'request_vram_budget' from call_id=2
[04:35]   [ComfyUI] [comfy-env] VRAM request: 2.81GB, free before eviction: 7.80GB
[04:35]   [ComfyUI] [comfy-env] VRAM after eviction: 7.80GB
[04:35]   [ComfyUI] [worker:ComfyUI-Sharp] WARNING: [SPN] start: 0.07 GB, input=[1, 3, 1536, 1536]
[04:35]   [ComfyUI] [worker:ComfyUI-Sharp] WARNING: [SPN] patches: 0.13 GB, x0=25 x1=9 x2=1 total=35
[04:36]   [ComfyUI] [worker:ComfyUI-Sharp] [VRAM] +200MB (now 200MB) reserved=384MB peak=200MB
[04:36]   [ComfyUI] [worker:ComfyUI-Sharp] WARNING: [SPN] after first chunk (4/35): 0.56 GB, chunk_size=4
[04:37]   [ComfyUI] [worker:ComfyUI-Sharp] [VRAM] +430MB (now 631MB) reserved=864MB peak=631MB
[04:37]   [capture-loop] iter=300 t=34.6s state={'complete': False, 'error': None, 'executedCount': 0, 'wsState': 1} eval_ms=2 ram=6.6/31.3GB (21%) swap=0.7/32.0GB (2%) cpu=18% browser_rss=0.81GB
[04:38]   [ComfyUI] [worker:ComfyUI-Sharp] WARNING: [SPN] after all chunks + cache clear: 0.50 GB
[04:38]   [ComfyUI] [worker:ComfyUI-Sharp] WARNING: [SPN] after merge intermediates: 0.27 GB
[04:38]   [ComfyUI] [worker:ComfyUI-Sharp] WARNING: [SPN] after merge all: 0.31 GB
[04:38]   [ComfyUI] [worker:ComfyUI-Sharp] [VRAM] -308MB (now 324MB) reserved=704MB peak=631MB
[04:39]   [ComfyUI] [worker:ComfyUI-Sharp] WARNING: [SPN] after image_encoder: 0.31 GB
[04:39]   [ComfyUI] [worker:ComfyUI-Sharp] WARNING: [SPN] after upsample: 1.02 GB
[04:39]   [ComfyUI] [worker:ComfyUI-Sharp] WARNING: [Monodepth] after SPN encoder + cache clear: 0.93 GB
[04:39]   [ComfyUI] [worker:ComfyUI-Sharp] WARNING: [Monodepth] after decoder: 1.49 GB
[04:39]   [ComfyUI] [worker:ComfyUI-Sharp] [VRAM] +1193MB (now 1517MB) reserved=5440MB peak=4406MB
[04:40]   [ComfyUI] [worker:ComfyUI-Sharp] WARNING: [Decode] start: 1.48 GB
[04:40]   [ComfyUI] [worker:ComfyUI-Sharp] WARNING: [Decode] after depth_alignment: 1.52 GB
[04:40]   [ComfyUI] [worker:ComfyUI-Sharp] WARNING: [Decode] after init_model: 1.59 GB
[04:40]   [ComfyUI] [worker:ComfyUI-Sharp] [VRAM] +976MB (now 2493MB) reserved=4160MB peak=4406MB
[04:41]   [ComfyUI] [worker:ComfyUI-Sharp] WARNING: [Decode] after feature_model: 1.73 GB
[04:41]   [ComfyUI] [worker:ComfyUI-Sharp] WARNING: [Decode] after prediction_head: 1.79 GB
[04:41]   [ComfyUI] [worker:ComfyUI-Sharp] [VRAM] -761MB (now 1733MB) reserved=4160MB peak=4406MB
[04:42]   [ComfyUI] [SubprocessWorker] callback 'report_progress' from call_id=2
[04:42]   [ComfyUI] [SubprocessWorker] got response: ok
[04:42]   [ComfyUI] [comfy-env] SharpPredict done (12.37s): result: NodeOutput
[04:42]   [ComfyUI] [VRAM] After SharpPredict: 4607 / 7703 MB
[04:42]   [ComfyUI] [comfy-env] SubprocessWorker: /root/.ce/.pixi/envs/geometrypack-nodes/bin/python
[04:42]   [ComfyUI] [comfy-env] env_vars: {'KMP_DUPLICATE_LIB_OK': 'TRUE', 'OMP_NUM_THREADS': '1', 'COMFYUI_BASE': '/workspaces/Sharp-0944/ComfyUI'}
[04:42]   [ComfyUI] [comfy-env] Running GeomPackPreviewGaussian: ply_path: '/workspaces/Sharp-0944/ComfyUI/output/sharp_177849294541..., extrinsics: list[4], intrinsics: list[3]
[04:42]   [ComfyUI] [ComfyUI-GeometryPack] python: /root/.ce/.pixi/envs/geometrypack-nodes/bin/python
[04:42]   [ComfyUI] [VRAM] Before GeomPackPreviewGaussian: 4607 / 7703 MB
[04:42]   [ComfyUI] [SubprocessWorker] call_method: nodes.visualization.preview_gaussian.PreviewGaussianNode.EXECUTE_NORMALIZED
[04:42]   [ComfyUI] [ComfyUI-GeometryPack] sys_path sent to worker: ['/workspaces/Sharp-0944/ComfyUI', '/workspaces/Sharp-0944/ComfyUI/custom_nodes/ComfyUI-GeometryPack', '/root/.ce/.pixi/envs/geometrypack-nodes/lib/python3.11/site-packages', '/workspaces/Sharp-0944/ComfyUI/custom_nodes/ComfyUI-GeometryPack']
[04:42]   [ComfyUI] [SubprocessWorker] acquired lock, ensuring started...
[04:42]   [ComfyUI] [SubprocessWorker] is_pixi=True, python=/root/.ce/.pixi/envs/geometrypack-nodes/bin/python
[04:42]   [ComfyUI] [SubprocessWorker] launching cmd=['/root/.pixi/bin/pixi', 'run', '--as-is', '--manifest-path', '/root/.ce/pixi.toml', '-e', 'geometrypack-nodes', 'python', '/tmp/comfyui_pvenv_1005bbz2/persistent_worker.py', 'abstract://comfy_worker_b14ad0ba1233']...
[04:42]   [ComfyUI] [SubprocessWorker] socket_addr=abstract://comfy_worker_b14ad0ba1233 (abstract, no filesystem path)
[04:43]   [capture-loop] iter=350 t=40.1s state={'complete': False, 'error': None, 'executedCount': 0, 'wsState': 1} eval_ms=2 ram=9.4/31.3GB (30%) swap=0.7/32.0GB (2%) cpu=18% browser_rss=0.82GB
[04:44]   Frame 12 saved (frame_011.jpg, t=40.9s)
[04:44]   [capture-periodic] freeze=1ms shot=142ms unfreeze=3ms saved=True
[04:44]   [ComfyUI] [worker:ComfyUI-GeometryPack] ERROR: Failed to import comfy_kitchen, Error: No module named 'comfy_kitchen', fp8 and fp4 support will not be available.
[04:44]   [ComfyUI] [SubprocessWorker] worker started/confirmed
[04:44]   [ComfyUI] [SubprocessWorker] serializing kwargs to shm...
[04:44]   [ComfyUI] [SubprocessWorker] created 0 shm blocks
[04:44]   [ComfyUI] [SubprocessWorker] sending request via socket...
[04:44]   [ComfyUI] [SubprocessWorker] call_id=1 sending call_method
[04:45]   [ComfyUI] [worker:ComfyUI-GeometryPack] INFO: Loading PLY: sharp_1778492945415.ply (63.00 MB)
[04:45]   [ComfyUI] [SubprocessWorker] got response: ok
[04:45]   [ComfyUI] [comfy-env] GeomPackPreviewGaussian done (2.21s): result: NodeOutput
[04:45]   [ComfyUI] [VRAM] After GeomPackPreviewGaussian: 4724 / 7703 MB
[04:45]   [ComfyUI] Prompt executed in 41.89 seconds
[04:45]   Node executed (1 total), capturing...
[04:46]   Frame 13 saved (frame_012.jpg, t=42.3s)
[04:46]   [capture-node] freeze=5ms shot=1256ms unfreeze=0ms saved=True
[04:46]   Execution complete (t=42.3s)
[04:46]   [3d-wait] Phase 1: Waiting for 'Loading 3D Model' text to disappear...
[04:46]   [3d-wait] Phase 1 done in 0.0s
[04:46]   [3d-wait] Phase 2: iframes=1
[04:46]   [3d-wait] iframe viewer_ready=True (matched 1 console logs)
[04:46]   [3d-wait] Unfrozen in 0.001s, rendering for 5s...
[05:05]   [3d-wait] JS halted via CDP after 18.5s
[06:02]   [3d-wait] Re-frozen in 75.8s
[06:02]   [3d-wait] Total 3D wait: 75.8s
[06:02]   Captured 13 unique frames over 119.64s
[06:02]   [debug] iframes: 1
[06:02]   [debug]   iframe[0]: src=http://127.0.0.1:41892/extensions/ComfyUI-GeometryPack/viewer_gaussian.html?v=17, canvas=1536x1024, rafFrozen=True
[06:02]   [timing] trigger_3d_previews: 0.0s
[06:05]   Saved high-quality screenshot: sharp_basic_executed.png
[06:05]   [timing] final_screenshot: 0.4s
[06:05] Capturing execution frames: sharp_exif.json
[06:11]   Frame 1 saved (frame_000.jpg, t=0.0s)
[06:11]   Validating workflow...
[06:11]   [ComfyUI] === /validate endpoint called ===
[06:11]   [ComfyUI] Received JSON with keys: ['prompt']
[06:11]   [ComfyUI] Prompt has 4 nodes
[06:11]   [ComfyUI]   Node 2: LoadSharpModel
[06:11]   [ComfyUI]     Inputs: {"precision": "auto"}
[06:11]   [ComfyUI]   Node 7: SharpPredict
[06:11]   [ComfyUI]     Inputs: {"focal_length_mm": ["9", 2], "output_prefix": "sharp", "model": ["2", 0], "image": ["9", 0]}
[06:11]   [ComfyUI]   Node 8: GeomPackPreviewGaussian
[06:11]   Queuing workflow for execution...
[06:11]   [ComfyUI]     Inputs: {"preview_gaussian": "", "ply_path": ["7", 0], "extrinsics": ["7", 1], "intrinsics": ["7", 2]}
[06:11]   [ComfyUI]   Node 9: LoadImageWithExif
[06:11]   [ComfyUI]     Inputs: {"image": "eth3d.png", "default_focal_mm": 30}
[06:11]   [ComfyUI] Generated prompt_id: a984f54c-6b1d-46de-90cb-b7a7a1357e06
[06:11]   [ComfyUI] Calling execution.validate_prompt()...
[06:11]   [ComfyUI] Validation result: valid=True
[06:11]   [ComfyUI] === Validation PASSED ===
[06:11]   [ComfyUI] got prompt
[06:11]   [ComfyUI] [comfy-env] Running LoadImageWithExif: image: 'eth3d.png', default_focal_mm: 30.0
[06:11]   [ComfyUI] [VRAM] Before LoadImageWithExif: 4724 / 7703 MB
[06:11]   [ComfyUI] [SubprocessWorker] call_method: nodes.load_image_exif.LoadImageWithExif.EXECUTE_NORMALIZED
[06:11]   [ComfyUI] [SubprocessWorker] acquired lock, ensuring started...
[06:11]   [ComfyUI] [ComfyUI-Sharp] Health check: ping (timeout=5.0s)...
[06:11]   [ComfyUI] [ComfyUI-Sharp] Health check: failed
[06:11]   [ComfyUI] [ComfyUI-Sharp] Socket unhealthy, restarting worker...
[06:11]   [ComfyUI] [ComfyUI-Sharp] python: /root/.ce/.pixi/envs/sharp-nodes/bin/python
[06:11]   [ComfyUI] [ComfyUI-Sharp] sys_path sent to worker: ['/workspaces/Sharp-0944/ComfyUI', '/workspaces/Sharp-0944/ComfyUI/custom_nodes/ComfyUI-Sharp', '/root/.ce/.pixi/envs/sharp-nodes/lib/python3.11/site-packages', '/workspaces/Sharp-0944/ComfyUI/custom_nodes/ComfyUI-Sharp']
[06:11]   [ComfyUI] [SubprocessWorker] is_pixi=True, python=/root/.ce/.pixi/envs/sharp-nodes/bin/python
[06:11]   [ComfyUI] [SubprocessWorker] launching cmd=['/root/.pixi/bin/pixi', 'run', '--as-is', '--manifest-path', '/root/.ce/pixi.toml', '-e', 'sharp-nodes', 'python', '/tmp/comfyui_pvenv_ngtufel2/persistent_worker.py', 'abstract://comfy_worker_b9987c9f29af']...
[06:11]   [ComfyUI] [SubprocessWorker] socket_addr=abstract://comfy_worker_b9987c9f29af (abstract, no filesystem path)
[06:12]   [ComfyUI] [worker:ComfyUI-Sharp] ERROR: Failed to import comfy_kitchen, Error: No module named 'comfy_kitchen', fp8 and fp4 support will not be available.
[06:12]   [ComfyUI] [SubprocessWorker] worker started/confirmed
[06:12]   [ComfyUI] [SubprocessWorker] serializing kwargs to shm...
[06:12]   [ComfyUI] [SubprocessWorker] created 0 shm blocks
[06:12]   [ComfyUI] [SubprocessWorker] sending request via socket...
[06:12]   [ComfyUI] [SubprocessWorker] call_id=3 sending call_method
[06:13]   [ComfyUI] [SubprocessWorker] got response: ok
[06:13]   [ComfyUI] [comfy-env] LoadImageWithExif done (1.98s): result: NodeOutput
[06:13]   [ComfyUI] [VRAM] After LoadImageWithExif: 388 / 7703 MB
[06:13]   [ComfyUI] [comfy-env] Running LoadSharpModel: precision: 'auto'
[06:13]   [ComfyUI] [VRAM] Before LoadSharpModel: 388 / 7703 MB
[06:13]   [ComfyUI] [SubprocessWorker] call_method: nodes.load_model.LoadSharpModel.EXECUTE_NORMALIZED
[06:13]   [ComfyUI] [SubprocessWorker] acquired lock, ensuring started...
[06:13]   [ComfyUI] [ComfyUI-Sharp] Health check: ping (timeout=5.0s)...
[06:13]   [ComfyUI] [ComfyUI-Sharp] Health check: ok
[06:13]   [ComfyUI] [SubprocessWorker] worker started/confirmed
[06:13]   [ComfyUI] [SubprocessWorker] serializing kwargs to shm...
[06:13]   [ComfyUI] [SubprocessWorker] created 0 shm blocks
[06:13]   [ComfyUI] [SubprocessWorker] sending request via socket...
[06:13]   [ComfyUI] [SubprocessWorker] call_id=4 sending call_method
[06:13]   [ComfyUI] Warning: You are sending unauthenticated requests to the HF Hub. Please set a HF_TOKEN to enable higher rate limits and faster downloads.
[06:13]   [ComfyUI] [worker:ComfyUI-Sharp] WARNING: Warning: You are sending unauthenticated requests to the HF Hub. Please set a HF_TOKEN to enable higher rate limits and faster downloads.
[06:13]   [ComfyUI] [SubprocessWorker] got response: ok
[06:13]   [ComfyUI] [comfy-env] LoadSharpModel done (0.18s): result: NodeOutput
[06:13]   [ComfyUI] [VRAM] After LoadSharpModel: 388 / 7703 MB
[06:13]   [ComfyUI] [comfy-env] Running SharpPredict: focal_length_mm: 20.0, output_prefix: 'sharp', model: dict, image: torch.float32 [1,2022,3040,3] cpu
[06:13]   [ComfyUI] [VRAM] Before SharpPredict: 388 / 7703 MB
[06:13]   [ComfyUI] [SubprocessWorker] call_method: nodes.predict.SharpPredict.EXECUTE_NORMALIZED
[06:13]   [ComfyUI] [SubprocessWorker] acquired lock, ensuring started...
[06:13]   [ComfyUI] [ComfyUI-Sharp] Health check: ping (timeout=5.0s)...
[06:13]   [ComfyUI] [ComfyUI-Sharp] Health check: ok
[06:13]   [ComfyUI] [SubprocessWorker] worker started/confirmed
[06:13]   [ComfyUI] [comfy-env] PRE-SERIALIZE 'image' shape: torch.Size([1, 2022, 3040, 3])
[06:13]   [ComfyUI] [SubprocessWorker] serializing kwargs to shm...
[06:13]   [ComfyUI] [SubprocessWorker] created 0 shm blocks
[06:13]   [ComfyUI] [SubprocessWorker] sending request via socket...
[06:13]   [ComfyUI] [SubprocessWorker] call_id=5 sending call_method
[06:13]   [ComfyUI] [worker:ComfyUI-Sharp] [comfy-env] _from_shm got dict with keys: ['__type__', 'strategy', 'parent_pid', 'fd', 'storage_size']
[06:13]   [ComfyUI] [worker:ComfyUI-Sharp] [comfy-env] DESERIALIZE TensorRef: tensor_size=[1, 2022, 3040, 3]
[06:13]   [ComfyUI] [worker:ComfyUI-Sharp] [comfy-env] DESERIALIZED tensor shape: torch.Size([1, 2022, 3040, 3])
[06:13]   Frame 2 saved (frame_001.jpg, t=2.3s)
[06:13]   [capture-periodic] freeze=1ms shot=174ms unfreeze=3ms saved=True
[06:13]   [ComfyUI] [worker:ComfyUI-Sharp] WARNING: No comfy kitchen, using old apply_rope functions.
[06:15]   Frame 3 saved (frame_002.jpg, t=4.6s)
[06:15]   [capture-periodic] freeze=2ms shot=135ms unfreeze=3ms saved=True
[06:16]   [ComfyUI] [SubprocessWorker] callback 'request_vram_budget' from call_id=5
[06:16]   [ComfyUI] [comfy-env] VRAM request: 2.81GB, free before eviction: 7.67GB
[06:16]   [ComfyUI] [comfy-env] VRAM after eviction: 7.67GB
[06:16]   [capture-loop] iter=50 t=5.8s state={'complete': False, 'error': None, 'executedCount': 0, 'wsState': 1} eval_ms=3 ram=7.2/31.3GB (23%) swap=0.7/32.0GB (2%) cpu=83% browser_rss=0.96GB
[06:16]   [ComfyUI] [worker:ComfyUI-Sharp] WARNING: [SPN] start: 0.12 GB, input=[1, 3, 1536, 1536]
[06:16]   [ComfyUI] [worker:ComfyUI-Sharp] WARNING: [SPN] patches: 0.18 GB, x0=25 x1=9 x2=1 total=35
[06:17]   [ComfyUI] [worker:ComfyUI-Sharp] [VRAM] +251MB (now 251MB) reserved=320MB peak=251MB
[06:17]   [ComfyUI] [worker:ComfyUI-Sharp] WARNING: [SPN] after first chunk (4/35): 0.61 GB, chunk_size=4
[06:18]   [ComfyUI] [worker:ComfyUI-Sharp] [VRAM] +396MB (now 647MB) reserved=928MB peak=674MB
[06:19]   [ComfyUI] [worker:ComfyUI-Sharp] WARNING: [SPN] after all chunks + cache clear: 0.55 GB
[06:19]   [ComfyUI] [worker:ComfyUI-Sharp] WARNING: [SPN] after merge intermediates: 0.32 GB
[06:19]   [ComfyUI] [worker:ComfyUI-Sharp] WARNING: [SPN] after merge all: 0.36 GB
[06:19]   [ComfyUI] [worker:ComfyUI-Sharp] [VRAM] -274MB (now 374MB) reserved=768MB peak=683MB
[06:20]   [ComfyUI] [worker:ComfyUI-Sharp] WARNING: [SPN] after image_encoder: 0.36 GB
[06:20]   [ComfyUI] [worker:ComfyUI-Sharp] WARNING: [SPN] after upsample: 1.07 GB
[06:20]   [ComfyUI] [worker:ComfyUI-Sharp] WARNING: [Monodepth] after SPN encoder + cache clear: 0.98 GB
[06:20]   [ComfyUI] [worker:ComfyUI-Sharp] WARNING: [Monodepth] after decoder: 1.54 GB
[06:20]   [ComfyUI] [worker:ComfyUI-Sharp] [VRAM] +1195MB (now 1569MB) reserved=5344MB peak=4458MB
[06:21]   [ComfyUI] [worker:ComfyUI-Sharp] WARNING: [Decode] start: 1.53 GB
[06:21]   [ComfyUI] [worker:ComfyUI-Sharp] WARNING: [Decode] after depth_alignment: 1.57 GB
[06:21]   [ComfyUI] [worker:ComfyUI-Sharp] WARNING: [Decode] after init_model: 1.64 GB
[06:22]   [ComfyUI] [worker:ComfyUI-Sharp] [VRAM] +976MB (now 2545MB) reserved=4544MB peak=4458MB
[06:22]   [ComfyUI] [worker:ComfyUI-Sharp] WARNING: [Decode] after feature_model: 1.78 GB
[06:22]   [ComfyUI] [worker:ComfyUI-Sharp] WARNING: [Decode] after prediction_head: 1.84 GB
[06:22]   [capture-loop] iter=100 t=11.4s state={'complete': False, 'error': None, 'executedCount': 0, 'wsState': 1} eval_ms=4 ram=10.0/31.3GB (32%) swap=0.7/32.0GB (2%) cpu=17% browser_rss=0.95GB
[06:23]   [ComfyUI] [worker:ComfyUI-Sharp] [VRAM] -761MB (now 1785MB) reserved=4544MB peak=4458MB
[06:23]   [ComfyUI] [SubprocessWorker] callback 'report_progress' from call_id=5
[06:23]   [ComfyUI] [SubprocessWorker] got response: ok
[06:23]   [ComfyUI] [comfy-env] SharpPredict done (9.94s): result: NodeOutput
[06:23]   [ComfyUI] [VRAM] After SharpPredict: 5108 / 7703 MB
[06:23]   [ComfyUI] [comfy-env] Running GeomPackPreviewGaussian: ply_path: '/workspaces/Sharp-0944/ComfyUI/output/sharp_177849304645..., extrinsics: list[4], intrinsics: list[3]
[06:23]   [ComfyUI] [VRAM] Before GeomPackPreviewGaussian: 5108 / 7703 MB
[06:23]   [ComfyUI] [SubprocessWorker] call_method: nodes.visualization.preview_gaussian.PreviewGaussianNode.EXECUTE_NORMALIZED
[06:23]   [ComfyUI] [SubprocessWorker] acquired lock, ensuring started...
[06:23]   [ComfyUI] [ComfyUI-GeometryPack] Health check: ping (timeout=5.0s)...
[06:23]   [ComfyUI] [ComfyUI-GeometryPack] python: /root/.ce/.pixi/envs/geometrypack-nodes/bin/python
[06:23]   [ComfyUI] [ComfyUI-GeometryPack] Health check: failed
[06:23]   [ComfyUI] [ComfyUI-GeometryPack] sys_path sent to worker: ['/workspaces/Sharp-0944/ComfyUI', '/workspaces/Sharp-0944/ComfyUI/custom_nodes/ComfyUI-GeometryPack', '/root/.ce/.pixi/envs/geometrypack-nodes/lib/python3.11/site-packages', '/workspaces/Sharp-0944/ComfyUI/custom_nodes/ComfyUI-GeometryPack']
[06:23]   [ComfyUI] [ComfyUI-GeometryPack] Socket unhealthy, restarting worker...
[06:23]   [ComfyUI] [SubprocessWorker] is_pixi=True, python=/root/.ce/.pixi/envs/geometrypack-nodes/bin/python
[06:23]   [ComfyUI] [SubprocessWorker] launching cmd=['/root/.pixi/bin/pixi', 'run', '--as-is', '--manifest-path', '/root/.ce/pixi.toml', '-e', 'geometrypack-nodes', 'python', '/tmp/comfyui_pvenv_1005bbz2/persistent_worker.py', 'abstract://comfy_worker_1e13e926c343']...
[06:23]   [ComfyUI] [SubprocessWorker] socket_addr=abstract://comfy_worker_1e13e926c343 (abstract, no filesystem path)
[06:24]   [ComfyUI] [worker:ComfyUI-GeometryPack] ERROR: Failed to import comfy_kitchen, Error: No module named 'comfy_kitchen', fp8 and fp4 support will not be available.
[06:24]   [ComfyUI] [SubprocessWorker] worker started/confirmed
[06:24]   [ComfyUI] [SubprocessWorker] serializing kwargs to shm...
[06:24]   [ComfyUI] [SubprocessWorker] created 0 shm blocks
[06:24]   [ComfyUI] [SubprocessWorker] sending request via socket...
[06:24]   [ComfyUI] [SubprocessWorker] call_id=2 sending call_method
[06:24]   Frame 4 saved (frame_003.jpg, t=13.6s)
[06:24]   [capture-periodic] freeze=1ms shot=146ms unfreeze=3ms saved=True
[06:25]   [ComfyUI] [worker:ComfyUI-GeometryPack] INFO: Loading PLY: sharp_1778493046456.ply (63.00 MB)
[06:25]   [ComfyUI] [SubprocessWorker] got response: ok
[06:25]   [ComfyUI] [comfy-env] GeomPackPreviewGaussian done (2.18s): result: NodeOutput
[06:25]   [ComfyUI] [VRAM] After GeomPackPreviewGaussian: 5108 / 7703 MB
[06:25]   [ComfyUI] Prompt executed in 14.30 seconds
[06:25]   Node executed (1 total), capturing...
[06:27]   Frame 5 saved (frame_004.jpg, t=14.7s)
[06:27]   [capture-node] freeze=2ms shot=186ms unfreeze=1167ms saved=True
[06:27]   Execution complete (t=16.4s)
[06:27]   [3d-wait] Phase 1: Waiting for 'Loading 3D Model' text to disappear...
[06:27]   [3d-wait] Phase 1 done in 0.1s
[06:47]   [3d-wait] Phase 2: iframes=1
[06:47]   [3d-wait] iframe viewer_ready=True (matched 1 console logs)
[07:08]   [3d-wait] Unfrozen in 20.594s, rendering for 5s...
[07:29]   [3d-wait] JS halted via CDP after 41.3s
[08:31]   [3d-wait] Re-frozen in 104.0s
[08:31]   [3d-wait] Total 3D wait: 124.2s
[08:31]   Captured 5 unique frames over 140.66s
[08:31]   [debug] iframes: 1
[08:31]   [debug]   iframe[0]: src=http://127.0.0.1:41892/extensions/ComfyUI-GeometryPack/viewer_gaussian.html?v=17, canvas=3040x2022, rafFrozen=True
[08:31]   [timing] trigger_3d_previews: 0.0s
[08:34]   Saved high-quality screenshot: sharp_exif_executed.png
[08:34]   [timing] final_screenshot: 0.4s
[08:34] Results saved to /logs/Sharp-0944/dev/linux-gpu/results.json
[08:34] Model report: 4 files, 2.6 GB -> /logs/Sharp-0944/dev/linux-gpu/models.json
[08:34] Saved: /logs/Sharp-0944/dev/linux-gpu/index.html
[08:34] [EXECUTION] PASSED
[08:34] 
linux: PASSED
[08:34] Stopping ComfyUI server...
