Capturing execution frames: sharp_exif.json
  Frame 1 saved (frame_000.jpg, t=0.0s)
  Validating workflow...
  [ComfyUI] === /validate endpoint called ===
  [ComfyUI] === /validate endpoint called ===
  Queuing workflow for execution...
  [ComfyUI] Received JSON with keys: ['prompt']
  [ComfyUI] Received JSON with keys: ['prompt']
  [ComfyUI] Prompt has 4 nodes
  [ComfyUI] Prompt has 4 nodes
  [ComfyUI]   Node 2: LoadSharpModel
  [ComfyUI]   Node 2: LoadSharpModel
  [ComfyUI]     Inputs: {"precision": "auto"}
  [ComfyUI]     Inputs: {"precision": "auto"}
  [ComfyUI]   Node 7: SharpPredict
  [ComfyUI]   Node 7: SharpPredict
  [ComfyUI]     Inputs: {"focal_length_mm": ["9", 2], "output_prefix": "sharp", "model": ["2", 0], "image": ["9", 0]}
  [ComfyUI]     Inputs: {"focal_length_mm": ["9", 2], "output_prefix": "sharp", "model": ["2", 0], "image": ["9", 0]}
  [ComfyUI]   Node 8: GeomPackPreviewGaussian
  [ComfyUI]   Node 8: GeomPackPreviewGaussian
  [ComfyUI]     Inputs: {"preview_gaussian": "", "ply_path": ["7", 0], "extrinsics": ["7", 1], "intrinsics": ["7", 2]}
  [ComfyUI]     Inputs: {"preview_gaussian": "", "ply_path": ["7", 0], "extrinsics": ["7", 1], "intrinsics": ["7", 2]}
  [ComfyUI]   Node 9: LoadImageWithExif
  [ComfyUI]   Node 9: LoadImageWithExif
  [ComfyUI]     Inputs: {"image": "eth3d.png", "default_focal_mm": 30}
  [ComfyUI]     Inputs: {"image": "eth3d.png", "default_focal_mm": 30}
  [ComfyUI] Generated prompt_id: 3ee802c7-11b8-4325-84a9-16b5d0db9cb6
  [ComfyUI] Generated prompt_id: 3ee802c7-11b8-4325-84a9-16b5d0db9cb6
  [ComfyUI] [ComfyUI-Sharp] python: /workspaces/Sharp-1201/ComfyUI/.ce/.pixi/envs/sharp-nodes/bin/python
  [ComfyUI] [ComfyUI-Sharp] python: /workspaces/Sharp-1201/ComfyUI/.ce/.pixi/envs/sharp-nodes/bin/python
  [ComfyUI] Calling execution.validate_prompt()...
  [ComfyUI] Calling execution.validate_prompt()...
  [ComfyUI] [ComfyUI-Sharp] sys_path sent to worker: ['/workspaces/Sharp-1201/ComfyUI', '/workspaces/Sharp-1201/ComfyUI/custom_nodes/ComfyUI-Sharp', '/workspaces/Sharp-1201/ComfyUI/.ce/.pixi/envs/sharp-nodes/lib/python3.10/site-packages', '/workspaces/Sharp-1201/ComfyUI/custom_nodes/ComfyUI-Sharp']
  [ComfyUI] [ComfyUI-Sharp] sys_path sent to worker: ['/workspaces/Sharp-1201/ComfyUI', '/workspaces/Sharp-1201/ComfyUI/custom_nodes/ComfyUI-Sharp', '/workspaces/Sharp-1201/ComfyUI/.ce/.pixi/envs/sharp-nodes/lib/python3.10/site-packages', '/workspaces/Sharp-1201/ComfyUI/custom_nodes/ComfyUI-Sharp']
  [ComfyUI] Validation result: valid=True
  [ComfyUI] Validation result: valid=True
  [ComfyUI] [SubprocessWorker] is_pixi=True, python=/workspaces/Sharp-1201/ComfyUI/.ce/.pixi/envs/sharp-nodes/bin/python
  [ComfyUI] [SubprocessWorker] is_pixi=True, python=/workspaces/Sharp-1201/ComfyUI/.ce/.pixi/envs/sharp-nodes/bin/python
  [ComfyUI] === Validation PASSED ===
  [ComfyUI] === Validation PASSED ===
  [ComfyUI] [SubprocessWorker] launching cmd=['/root/.pixi/bin/pixi', 'run', '--as-is', '--manifest-path', '/workspaces/Sharp-1201/ComfyUI/.ce/pixi.toml', '-e', 'sharp-nodes', 'python', '/tmp/comfyui_pvenv_y9rgcr0c/persistent_worker.py', 'abstract://comfy_worker_74a853ce6fce']...
  [ComfyUI] [SubprocessWorker] launching cmd=['/root/.pixi/bin/pixi', 'run', '--as-is', '--manifest-path', '/workspaces/Sharp-1201/ComfyUI/.ce/pixi.toml', '-e', 'sharp-nodes', 'python', '/tmp/comfyui_pvenv_y9rgcr0c/persistent_worker.py', 'abstract://comfy_worker_74a853ce6fce']...
  [ComfyUI] got prompt
  [ComfyUI] got prompt
  [ComfyUI] [SubprocessWorker] socket_addr=abstract://comfy_worker_74a853ce6fce (abstract, no filesystem path)
  [ComfyUI] [SubprocessWorker] socket_addr=abstract://comfy_worker_74a853ce6fce (abstract, no filesystem path)
  [ComfyUI] [comfy-env] Running LoadImageWithExif: image: 'eth3d.png', default_focal_mm: 30.0
  [ComfyUI] [comfy-env] Running LoadImageWithExif: image: 'eth3d.png', default_focal_mm: 30.0
  [ComfyUI] [VRAM] Before LoadImageWithExif: 4725 / 7703 MB
  [ComfyUI] [VRAM] Before LoadImageWithExif: 4725 / 7703 MB
  [ComfyUI] [SubprocessWorker] call_method: nodes.load_image_exif.LoadImageWithExif.EXECUTE_NORMALIZED
  [ComfyUI] [SubprocessWorker] call_method: nodes.load_image_exif.LoadImageWithExif.EXECUTE_NORMALIZED
  [ComfyUI] [SubprocessWorker] acquired lock, ensuring started...
  [ComfyUI] [SubprocessWorker] acquired lock, ensuring started...
  [ComfyUI] [ComfyUI-Sharp] Health check: ping (timeout=5.0s)...
  [ComfyUI] [ComfyUI-Sharp] Health check: ping (timeout=5.0s)...
  [ComfyUI] [ComfyUI-Sharp] Health check: failed
  [ComfyUI] [ComfyUI-Sharp] Health check: failed
  [ComfyUI] [ComfyUI-Sharp] Socket unhealthy, restarting worker...
  [ComfyUI] [ComfyUI-Sharp] Socket unhealthy, restarting worker...
  Frame 2 saved (frame_001.jpg, t=2.4s)
  [capture-periodic] freeze=1ms shot=168ms unfreeze=4ms saved=True
  [ComfyUI] [worker:ComfyUI-Sharp] WARNING: WARNING: You need pytorch with cu130 or higher to use optimized CUDA operations.
  [ComfyUI] [worker:ComfyUI-Sharp] WARNING: WARNING: You need pytorch with cu130 or higher to use optimized CUDA operations.
  [ComfyUI] [SubprocessWorker] worker started/confirmed
  [ComfyUI] [SubprocessWorker] worker started/confirmed
  [ComfyUI] [SubprocessWorker] serializing kwargs to shm...
  [ComfyUI] [SubprocessWorker] serializing kwargs to shm...
  [ComfyUI] [SubprocessWorker] created 0 shm blocks
  [ComfyUI] [SubprocessWorker] created 0 shm blocks
  [ComfyUI] [SubprocessWorker] sending request via socket...
  [ComfyUI] [SubprocessWorker] sending request via socket...
  [ComfyUI] [SubprocessWorker] call_id=3 sending call_method
  [ComfyUI] [SubprocessWorker] call_id=3 sending call_method
  [ComfyUI] [SubprocessWorker] got response: ok
  [ComfyUI] [SubprocessWorker] got response: ok
  [ComfyUI] [comfy-env] LoadImageWithExif done (3.27s): result: NodeOutput
  [ComfyUI] [comfy-env] LoadImageWithExif done (3.27s): result: NodeOutput
  [ComfyUI] [VRAM] After LoadImageWithExif: 389 / 7703 MB
  [ComfyUI] [VRAM] After LoadImageWithExif: 389 / 7703 MB
  [ComfyUI] [comfy-env] Running LoadSharpModel: precision: 'auto'
  [ComfyUI] [comfy-env] Running LoadSharpModel: precision: 'auto'
  [ComfyUI] [VRAM] Before LoadSharpModel: 389 / 7703 MB
  [ComfyUI] [VRAM] Before LoadSharpModel: 389 / 7703 MB
  [ComfyUI] [SubprocessWorker] call_method: nodes.load_model.LoadSharpModel.EXECUTE_NORMALIZED
  [ComfyUI] [SubprocessWorker] call_method: nodes.load_model.LoadSharpModel.EXECUTE_NORMALIZED
  [ComfyUI] [SubprocessWorker] acquired lock, ensuring started...
  [ComfyUI] [SubprocessWorker] acquired lock, ensuring started...
  [ComfyUI] [ComfyUI-Sharp] Health check: ping (timeout=5.0s)...
  [ComfyUI] [ComfyUI-Sharp] Health check: ping (timeout=5.0s)...
  [ComfyUI] [ComfyUI-Sharp] Health check: ok
  [ComfyUI] [ComfyUI-Sharp] Health check: ok
  [ComfyUI] [SubprocessWorker] worker started/confirmed
  [ComfyUI] [SubprocessWorker] worker started/confirmed
  [ComfyUI] [SubprocessWorker] serializing kwargs to shm...
  [ComfyUI] [SubprocessWorker] serializing kwargs to shm...
  [ComfyUI] [SubprocessWorker] created 0 shm blocks
  [ComfyUI] [SubprocessWorker] created 0 shm blocks
  [ComfyUI] [SubprocessWorker] sending request via socket...
  [ComfyUI] [SubprocessWorker] sending request via socket...
  [ComfyUI] [SubprocessWorker] call_id=4 sending call_method
  [ComfyUI] [SubprocessWorker] call_id=4 sending call_method
  [ComfyUI] Warning: You are sending unauthenticated requests to the HF Hub. Please set a HF_TOKEN to enable higher rate limits and faster downloads.
  [ComfyUI] Warning: You are sending unauthenticated requests to the HF Hub. Please set a HF_TOKEN to enable higher rate limits and faster downloads.
  [ComfyUI] [worker:ComfyUI-Sharp] WARNING: Warning: You are sending unauthenticated requests to the HF Hub. Please set a HF_TOKEN to enable higher rate limits and faster downloads.
  [ComfyUI] [worker:ComfyUI-Sharp] WARNING: Warning: You are sending unauthenticated requests to the HF Hub. Please set a HF_TOKEN to enable higher rate limits and faster downloads.
  [ComfyUI] [SubprocessWorker] got response: ok
  [ComfyUI] [SubprocessWorker] got response: ok
  [ComfyUI] [comfy-env] LoadSharpModel done (0.35s): result: NodeOutput
  [ComfyUI] [comfy-env] LoadSharpModel done (0.35s): result: NodeOutput
  [ComfyUI] [VRAM] After LoadSharpModel: 389 / 7703 MB
  [ComfyUI] [VRAM] After LoadSharpModel: 389 / 7703 MB
  [ComfyUI] [comfy-env] Running SharpPredict: focal_length_mm: 20.0, output_prefix: 'sharp', model: dict, image: torch.float32 [1,2022,3040,3] cpu
  [ComfyUI] [comfy-env] Running SharpPredict: focal_length_mm: 20.0, output_prefix: 'sharp', model: dict, image: torch.float32 [1,2022,3040,3] cpu
  [ComfyUI] [VRAM] Before SharpPredict: 389 / 7703 MB
  [ComfyUI] [VRAM] Before SharpPredict: 389 / 7703 MB
  [ComfyUI] [SubprocessWorker] call_method: nodes.predict.SharpPredict.EXECUTE_NORMALIZED
  [ComfyUI] [SubprocessWorker] call_method: nodes.predict.SharpPredict.EXECUTE_NORMALIZED
  [ComfyUI] [SubprocessWorker] acquired lock, ensuring started...
  [ComfyUI] [SubprocessWorker] acquired lock, ensuring started...
  [ComfyUI] [ComfyUI-Sharp] Health check: ping (timeout=5.0s)...
  [ComfyUI] [ComfyUI-Sharp] Health check: ping (timeout=5.0s)...
  [ComfyUI] [ComfyUI-Sharp] Health check: ok
  [ComfyUI] [ComfyUI-Sharp] Health check: ok
  [ComfyUI] [SubprocessWorker] worker started/confirmed
  [ComfyUI] [SubprocessWorker] worker started/confirmed
  [ComfyUI] [comfy-env] PRE-SERIALIZE 'image' shape: torch.Size([1, 2022, 3040, 3])
  [ComfyUI] [comfy-env] PRE-SERIALIZE 'image' shape: torch.Size([1, 2022, 3040, 3])
  [ComfyUI] [SubprocessWorker] serializing kwargs to shm...
  [ComfyUI] [SubprocessWorker] serializing kwargs to shm...
  [ComfyUI] [SubprocessWorker] created 0 shm blocks
  [ComfyUI] [SubprocessWorker] created 0 shm blocks
  [ComfyUI] [SubprocessWorker] sending request via socket...
  [ComfyUI] [SubprocessWorker] sending request via socket...
  [ComfyUI] [SubprocessWorker] call_id=5 sending call_method
  [ComfyUI] [SubprocessWorker] call_id=5 sending call_method
  [ComfyUI] [worker:ComfyUI-Sharp] [comfy-env] _from_shm got dict with keys: ['__type__', 'strategy', 'parent_pid', 'fd', 'storage_size']
  [ComfyUI] [worker:ComfyUI-Sharp] [comfy-env] _from_shm got dict with keys: ['__type__', 'strategy', 'parent_pid', 'fd', 'storage_size']
  [ComfyUI] [worker:ComfyUI-Sharp] [comfy-env] DESERIALIZE TensorRef: tensor_size=[1, 2022, 3040, 3]
  [ComfyUI] [worker:ComfyUI-Sharp] [comfy-env] DESERIALIZE TensorRef: tensor_size=[1, 2022, 3040, 3]
  [ComfyUI] [worker:ComfyUI-Sharp] [comfy-env] DESERIALIZED tensor shape: torch.Size([1, 2022, 3040, 3])
  [ComfyUI] [worker:ComfyUI-Sharp] [comfy-env] DESERIALIZED tensor shape: torch.Size([1, 2022, 3040, 3])
  Frame 3 saved (frame_002.jpg, t=4.6s)
  [capture-periodic] freeze=1ms shot=143ms unfreeze=7ms saved=True
  [capture-loop] iter=50 t=6.0s state={'complete': False, 'error': None, 'executedCount': 0, 'wsState': 1} eval_ms=2
  [ComfyUI] [SubprocessWorker] callback 'request_vram_budget' from call_id=5
  [ComfyUI] [SubprocessWorker] callback 'request_vram_budget' from call_id=5
  [ComfyUI] [comfy-env] VRAM request: 2.81GB, free before eviction: 7.67GB
  [ComfyUI] [comfy-env] VRAM request: 2.81GB, free before eviction: 7.67GB
  [ComfyUI] [comfy-env] VRAM after eviction: 7.67GB
  [ComfyUI] [comfy-env] VRAM after eviction: 7.67GB
  [ComfyUI] [worker:ComfyUI-Sharp] WARNING: [SPN] start: 0.12 GB, input=[1, 3, 1536, 1536]
  [ComfyUI] [worker:ComfyUI-Sharp] WARNING: [SPN] start: 0.12 GB, input=[1, 3, 1536, 1536]
  [ComfyUI] [worker:ComfyUI-Sharp] WARNING: [SPN] patches: 0.18 GB, x0=25 x1=9 x2=1 total=35
  [ComfyUI] [worker:ComfyUI-Sharp] WARNING: [SPN] patches: 0.18 GB, x0=25 x1=9 x2=1 total=35
  Frame 4 saved (frame_003.jpg, t=6.8s)
  [capture-periodic] freeze=1ms shot=140ms unfreeze=5ms saved=True
  [ComfyUI] [worker:ComfyUI-Sharp] [VRAM] +242MB (now 242MB) reserved=320MB peak=242MB
  [ComfyUI] [worker:ComfyUI-Sharp] [VRAM] +242MB (now 242MB) reserved=320MB peak=242MB
  [ComfyUI] [worker:ComfyUI-Sharp] WARNING: [SPN] after first chunk (4/35): 0.61 GB, chunk_size=4
  [ComfyUI] [worker:ComfyUI-Sharp] WARNING: [SPN] after first chunk (4/35): 0.61 GB, chunk_size=4
  [ComfyUI] [worker:ComfyUI-Sharp] [VRAM] +441MB (now 683MB) reserved=928MB peak=683MB
  [ComfyUI] [worker:ComfyUI-Sharp] [VRAM] +441MB (now 683MB) reserved=928MB peak=683MB
  [ComfyUI] [worker:ComfyUI-Sharp] WARNING: [SPN] after all chunks + cache clear: 0.55 GB
  [ComfyUI] [worker:ComfyUI-Sharp] WARNING: [SPN] after all chunks + cache clear: 0.55 GB
  [ComfyUI] [worker:ComfyUI-Sharp] WARNING: [SPN] after merge intermediates: 0.32 GB
  [ComfyUI] [worker:ComfyUI-Sharp] WARNING: [SPN] after merge intermediates: 0.32 GB
  [ComfyUI] [worker:ComfyUI-Sharp] WARNING: [SPN] after merge all: 0.36 GB
  [ComfyUI] [worker:ComfyUI-Sharp] WARNING: [SPN] after merge all: 0.36 GB
  [ComfyUI] [worker:ComfyUI-Sharp] [VRAM] -308MB (now 376MB) reserved=768MB peak=683MB
  [ComfyUI] [worker:ComfyUI-Sharp] [VRAM] -308MB (now 376MB) reserved=768MB peak=683MB
  [ComfyUI] [worker:ComfyUI-Sharp] WARNING: [SPN] after image_encoder: 0.36 GB
  [ComfyUI] [worker:ComfyUI-Sharp] WARNING: [SPN] after image_encoder: 0.36 GB
  [ComfyUI] [worker:ComfyUI-Sharp] WARNING: [SPN] after upsample: 1.07 GB
  [ComfyUI] [worker:ComfyUI-Sharp] WARNING: [SPN] after upsample: 1.07 GB
  [ComfyUI] [worker:ComfyUI-Sharp] WARNING: [Monodepth] after SPN encoder + cache clear: 0.98 GB
  [ComfyUI] [worker:ComfyUI-Sharp] WARNING: [Monodepth] after SPN encoder + cache clear: 0.98 GB
  [ComfyUI] [worker:ComfyUI-Sharp] WARNING: [Monodepth] after decoder: 1.54 GB
  [ComfyUI] [worker:ComfyUI-Sharp] WARNING: [Monodepth] after decoder: 1.54 GB
  [ComfyUI] [worker:ComfyUI-Sharp] [VRAM] +1193MB (now 1569MB) reserved=5344MB peak=4458MB
  [ComfyUI] [worker:ComfyUI-Sharp] [VRAM] +1193MB (now 1569MB) reserved=5344MB peak=4458MB
  [capture-loop] iter=100 t=11.8s state={'complete': False, 'error': None, 'executedCount': 0, 'wsState': 1} eval_ms=2
  [ComfyUI] [worker:ComfyUI-Sharp] WARNING: [Decode] start: 1.53 GB
  [ComfyUI] [worker:ComfyUI-Sharp] WARNING: [Decode] start: 1.53 GB
  [ComfyUI] [worker:ComfyUI-Sharp] WARNING: [Decode] after depth_alignment: 1.57 GB
  [ComfyUI] [worker:ComfyUI-Sharp] WARNING: [Decode] after depth_alignment: 1.57 GB
  [ComfyUI] [worker:ComfyUI-Sharp] WARNING: [Decode] after init_model: 1.64 GB
  [ComfyUI] [worker:ComfyUI-Sharp] WARNING: [Decode] after init_model: 1.64 GB
  [ComfyUI] [worker:ComfyUI-Sharp] [VRAM] +1048MB (now 2618MB) reserved=3104MB peak=4458MB
  [ComfyUI] [worker:ComfyUI-Sharp] [VRAM] +1048MB (now 2618MB) reserved=3104MB peak=4458MB
  [ComfyUI] [worker:ComfyUI-Sharp] WARNING: [Decode] after feature_model: 1.78 GB
  [ComfyUI] [worker:ComfyUI-Sharp] WARNING: [Decode] after feature_model: 1.78 GB
  [ComfyUI] [worker:ComfyUI-Sharp] WARNING: [Decode] after prediction_head: 1.84 GB
  [ComfyUI] [worker:ComfyUI-Sharp] WARNING: [Decode] after prediction_head: 1.84 GB
  [ComfyUI] [worker:ComfyUI-Sharp] [VRAM] -833MB (now 1785MB) reserved=4544MB peak=4458MB
  [ComfyUI] [worker:ComfyUI-Sharp] [VRAM] -833MB (now 1785MB) reserved=4544MB peak=4458MB
  [ComfyUI] [SubprocessWorker] callback 'report_progress' from call_id=5
  [ComfyUI] [SubprocessWorker] callback 'report_progress' from call_id=5
  [ComfyUI] [SubprocessWorker] got response: ok
  [ComfyUI] [SubprocessWorker] got response: ok
  [ComfyUI] [comfy-env] SharpPredict done (9.73s): result: NodeOutput
  [ComfyUI] [comfy-env] SharpPredict done (9.73s): result: NodeOutput
  [ComfyUI] [ComfyUI-GeometryPack] python: /workspaces/Sharp-1201/ComfyUI/.ce/.pixi/envs/geometrypack-main/bin/python
  [ComfyUI] [ComfyUI-GeometryPack] python: /workspaces/Sharp-1201/ComfyUI/.ce/.pixi/envs/geometrypack-main/bin/python
  [ComfyUI] [VRAM] After SharpPredict: 5109 / 7703 MB
  [ComfyUI] [VRAM] After SharpPredict: 5109 / 7703 MB
  [ComfyUI] [ComfyUI-GeometryPack] sys_path sent to worker: ['/workspaces/Sharp-1201/ComfyUI', '/workspaces/Sharp-1201/ComfyUI/custom_nodes/ComfyUI-GeometryPack', '/workspaces/Sharp-1201/ComfyUI/.ce/.pixi/envs/geometrypack-main/lib/python3.10/site-packages', '/workspaces/Sharp-1201/ComfyUI/custom_nodes/ComfyUI-GeometryPack']
  [ComfyUI] [ComfyUI-GeometryPack] sys_path sent to worker: ['/workspaces/Sharp-1201/ComfyUI', '/workspaces/Sharp-1201/ComfyUI/custom_nodes/ComfyUI-GeometryPack', '/workspaces/Sharp-1201/ComfyUI/.ce/.pixi/envs/geometrypack-main/lib/python3.10/site-packages', '/workspaces/Sharp-1201/ComfyUI/custom_nodes/ComfyUI-GeometryPack']
  [ComfyUI] [comfy-env] Running GeomPackPreviewGaussian: ply_path: '/workspaces/Sharp-1201/ComfyUI/output/sharp_177832864981..., extrinsics: list[4], intrinsics: list[3]
  [ComfyUI] [comfy-env] Running GeomPackPreviewGaussian: ply_path: '/workspaces/Sharp-1201/ComfyUI/output/sharp_177832864981..., extrinsics: list[4], intrinsics: list[3]
  [ComfyUI] [SubprocessWorker] is_pixi=True, python=/workspaces/Sharp-1201/ComfyUI/.ce/.pixi/envs/geometrypack-main/bin/python
  [ComfyUI] [SubprocessWorker] is_pixi=True, python=/workspaces/Sharp-1201/ComfyUI/.ce/.pixi/envs/geometrypack-main/bin/python
  [ComfyUI] [VRAM] Before GeomPackPreviewGaussian: 5109 / 7703 MB
  [ComfyUI] [VRAM] Before GeomPackPreviewGaussian: 5109 / 7703 MB
  [ComfyUI] [SubprocessWorker] launching cmd=['/root/.pixi/bin/pixi', 'run', '--as-is', '--manifest-path', '/workspaces/Sharp-1201/ComfyUI/.ce/pixi.toml', '-e', 'geometrypack-main', 'python', '/tmp/comfyui_pvenv_g4659osr/persistent_worker.py', 'abstract://comfy_worker_a53eb200977c']...
  [ComfyUI] [SubprocessWorker] launching cmd=['/root/.pixi/bin/pixi', 'run', '--as-is', '--manifest-path', '/workspaces/Sharp-1201/ComfyUI/.ce/pixi.toml', '-e', 'geometrypack-main', 'python', '/tmp/comfyui_pvenv_g4659osr/persistent_worker.py', 'abstract://comfy_worker_a53eb200977c']...
  [ComfyUI] [SubprocessWorker] call_method: nodes.main.visualization.preview_gaussian.PreviewGaussianNode.EXECUTE_NORMALIZED
  [ComfyUI] [SubprocessWorker] call_method: nodes.main.visualization.preview_gaussian.PreviewGaussianNode.EXECUTE_NORMALIZED
  [ComfyUI] [SubprocessWorker] socket_addr=abstract://comfy_worker_a53eb200977c (abstract, no filesystem path)
  [ComfyUI] [SubprocessWorker] socket_addr=abstract://comfy_worker_a53eb200977c (abstract, no filesystem path)
  [ComfyUI] [SubprocessWorker] acquired lock, ensuring started...
  [ComfyUI] [SubprocessWorker] acquired lock, ensuring started...
  [ComfyUI] [ComfyUI-GeometryPack] Health check: ping (timeout=5.0s)...
  [ComfyUI] [ComfyUI-GeometryPack] Health check: ping (timeout=5.0s)...
  [ComfyUI] [ComfyUI-GeometryPack] Health check: failed
  [ComfyUI] [ComfyUI-GeometryPack] Health check: failed
  [ComfyUI] [ComfyUI-GeometryPack] Socket unhealthy, restarting worker...
  [ComfyUI] [ComfyUI-GeometryPack] Socket unhealthy, restarting worker...
  Frame 5 saved (frame_004.jpg, t=15.8s)
  [capture-periodic] freeze=2ms shot=160ms unfreeze=5ms saved=True
  [ComfyUI] [worker:ComfyUI-GeometryPack] WARNING: WARNING: You need pytorch with cu130 or higher to use optimized CUDA operations.
  [ComfyUI] [worker:ComfyUI-GeometryPack] WARNING: WARNING: You need pytorch with cu130 or higher to use optimized CUDA operations.
  [ComfyUI] [SubprocessWorker] worker started/confirmed
  [ComfyUI] [SubprocessWorker] worker started/confirmed
  [ComfyUI] [SubprocessWorker] serializing kwargs to shm...
  [ComfyUI] [SubprocessWorker] serializing kwargs to shm...
  [ComfyUI] [SubprocessWorker] created 0 shm blocks
  [ComfyUI] [SubprocessWorker] created 0 shm blocks
  [ComfyUI] [SubprocessWorker] sending request via socket...
  [ComfyUI] [SubprocessWorker] sending request via socket...
  [ComfyUI] [SubprocessWorker] call_id=2 sending call_method
  [ComfyUI] [SubprocessWorker] call_id=2 sending call_method
  [ComfyUI] [worker:ComfyUI-GeometryPack] INFO: Loading PLY: sharp_1778328649813.ply (63.00 MB)
  [ComfyUI] [worker:ComfyUI-GeometryPack] INFO: Loading PLY: sharp_1778328649813.ply (63.00 MB)
  [ComfyUI] [SubprocessWorker] got response: ok
  [ComfyUI] [SubprocessWorker] got response: ok
  [ComfyUI] [comfy-env] GeomPackPreviewGaussian done (3.46s): result: NodeOutput
  [ComfyUI] [comfy-env] GeomPackPreviewGaussian done (3.46s): result: NodeOutput
  [ComfyUI] [VRAM] After GeomPackPreviewGaussian: 5109 / 7703 MB
  [ComfyUI] [VRAM] After GeomPackPreviewGaussian: 5109 / 7703 MB
  [ComfyUI] Prompt executed in 16.82 seconds
  [ComfyUI] Prompt executed in 16.82 seconds
  Node executed (1 total), capturing...
  Frame 6 saved (frame_005.jpg, t=17.6s)
  [capture-node] freeze=1117ms shot=510ms unfreeze=0ms saved=True
  Execution complete (t=17.6s)
  [3d-wait] Phase 1: Waiting for 'Loading 3D Model' text to disappear...
  [3d-wait] Phase 1 done in 0.0s
  [3d-wait] Phase 2: iframes=1
  [3d-wait] iframe viewer_ready=True (matched 1 console logs)
  [3d-wait] Unfrozen in 0.002s, rendering for 5s...
  [3d-wait] JS halted via CDP after 20.5s
  [3d-wait] Re-frozen in 85.9s
  [3d-wait] Total 3D wait: 85.9s
  Captured 6 unique frames over 105.22s
  [debug] iframes: 1
  [debug]   iframe[0]: src=http://127.0.0.1:41883/extensions/ComfyUI-GeometryPack/viewer_gaussian.html?v=17, canvas=3040x2022, rafFrozen=True
  [timing] trigger_3d_previews: 0.0s
  Saved high-quality screenshot: sharp_exif_executed.png
  [timing] final_screenshot: 1.3s
    Captured 7 video frames