Capturing execution frames: sharp_basic.json
  Frame 1 saved (frame_000.jpg, t=0.0s)
  Validating workflow...
  [ComfyUI] === /validate endpoint called ===
  [ComfyUI] === /validate endpoint called ===
  [ComfyUI] Received JSON with keys: ['prompt']
  [ComfyUI] Received JSON with keys: ['prompt']
  [ComfyUI] Prompt has 4 nodes
  [ComfyUI] Prompt has 4 nodes
  [ComfyUI]   Node 1: LoadImage
  [ComfyUI]   Node 1: LoadImage
  [ComfyUI]     Inputs: {"image": "beach.jpg"}
  [ComfyUI]     Inputs: {"image": "beach.jpg"}
  [ComfyUI]   Node 2: LoadSharpModel
  [ComfyUI]   Node 2: LoadSharpModel
  [ComfyUI]     Inputs: {"precision": "auto"}
  [ComfyUI]     Inputs: {"precision": "auto"}
  [ComfyUI]   Node 4: GeomPackPreviewGaussian
  [ComfyUI]   Node 4: GeomPackPreviewGaussian
  [ComfyUI]     Inputs: {"preview_gaussian": "", "ply_path": ["5", 0], "extrinsics": ["5", 1], "intrinsics": ["5", 2]}
  [ComfyUI]     Inputs: {"preview_gaussian": "", "ply_path": ["5", 0], "extrinsics": ["5", 1], "intrinsics": ["5", 2]}
  [ComfyUI]   Node 5: SharpPredict
  [ComfyUI]   Node 5: SharpPredict
  [ComfyUI]     Inputs: {"focal_length_mm": 30, "output_prefix": "sharp", "model": ["2", 0], "image": ["1", 0]}
  [ComfyUI]     Inputs: {"focal_length_mm": 30, "output_prefix": "sharp", "model": ["2", 0], "image": ["1", 0]}
  [ComfyUI] Generated prompt_id: b8fd771d-f7ae-4e98-978c-c1038fc9832b
  [ComfyUI] Generated prompt_id: b8fd771d-f7ae-4e98-978c-c1038fc9832b
  [ComfyUI] Calling execution.validate_prompt()...
  [ComfyUI] Calling execution.validate_prompt()...
  [ComfyUI] Validation result: valid=True
  [ComfyUI] Validation result: valid=True
  [ComfyUI] === Validation PASSED ===
  [ComfyUI] === Validation PASSED ===
  Queuing workflow for execution...
  [ComfyUI] got prompt
  [ComfyUI] got prompt
  [ComfyUI] [comfy-env] Running LoadSharpModel: precision: 'auto'
  [ComfyUI] [comfy-env] Running LoadSharpModel: precision: 'auto'
  [ComfyUI] [comfy-env] SubprocessWorker: /workspaces/Sharp-1201/ComfyUI/.ce/.pixi/envs/sharp-nodes/bin/python
  [ComfyUI] [comfy-env] SubprocessWorker: /workspaces/Sharp-1201/ComfyUI/.ce/.pixi/envs/sharp-nodes/bin/python
  [ComfyUI] [VRAM] Before LoadSharpModel: 153 / 7703 MB
  [ComfyUI] [VRAM] Before LoadSharpModel: 153 / 7703 MB
  [ComfyUI] [comfy-env] env_vars: {'COMFYUI_BASE': '/workspaces/Sharp-1201/ComfyUI'}
  [ComfyUI] [comfy-env] env_vars: {'COMFYUI_BASE': '/workspaces/Sharp-1201/ComfyUI'}
  [ComfyUI] [SubprocessWorker] call_method: nodes.load_model.LoadSharpModel.EXECUTE_NORMALIZED
  [ComfyUI] [SubprocessWorker] call_method: nodes.load_model.LoadSharpModel.EXECUTE_NORMALIZED
  [ComfyUI] [ComfyUI-Sharp] python: /workspaces/Sharp-1201/ComfyUI/.ce/.pixi/envs/sharp-nodes/bin/python
  [ComfyUI] [ComfyUI-Sharp] python: /workspaces/Sharp-1201/ComfyUI/.ce/.pixi/envs/sharp-nodes/bin/python
  [ComfyUI] [SubprocessWorker] acquired lock, ensuring started...
  [ComfyUI] [SubprocessWorker] acquired lock, ensuring started...
  [ComfyUI] [ComfyUI-Sharp] sys_path sent to worker: ['/workspaces/Sharp-1201/ComfyUI', '/workspaces/Sharp-1201/ComfyUI/custom_nodes/ComfyUI-Sharp', '/workspaces/Sharp-1201/ComfyUI/.ce/.pixi/envs/sharp-nodes/lib/python3.10/site-packages', '/workspaces/Sharp-1201/ComfyUI/custom_nodes/ComfyUI-Sharp']
  [ComfyUI] [ComfyUI-Sharp] sys_path sent to worker: ['/workspaces/Sharp-1201/ComfyUI', '/workspaces/Sharp-1201/ComfyUI/custom_nodes/ComfyUI-Sharp', '/workspaces/Sharp-1201/ComfyUI/.ce/.pixi/envs/sharp-nodes/lib/python3.10/site-packages', '/workspaces/Sharp-1201/ComfyUI/custom_nodes/ComfyUI-Sharp']
  [ComfyUI] [SubprocessWorker] is_pixi=True, python=/workspaces/Sharp-1201/ComfyUI/.ce/.pixi/envs/sharp-nodes/bin/python
  [ComfyUI] [SubprocessWorker] is_pixi=True, python=/workspaces/Sharp-1201/ComfyUI/.ce/.pixi/envs/sharp-nodes/bin/python
  [ComfyUI] [SubprocessWorker] launching cmd=['/root/.pixi/bin/pixi', 'run', '--as-is', '--manifest-path', '/workspaces/Sharp-1201/ComfyUI/.ce/pixi.toml', '-e', 'sharp-nodes', 'python', '/tmp/comfyui_pvenv_y9rgcr0c/persistent_worker.py', 'abstract://comfy_worker_78b60b08f187']...
  [ComfyUI] [SubprocessWorker] launching cmd=['/root/.pixi/bin/pixi', 'run', '--as-is', '--manifest-path', '/workspaces/Sharp-1201/ComfyUI/.ce/pixi.toml', '-e', 'sharp-nodes', 'python', '/tmp/comfyui_pvenv_y9rgcr0c/persistent_worker.py', 'abstract://comfy_worker_78b60b08f187']...
  [ComfyUI] [SubprocessWorker] socket_addr=abstract://comfy_worker_78b60b08f187 (abstract, no filesystem path)
  [ComfyUI] [SubprocessWorker] socket_addr=abstract://comfy_worker_78b60b08f187 (abstract, no filesystem path)
  Frame 2 saved (frame_001.jpg, t=2.4s)
  [capture-periodic] freeze=1ms shot=163ms unfreeze=6ms saved=True
  Frame 3 saved (frame_002.jpg, t=4.7s)
  [capture-periodic] freeze=10ms shot=119ms unfreeze=6ms saved=True
  [ComfyUI] [worker:ComfyUI-Sharp] WARNING: WARNING: You need pytorch with cu130 or higher to use optimized CUDA operations.
  [ComfyUI] [worker:ComfyUI-Sharp] WARNING: WARNING: You need pytorch with cu130 or higher to use optimized CUDA operations.
  [ComfyUI] [SubprocessWorker] worker started/confirmed
  [ComfyUI] [SubprocessWorker] worker started/confirmed
  [ComfyUI] [SubprocessWorker] serializing kwargs to shm...
  [ComfyUI] [SubprocessWorker] serializing kwargs to shm...
  [ComfyUI] [SubprocessWorker] created 0 shm blocks
  [ComfyUI] [SubprocessWorker] created 0 shm blocks
  [ComfyUI] [SubprocessWorker] sending request via socket...
  [ComfyUI] [SubprocessWorker] sending request via socket...
  [ComfyUI] [SubprocessWorker] call_id=1 sending call_method
  [ComfyUI] [SubprocessWorker] call_id=1 sending call_method
  [ComfyUI] Warning: You are sending unauthenticated requests to the HF Hub. Please set a HF_TOKEN to enable higher rate limits and faster downloads.
  [ComfyUI] Warning: You are sending unauthenticated requests to the HF Hub. Please set a HF_TOKEN to enable higher rate limits and faster downloads.
  [ComfyUI] [worker:ComfyUI-Sharp] WARNING: Warning: You are sending unauthenticated requests to the HF Hub. Please set a HF_TOKEN to enable higher rate limits and faster downloads.
  [ComfyUI] [worker:ComfyUI-Sharp] WARNING: Warning: You are sending unauthenticated requests to the HF Hub. Please set a HF_TOKEN to enable higher rate limits and faster downloads.
  [ComfyUI] 
  [ComfyUI] 
  [capture-loop] iter=50 t=6.0s state={'complete': False, 'error': None, 'executedCount': 0, 'wsState': 1} eval_ms=6
  Frame 4 saved (frame_003.jpg, t=6.9s)
  [capture-periodic] freeze=2ms shot=178ms unfreeze=4ms saved=True
  [ComfyUI] sharp_2572gikvuh.pt:   0%|          | 0.00/2.81G [00:00<?, ?B/s]
  [ComfyUI] sharp_2572gikvuh.pt:   0%|          | 0.00/2.81G [00:00<?, ?B/s]
  [ComfyUI] sharp_2572gikvuh.pt:   3%|▎         | 91.2M/2.81G [00:03<01:52, 24.2MB/s][SubprocessWorker] callback 'report_progress' from call_id=1
  [ComfyUI] sharp_2572gikvuh.pt:   3%|▎         | 91.2M/2.81G [00:03<01:52, 24.2MB/s][SubprocessWorker] callback 'report_progress' from call_id=1
  [ComfyUI] 
  [ComfyUI] 
  [ComfyUI] sharp_2572gikvuh.pt:   6%|▌         | 158M/2.81G [00:04<00:58, 45.3MB/s] [SubprocessWorker] callback 'report_progress' from call_id=1
  [ComfyUI] sharp_2572gikvuh.pt:   6%|▌         | 158M/2.81G [00:04<00:58, 45.3MB/s] [SubprocessWorker] callback 'report_progress' from call_id=1
  Frame 5 saved (frame_004.jpg, t=11.4s)
  [capture-periodic] freeze=2ms shot=131ms unfreeze=5ms saved=True
  [capture-loop] iter=100 t=12.0s state={'complete': False, 'error': None, 'executedCount': 0, 'wsState': 1} eval_ms=2
  [ComfyUI] 
  [ComfyUI] 
  [ComfyUI] sharp_2572gikvuh.pt:  10%|█         | 292M/2.81G [00:08<01:09, 36.0MB/s][SubprocessWorker] callback 'report_progress' from call_id=1
  [ComfyUI] sharp_2572gikvuh.pt:  10%|█         | 292M/2.81G [00:08<01:09, 36.0MB/s][SubprocessWorker] callback 'report_progress' from call_id=1
  Frame 6 saved (frame_005.jpg, t=15.8s)
  [capture-periodic] freeze=10ms shot=165ms unfreeze=6ms saved=True
  [capture-loop] iter=150 t=17.8s state={'complete': False, 'error': None, 'executedCount': 0, 'wsState': 1} eval_ms=12
  [ComfyUI] 
  [ComfyUI] 
  [ComfyUI] sharp_2572gikvuh.pt:  22%|██▏       | 628M/2.81G [00:12<00:37, 58.8MB/s][SubprocessWorker] callback 'report_progress' from call_id=1
  [ComfyUI] sharp_2572gikvuh.pt:  22%|██▏       | 628M/2.81G [00:12<00:37, 58.8MB/s][SubprocessWorker] callback 'report_progress' from call_id=1
  Frame 7 saved (frame_006.jpg, t=18.1s)
  [capture-periodic] freeze=2ms shot=142ms unfreeze=7ms saved=True
  [ComfyUI] 
  [ComfyUI] 
  [ComfyUI] sharp_2572gikvuh.pt:  30%|██▉       | 829M/2.81G [00:13<00:24, 79.5MB/s][SubprocessWorker] callback 'report_progress' from call_id=1
  [ComfyUI] sharp_2572gikvuh.pt:  30%|██▉       | 829M/2.81G [00:13<00:24, 79.5MB/s][SubprocessWorker] callback 'report_progress' from call_id=1
  Frame 8 saved (frame_007.jpg, t=20.3s)
  [capture-periodic] freeze=9ms shot=130ms unfreeze=7ms saved=True
  [ComfyUI] 
  [ComfyUI] 
  [ComfyUI] sharp_2572gikvuh.pt:  32%|███▏      | 896M/2.81G [00:16<00:33, 57.6MB/s][SubprocessWorker] callback 'report_progress' from call_id=1
  [ComfyUI] sharp_2572gikvuh.pt:  32%|███▏      | 896M/2.81G [00:16<00:33, 57.6MB/s][SubprocessWorker] callback 'report_progress' from call_id=1
  Frame 9 saved (frame_008.jpg, t=22.6s)
  [capture-periodic] freeze=2ms shot=157ms unfreeze=6ms saved=True
  [ComfyUI] 
  [ComfyUI] 
  [ComfyUI] sharp_2572gikvuh.pt:  37%|███▋      | 1.03G/2.81G [00:17<00:25, 69.4MB/s][SubprocessWorker] callback 'report_progress' from call_id=1
  [ComfyUI] sharp_2572gikvuh.pt:  37%|███▋      | 1.03G/2.81G [00:17<00:25, 69.4MB/s][SubprocessWorker] callback 'report_progress' from call_id=1
  [capture-loop] iter=200 t=23.8s state={'complete': False, 'error': None, 'executedCount': 0, 'wsState': 1} eval_ms=11
  Frame 10 saved (frame_009.jpg, t=24.9s)
  [capture-periodic] freeze=9ms shot=148ms unfreeze=7ms saved=True
  [ComfyUI] 
  [ComfyUI] 
  [ComfyUI] sharp_2572gikvuh.pt:  41%|████▏     | 1.16G/2.81G [00:21<00:31, 52.6MB/s][SubprocessWorker] callback 'report_progress' from call_id=1
  [ComfyUI] sharp_2572gikvuh.pt:  41%|████▏     | 1.16G/2.81G [00:21<00:31, 52.6MB/s][SubprocessWorker] callback 'report_progress' from call_id=1
  Frame 11 saved (frame_010.jpg, t=27.1s)
  [capture-periodic] freeze=2ms shot=178ms unfreeze=5ms saved=True
  [ComfyUI] 
  [ComfyUI] 
  [ComfyUI] sharp_2572gikvuh.pt:  56%|█████▌    | 1.57G/2.81G [00:22<00:12, 103MB/s] [SubprocessWorker] callback 'report_progress' from call_id=1
  [ComfyUI] sharp_2572gikvuh.pt:  56%|█████▌    | 1.57G/2.81G [00:22<00:12, 103MB/s] [SubprocessWorker] callback 'report_progress' from call_id=1
  [ComfyUI] 
  [ComfyUI] 
  [ComfyUI] sharp_2572gikvuh.pt:  58%|█████▊    | 1.63G/2.81G [00:23<00:12, 96.7MB/s][SubprocessWorker] callback 'report_progress' from call_id=1
  [ComfyUI] sharp_2572gikvuh.pt:  58%|█████▊    | 1.63G/2.81G [00:23<00:12, 96.7MB/s][SubprocessWorker] callback 'report_progress' from call_id=1
  [ComfyUI] 
  [ComfyUI] 
  [ComfyUI] sharp_2572gikvuh.pt:  77%|███████▋  | 2.17G/2.81G [00:23<00:03, 202MB/s] [SubprocessWorker] callback 'report_progress' from call_id=1
  [ComfyUI] sharp_2572gikvuh.pt:  77%|███████▋  | 2.17G/2.81G [00:23<00:03, 202MB/s] [SubprocessWorker] callback 'report_progress' from call_id=1
  Frame 12 saved (frame_011.jpg, t=29.4s)
  [capture-periodic] freeze=2ms shot=170ms unfreeze=6ms saved=True
  [capture-loop] iter=250 t=29.9s state={'complete': False, 'error': None, 'executedCount': 0, 'wsState': 1} eval_ms=4
  [ComfyUI] 
  [ComfyUI] 
  [ComfyUI] sharp_2572gikvuh.pt: 100%|██████████| 2.81G/2.81G [00:24<00:00, 325MB/s][SubprocessWorker] callback 'report_progress' from call_id=1
  [ComfyUI] sharp_2572gikvuh.pt: 100%|██████████| 2.81G/2.81G [00:24<00:00, 325MB/s][SubprocessWorker] callback 'report_progress' from call_id=1
  Frame 13 saved (frame_012.jpg, t=31.7s)
  [capture-periodic] freeze=2ms shot=152ms unfreeze=5ms saved=True
  Frame 14 saved (frame_013.jpg, t=34.0s)
  [capture-periodic] freeze=1ms shot=148ms unfreeze=4ms saved=True
  [capture-loop] iter=300 t=35.9s state={'complete': False, 'error': None, 'executedCount': 0, 'wsState': 1} eval_ms=8
  [ComfyUI] 
  [ComfyUI] 
  [ComfyUI] sharp_2572gikvuh.pt: 100%|██████████| 2.81G/2.81G [00:30<00:00, 93.0MB/s]
  [ComfyUI] sharp_2572gikvuh.pt: 100%|██████████| 2.81G/2.81G [00:30<00:00, 93.0MB/s]
  [ComfyUI] [SubprocessWorker] got response: ok
  [ComfyUI] [SubprocessWorker] got response: ok
  [ComfyUI] [comfy-env] LoadSharpModel done (36.27s): result: NodeOutput
  [ComfyUI] [comfy-env] LoadSharpModel done (36.27s): result: NodeOutput
  [ComfyUI] [VRAM] After LoadSharpModel: 270 / 7703 MB
  [ComfyUI] [VRAM] After LoadSharpModel: 270 / 7703 MB
  [ComfyUI] [comfy-env] Running SharpPredict: focal_length_mm: 30.0, output_prefix: 'sharp', model: dict, image: torch.float32 [1,1024,1536,3] cpu
  [ComfyUI] [comfy-env] Running SharpPredict: focal_length_mm: 30.0, output_prefix: 'sharp', model: dict, image: torch.float32 [1,1024,1536,3] cpu
  [ComfyUI] [VRAM] Before SharpPredict: 270 / 7703 MB
  [ComfyUI] [VRAM] Before SharpPredict: 270 / 7703 MB
  [ComfyUI] [SubprocessWorker] call_method: nodes.predict.SharpPredict.EXECUTE_NORMALIZED
  [ComfyUI] [SubprocessWorker] call_method: nodes.predict.SharpPredict.EXECUTE_NORMALIZED
  [ComfyUI] [SubprocessWorker] acquired lock, ensuring started...
  [ComfyUI] [SubprocessWorker] acquired lock, ensuring started...
  [ComfyUI] [ComfyUI-Sharp] Health check: ping (timeout=5.0s)...
  [ComfyUI] [ComfyUI-Sharp] Health check: ping (timeout=5.0s)...
  [ComfyUI] [ComfyUI-Sharp] Health check: ok
  [ComfyUI] [ComfyUI-Sharp] Health check: ok
  [ComfyUI] [SubprocessWorker] worker started/confirmed
  [ComfyUI] [SubprocessWorker] worker started/confirmed
  [ComfyUI] [comfy-env] PRE-SERIALIZE 'image' shape: torch.Size([1, 1024, 1536, 3])
  [ComfyUI] [comfy-env] PRE-SERIALIZE 'image' shape: torch.Size([1, 1024, 1536, 3])
  [ComfyUI] [SubprocessWorker] serializing kwargs to shm...
  [ComfyUI] [SubprocessWorker] serializing kwargs to shm...
  [ComfyUI] [SubprocessWorker] created 0 shm blocks
  [ComfyUI] [SubprocessWorker] created 0 shm blocks
  [ComfyUI] [SubprocessWorker] sending request via socket...
  [ComfyUI] [SubprocessWorker] sending request via socket...
  [ComfyUI] [SubprocessWorker] call_id=2 sending call_method
  [ComfyUI] [SubprocessWorker] call_id=2 sending call_method
  [ComfyUI] [worker:ComfyUI-Sharp] [comfy-env] _from_shm got dict with keys: ['__type__', 'strategy', 'parent_pid', 'fd', 'storage_size']
  [ComfyUI] [worker:ComfyUI-Sharp] [comfy-env] _from_shm got dict with keys: ['__type__', 'strategy', 'parent_pid', 'fd', 'storage_size']
  [ComfyUI] [worker:ComfyUI-Sharp] [comfy-env] DESERIALIZE TensorRef: tensor_size=[1, 1024, 1536, 3]
  [ComfyUI] [worker:ComfyUI-Sharp] [comfy-env] DESERIALIZE TensorRef: tensor_size=[1, 1024, 1536, 3]
  [ComfyUI] [worker:ComfyUI-Sharp] [comfy-env] DESERIALIZED tensor shape: torch.Size([1, 1024, 1536, 3])
  [ComfyUI] [worker:ComfyUI-Sharp] [comfy-env] DESERIALIZED tensor shape: torch.Size([1, 1024, 1536, 3])
  Frame 15 saved (frame_014.jpg, t=36.8s)
  [capture-periodic] freeze=15ms shot=164ms unfreeze=6ms saved=True
  Frame 16 saved (frame_015.jpg, t=39.0s)
  [capture-periodic] freeze=2ms shot=127ms unfreeze=1ms saved=True
  [ComfyUI] [SubprocessWorker] callback 'request_vram_budget' from call_id=2
  [ComfyUI] [SubprocessWorker] callback 'request_vram_budget' from call_id=2
  [ComfyUI] [comfy-env] VRAM request: 2.81GB, free before eviction: 7.79GB
  [ComfyUI] [comfy-env] VRAM request: 2.81GB, free before eviction: 7.79GB
  [ComfyUI] [comfy-env] VRAM after eviction: 7.79GB
  [ComfyUI] [comfy-env] VRAM after eviction: 7.79GB
  [ComfyUI] [worker:ComfyUI-Sharp] WARNING: [SPN] start: 0.07 GB, input=[1, 3, 1536, 1536]
  [ComfyUI] [worker:ComfyUI-Sharp] WARNING: [SPN] start: 0.07 GB, input=[1, 3, 1536, 1536]
  [ComfyUI] [worker:ComfyUI-Sharp] WARNING: [SPN] patches: 0.13 GB, x0=25 x1=9 x2=1 total=35
  [ComfyUI] [worker:ComfyUI-Sharp] WARNING: [SPN] patches: 0.13 GB, x0=25 x1=9 x2=1 total=35
  [ComfyUI] [worker:ComfyUI-Sharp] [VRAM] +200MB (now 200MB) reserved=352MB peak=200MB
  [ComfyUI] [worker:ComfyUI-Sharp] [VRAM] +200MB (now 200MB) reserved=352MB peak=200MB
  [ComfyUI] [worker:ComfyUI-Sharp] WARNING: [SPN] after first chunk (4/35): 0.56 GB, chunk_size=4
  [ComfyUI] [worker:ComfyUI-Sharp] WARNING: [SPN] after first chunk (4/35): 0.56 GB, chunk_size=4
  [ComfyUI] [worker:ComfyUI-Sharp] [VRAM] +412MB (now 613MB) reserved=864MB peak=631MB
  [ComfyUI] [worker:ComfyUI-Sharp] [VRAM] +412MB (now 613MB) reserved=864MB peak=631MB
  [capture-loop] iter=350 t=42.5s state={'complete': False, 'error': None, 'executedCount': 0, 'wsState': 1} eval_ms=6
  [ComfyUI] [worker:ComfyUI-Sharp] WARNING: [SPN] after all chunks + cache clear: 0.50 GB
  [ComfyUI] [worker:ComfyUI-Sharp] WARNING: [SPN] after all chunks + cache clear: 0.50 GB
  [ComfyUI] [worker:ComfyUI-Sharp] WARNING: [SPN] after merge intermediates: 0.27 GB
  [ComfyUI] [worker:ComfyUI-Sharp] WARNING: [SPN] after merge intermediates: 0.27 GB
  [ComfyUI] [worker:ComfyUI-Sharp] WARNING: [SPN] after merge all: 0.31 GB
  [ComfyUI] [worker:ComfyUI-Sharp] WARNING: [SPN] after merge all: 0.31 GB
  [ComfyUI] [worker:ComfyUI-Sharp] [VRAM] -296MB (now 317MB) reserved=704MB peak=640MB
  [ComfyUI] [worker:ComfyUI-Sharp] [VRAM] -296MB (now 317MB) reserved=704MB peak=640MB
  [ComfyUI] [worker:ComfyUI-Sharp] WARNING: [SPN] after image_encoder: 0.31 GB
  [ComfyUI] [worker:ComfyUI-Sharp] WARNING: [SPN] after image_encoder: 0.31 GB
  [ComfyUI] [worker:ComfyUI-Sharp] WARNING: [SPN] after upsample: 1.02 GB
  [ComfyUI] [worker:ComfyUI-Sharp] WARNING: [SPN] after upsample: 1.02 GB
  [ComfyUI] [worker:ComfyUI-Sharp] WARNING: [Monodepth] after SPN encoder + cache clear: 0.93 GB
  [ComfyUI] [worker:ComfyUI-Sharp] WARNING: [Monodepth] after SPN encoder + cache clear: 0.93 GB
  [ComfyUI] [worker:ComfyUI-Sharp] WARNING: [Monodepth] after decoder: 1.49 GB
  [ComfyUI] [worker:ComfyUI-Sharp] WARNING: [Monodepth] after decoder: 1.49 GB
  [ComfyUI] [worker:ComfyUI-Sharp] [VRAM] +1199MB (now 1517MB) reserved=5440MB peak=4406MB
  [ComfyUI] [worker:ComfyUI-Sharp] [VRAM] +1199MB (now 1517MB) reserved=5440MB peak=4406MB
  [ComfyUI] [worker:ComfyUI-Sharp] WARNING: [Decode] start: 1.48 GB
  [ComfyUI] [worker:ComfyUI-Sharp] WARNING: [Decode] start: 1.48 GB
  [ComfyUI] [worker:ComfyUI-Sharp] WARNING: [Decode] after depth_alignment: 1.52 GB
  [ComfyUI] [worker:ComfyUI-Sharp] WARNING: [Decode] after depth_alignment: 1.52 GB
  [ComfyUI] [worker:ComfyUI-Sharp] WARNING: [Decode] after init_model: 1.59 GB
  [ComfyUI] [worker:ComfyUI-Sharp] WARNING: [Decode] after init_model: 1.59 GB
  [ComfyUI] [worker:ComfyUI-Sharp] [VRAM] +544MB (now 2061MB) reserved=2368MB peak=4406MB
  [ComfyUI] [worker:ComfyUI-Sharp] [VRAM] +544MB (now 2061MB) reserved=2368MB peak=4406MB
  [ComfyUI] [worker:ComfyUI-Sharp] WARNING: [Decode] after feature_model: 1.73 GB
  [ComfyUI] [worker:ComfyUI-Sharp] WARNING: [Decode] after feature_model: 1.73 GB
  [ComfyUI] [worker:ComfyUI-Sharp] WARNING: [Decode] after prediction_head: 1.79 GB
  [ComfyUI] [worker:ComfyUI-Sharp] WARNING: [Decode] after prediction_head: 1.79 GB
  [ComfyUI] [worker:ComfyUI-Sharp] [VRAM] -329MB (now 1733MB) reserved=4160MB peak=4406MB
  [ComfyUI] [worker:ComfyUI-Sharp] [VRAM] -329MB (now 1733MB) reserved=4160MB peak=4406MB
  [ComfyUI] [worker:ComfyUI-Sharp] [VRAM] -1526MB (now 207MB) reserved=4160MB peak=4406MB
  [ComfyUI] [worker:ComfyUI-Sharp] [VRAM] -1526MB (now 207MB) reserved=4160MB peak=4406MB
  [ComfyUI] [SubprocessWorker] callback 'report_progress' from call_id=2
  [ComfyUI] [SubprocessWorker] callback 'report_progress' from call_id=2
  [ComfyUI] [comfy-env] SubprocessWorker: /workspaces/Sharp-1201/ComfyUI/.ce/.pixi/envs/geometrypack-main/bin/python
  [ComfyUI] [comfy-env] SubprocessWorker: /workspaces/Sharp-1201/ComfyUI/.ce/.pixi/envs/geometrypack-main/bin/python
  [ComfyUI] [SubprocessWorker] got response: ok
  [ComfyUI] [SubprocessWorker] got response: ok
  [ComfyUI] [comfy-env] env_vars: {'KMP_DUPLICATE_LIB_OK': 'TRUE', 'COMFYUI_BASE': '/workspaces/Sharp-1201/ComfyUI'}
  [ComfyUI] [comfy-env] env_vars: {'KMP_DUPLICATE_LIB_OK': 'TRUE', 'COMFYUI_BASE': '/workspaces/Sharp-1201/ComfyUI'}
  [ComfyUI] [comfy-env] SharpPredict done (11.36s): result: NodeOutput
  [ComfyUI] [comfy-env] SharpPredict done (11.36s): result: NodeOutput
  [ComfyUI] [VRAM] After SharpPredict: 4608 / 7703 MB
  [ComfyUI] [VRAM] After SharpPredict: 4608 / 7703 MB
  [ComfyUI] [ComfyUI-GeometryPack] python: /workspaces/Sharp-1201/ComfyUI/.ce/.pixi/envs/geometrypack-main/bin/python
  [ComfyUI] [ComfyUI-GeometryPack] python: /workspaces/Sharp-1201/ComfyUI/.ce/.pixi/envs/geometrypack-main/bin/python
  [ComfyUI] [comfy-env] Running GeomPackPreviewGaussian: ply_path: '/workspaces/Sharp-1201/ComfyUI/output/sharp_177832836693..., extrinsics: list[4], intrinsics: list[3]
  [ComfyUI] [comfy-env] Running GeomPackPreviewGaussian: ply_path: '/workspaces/Sharp-1201/ComfyUI/output/sharp_177832836693..., extrinsics: list[4], intrinsics: list[3]
  [ComfyUI] [ComfyUI-GeometryPack] sys_path sent to worker: ['/workspaces/Sharp-1201/ComfyUI', '/workspaces/Sharp-1201/ComfyUI/custom_nodes/ComfyUI-GeometryPack', '/workspaces/Sharp-1201/ComfyUI/.ce/.pixi/envs/geometrypack-main/lib/python3.10/site-packages', '/workspaces/Sharp-1201/ComfyUI/custom_nodes/ComfyUI-GeometryPack']
  [ComfyUI] [ComfyUI-GeometryPack] sys_path sent to worker: ['/workspaces/Sharp-1201/ComfyUI', '/workspaces/Sharp-1201/ComfyUI/custom_nodes/ComfyUI-GeometryPack', '/workspaces/Sharp-1201/ComfyUI/.ce/.pixi/envs/geometrypack-main/lib/python3.10/site-packages', '/workspaces/Sharp-1201/ComfyUI/custom_nodes/ComfyUI-GeometryPack']
  [ComfyUI] [VRAM] Before GeomPackPreviewGaussian: 4608 / 7703 MB
  [ComfyUI] [VRAM] Before GeomPackPreviewGaussian: 4608 / 7703 MB
  [ComfyUI] [SubprocessWorker] is_pixi=True, python=/workspaces/Sharp-1201/ComfyUI/.ce/.pixi/envs/geometrypack-main/bin/python
  [ComfyUI] [SubprocessWorker] is_pixi=True, python=/workspaces/Sharp-1201/ComfyUI/.ce/.pixi/envs/geometrypack-main/bin/python
  [ComfyUI] [SubprocessWorker] launching cmd=['/root/.pixi/bin/pixi', 'run', '--as-is', '--manifest-path', '/workspaces/Sharp-1201/ComfyUI/.ce/pixi.toml', '-e', 'geometrypack-main', 'python', '/tmp/comfyui_pvenv_g4659osr/persistent_worker.py', 'abstract://comfy_worker_54192f045eeb']...
  [ComfyUI] [SubprocessWorker] launching cmd=['/root/.pixi/bin/pixi', 'run', '--as-is', '--manifest-path', '/workspaces/Sharp-1201/ComfyUI/.ce/pixi.toml', '-e', 'geometrypack-main', 'python', '/tmp/comfyui_pvenv_g4659osr/persistent_worker.py', 'abstract://comfy_worker_54192f045eeb']...
  [ComfyUI] [SubprocessWorker] call_method: nodes.main.visualization.preview_gaussian.PreviewGaussianNode.EXECUTE_NORMALIZED
  [ComfyUI] [SubprocessWorker] call_method: nodes.main.visualization.preview_gaussian.PreviewGaussianNode.EXECUTE_NORMALIZED
  [ComfyUI] [SubprocessWorker] socket_addr=abstract://comfy_worker_54192f045eeb (abstract, no filesystem path)
  [ComfyUI] [SubprocessWorker] socket_addr=abstract://comfy_worker_54192f045eeb (abstract, no filesystem path)
  [ComfyUI] [SubprocessWorker] acquired lock, ensuring started...
  [ComfyUI] [SubprocessWorker] acquired lock, ensuring started...
  [capture-loop] iter=400 t=48.3s state={'complete': False, 'error': None, 'executedCount': 0, 'wsState': 1} eval_ms=2
  Frame 17 saved (frame_016.jpg, t=50.0s)
  [capture-periodic] freeze=2ms shot=156ms unfreeze=4ms saved=True
  [ComfyUI] [worker:ComfyUI-GeometryPack] WARNING: WARNING: You need pytorch with cu130 or higher to use optimized CUDA operations.
  [ComfyUI] [worker:ComfyUI-GeometryPack] WARNING: WARNING: You need pytorch with cu130 or higher to use optimized CUDA operations.
  [ComfyUI] [SubprocessWorker] worker started/confirmed
  [ComfyUI] [SubprocessWorker] worker started/confirmed
  [ComfyUI] [SubprocessWorker] serializing kwargs to shm...
  [ComfyUI] [SubprocessWorker] serializing kwargs to shm...
  [ComfyUI] [SubprocessWorker] created 0 shm blocks
  [ComfyUI] [SubprocessWorker] created 0 shm blocks
  [ComfyUI] [SubprocessWorker] sending request via socket...
  [ComfyUI] [SubprocessWorker] sending request via socket...
  [ComfyUI] [SubprocessWorker] call_id=1 sending call_method
  [ComfyUI] [SubprocessWorker] call_id=1 sending call_method
  [ComfyUI] [worker:ComfyUI-GeometryPack] INFO: Loading PLY: sharp_1778328366937.ply (63.00 MB)
  [ComfyUI] [worker:ComfyUI-GeometryPack] INFO: Loading PLY: sharp_1778328366937.ply (63.00 MB)
  [ComfyUI] [SubprocessWorker] got response: ok
  [ComfyUI] [SubprocessWorker] got response: ok
  [ComfyUI] [comfy-env] GeomPackPreviewGaussian done (3.91s): result: NodeOutput
  [ComfyUI] [comfy-env] GeomPackPreviewGaussian done (3.91s): result: NodeOutput
  [ComfyUI] [VRAM] After GeomPackPreviewGaussian: 4725 / 7703 MB
  [ComfyUI] [VRAM] After GeomPackPreviewGaussian: 4725 / 7703 MB
  Node executed (1 total), capturing...
  [ComfyUI] Prompt executed in 51.59 seconds
  [ComfyUI] Prompt executed in 51.59 seconds
  Frame 18 saved (frame_017.jpg, t=52.1s)
  [capture-node] freeze=2ms shot=1238ms unfreeze=205ms saved=True
  Frame 19 saved (frame_018.jpg, t=72.8s)
  [capture-periodic] freeze=19665ms shot=19985ms unfreeze=2ms saved=True
  Execution complete (t=72.8s)
  [3d-wait] Phase 1: Waiting for 'Loading 3D Model' text to disappear...
  [3d-wait] Phase 1 done in 38.7s
  [3d-wait] Phase 2: iframes=1
  [3d-wait] iframe viewer_ready=True (matched 1 console logs)
  [3d-wait] Unfrozen in 19.267s, rendering for 5s...
  [3d-wait] JS halted via CDP after 38.5s
  [3d-wait] Re-frozen in 97.0s
  [3d-wait] Total 3D wait: 174.8s
  Captured 19 unique frames over 306.83s
  [debug] iframes: 1
  [debug]   iframe[0]: src=http://127.0.0.1:41883/extensions/ComfyUI-GeometryPack/viewer_gaussian.html?v=17, canvas=1536x1024, rafFrozen=True
  [timing] trigger_3d_previews: 0.0s
  Saved high-quality screenshot: sharp_basic_executed.png
  [timing] final_screenshot: 1.1s
    Captured 20 video frames