Capturing execution frames: vanilla_vs_image_depth_gaussians.json
  [ComfyUI] [comfy-env] [VRAM] Before offload 'RGBGaussianPredictor_1' (2679 MB) -> cpu: 12259 / 24122 MB
  [ComfyUI] [ComfyUI-Sharp] Health check: ping (timeout=5.0s)...
  [ComfyUI] [ComfyUI-Sharp] python: /tmp/comfytest-home/.ce/.pixi/envs/sharp-nodes/bin/python
  [ComfyUI] [ComfyUI-Sharp] Health check: failed
  [ComfyUI] [ComfyUI-Sharp] sys_path sent to worker: ['/workspaces/Sharp-2211/ComfyUI', '/workspaces/Sharp-2211/ComfyUI/custom_nodes/ComfyUI-Sharp', '/tmp/comfytest-home/.ce/.pixi/envs/sharp-nodes/lib/python3.1/site-packages', '/workspaces/Sharp-2211/ComfyUI/custom_nodes/ComfyUI-Sharp']
  [ComfyUI] [ComfyUI-Sharp] Socket unhealthy, restarting worker...
  [ComfyUI] [SubprocessWorker] is_pixi=True, python=/tmp/comfytest-home/.ce/.pixi/envs/sharp-nodes/bin/python
  [ComfyUI] [SubprocessWorker] launching cmd=['/tmp/comfytest-home/.pixi/bin/pixi', 'run', '--as-is', '--manifest-path', '/tmp/comfytest-home/.ce/pixi.toml', '-e', 'sharp-nodes', 'python', '/tmp/comfyui_pvenv_xcjd5ki2/persistent_worker.py', 'abstract://comfy_worker_e03edfd0ef80']...
  [ComfyUI] [comfy-env] Invalidated 1 stale model patchers (will be cleaned up during next unload)
  [ComfyUI] [SubprocessWorker] socket_addr=abstract://comfy_worker_e03edfd0ef80 (abstract, no filesystem path)
  [ComfyUI] [worker:ComfyUI-Sharp] ERROR: Failed to import comfy_kitchen, Error: No module named 'comfy_kitchen', fp8 and fp4 support will not be available.
  [ComfyUI] [worker:ComfyUI-Sharp] WARNING: comfy_kitchen does not support stochastic FP8 rounding, please update comfy_kitchen.
  [ComfyUI] [SubprocessWorker] call_id=14 sending model_to_device
  [ComfyUI] [1m[33m[WARNING][0m Model 'RGBGaussianPredictor_1' gone from worker (restarted?), treating as offloaded
  [ComfyUI] [comfy-env] [VRAM] After offload 'RGBGaussianPredictor_1' (2679 MB): 4817 / 24122 MB
  [ComfyUI] [32m[INFO][0m Using RAM pressure cache.
  Frame 1 saved (frame_000.jpg, t=0.0s)
  Validating workflow...
  [ComfyUI] [32m[INFO][0m === /validate endpoint called ===
  Queuing workflow for execution...
  [ComfyUI] [32m[INFO][0m Received JSON with keys: ['prompt']
  [ComfyUI] [32m[INFO][0m Prompt has 8 nodes
  [ComfyUI] [32m[INFO][0m   Node 7: LoadImage
  [ComfyUI] [32m[INFO][0m     Inputs: {"image": "middlebury.jpg"}
  [ComfyUI] [32m[INFO][0m   Node 9: LoadSharpModel
  [ComfyUI] [32m[INFO][0m     Inputs: {"precision": "auto"}
  [ComfyUI] [32m[INFO][0m   Node 47: SharpPredictMetricDepth
  [ComfyUI] [32m[INFO][0m     Inputs: {"focal_length_mm": 30, "model": ["9", 0], "image": ["7", 0]}
  [ComfyUI] [32m[INFO][0m   Node 57: SharpPredict
  [ComfyUI] [32m[INFO][0m     Inputs: {"focal_length_mm": 30, "output_prefix": "sharp", "model": ["9", 0], "image": ["58", 0]}
  [ComfyUI] [32m[INFO][0m   Node 58: ImageFromBatch
  [ComfyUI] [32m[INFO][0m     Inputs: {"batch_index": 0, "length": 1, "image": ["7", 0]}
  [ComfyUI] [32m[INFO][0m   Node 83: SharpPredictGaussiansFromMetricDepth
  [ComfyUI] [32m[INFO][0m     Inputs: {"snap_to_external_depth": "none", "depth_convention": "planar_z", "focal_length_mm": 30, "output_prefix": "sharp_aligned", "save_background_layer": true, "edge_crop": 0, "model": ["9", 0], "image": [
  [ComfyUI] [32m[INFO][0m   Node 92: PreviewGaussianSharp
  [ComfyUI] [32m[INFO][0m     Inputs: {"preview_gaussian": "", "ply_path": ["83", 0], "extrinsics": ["83", 2], "intrinsics": ["83", 3]}
  [ComfyUI] [32m[INFO][0m   Node 93: PreviewGaussianSharp
  [ComfyUI] [32m[INFO][0m     Inputs: {"preview_gaussian": "", "ply_path": ["57", 0], "extrinsics": ["57", 1], "intrinsics": ["57", 2]}
  [ComfyUI] [32m[INFO][0m Generated prompt_id: a31e7b61-1f7c-4616-952d-ba775f694de8
  [ComfyUI] [32m[INFO][0m Calling execution.validate_prompt()...
  [ComfyUI] [32m[INFO][0m Validation result: valid=True
  [ComfyUI] [32m[INFO][0m === Validation PASSED ===
  [ComfyUI] [32m[INFO][0m got prompt
  [ComfyUI] [comfy-env] Running LoadSharpModel: precision: 'auto'
  [ComfyUI] [VRAM] Before LoadSharpModel: 4817 / 24122 MB
  [ComfyUI] [SubprocessWorker] call_method: nodes.load_model.LoadSharpModel.EXECUTE_NORMALIZED
  [ComfyUI] [SubprocessWorker] acquired lock, ensuring started...
  [ComfyUI] [ComfyUI-Sharp] Health check: ping (timeout=5.0s)...
  [ComfyUI] [ComfyUI-Sharp] Health check: ok
  [ComfyUI] [SubprocessWorker] worker started/confirmed
  [ComfyUI] [SubprocessWorker] serializing kwargs to shm...
  [ComfyUI] [SubprocessWorker] created 0 shm blocks
  [ComfyUI] [SubprocessWorker] sending request via socket...
  [ComfyUI] [SubprocessWorker] call_id=15 sending call_method
  [ComfyUI] [worker:ComfyUI-Sharp] [LoadSharpModel] precision='auto' -> dtype=bf16 (device=cuda:0)
  [ComfyUI] [worker:ComfyUI-Sharp] [LoadSharpModel] checkpoint already present, reusing (no download): /workspaces/Sharp-2211/ComfyUI/models/sharp/sharp_2572gikvuh.pt (2679.6 MB)
  [ComfyUI] [worker:ComfyUI-Sharp] [LoadSharpModel] checkpoint ready: /workspaces/Sharp-2211/ComfyUI/models/sharp/sharp_2572gikvuh.pt (2679.6 MB)
  [ComfyUI] [worker:ComfyUI-Sharp] [LoadSharpModel] config: precision=auto -> dtype=bf16
  [ComfyUI] [SubprocessWorker] got response: ok
  [ComfyUI] [comfy-env] [VRAM] Before offload 'RGBGaussianPredictor_1' (2679 MB) -> cpu: 4817 / 24122 MB
  [ComfyUI] [ComfyUI-Sharp] Health check: ping (timeout=5.0s)...
  [ComfyUI] [ComfyUI-Sharp] Health check: ok
  [ComfyUI] [SubprocessWorker] call_id=16 sending model_to_device
  [ComfyUI] [1m[33m[WARNING][0m Model 'RGBGaussianPredictor_1' gone from worker (restarted?), treating as offloaded
  [ComfyUI] [comfy-env] [VRAM] After offload 'RGBGaussianPredictor_1' (2679 MB): 4817 / 24122 MB
  [ComfyUI] [comfy-env] LoadSharpModel done (0.30s): result: NodeOutput
  [ComfyUI] [VRAM] After LoadSharpModel: 4817 / 24122 MB
  [ComfyUI] [comfy-env] Running SharpPredictMetricDepth: focal_length_mm: 30.0, model: dict, image: torch.float32 [1,960,1416,3] cpu
  [ComfyUI] [VRAM] Before SharpPredictMetricDepth: 4817 / 24122 MB
  [ComfyUI] [SubprocessWorker] call_method: nodes.predict_metric_depth.SharpPredictMetricDepth.EXECUTE_NORMALIZED
  [ComfyUI] [SubprocessWorker] acquired lock, ensuring started...
  [ComfyUI] [ComfyUI-Sharp] Health check: ping (timeout=5.0s)...
  [ComfyUI] [ComfyUI-Sharp] Health check: ok
  [ComfyUI] [SubprocessWorker] worker started/confirmed
  [ComfyUI] [comfy-env] PRE-SERIALIZE 'image' shape: torch.Size([1, 960, 1416, 3])
  [ComfyUI] [SubprocessWorker] serializing kwargs to shm...
  [ComfyUI] [SubprocessWorker] created 0 shm blocks
  [ComfyUI] [SubprocessWorker] sending request via socket...
  [ComfyUI] [SubprocessWorker] call_id=17 sending call_method
  [ComfyUI] [worker:ComfyUI-Sharp] [comfy-env] _from_shm got dict with keys: ['__type__', 'strategy', 'parent_pid', 'fd', 'storage_size']
  [ComfyUI] [worker:ComfyUI-Sharp] [comfy-env] DESERIALIZE TensorRef: tensor_size=[1, 960, 1416, 3]
  [ComfyUI] [worker:ComfyUI-Sharp] [comfy-env] DESERIALIZED tensor shape: torch.Size([1, 960, 1416, 3])
  Frame 2 saved (frame_001.jpg, t=2.3s)
  [capture-periodic] freeze=1ms shot=109ms unfreeze=3ms saved=True
  [ComfyUI] [worker:ComfyUI-Sharp] [LoadSharpModel] loading checkpoint from /workspaces/Sharp-2211/ComfyUI/models/sharp/sharp_2572gikvuh.pt (dtype=bf16)
  Frame 3 saved (frame_002.jpg, t=4.5s)
  [capture-periodic] freeze=1ms shot=100ms unfreeze=2ms saved=True
  [ComfyUI] [worker:ComfyUI-Sharp] [LoadSharpModel] initializing model on meta device...
  [ComfyUI] [worker:ComfyUI-Sharp] [LoadSharpModel] model ready (torch.bfloat16)
  [ComfyUI] [worker:ComfyUI-Sharp] [SharpPredictMetricDepth] intrinsics not wired -> using identity-style K (focal=1186.2px @ image 1416×960, 35mm-equiv 30.0mm). Pass intrinsics from PanoramaSplit for per-face accurate K.
  [ComfyUI] [SubprocessWorker] callback 'request_vram_budget' from call_id=17
  [ComfyUI] [comfy-env] VRAM request: 2.81GB, free before eviction: 20.24GB
  [ComfyUI] [comfy-env] VRAM after eviction: 20.24GB
  [ComfyUI] [worker:ComfyUI-Sharp] [VRAM] +587MB (now 587MB) reserved=608MB peak=587MB
  [capture-loop] iter=50 t=5.6s state={'complete': False, 'error': None, 'executedCount': 0, 'wsState': 1} eval_ms=1 ram=10.8/31.3GB (34%) swap=3.5/32.0GB (11%) cpu=73% browser_rss=0.83GB
  [ComfyUI] [worker:ComfyUI-Sharp] [VRAM] +2652MB (now 3239MB) reserved=3456MB peak=3311MB
  [ComfyUI] [worker:ComfyUI-Sharp] [VRAM] -267MB (now 2973MB) reserved=3360MB peak=3311MB
  [ComfyUI] [worker:ComfyUI-Sharp] [VRAM] +1188MB (now 4161MB) reserved=7872MB peak=7051MB
  [ComfyUI] [worker:ComfyUI-Sharp] [SharpPredictMetricDepth] 1 face(s) @ 1536²; layer0/layer1 depth median=2.12/2.12m, K_1536 fx->1286.7; points_raw ||v||=1.32–3.07m; 4.1s
  [ComfyUI] [SubprocessWorker] got response: ok
  [ComfyUI] [comfy-env] Created 1 model patchers: ['RGBGaussianPredictor_1']
  [ComfyUI] [comfy-env] SharpPredictMetricDepth done (8.51s): result: NodeOutput
  [ComfyUI] [VRAM] After SharpPredictMetricDepth: 9277 / 24122 MB
  [ComfyUI] [VRAM] Loaded: SubprocessModel (2679 MB)
  [ComfyUI] [comfy-env] Running SharpPredictGaussiansFromMetricDepth: snap_to_external_depth: 'none', depth_convention: 'planar_z', focal_length_mm: 30.0, output_prefix: 'sharp_aligned', save_background_layer: True, edge_crop: 0.0, model: dict, image: torch.float32 [1,960,1416,3] cpu, metric_depth_layer0: torch.float32 [1,1536,1536,3] cpu
  [ComfyUI] [VRAM] Before SharpPredictGaussiansFromMetricDepth: 9277 / 24122 MB
  [ComfyUI] [VRAM] Loaded: SubprocessModel (2679 MB)
  [ComfyUI] [SubprocessWorker] call_method: nodes.predict_gaussians_from_depth.SharpPredictGaussiansFromMetricDepth.EXECUTE_NORMALIZED
  [ComfyUI] [SubprocessWorker] acquired lock, ensuring started...
  [ComfyUI] [ComfyUI-Sharp] Health check: ping (timeout=5.0s)...
  [ComfyUI] [ComfyUI-Sharp] Health check: ok
  [ComfyUI] [SubprocessWorker] worker started/confirmed
  [ComfyUI] [comfy-env] PRE-SERIALIZE 'image' shape: torch.Size([1, 960, 1416, 3])
  [ComfyUI] [comfy-env] PRE-SERIALIZE 'metric_depth_layer0' shape: torch.Size([1, 1536, 1536, 3])
  [ComfyUI] [SubprocessWorker] serializing kwargs to shm...
  [ComfyUI] [SubprocessWorker] created 0 shm blocks
  [ComfyUI] [SubprocessWorker] sending request via socket...
  [ComfyUI] [SubprocessWorker] call_id=18 sending call_method
  [ComfyUI] [worker:ComfyUI-Sharp] [VRAM] -1474MB (now 2688MB) reserved=4384MB peak=7051MB
  [ComfyUI] [worker:ComfyUI-Sharp] [comfy-env] _from_shm got dict with keys: ['__type__', 'strategy', 'parent_pid', 'fd', 'storage_size']
  [ComfyUI] [worker:ComfyUI-Sharp] [comfy-env] DESERIALIZE TensorRef: tensor_size=[1, 960, 1416, 3]
  [ComfyUI] [worker:ComfyUI-Sharp] [comfy-env] DESERIALIZED tensor shape: torch.Size([1, 960, 1416, 3])
  [ComfyUI] [worker:ComfyUI-Sharp] [comfy-env] _from_shm got dict with keys: ['__type__', 'strategy', 'parent_pid', 'fd', 'storage_size']
  [ComfyUI] [worker:ComfyUI-Sharp] [comfy-env] DESERIALIZE TensorRef: tensor_size=[1, 1536, 1536, 3]
  [ComfyUI] [worker:ComfyUI-Sharp] [comfy-env] DESERIALIZED tensor shape: torch.Size([1, 1536, 1536, 3])
  [ComfyUI] [worker:ComfyUI-Sharp] [SharpPredictGaussiansFromMetricDepth] metric_depth_layer1 unwired -> layer 1 will duplicate layer 0 (legacy behavior)
  [ComfyUI] [SubprocessWorker] callback 'request_vram_budget' from call_id=18
  [ComfyUI] [comfy-env] VRAM request: 2.81GB, free before eviction: 15.57GB
  [ComfyUI] [comfy-env] VRAM after eviction: 15.57GB
  [ComfyUI] [worker:ComfyUI-Sharp] [SharpPredictGaussiansFromMetricDepth] face 1/1: 1416×960, extrinsics=none, intrinsics=none, mask=no, snap=none, depth_conv=planar_z
  [ComfyUI] [worker:ComfyUI-Sharp] [VRAM] +2859MB (now 5547MB) reserved=7552MB peak=7051MB
  [ComfyUI] [SubprocessWorker] callback 'report_progress' from call_id=18
  [ComfyUI] [worker:ComfyUI-Sharp] [SharpPredictGaussiansFromMetricDepth] 1 face(s) -> 1.18M gaussians total (both layers, snap=none); saved to /workspaces/Sharp-2211/ComfyUI/output/sharp_aligned_1780871388355.ply; 1.2s
  [ComfyUI] [SubprocessWorker] got response: ok
  [ComfyUI] [comfy-env] SharpPredictGaussiansFromMetricDepth done (1.41s): result: NodeOutput
  [ComfyUI] [VRAM] After SharpPredictGaussiansFromMetricDepth: 12483 / 24122 MB
  [ComfyUI] [VRAM] Loaded: SubprocessModel (2679 MB)
  [ComfyUI] [comfy-env] Running PreviewGaussianSharp: ply_path: '/workspaces/Sharp-2211/ComfyUI/output/sharp_aligned_1780..., extrinsics: list[4], intrinsics: list[3]
  [ComfyUI] [VRAM] Before PreviewGaussianSharp: 12483 / 24122 MB
  [ComfyUI] [VRAM] Loaded: SubprocessModel (2679 MB)
  [ComfyUI] [SubprocessWorker] call_method: nodes.preview_gaussian_sharp.PreviewGaussianSharp.EXECUTE_NORMALIZED
  [ComfyUI] [SubprocessWorker] acquired lock, ensuring started...
  [ComfyUI] [ComfyUI-GaussianPack] Health check: ping (timeout=5.0s)...
  [ComfyUI] [ComfyUI-GaussianPack] Health check: ok
  [ComfyUI] [SubprocessWorker] worker started/confirmed
  [ComfyUI] [SubprocessWorker] serializing kwargs to shm...
  [ComfyUI] [SubprocessWorker] created 0 shm blocks
  [ComfyUI] [SubprocessWorker] sending request via socket...
  [ComfyUI] [SubprocessWorker] call_id=5 sending call_method
  [ComfyUI] [SubprocessWorker] got response: ok
  [ComfyUI] [comfy-env] PreviewGaussianSharp done (0.06s): result: NodeOutput
  [ComfyUI] [VRAM] After PreviewGaussianSharp: 12483 / 24122 MB
  [ComfyUI] [VRAM] Loaded: SubprocessModel (2679 MB)
  [ComfyUI] [comfy-env] Running SharpPredict: focal_length_mm: 30.0, output_prefix: 'sharp', model: dict, image: torch.float32 [1,960,1416,3] cpu
  [ComfyUI] [VRAM] Before SharpPredict: 12483 / 24122 MB
  [ComfyUI] [VRAM] Loaded: SubprocessModel (2679 MB)
  Node executed (1 total), capturing...
  [ComfyUI] [SubprocessWorker] call_method: nodes.predict.SharpPredict.EXECUTE_NORMALIZED
  [ComfyUI] [SubprocessWorker] acquired lock, ensuring started...
  [ComfyUI] [ComfyUI-Sharp] Health check: ping (timeout=5.0s)...
  [ComfyUI] [ComfyUI-Sharp] Health check: ok
  [ComfyUI] [SubprocessWorker] worker started/confirmed
  [ComfyUI] [comfy-env] PRE-SERIALIZE 'image' shape: torch.Size([1, 960, 1416, 3])
  [ComfyUI] [SubprocessWorker] serializing kwargs to shm...
  [ComfyUI] [SubprocessWorker] created 0 shm blocks
  [ComfyUI] [SubprocessWorker] sending request via socket...
  [ComfyUI] [SubprocessWorker] call_id=19 sending call_method
  [ComfyUI] [worker:ComfyUI-Sharp] [comfy-env] _from_shm got dict with keys: ['__type__', 'strategy', 'parent_pid', 'fd', 'storage_size']
  [ComfyUI] [worker:ComfyUI-Sharp] [comfy-env] DESERIALIZE TensorRef: tensor_size=[1, 960, 1416, 3]
  [ComfyUI] [worker:ComfyUI-Sharp] [comfy-env] DESERIALIZED tensor shape: torch.Size([1, 960, 1416, 3])
  [ComfyUI] [SubprocessWorker] callback 'request_vram_budget' from call_id=19
  [ComfyUI] [comfy-env] VRAM request: 2.81GB, free before eviction: 12.20GB
  [ComfyUI] [comfy-env] VRAM after eviction: 12.20GB
  [ComfyUI] [worker:ComfyUI-Sharp] [VRAM] -2291MB (now 3257MB) reserved=3456MB peak=7051MB
  Frame 4 saved (frame_003.jpg, t=10.7s)
  [capture-node] freeze=710ms shot=372ms unfreeze=2ms saved=True
  [ComfyUI] [worker:ComfyUI-Sharp] [VRAM] +336MB (now 3594MB) reserved=4064MB peak=7051MB
  [ComfyUI] [worker:ComfyUI-Sharp] [VRAM] +567MB (now 4161MB) reserved=7968MB peak=7051MB
  [ComfyUI] [worker:ComfyUI-Sharp] [VRAM] +337MB (now 4499MB) reserved=6816MB peak=7051MB
  [ComfyUI] [SubprocessWorker] callback 'report_progress' from call_id=19
  [ComfyUI] [SubprocessWorker] got response: ok
  [ComfyUI] [comfy-env] SharpPredict done (4.53s): result: NodeOutput
  [ComfyUI] [VRAM] After SharpPredict: 11747 / 24122 MB
  [ComfyUI] [VRAM] Loaded: SubprocessModel (2679 MB)
  [ComfyUI] [comfy-env] Running PreviewGaussianSharp: ply_path: '/workspaces/Sharp-2211/ComfyUI/output/sharp_178087138974..., extrinsics: list[4], intrinsics: list[3]
  [ComfyUI] [VRAM] Before PreviewGaussianSharp: 11747 / 24122 MB
  [ComfyUI] [VRAM] Loaded: SubprocessModel (2679 MB)
  [ComfyUI] [SubprocessWorker] call_method: nodes.preview_gaussian_sharp.PreviewGaussianSharp.EXECUTE_NORMALIZED
  [ComfyUI] [SubprocessWorker] acquired lock, ensuring started...
  [ComfyUI] [ComfyUI-GaussianPack] Health check: ping (timeout=5.0s)...
  [ComfyUI] [ComfyUI-GaussianPack] Health check: ok
  [ComfyUI] [SubprocessWorker] worker started/confirmed
  [ComfyUI] [SubprocessWorker] serializing kwargs to shm...
  [ComfyUI] [SubprocessWorker] created 0 shm blocks
  [ComfyUI] [SubprocessWorker] sending request via socket...
  [ComfyUI] [SubprocessWorker] call_id=6 sending call_method
  [ComfyUI] [SubprocessWorker] got response: ok
  [ComfyUI] [comfy-env] PreviewGaussianSharp done (0.06s): result: NodeOutput
  [ComfyUI] [VRAM] After PreviewGaussianSharp: 11747 / 24122 MB
  [ComfyUI] [VRAM] Loaded: SubprocessModel (2679 MB)
  [ComfyUI] [32m[INFO][0m [32mPrompt executed in 14.90 seconds[0m
  [ComfyUI] [comfy-env] [VRAM] Before offload 'RGBGaussianPredictor_1' (2679 MB) -> cpu: 11747 / 24122 MB
  [ComfyUI] [ComfyUI-Sharp] Health check: ping (timeout=5.0s)...
  [ComfyUI] [ComfyUI-Sharp] Health check: ok
  [ComfyUI] [SubprocessWorker] call_id=20 sending model_to_device
  [ComfyUI] [worker:ComfyUI-Sharp] [VRAM] -1972MB (now 2527MB) reserved=6816MB peak=7051MB
  [ComfyUI] [worker:ComfyUI-Sharp] [VRAM] -1421MB (now 1107MB) reserved=6816MB peak=7051MB
  [ComfyUI] [comfy-env] [VRAM] After offload 'RGBGaussianPredictor_1' (2679 MB): 5027 / 24122 MB
  [ComfyUI] [32m[INFO][0m Using RAM pressure cache.
  Frame 5 saved (frame_004.jpg, t=20.1s)
  [capture-periodic] freeze=8105ms shot=8990ms unfreeze=170ms saved=True
  Node executed (2 total), capturing...
  Frame 6 saved (frame_005.jpg, t=45.8s)
  [capture-node] freeze=7896ms shot=8123ms unfreeze=0ms saved=True
  Execution complete (t=45.8s)
  [3d-wait] Phase 1: Waiting for 'Loading 3D Model' text to disappear...
  [3d-wait] Phase 1 done in 0.0s
  [3d-wait] Phase 2: iframes=2
  [3d-wait] iframe viewer_ready=True (matched 2 console logs)
  [3d-wait] Unfrozen in 0.001s, rendering for 5s...
  [3d-wait] JS halted via CDP after 16.0s
  [3d-wait] Re-frozen in 39.8s
  [3d-wait] Total 3D wait: 39.9s
  Captured 6 unique frames over 101.76s
  [debug] iframes: 2
  [debug]   iframe[0]: src=http://127.0.0.1:41898/extensions/ComfyUI-GaussianPack/viewer_gaussian_sharp.htm, canvas=1416x960, rafFrozen=True
  [debug]   iframe[1]: src=http://127.0.0.1:41898/extensions/ComfyUI-GaussianPack/viewer_gaussian_sharp.htm, canvas=1416x960, rafFrozen=True
  [timing] trigger_3d_previews: 0.0s
  Saved high-quality screenshot: vanilla_vs_image_depth_gaussians_executed.png
  [timing] final_screenshot: 0.3s
    Captured 7 video frames