[   2s] CDP targets: 1
[   2s]   page: file:///C:/Users/runneradmin/.comfy-test-cache/desktop/ComfyUI/resources/desktop-ui/index.html#/not-supported | ComfyUI
[   3s] Main page: file:///C:/Users/runneradmin/.comfy-test-cache/desktop/ComfyUI/resources/desktop-ui/index.html#/not-supported | ComfyUI
[   3s] Buttons: ['Learn More', 'Report Issue', 'Continue']
[   3s]   wizard: COMFY_TEST_GPU=0 platform=win32 preferred=['CPU']
[   6s]   clicked [BTN|Continue]
[   9s]   url: file:///C:/Users/runneradmin/.comfy-test-cache/desktop/ComfyUI/resources/desktop-ui/index.html#/not-supported -> file:///C:/Users/runneradmin/.comfy-test-cache/desktop/ComfyUI/resources/desktop-ui/index.html#/install
[  10s]   clicked [TILE|CPU]
[  14s]   clicked [BTN|Next]
[  20s]   clicked [BTN|Next]
[  24s]   clicked [BTN|Install]
[  28s]   url: file:///C:/Users/runneradmin/.comfy-test-cache/desktop/ComfyUI/resources/desktop-ui/index.html#/install -> file:///C:/Users/runneradmin/.comfy-test-cache/desktop/ComfyUI/resources/desktop-ui/index.html#/server-start
[ 133s]   /system_stats up after 129s
[ 133s]   app: waiting for backend stability (continuous /system_stats up for 30s)
[ 133s]   app: /system_stats up; awaiting 30s of stability
[ 164s]   app: backend stable for 30s; proceeding
[ 164s]   capturing canvas load...
[ 172s]   post: waiting for Cloud upsell
[ 205s]   post: Cloud upsell not found, skipping
[ 205s]   post: pressed Escape (Cloud upsell fallback)
[ 207s]   post: waiting for Close Templates
[ 219s]   post: Close Templates not found, skipping
[ 219s]   post: pressed Escape (Close Templates fallback)
[ 221s]   post: waiting for Extensions
[ 222s]   post: clicked Extensions via [button[aria-label="Extensions"]:visible]
[ 224s]   ext: node meta = display='Sharp' publisher='pznodes' version='0.1.11'
[ 228s]   ext: searching "Sharp"
[ 231s]   ext: clicking Sharp by pznodes tile
[ 234s]   ext: scrolling to + opening version selector
[ 238s]   ext: selected 0.1.11
[ 239s]   ext: clicking right-panel Install
[ 241s]   ext: clicked Install (last of 8 visible)
[ 249s]   ext: waiting for "Apply Changes" toast
[ 249s]   ext: clicked Apply Changes
[ 254s]   app: Apply Changes already triggered in-app restart, skipping pkill
[ 260s]   app: relaunching with CDP
[ 260s]   app: waiting for CDP
[ 261s]   app: CDP up after 1s
[ 261s]   app: reconnecting Playwright
[ 261s]   app: attached to http://127.0.0.1:8000/
[ 552s]   app: server ready after 71s
[ 552s]   app: waiting for main canvas (window.app.graph)
[ 552s]   app: canvas ready after 1s (http://127.0.0.1:8000/)
[ 557s]   app: forcing renderer reload to refresh node-pack manifest
[ 560s]   app: canvas re-ready after reload in 2s
[ 563s]   ext: closing Nodes Manager dialog
[ 563s]   ext: dismissing What's New popup
[ 563s]   ext: closed What's New popup
[ 565s]   ext: dismissing Node Pack Issues modal (if present)
[ 566s]   ext: closed Node Pack Issues modal
[ 568s]   ext: opening Templates sidebar
[ 569s]   ext: clicked Templates
[ 573s]   ext: locating "comfyui-sharp" section in Templates panel
[ 574s]   ext: clicked comfyui-sharp section
[ 577s]   ext: fetching comfy-test.toml from https://raw.githubusercontent.com/PozzettiAndrea/ComfyUI-Sharp/main/comfy-test.toml
[ 577s]   ext: cpu spec = exclude ['pano']
[ 577s]   ext: picking first matching comfyui-sharp template
[ 577s]   ext: 3 visible cards
[ 577s]   ext: skipping pano (not in CPU list)
[ 581s]   ext: clicked template sharp_basic
[ 586s]   ext: installing WS execution listener
[ 586s]   ext: clicking Run
[ 587s]   ext: clicked Run
[ 587s]   ext: waiting for execution_success / execution_error
[ 941s]   ext: WS events=108 elapsed=353s
[ 941s]     ws: {'type': 'progress_state', 'ts': 1778491893207}
[ 941s]     ws: {'type': 'progress', 'ts': 1778491893208}
[ 941s]     ws: {'type': 'progress_state', 'ts': 1778491893265}
[ 941s]     ws: {'type': 'progress', 'ts': 1778491893265}
[ 941s]     ws: {'type': 'progress_state', 'ts': 1778491893291}
[ 941s]     ws: {'type': 'progress_state', 'ts': 1778491893293}
[ 941s]     ws: {'type': 'executing', 'ts': 1778491893294}
[ 941s]     ws: {'type': 'progress_state', 'ts': 1778492158006}
[ 941s]     ws: {'type': 'progress', 'ts': 1778492158007}
[ 941s]     ws: {'type': 'progress_state', 'ts': 1778492158104}
[ 941s]     ws: {'type': 'progress_state', 'ts': 1778492158146}
[ 941s]     ws: {'type': 'executing', 'ts': 1778492158147}
[ 941s]     ws: {'type': 'executed', 'ts': 1778492199229}
[ 941s]     ws: {'type': 'progress_state', 'ts': 1778492199847}
[ 941s]     ws: {'type': 'execution_success', 'ts': 1778492199851}
[ 941s]   ext: execution_success after 353s
[ 955s]   ext: fetching comfy-test.toml from https://raw.githubusercontent.com/PozzettiAndrea/ComfyUI-Sharp/main/comfy-test.toml
[ 955s]   ext: cpu spec = exclude ['pano']
[ 955s]   loop: workflows/ from $COMFY_TEST_WORKFLOWS -> ['pano', 'sharp_basic', 'sharp_exif']
[ 955s]   loop: spec=exclude items=['pano'] -> 2 workflow(s) ['sharp_basic', 'sharp_exif']
[ 955s]   loop: matching=2 first_ran='sharp_basic' remaining=1 -> ['sharp_exif']
[ 955s]   loop: full restart for workflow 2/2 (sharp_exif)
[ 955s]   loop: closing current browser
[ 955s]   loop: killing ComfyUI process
[ 961s]   loop: launching ComfyUI with --remote-debugging-port=0
[ 961s]   loop: waiting for DevToolsActivePort at C:\Users\runneradmin\AppData\Roaming\ComfyUI\DevToolsActivePort
[ 965s]   loop: DevToolsActivePort -> 51267 after 5s
[ 965s]   loop: reconnecting Playwright on port 51267
[ 967s]   loop: attached to file:///C:/Users/runneradmin/.comfy-test-cache/desktop/ComfyUI/resources/desktop-ui/index.html#/desktop-start
[ 967s]   loop: server ready after 1s
[1033s]   loop: canvas ready after 59s
[1033s]   loop: forcing renderer reload
[1037s]   loop: canvas ready after 3s
[1040s]   ext: closing Nodes Manager dialog
[1040s]   ext: dismissing What's New popup
[1040s]   ext: What's New popup not present
[1040s]   ext: dismissing Node Pack Issues modal (if present)
[1040s]   ext: Node Pack Issues modal not present
[1040s]   ext: opening Templates sidebar
[1041s]   ext: clicked Templates
[1045s]   ext: locating "comfyui-sharp" section in Templates panel
[1047s]   ext: clicked comfyui-sharp section
[1049s]   ext: clicking template sharp_exif
[1051s]   ext: clicked template sharp_exif
[1056s]   ext: installing WS execution listener
[1056s]   ext: clicking Run
[1057s]   ext: clicked Run
[1057s]   ext: waiting for execution_success / execution_error
[1387s]   ext: WS events=22 elapsed=330s
[1387s]     ws: {'type': 'progress_state', 'ts': 1778492324985}
[1387s]     ws: {'type': 'executing', 'ts': 1778492324997}
[1387s]     ws: {'type': 'progress_state', 'ts': 1778492326176}
[1387s]     ws: {'type': 'progress_state', 'ts': 1778492326178}
[1387s]     ws: {'type': 'executing', 'ts': 1778492326179}
[1387s]     ws: {'type': 'progress_state', 'ts': 1778492617144}
[1387s]     ws: {'type': 'progress', 'ts': 1778492618326}
[1387s]     ws: {'type': 'progress_state', 'ts': 1778492618343}
[1387s]     ws: {'type': 'progress_state', 'ts': 1778492618347}
[1387s]     ws: {'type': 'executing', 'ts': 1778492618347}
[1387s]     ws: {'type': 'executed', 'ts': 1778492642901}
[1387s]     ws: {'type': 'progress_state', 'ts': 1778492642903}
[1387s]     ws: {'type': 'execution_success', 'ts': 1778492644098}
[1387s]     ws: {'type': 'status', 'ts': 1778492644100}
[1387s]     ws: {'type': 'executing', 'ts': 1778492644100}
[1387s]   ext: execution_success after 330s
[1470s]   frame: capture failed: Page.screenshot: Timeout 30000ms exceeded.
Call log:
  - taking page screenshot

[1504s]   snap final: Page.screenshot: Timeout 30000ms exceeded.
Call log:
  - taking page screenshot

[1504s] Captured 1540 frames
[1508s] Wrote D:\a\comfy-gpu-ci\comfy-gpu-ci\comfy-test-logs\Sharp-0919\dev\windows-desktop\results.json (2 workflow(s), sha=0b5d7f334f2c)
ffmpeg version 7.1-essentials_build-www.gyan.dev Copyright (c) 2000-2024 the FFmpeg developers
  built with gcc 14.2.0 (Rev1, Built by MSYS2 project)
  configuration: --enable-gpl --enable-version3 --enable-static --disable-w32threads --disable-autodetect --enable-fontconfig --enable-iconv --enable-gnutls --enable-libxml2 --enable-gmp --enable-bzlib --enable-lzma --enable-zlib --enable-libsrt --enable-libssh --enable-libzmq --enable-avisynth --enable-sdl2 --enable-libwebp --enable-libx264 --enable-libx265 --enable-libxvid --enable-libaom --enable-libopenjpeg --enable-libvpx --enable-mediafoundation --enable-libass --enable-libfreetype --enable-libfribidi --enable-libharfbuzz --enable-libvidstab --enable-libvmaf --enable-libzimg --enable-amf --enable-cuda-llvm --enable-cuvid --enable-dxva2 --enable-d3d11va --enable-d3d12va --enable-ffnvcodec --enable-libvpl --enable-nvdec --enable-nvenc --enable-vaapi --enable-libgme --enable-libopenmpt --enable-libopencore-amrwb --enable-libmp3lame --enable-libtheora --enable-libvo-amrwbenc --enable-libgsm --enable-libopencore-amrnb --enable-libopus --enable-libspeex --enable-libvorbis --enable-librubberband
  libavutil      59. 39.100 / 59. 39.100
  libavcodec     61. 19.100 / 61. 19.100
  libavformat    61.  7.100 / 61.  7.100
  libavdevice    61.  3.100 / 61.  3.100
  libavfilter    10.  4.100 / 10.  4.100
  libswscale      8.  3.100 /  8.  3.100
  libswresample   5.  3.100 /  5.  3.100
  libpostproc    58.  3.100 / 58.  3.100
Input #0, image2, from 'D:\a\comfy-gpu-ci\comfy-gpu-ci\comfy-test-logs\Sharp-0919\dev\windows-desktop\debug\electron_inspect\frames\frame_%06d.png':
  Duration: 00:05:07.80, start: 0.000000, bitrate: N/A
  Stream #0:0: Video: png, rgb24(pc, gbr/bt709/iec61966-2-1), 1008x681, 5 fps, 5 tbr, 5 tbn
Stream mapping:
  Stream #0:0 -> #0:0 (png (native) -> h264 (libx264))
Press [q] to stop, [?] for help
[libx264 @ 0000022159955a40] using cpu capabilities: MMX2 SSE2Fast SSSE3 SSE4.2 AVX FMA3 BMI2 AVX2
[libx264 @ 0000022159955a40] profile High, level 3.1, 4:2:0, 8-bit
[libx264 @ 0000022159955a40] 264 - core 164 r3192 c24e06c - H.264/MPEG-4 AVC codec - Copyleft 2003-2024 - http://www.videolan.org/x264.html - options: cabac=1 ref=3 deblock=1:0:0 analyse=0x3:0x113 me=hex subme=7 psy=1 psy_rd=1.00:0.00 mixed_ref=1 me_range=16 chroma_me=1 trellis=1 8x8dct=1 cqm=0 deadzone=21,11 fast_pskip=1 chroma_qp_offset=-2 threads=6 lookahead_threads=1 sliced_threads=0 nr=0 decimate=1 interlaced=0 bluray_compat=0 constrained_intra=0 bframes=3 b_pyramid=2 b_adapt=1 b_bias=0 direct=1 weightb=1 open_gop=0 weightp=2 keyint=250 keyint_min=5 scenecut=40 intra_refresh=0 rc_lookahead=40 rc=crf mbtree=1 crf=23.0 qcomp=0.60 qpmin=0 qpmax=69 qpstep=4 ip_ratio=1.40 aq=1:1.00
Output #0, mp4, to 'D:\a\comfy-gpu-ci\comfy-gpu-ci\comfy-test-logs\Sharp-0919\dev\windows-desktop\debug\electron_inspect\driver.mp4':
  Metadata:
    encoder         : Lavf61.7.100
  Stream #0:0: Video: h264 (avc1 / 0x31637661), yuv420p(tv, unknown/bt709/iec61966-2-1, progressive), 1008x682, q=2-31, 5 fps, 10240 tbn
      Metadata:
        encoder         : Lavc61.19.100 libx264
      Side data:
        cpb: bitrate max/min/avg: 0/0/0 buffer size: 0 vbv_delay: N/A
frame=    0 fps=0.0 q=0.0 size=       0KiB time=N/A bitrate=N/A speed=N/A    
frame=    0 fps=0.0 q=0.0 size=       0KiB time=N/A bitrate=N/A speed=N/A    
frame=    0 fps=0.0 q=0.0 size=       0KiB time=N/A bitrate=N/A speed=N/A    
frame=    0 fps=0.0 q=0.0 size=       0KiB time=N/A bitrate=N/A speed=N/A    
frame=    0 fps=0.0 q=0.0 size=       0KiB time=N/A bitrate=N/A speed=N/A    
frame=    0 fps=0.0 q=0.0 size=       0KiB time=N/A bitrate=N/A speed=N/A    
frame=    0 fps=0.0 q=0.0 size=       0KiB time=N/A bitrate=N/A speed=N/A    
[vf#0:0 @ 00000221599ae1c0] Reconfiguring filter graph because video parameters changed to rgba(pc, gbr), 1008x681
frame=    0 fps=0.0 q=0.0 size=       0KiB time=N/A bitrate=N/A speed=N/A    
frame=    2 fps=0.4 q=23.0 size=       0KiB time=00:00:00.00 bitrate=N/A speed=   0x    
frame=    7 fps=1.1 q=23.0 size=       0KiB time=00:00:01.00 bitrate=   0.4kbits/s speed=0.159x    
frame=   11 fps=1.6 q=23.0 size=       0KiB time=00:00:01.80 bitrate=   0.2kbits/s speed=0.264x    
frame=   15 fps=2.0 q=23.0 size=       0KiB time=00:00:02.60 bitrate=   0.1kbits/s speed=0.355x    
frame=   24 fps=2.9 q=23.0 size=       0KiB time=00:00:04.40 bitrate=   0.1kbits/s speed=0.523x    
frame=   28 fps=3.0 q=23.0 size=       0KiB time=00:00:05.20 bitrate=   0.1kbits/s speed=0.564x    
frame=   33 fps=3.3 q=23.0 size=       0KiB time=00:00:06.20 bitrate=   0.1kbits/s speed=0.616x    
frame=   40 fps=3.6 q=23.0 size=       0KiB time=00:00:07.60 bitrate=   0.1kbits/s speed=0.678x    
frame=   46 fps=3.9 q=23.0 size=       0KiB time=00:00:08.80 bitrate=   0.0kbits/s speed=0.749x    
frame=   53 fps=4.3 q=23.0 size=     256KiB time=00:00:10.20 bitrate= 205.6kbits/s speed=0.831x    
[vf#0:0 @ 00000221599ae1c0] Reconfiguring filter graph because video parameters changed to rgb24(pc, gbr), 1008x681
frame=   61 fps=4.7 q=23.0 size=     256KiB time=00:00:11.80 bitrate= 177.8kbits/s speed=0.917x    
frame=   70 fps=5.0 q=23.0 size=     256KiB time=00:00:13.60 bitrate= 154.2kbits/s speed=0.976x    
frame=   76 fps=5.2 q=23.0 size=     256KiB time=00:00:14.80 bitrate= 141.7kbits/s speed=1.01x    
frame=   84 fps=5.4 q=23.0 size=     256KiB time=00:00:16.40 bitrate= 127.9kbits/s speed=1.06x    
frame=   92 fps=5.7 q=23.0 size=     256KiB time=00:00:18.00 bitrate= 116.5kbits/s speed=1.11x    
frame=  100 fps=5.9 q=23.0 size=     256KiB time=00:00:19.60 bitrate= 107.0kbits/s speed=1.15x    
frame=  104 fps=5.9 q=23.0 size=     256KiB time=00:00:20.40 bitrate= 102.8kbits/s speed=1.16x    
frame=  112 fps=6.1 q=23.0 size=     256KiB time=00:00:22.00 bitrate=  95.3kbits/s speed= 1.2x    
frame=  115 fps=6.1 q=20.0 size=     256KiB time=00:00:22.60 bitrate=  92.8kbits/s speed= 1.2x    
frame=  119 fps=6.1 q=23.0 size=     256KiB time=00:00:23.40 bitrate=  89.6kbits/s speed=1.21x    
frame=  125 fps=6.2 q=23.0 size=     256KiB time=00:00:24.60 bitrate=  85.3kbits/s speed=1.23x    
frame=  131 fps=6.4 q=23.0 size=     256KiB time=00:00:25.80 bitrate=  81.3kbits/s speed=1.25x    
frame=  136 fps=6.4 q=20.0 size=     256KiB time=00:00:26.80 bitrate=  78.3kbits/s speed=1.27x    
frame=  141 fps=6.5 q=23.0 size=     256KiB time=00:00:27.80 bitrate=  75.5kbits/s speed=1.27x    
frame=  150 fps=6.6 q=23.0 size=     512KiB time=00:00:29.60 bitrate= 141.7kbits/s speed= 1.3x    
frame=  154 fps=6.6 q=23.0 size=     512KiB time=00:00:30.40 bitrate= 138.0kbits/s speed= 1.3x    
frame=  158 fps=6.6 q=23.0 size=     512KiB time=00:00:31.20 bitrate= 134.4kbits/s speed=1.31x    
frame=  163 fps=6.6 q=23.0 size=     512KiB time=00:00:32.20 bitrate= 130.3kbits/s speed=1.31x    
frame=  170 fps=6.6 q=23.0 size=     512KiB time=00:00:33.60 bitrate= 124.8kbits/s speed=1.31x    
frame=  175 fps=6.6 q=23.0 size=     512KiB time=00:00:34.60 bitrate= 121.2kbits/s speed= 1.3x    
frame=  179 fps=6.6 q=23.0 size=     512KiB time=00:00:35.40 bitrate= 118.5kbits/s speed= 1.3x    
frame=  185 fps=6.6 q=23.0 size=     512KiB time=00:00:36.60 bitrate= 114.6kbits/s speed= 1.3x    
frame=  192 fps=6.6 q=23.0 size=     512KiB time=00:00:38.00 bitrate= 110.4kbits/s speed=1.31x    
frame=  197 fps=6.7 q=23.0 size=     512KiB time=00:00:39.00 bitrate= 107.6kbits/s speed=1.32x    
frame=  203 fps=6.6 q=23.0 size=     512KiB time=00:00:40.20 bitrate= 104.3kbits/s speed=1.31x    
frame=  211 fps=6.7 q=23.0 size=     512KiB time=00:00:41.80 bitrate= 100.4kbits/s speed=1.32x    
frame=  216 fps=6.7 q=23.0 size=     512KiB time=00:00:42.80 bitrate=  98.0kbits/s speed=1.33x    
frame=  222 fps=6.8 q=23.0 size=     512KiB time=00:00:44.00 bitrate=  95.3kbits/s speed=1.34x    
frame=  236 fps=6.9 q=23.0 size=     512KiB time=00:00:46.80 bitrate=  89.6kbits/s speed=1.36x    
frame=  241 fps=6.9 q=23.0 size=     512KiB time=00:00:47.80 bitrate=  87.8kbits/s speed=1.37x    
frame=  249 fps=6.9 q=23.0 size=     512KiB time=00:00:49.40 bitrate=  84.9kbits/s speed=1.37x    
frame=  258 fps=7.0 q=23.0 size=     512KiB time=00:00:51.20 bitrate=  81.9kbits/s speed=1.38x    
frame=  274 fps=7.1 q=23.0 size=     512KiB time=00:00:54.40 bitrate=  77.1kbits/s speed=1.41x    
frame=  277 fps=7.1 q=23.0 size=     512KiB time=00:00:55.00 bitrate=  76.3kbits/s speed=1.41x    
frame=  283 fps=7.0 q=23.0 size=     512KiB time=00:00:56.20 bitrate=  74.6kbits/s speed= 1.4x    
[vf#0:0 @ 00000221599ae1c0] Reconfiguring filter graph because video parameters changed to rgba(pc, gbr), 1008x681
frame=  295 fps=7.2 q=23.0 size=     512KiB time=00:00:58.60 bitrate=  71.6kbits/s speed=1.43x    
frame=  296 fps=7.1 q=23.0 size=     512KiB time=00:00:58.80 bitrate=  71.3kbits/s speed= 1.4x    
[vf#0:0 @ 00000221599ae1c0] Reconfiguring filter graph because video parameters changed to rgb24(pc, gbr), 1008x681
frame=  303 fps=7.0 q=23.0 size=     512KiB time=00:01:00.20 bitrate=  69.7kbits/s speed= 1.4x    
frame=  307 fps=7.0 q=23.0 size=     512KiB time=00:01:01.00 bitrate=  68.8kbits/s speed=1.39x    
frame=  311 fps=7.0 q=23.0 size=     512KiB time=00:01:01.80 bitrate=  67.9kbits/s speed=1.39x    
[vf#0:0 @ 00000221599ae1c0] Reconfiguring filter graph because video parameters changed to rgba(pc, gbr), 1008x681
frame=  315 fps=7.0 q=23.0 size=     512KiB time=00:01:02.60 bitrate=  67.0kbits/s speed=1.39x    
frame=  326 fps=7.1 q=23.0 size=     512KiB time=00:01:04.80 bitrate=  64.7kbits/s speed=1.41x    
frame=  330 fps=7.1 q=23.0 size=     512KiB time=00:01:05.60 bitrate=  63.9kbits/s speed=1.41x    
frame=  335 fps=7.1 q=23.0 size=     512KiB time=00:01:06.60 bitrate=  63.0kbits/s speed=1.41x    
frame=  340 fps=7.1 q=23.0 size=     768KiB time=00:01:07.60 bitrate=  93.1kbits/s speed=1.41x    
frame=  340 fps=7.0 q=23.0 size=     768KiB time=00:01:07.60 bitrate=  93.1kbits/s speed=1.39x    
frame=  348 fps=7.0 q=23.0 size=     768KiB time=00:01:09.20 bitrate=  90.9kbits/s speed= 1.4x    
frame=  349 fps=7.0 q=23.0 size=     768KiB time=00:01:09.40 bitrate=  90.7kbits/s speed=1.39x    
frame=  355 fps=7.0 q=23.0 size=     768KiB time=00:01:10.60 bitrate=  89.1kbits/s speed=1.39x    
frame=  355 fps=6.9 q=23.0 size=     768KiB time=00:01:10.60 bitrate=  89.1kbits/s speed=1.38x    
frame=  361 fps=6.8 q=23.0 size=     768KiB time=00:01:11.80 bitrate=  87.6kbits/s speed=1.35x    
frame=  363 fps=6.8 q=23.0 size=     768KiB time=00:01:12.20 bitrate=  87.1kbits/s speed=1.35x    
frame=  368 fps=6.8 q=23.0 size=    1024KiB time=00:01:13.20 bitrate= 114.6kbits/s speed=1.35x    
frame=  379 fps=6.8 q=23.0 size=    1024KiB time=00:01:15.40 bitrate= 111.3kbits/s speed=1.35x    
frame=  384 fps=6.8 q=23.0 size=    1024KiB time=00:01:16.40 bitrate= 109.8kbits/s speed=1.36x    
frame=  395 fps=6.9 q=23.0 size=    1024KiB time=00:01:18.60 bitrate= 106.7kbits/s speed=1.36x    
frame=  400 fps=6.9 q=23.0 size=    1024KiB time=00:01:19.60 bitrate= 105.4kbits/s speed=1.36x    
frame=  406 fps=6.9 q=23.0 size=    1024KiB time=00:01:20.80 bitrate= 103.8kbits/s speed=1.37x    
frame=  412 fps=6.9 q=23.0 size=    1024KiB time=00:01:22.00 bitrate= 102.3kbits/s speed=1.36x    
frame=  419 fps=6.8 q=23.0 size=    1024KiB time=00:01:23.40 bitrate= 100.6kbits/s speed=1.36x    
frame=  435 fps=7.0 q=23.0 size=    1024KiB time=00:01:26.60 bitrate=  96.9kbits/s speed=1.39x    
frame=  441 fps=6.9 q=23.0 size=    1024KiB time=00:01:27.80 bitrate=  95.5kbits/s speed=1.38x    
frame=  449 fps=7.0 q=23.0 size=    1024KiB time=00:01:29.40 bitrate=  93.8kbits/s speed=1.39x    
frame=  456 fps=7.0 q=23.0 size=    1024KiB time=00:01:30.80 bitrate=  92.4kbits/s speed=1.39x    
frame=  461 fps=7.0 q=23.0 size=    1024KiB time=00:01:31.80 bitrate=  91.4kbits/s speed=1.39x    
frame=  472 fps=7.0 q=23.0 size=    1024KiB time=00:01:34.00 bitrate=  89.2kbits/s speed= 1.4x    
frame=  479 fps=7.0 q=23.0 size=    1024KiB time=00:01:35.40 bitrate=  87.9kbits/s speed= 1.4x    
frame=  483 fps=7.0 q=23.0 size=    1024KiB time=00:01:36.20 bitrate=  87.2kbits/s speed= 1.4x    
frame=  488 fps=7.0 q=23.0 size=    1024KiB time=00:01:37.20 bitrate=  86.3kbits/s speed= 1.4x    
frame=  491 fps=7.0 q=23.0 size=    1024KiB time=00:01:37.80 bitrate=  85.8kbits/s speed= 1.4x    
frame=  501 fps=7.1 q=23.0 size=    1024KiB time=00:01:39.80 bitrate=  84.1kbits/s speed=1.41x    
frame=  507 fps=7.1 q=23.0 size=    1024KiB time=00:01:41.00 bitrate=  83.1kbits/s speed= 1.4x    
frame=  513 fps=7.1 q=23.0 size=    1024KiB time=00:01:42.20 bitrate=  82.1kbits/s speed=1.41x    
frame=  521 fps=7.1 q=23.0 size=    1024KiB time=00:01:43.80 bitrate=  80.8kbits/s speed=1.41x    
frame=  523 fps=7.1 q=23.0 size=    1024KiB time=00:01:44.20 bitrate=  80.5kbits/s speed=1.41x    
frame=  529 fps=7.1 q=23.0 size=    1024KiB time=00:01:45.40 bitrate=  79.6kbits/s speed=1.41x    
frame=  536 fps=7.1 q=23.0 size=    1024KiB time=00:01:46.80 bitrate=  78.5kbits/s speed=1.41x    
frame=  543 fps=7.1 q=23.0 size=    1024KiB time=00:01:48.20 bitrate=  77.5kbits/s speed=1.41x    
frame=  551 fps=7.1 q=23.0 size=    1024KiB time=00:01:49.80 bitrate=  76.4kbits/s speed=1.41x    
frame=  557 fps=7.1 q=23.0 size=    1024KiB time=00:01:51.00 bitrate=  75.6kbits/s speed=1.42x    
frame=  569 fps=7.2 q=23.0 size=    1024KiB time=00:01:53.40 bitrate=  74.0kbits/s speed=1.43x    
frame=  575 fps=7.2 q=23.0 size=    1024KiB time=00:01:54.60 bitrate=  73.2kbits/s speed=1.43x    
frame=  581 fps=7.2 q=23.0 size=    1024KiB time=00:01:55.80 bitrate=  72.4kbits/s speed=1.44x    
frame=  588 fps=7.2 q=23.0 size=    1024KiB time=00:01:57.20 bitrate=  71.6kbits/s speed=1.44x    
frame=  595 fps=7.2 q=23.0 size=    1024KiB time=00:01:58.60 bitrate=  70.7kbits/s speed=1.44x    
frame=  601 fps=7.2 q=23.0 size=    1024KiB time=00:01:59.80 bitrate=  70.0kbits/s speed=1.44x    
frame=  608 fps=7.3 q=23.0 size=    1024KiB time=00:02:01.20 bitrate=  69.2kbits/s speed=1.45x    
frame=  617 fps=7.3 q=23.0 size=    1024KiB time=00:02:03.00 bitrate=  68.2kbits/s speed=1.45x    
frame=  619 fps=7.2 q=20.0 size=    1024KiB time=00:02:03.40 bitrate=  68.0kbits/s speed=1.44x    
frame=  623 fps=7.2 q=23.0 size=    1024KiB time=00:02:04.20 bitrate=  67.5kbits/s speed=1.44x    
frame=  633 fps=7.3 q=23.0 size=    1024KiB time=00:02:06.20 bitrate=  66.5kbits/s speed=1.45x    
frame=  639 fps=7.3 q=23.0 size=    1024KiB time=00:02:07.40 bitrate=  65.8kbits/s speed=1.45x    
frame=  647 fps=7.3 q=23.0 size=    1024KiB time=00:02:09.00 bitrate=  65.0kbits/s speed=1.45x    
frame=  653 fps=7.3 q=23.0 size=    1024KiB time=00:02:10.20 bitrate=  64.4kbits/s speed=1.45x    
frame=  661 fps=7.3 q=23.0 size=    1024KiB time=00:02:11.80 bitrate=  63.6kbits/s speed=1.45x    
frame=  669 fps=7.3 q=23.0 size=    1024KiB time=00:02:13.40 bitrate=  62.9kbits/s speed=1.46x    
frame=  675 fps=7.3 q=23.0 size=    1024KiB time=00:02:14.60 bitrate=  62.3kbits/s speed=1.45x    
frame=  683 fps=7.3 q=23.0 size=    1024KiB time=00:02:16.20 bitrate=  61.6kbits/s speed=1.45x    
frame=  689 fps=7.3 q=23.0 size=    1024KiB time=00:02:17.40 bitrate=  61.1kbits/s speed=1.45x    
frame=  701 fps=7.3 q=23.0 size=    1024KiB time=00:02:19.80 bitrate=  60.0kbits/s speed=1.46x    
frame=  709 fps=7.4 q=23.0 size=    1024KiB time=00:02:21.40 bitrate=  59.3kbits/s speed=1.47x    
frame=  715 fps=7.4 q=23.0 size=    1024KiB time=00:02:22.60 bitrate=  58.8kbits/s speed=1.47x    
frame=  719 fps=7.4 q=23.0 size=    1024KiB time=00:02:23.40 bitrate=  58.5kbits/s speed=1.47x    
frame=  727 fps=7.4 q=23.0 size=    1024KiB time=00:02:25.00 bitrate=  57.9kbits/s speed=1.47x    
frame=  737 fps=7.4 q=23.0 size=    1024KiB time=00:02:27.00 bitrate=  57.1kbits/s speed=1.47x    
frame=  743 fps=7.4 q=23.0 size=    1024KiB time=00:02:28.20 bitrate=  56.6kbits/s speed=1.47x    
frame=  749 fps=7.4 q=23.0 size=    1024KiB time=00:02:29.40 bitrate=  56.2kbits/s speed=1.47x    
frame=  749 fps=7.3 q=23.0 size=    1024KiB time=00:02:29.40 bitrate=  56.2kbits/s speed=1.46x    
frame=  757 fps=7.3 q=23.0 size=    1024KiB time=00:02:30.60 bitrate=  55.7kbits/s speed=1.46x    
frame=  762 fps=7.4 q=23.0 size=    1024KiB time=00:02:32.00 bitrate=  55.2kbits/s speed=1.47x    
frame=  774 fps=7.4 q=23.0 size=    1024KiB time=00:02:34.40 bitrate=  54.3kbits/s speed=1.47x    
frame=  782 fps=7.4 q=23.0 size=    1024KiB time=00:02:36.00 bitrate=  53.8kbits/s speed=1.47x    
frame=  787 fps=7.4 q=23.0 size=    1024KiB time=00:02:37.00 bitrate=  53.4kbits/s speed=1.47x    
frame=  793 fps=7.4 q=23.0 size=    1024KiB time=00:02:38.20 bitrate=  53.0kbits/s speed=1.47x    
frame=  801 fps=7.4 q=23.0 size=    1024KiB time=00:02:39.80 bitrate=  52.5kbits/s speed=1.47x    
frame=  806 fps=7.4 q=23.0 size=    1024KiB time=00:02:40.80 bitrate=  52.2kbits/s speed=1.47x    
frame=  813 fps=7.4 q=23.0 size=    1024KiB time=00:02:42.20 bitrate=  51.7kbits/s speed=1.47x    
frame=  818 fps=7.4 q=23.0 size=    1024KiB time=00:02:43.20 bitrate=  51.4kbits/s speed=1.47x    
frame=  828 fps=7.4 q=23.0 size=    1024KiB time=00:02:45.20 bitrate=  50.8kbits/s speed=1.48x    
frame=  833 fps=7.4 q=23.0 size=    1024KiB time=00:02:46.20 bitrate=  50.5kbits/s speed=1.48x    
frame=  840 fps=7.4 q=23.0 size=    1024KiB time=00:02:47.60 bitrate=  50.1kbits/s speed=1.48x    
frame=  846 fps=7.4 q=23.0 size=    1024KiB time=00:02:48.80 bitrate=  49.7kbits/s speed=1.48x    
frame=  854 fps=7.4 q=23.0 size=    1024KiB time=00:02:50.40 bitrate=  49.2kbits/s speed=1.48x    
frame=  865 fps=7.4 q=23.0 size=    1024KiB time=00:02:52.60 bitrate=  48.6kbits/s speed=1.48x    
frame=  869 fps=7.4 q=20.0 size=    1024KiB time=00:02:53.40 bitrate=  48.4kbits/s speed=1.48x    
frame=  873 fps=7.4 q=23.0 size=    1024KiB time=00:02:54.20 bitrate=  48.2kbits/s speed=1.48x    
[vf#0:0 @ 00000221599ae1c0] Reconfiguring filter graph because video parameters changed to rgb24(pc, gbr), 1008x681
frame=  879 fps=7.5 q=23.0 size=    1280KiB time=00:02:55.40 bitrate=  59.8kbits/s speed=1.49x    
frame=  887 fps=7.4 q=23.0 size=    1280KiB time=00:02:57.00 bitrate=  59.2kbits/s speed=1.48x    
frame=  895 fps=7.5 q=23.0 size=    1280KiB time=00:02:58.60 bitrate=  58.7kbits/s speed=1.49x    
frame=  901 fps=7.5 q=23.0 size=    1280KiB time=00:02:59.80 bitrate=  58.3kbits/s speed=1.49x    
frame=  911 fps=7.5 q=23.0 size=    1280KiB time=00:03:01.80 bitrate=  57.7kbits/s speed= 1.5x    
frame=  917 fps=7.5 q=23.0 size=    1280KiB time=00:03:03.00 bitrate=  57.3kbits/s speed= 1.5x    
frame=  927 fps=7.5 q=23.0 size=    1280KiB time=00:03:05.00 bitrate=  56.7kbits/s speed= 1.5x    
frame=  938 fps=7.5 q=23.0 size=    1280KiB time=00:03:07.20 bitrate=  56.0kbits/s speed= 1.5x    
frame=  940 fps=7.5 q=23.0 size=    1280KiB time=00:03:07.60 bitrate=  55.9kbits/s speed= 1.5x    
frame=  943 fps=7.5 q=23.0 size=    1280KiB time=00:03:08.20 bitrate=  55.7kbits/s speed= 1.5x    
frame=  946 fps=7.5 q=23.0 size=    1280KiB time=00:03:08.80 bitrate=  55.5kbits/s speed=1.49x    
[vf#0:0 @ 00000221599ae1c0] Reconfiguring filter graph because video parameters changed to rgba(pc, gbr), 1008x681
frame=  951 fps=7.5 q=23.0 size=    1280KiB time=00:03:09.80 bitrate=  55.2kbits/s speed=1.49x    
frame=  958 fps=7.5 q=23.0 size=    1280KiB time=00:03:11.20 bitrate=  54.8kbits/s speed= 1.5x    
[vf#0:0 @ 00000221599ae1c0] Reconfiguring filter graph because video parameters changed to rgb24(pc, gbr), 1008x681
[vf#0:0 @ 00000221599ae1c0] Reconfiguring filter graph because video parameters changed to rgba(pc, gbr), 1008x681
frame=  971 fps=7.5 q=23.0 size=    1280KiB time=00:03:13.80 bitrate=  54.1kbits/s speed= 1.5x    
frame=  972 fps=7.5 q=23.0 size=    1280KiB time=00:03:14.00 bitrate=  54.1kbits/s speed= 1.5x    
frame=  976 fps=7.5 q=23.0 size=    1280KiB time=00:03:14.80 bitrate=  53.8kbits/s speed= 1.5x    
frame=  979 fps=7.5 q=23.0 size=    1280KiB time=00:03:15.40 bitrate=  53.7kbits/s speed= 1.5x    
frame=  983 fps=7.5 q=23.0 size=    1280KiB time=00:03:16.20 bitrate=  53.4kbits/s speed=1.49x    
frame=  985 fps=7.5 q=20.0 size=    1280KiB time=00:03:16.60 bitrate=  53.3kbits/s speed=1.49x    
frame=  993 fps=7.5 q=23.0 size=    1280KiB time=00:03:18.20 bitrate=  52.9kbits/s speed=1.49x    
frame=  999 fps=7.5 q=23.0 size=    1536KiB time=00:03:19.40 bitrate=  63.1kbits/s speed=1.49x    
frame= 1005 fps=7.5 q=23.0 size=    1536KiB time=00:03:20.60 bitrate=  62.7kbits/s speed=1.49x    
frame= 1008 fps=7.4 q=23.0 size=    1536KiB time=00:03:21.20 bitrate=  62.5kbits/s speed=1.49x    
frame= 1008 fps=7.4 q=23.0 size=    1536KiB time=00:03:21.20 bitrate=  62.5kbits/s speed=1.48x    
frame= 1014 fps=7.4 q=23.0 size=    1536KiB time=00:03:22.40 bitrate=  62.2kbits/s speed=1.48x    
frame= 1015 fps=7.4 q=23.0 size=    1536KiB time=00:03:22.60 bitrate=  62.1kbits/s speed=1.47x    
frame= 1018 fps=7.4 q=23.0 size=    1536KiB time=00:03:23.20 bitrate=  61.9kbits/s speed=1.47x    
frame= 1020 fps=7.3 q=23.0 size=    1792KiB time=00:03:23.60 bitrate=  72.1kbits/s speed=1.47x    
frame= 1024 fps=7.3 q=20.0 size=    1792KiB time=00:03:24.40 bitrate=  71.8kbits/s speed=1.47x    
frame= 1028 fps=7.3 q=23.0 size=    1792KiB time=00:03:25.20 bitrate=  71.5kbits/s speed=1.47x    
frame= 1032 fps=7.3 q=23.0 size=    1792KiB time=00:03:26.00 bitrate=  71.3kbits/s speed=1.47x    
frame= 1040 fps=7.4 q=23.0 size=    1792KiB time=00:03:27.60 bitrate=  70.7kbits/s speed=1.47x    
frame= 1044 fps=7.4 q=23.0 size=    1792KiB time=00:03:28.40 bitrate=  70.4kbits/s speed=1.47x    
frame= 1048 fps=7.4 q=23.0 size=    1792KiB time=00:03:29.20 bitrate=  70.2kbits/s speed=1.47x    
frame= 1052 fps=7.3 q=23.0 size=    1792KiB time=00:03:30.00 bitrate=  69.9kbits/s speed=1.47x    
frame= 1056 fps=7.3 q=23.0 size=    1792KiB time=00:03:30.80 bitrate=  69.6kbits/s speed=1.47x    
frame= 1060 fps=7.3 q=23.0 size=    1792KiB time=00:03:31.60 bitrate=  69.4kbits/s speed=1.46x    
frame= 1072 fps=7.4 q=23.0 size=    1792KiB time=00:03:34.00 bitrate=  68.6kbits/s speed=1.47x    
frame= 1076 fps=7.4 q=23.0 size=    1792KiB time=00:03:34.80 bitrate=  68.3kbits/s speed=1.47x    
frame= 1084 fps=7.4 q=23.0 size=    1792KiB time=00:03:36.40 bitrate=  67.8kbits/s speed=1.48x    
frame= 1088 fps=7.4 q=23.0 size=    1792KiB time=00:03:37.20 bitrate=  67.6kbits/s speed=1.48x    
frame= 1096 fps=7.4 q=23.0 size=    1792KiB time=00:03:38.80 bitrate=  67.1kbits/s speed=1.48x    
frame= 1100 fps=7.4 q=23.0 size=    1792KiB time=00:03:39.60 bitrate=  66.9kbits/s speed=1.48x    
frame= 1104 fps=7.4 q=23.0 size=    1792KiB time=00:03:40.40 bitrate=  66.6kbits/s speed=1.48x    
frame= 1112 fps=7.4 q=23.0 size=    1792KiB time=00:03:42.00 bitrate=  66.1kbits/s speed=1.48x    
frame= 1116 fps=7.4 q=23.0 size=    1792KiB time=00:03:42.80 bitrate=  65.9kbits/s speed=1.48x    
frame= 1120 fps=7.4 q=23.0 size=    1792KiB time=00:03:43.60 bitrate=  65.7kbits/s speed=1.47x    
frame= 1124 fps=7.4 q=23.0 size=    1792KiB time=00:03:44.40 bitrate=  65.4kbits/s speed=1.47x    
frame= 1128 fps=7.4 q=23.0 size=    1792KiB time=00:03:45.20 bitrate=  65.2kbits/s speed=1.47x    
frame= 1136 fps=7.4 q=23.0 size=    1792KiB time=00:03:46.80 bitrate=  64.7kbits/s speed=1.48x    
frame= 1144 fps=7.4 q=23.0 size=    1792KiB time=00:03:48.40 bitrate=  64.3kbits/s speed=1.48x    
frame= 1152 fps=7.4 q=23.0 size=    1792KiB time=00:03:50.00 bitrate=  63.8kbits/s speed=1.48x    
frame= 1156 fps=7.4 q=23.0 size=    1792KiB time=00:03:50.80 bitrate=  63.6kbits/s speed=1.48x    
frame= 1160 fps=7.4 q=23.0 size=    1792KiB time=00:03:51.60 bitrate=  63.4kbits/s speed=1.48x    
frame= 1168 fps=7.4 q=23.0 size=    1792KiB time=00:03:53.20 bitrate=  63.0kbits/s speed=1.48x    
frame= 1172 fps=7.4 q=23.0 size=    1792KiB time=00:03:54.00 bitrate=  62.7kbits/s speed=1.48x    
frame= 1176 fps=7.4 q=23.0 size=    1792KiB time=00:03:54.80 bitrate=  62.5kbits/s speed=1.48x    
frame= 1180 fps=7.4 q=23.0 size=    1792KiB time=00:03:55.60 bitrate=  62.3kbits/s speed=1.48x    
frame= 1184 fps=7.4 q=23.0 size=    1792KiB time=00:03:56.40 bitrate=  62.1kbits/s speed=1.48x    
frame= 1188 fps=7.4 q=23.0 size=    1792KiB time=00:03:57.20 bitrate=  61.9kbits/s speed=1.48x    
frame= 1192 fps=7.4 q=23.0 size=    1792KiB time=00:03:58.00 bitrate=  61.7kbits/s speed=1.48x    
frame= 1200 fps=7.4 q=23.0 size=    1792KiB time=00:03:59.60 bitrate=  61.3kbits/s speed=1.48x    
frame= 1208 fps=7.5 q=23.0 size=    1792KiB time=00:04:01.20 bitrate=  60.9kbits/s speed=1.49x    
frame= 1216 fps=7.5 q=23.0 size=    1792KiB time=00:04:02.80 bitrate=  60.5kbits/s speed=1.49x    
frame= 1220 fps=7.5 q=23.0 size=    1792KiB time=00:04:03.60 bitrate=  60.3kbits/s speed=1.49x    
frame= 1224 fps=7.5 q=23.0 size=    1792KiB time=00:04:04.40 bitrate=  60.1kbits/s speed=1.49x    
frame= 1232 fps=7.5 q=23.0 size=    1792KiB time=00:04:06.00 bitrate=  59.7kbits/s speed=1.49x    
frame= 1236 fps=7.5 q=23.0 size=    1792KiB time=00:04:06.80 bitrate=  59.5kbits/s speed=1.49x    
frame= 1244 fps=7.5 q=23.0 size=    1792KiB time=00:04:08.40 bitrate=  59.1kbits/s speed=1.49x    
frame= 1248 fps=7.5 q=23.0 size=    1792KiB time=00:04:09.20 bitrate=  58.9kbits/s speed=1.49x    
frame= 1252 fps=7.5 q=23.0 size=    1792KiB time=00:04:10.00 bitrate=  58.7kbits/s speed=1.49x    
frame= 1256 fps=7.5 q=23.0 size=    1792KiB time=00:04:10.80 bitrate=  58.5kbits/s speed=1.49x    
frame= 1260 fps=7.5 q=23.0 size=    1792KiB time=00:04:11.60 bitrate=  58.3kbits/s speed=1.49x    
frame= 1264 fps=7.5 q=23.0 size=    1792KiB time=00:04:12.40 bitrate=  58.2kbits/s speed=1.49x    
frame= 1268 fps=7.5 q=23.0 size=    1792KiB time=00:04:13.20 bitrate=  58.0kbits/s speed=1.49x    
frame= 1272 fps=7.5 q=23.0 size=    1792KiB time=00:04:14.00 bitrate=  57.8kbits/s speed=1.49x    
frame= 1278 fps=7.5 q=23.0 size=    1792KiB time=00:04:15.20 bitrate=  57.5kbits/s speed=1.49x    
frame= 1282 fps=7.5 q=23.0 size=    1792KiB time=00:04:16.00 bitrate=  57.3kbits/s speed=1.49x    
frame= 1286 fps=7.5 q=23.0 size=    1792KiB time=00:04:16.80 bitrate=  57.2kbits/s speed=1.49x    
frame= 1294 fps=7.5 q=23.0 size=    1792KiB time=00:04:18.40 bitrate=  56.8kbits/s speed=1.49x    
frame= 1298 fps=7.5 q=23.0 size=    1792KiB time=00:04:19.20 bitrate=  56.6kbits/s speed=1.49x    
frame= 1302 fps=7.5 q=23.0 size=    1792KiB time=00:04:20.00 bitrate=  56.5kbits/s speed=1.49x    
frame= 1310 fps=7.5 q=23.0 size=    1792KiB time=00:04:21.60 bitrate=  56.1kbits/s speed= 1.5x    
frame= 1314 fps=7.5 q=23.0 size=    1792KiB time=00:04:22.40 bitrate=  55.9kbits/s speed= 1.5x    
frame= 1318 fps=7.5 q=23.0 size=    1792KiB time=00:04:23.20 bitrate=  55.8kbits/s speed=1.49x    
frame= 1322 fps=7.5 q=23.0 size=    1792KiB time=00:04:24.00 bitrate=  55.6kbits/s speed=1.49x    
frame= 1326 fps=7.5 q=23.0 size=    1792KiB time=00:04:24.80 bitrate=  55.4kbits/s speed=1.49x    
frame= 1330 fps=7.5 q=23.0 size=    1792KiB time=00:04:25.60 bitrate=  55.3kbits/s speed=1.49x    
frame= 1342 fps=7.5 q=23.0 size=    1792KiB time=00:04:28.00 bitrate=  54.8kbits/s speed= 1.5x    
frame= 1346 fps=7.5 q=23.0 size=    1792KiB time=00:04:28.80 bitrate=  54.6kbits/s speed= 1.5x    
frame= 1354 fps=7.5 q=23.0 size=    1792KiB time=00:04:30.40 bitrate=  54.3kbits/s speed= 1.5x    
frame= 1362 fps=7.5 q=23.0 size=    1792KiB time=00:04:32.00 bitrate=  54.0kbits/s speed= 1.5x    
frame= 1366 fps=7.5 q=23.0 size=    1792KiB time=00:04:32.80 bitrate=  53.8kbits/s speed= 1.5x    
frame= 1374 fps=7.5 q=23.0 size=    1792KiB time=00:04:34.40 bitrate=  53.5kbits/s speed=1.51x    
frame= 1378 fps=7.5 q=23.0 size=    1792KiB time=00:04:35.20 bitrate=  53.3kbits/s speed= 1.5x    
frame= 1382 fps=7.5 q=23.0 size=    1792KiB time=00:04:36.00 bitrate=  53.2kbits/s speed= 1.5x    
frame= 1386 fps=7.5 q=23.0 size=    1792KiB time=00:04:36.80 bitrate=  53.0kbits/s speed= 1.5x    
frame= 1390 fps=7.5 q=23.0 size=    1792KiB time=00:04:37.60 bitrate=  52.9kbits/s speed= 1.5x    
frame= 1394 fps=7.5 q=23.0 size=    1792KiB time=00:04:38.40 bitrate=  52.7kbits/s speed= 1.5x    
frame= 1398 fps=7.5 q=23.0 size=    1792KiB time=00:04:39.20 bitrate=  52.6kbits/s speed=1.51x    
frame= 1406 fps=7.5 q=23.0 size=    1792KiB time=00:04:40.80 bitrate=  52.3kbits/s speed=1.51x    
frame= 1414 fps=7.6 q=23.0 size=    1792KiB time=00:04:42.40 bitrate=  52.0kbits/s speed=1.51x    
frame= 1418 fps=7.6 q=23.0 size=    1792KiB time=00:04:43.20 bitrate=  51.8kbits/s speed=1.51x    
frame= 1426 fps=7.6 q=23.0 size=    1792KiB time=00:04:44.80 bitrate=  51.5kbits/s speed=1.51x    
frame= 1434 fps=7.6 q=23.0 size=    1792KiB time=00:04:46.40 bitrate=  51.3kbits/s speed=1.51x    
frame= 1438 fps=7.6 q=23.0 size=    1792KiB time=00:04:47.20 bitrate=  51.1kbits/s speed=1.51x    
frame= 1442 fps=7.6 q=23.0 size=    1792KiB time=00:04:48.00 bitrate=  51.0kbits/s speed=1.51x    
frame= 1446 fps=7.6 q=23.0 size=    1792KiB time=00:04:48.80 bitrate=  50.8kbits/s speed=1.51x    
frame= 1450 fps=7.6 q=23.0 size=    1792KiB time=00:04:49.60 bitrate=  50.7kbits/s speed=1.51x    
frame= 1454 fps=7.6 q=23.0 size=    1792KiB time=00:04:50.40 bitrate=  50.6kbits/s speed=1.51x    
frame= 1458 fps=7.6 q=23.0 size=    1792KiB time=00:04:51.20 bitrate=  50.4kbits/s speed=1.51x    
frame= 1462 fps=7.6 q=23.0 size=    1792KiB time=00:04:52.00 bitrate=  50.3kbits/s speed=1.51x    
frame= 1466 fps=7.6 q=23.0 size=    1792KiB time=00:04:52.80 bitrate=  50.1kbits/s speed=1.51x    
frame= 1478 fps=7.6 q=23.0 size=    1792KiB time=00:04:55.20 bitrate=  49.7kbits/s speed=1.52x    
frame= 1495 fps=7.7 q=23.0 size=    1792KiB time=00:04:58.60 bitrate=  49.2kbits/s speed=1.53x    
frame= 1508 fps=7.7 q=23.0 size=    1792KiB time=00:05:01.20 bitrate=  48.7kbits/s speed=1.54x    
frame= 1514 fps=7.7 q=23.0 size=    1792KiB time=00:05:02.40 bitrate=  48.5kbits/s speed=1.54x    
frame= 1524 fps=7.7 q=20.0 size=    1792KiB time=00:05:04.40 bitrate=  48.2kbits/s speed=1.55x    
frame= 1535 fps=7.8 q=-1.0 size=    1792KiB time=00:05:06.60 bitrate=  47.9kbits/s speed=1.55x    
[out#0/mp4 @ 0000022159cd7e80] video:2051KiB audio:0KiB subtitle:0KiB other streams:0KiB global headers:0KiB muxing overhead: 0.912162%
frame= 1539 fps=7.8 q=-1.0 Lsize=    2069KiB time=00:05:07.40 bitrate=  55.1kbits/s speed=1.56x    
[libx264 @ 0000022159955a40] frame I:19    Avg QP: 8.28  size: 43030
[libx264 @ 0000022159955a40] frame P:417   Avg QP:14.95  size:  2128
[libx264 @ 0000022159955a40] frame B:1103  Avg QP:22.49  size:   357
[libx264 @ 0000022159955a40] consecutive B-frames:  3.3%  2.9%  1.6% 92.3%
[libx264 @ 0000022159955a40] mb I  I16..4: 57.0% 14.3% 28.6%
[libx264 @ 0000022159955a40] mb P  I16..4:  1.2%  1.3%  1.3%  P16..4:  1.0%  0.3%  0.2%  0.0%  0.0%    skip:94.7%
[libx264 @ 0000022159955a40] mb B  I16..4:  0.1%  0.1%  0.0%  B16..8:  4.4%  0.2%  0.1%  direct: 0.1%  skip:95.0%  L0:64.7% L1:34.2% BI: 1.1%
[libx264 @ 0000022159955a40] 8x8 transform intra:24.6% inter:51.7%
[libx264 @ 0000022159955a40] coded y,uvDC,uvAC intra: 37.0% 16.5% 13.5% inter: 0.4% 0.3% 0.1%
[libx264 @ 0000022159955a40] i16 v,h,dc,p: 63% 33%  2%  2%
[libx264 @ 0000022159955a40] i8 v,h,dc,ddl,ddr,vr,hd,vl,hu: 37% 17% 35%  1%  2%  2%  2%  2%  3%
[libx264 @ 0000022159955a40] i4 v,h,dc,ddl,ddr,vr,hd,vl,hu: 39% 32% 13%  2%  3%  3%  3%  2%  3%
[libx264 @ 0000022159955a40] i8c dc,h,v,p: 80% 12%  6%  2%
[libx264 @ 0000022159955a40] Weighted P-Frames: Y:1.0% UV:0.5%
[libx264 @ 0000022159955a40] ref P L0: 71.4%  2.7% 15.1%  9.4%  1.4%
[libx264 @ 0000022159955a40] ref B L0: 45.8% 53.5%  0.7%
[libx264 @ 0000022159955a40] ref B L1: 98.3%  1.7%
[libx264 @ 0000022159955a40] kb/s:54.56
[1706s] Wrote D:\a\comfy-gpu-ci\comfy-gpu-ci\comfy-test-logs\Sharp-0919\dev\windows-desktop\debug\electron_inspect\driver.mp4
ffmpeg version 7.1-essentials_build-www.gyan.dev Copyright (c) 2000-2024 the FFmpeg developers
  built with gcc 14.2.0 (Rev1, Built by MSYS2 project)
  configuration: --enable-gpl --enable-version3 --enable-static --disable-w32threads --disable-autodetect --enable-fontconfig --enable-iconv --enable-gnutls --enable-libxml2 --enable-gmp --enable-bzlib --enable-lzma --enable-zlib --enable-libsrt --enable-libssh --enable-libzmq --enable-avisynth --enable-sdl2 --enable-libwebp --enable-libx264 --enable-libx265 --enable-libxvid --enable-libaom --enable-libopenjpeg --enable-libvpx --enable-mediafoundation --enable-libass --enable-libfreetype --enable-libfribidi --enable-libharfbuzz --enable-libvidstab --enable-libvmaf --enable-libzimg --enable-amf --enable-cuda-llvm --enable-cuvid --enable-dxva2 --enable-d3d11va --enable-d3d12va --enable-ffnvcodec --enable-libvpl --enable-nvdec --enable-nvenc --enable-vaapi --enable-libgme --enable-libopenmpt --enable-libopencore-amrwb --enable-libmp3lame --enable-libtheora --enable-libvo-amrwbenc --enable-libgsm --enable-libopencore-amrnb --enable-libopus --enable-libspeex --enable-libvorbis --enable-librubberband
  libavutil      59. 39.100 / 59. 39.100
  libavcodec     61. 19.100 / 61. 19.100
  libavformat    61.  7.100 / 61.  7.100
  libavdevice    61.  3.100 / 61.  3.100
  libavfilter    10.  4.100 / 10.  4.100
  libswscale      8.  3.100 /  8.  3.100
  libswresample   5.  3.100 /  5.  3.100
  libpostproc    58.  3.100 / 58.  3.100
Input #0, image2, from 'D:\a\comfy-gpu-ci\comfy-gpu-ci\comfy-test-logs\Sharp-0919\dev\windows-desktop\debug\electron_inspect\frames\frame_%06d.png':
  Duration: 00:03:50.40, start: 0.000000, bitrate: N/A
  Stream #0:0: Video: png, rgba(pc, gbr/bt709/iec61966-2-1), 1008x681, 5 fps, 5 tbr, 5 tbn
Stream mapping:
  Stream #0:0 -> #0:0 (png (native) -> h264 (libx264))
Press [q] to stop, [?] for help
[libx264 @ 00000265a1694880] using cpu capabilities: MMX2 SSE2Fast SSSE3 SSE4.2 AVX FMA3 BMI2 AVX2
[libx264 @ 00000265a1694880] profile High, level 3.1, 4:2:0, 8-bit
[libx264 @ 00000265a1694880] 264 - core 164 r3192 c24e06c - H.264/MPEG-4 AVC codec - Copyleft 2003-2024 - http://www.videolan.org/x264.html - options: cabac=1 ref=3 deblock=1:0:0 analyse=0x3:0x113 me=hex subme=7 psy=1 psy_rd=1.00:0.00 mixed_ref=1 me_range=16 chroma_me=1 trellis=1 8x8dct=1 cqm=0 deadzone=21,11 fast_pskip=1 chroma_qp_offset=-2 threads=6 lookahead_threads=1 sliced_threads=0 nr=0 decimate=1 interlaced=0 bluray_compat=0 constrained_intra=0 bframes=3 b_pyramid=2 b_adapt=1 b_bias=0 direct=1 weightb=1 open_gop=0 weightp=2 keyint=250 keyint_min=5 scenecut=40 intra_refresh=0 rc_lookahead=40 rc=crf mbtree=1 crf=23.0 qcomp=0.60 qpmin=0 qpmax=69 qpstep=4 ip_ratio=1.40 aq=1:1.00
Output #0, mp4, to 'D:\a\comfy-gpu-ci\comfy-gpu-ci\comfy-test-logs\Sharp-0919\dev\windows-desktop\videos\sharp_basic\driver.mp4':
  Metadata:
    encoder         : Lavf61.7.100
  Stream #0:0: Video: h264 (avc1 / 0x31637661), yuv420p(tv, unknown/bt709/iec61966-2-1, progressive), 1008x682, q=2-31, 5 fps, 10240 tbn
      Metadata:
        encoder         : Lavc61.19.100 libx264
      Side data:
        cpb: bitrate max/min/avg: 0/0/0 buffer size: 0 vbv_delay: N/A
frame=    0 fps=0.0 q=0.0 size=       0KiB time=N/A bitrate=N/A speed=N/A    
frame=    0 fps=0.0 q=0.0 size=       0KiB time=N/A bitrate=N/A speed=N/A    
frame=    0 fps=0.0 q=0.0 size=       0KiB time=N/A bitrate=N/A speed=N/A    
frame=    0 fps=0.0 q=0.0 size=       0KiB time=N/A bitrate=N/A speed=N/A    
frame=    0 fps=0.0 q=0.0 size=       0KiB time=N/A bitrate=N/A speed=N/A    
frame=    0 fps=0.0 q=0.0 size=       0KiB time=N/A bitrate=N/A speed=N/A    
frame=    0 fps=0.0 q=0.0 size=       0KiB time=N/A bitrate=N/A speed=N/A    
frame=    0 fps=0.0 q=0.0 size=       0KiB time=N/A bitrate=N/A speed=N/A    
frame=    0 fps=0.0 q=0.0 size=       0KiB time=N/A bitrate=N/A speed=N/A    
frame=    6 fps=1.0 q=23.0 size=       0KiB time=00:00:00.80 bitrate=   0.5kbits/s speed=0.133x    
frame=   10 fps=1.5 q=23.0 size=       0KiB time=00:00:01.60 bitrate=   0.2kbits/s speed=0.245x    
frame=   15 fps=2.1 q=23.0 size=       0KiB time=00:00:02.60 bitrate=   0.1kbits/s speed=0.365x    
frame=   19 fps=2.5 q=23.0 size=       0KiB time=00:00:03.40 bitrate=   0.1kbits/s speed=0.442x    
frame=   23 fps=2.8 q=23.0 size=       0KiB time=00:00:04.20 bitrate=   0.1kbits/s speed=0.51x    
frame=   27 fps=3.1 q=23.0 size=       0KiB time=00:00:05.00 bitrate=   0.1kbits/s speed=0.571x    
frame=   32 fps=3.4 q=23.0 size=       0KiB time=00:00:06.00 bitrate=   0.1kbits/s speed=0.647x    
frame=   34 fps=3.5 q=23.0 size=       0KiB time=00:00:06.40 bitrate=   0.1kbits/s speed=0.652x    
frame=   40 fps=3.8 q=23.0 size=       0KiB time=00:00:07.60 bitrate=   0.1kbits/s speed=0.72x    
frame=   44 fps=4.0 q=23.0 size=       0KiB time=00:00:08.40 bitrate=   0.0kbits/s speed=0.757x    
frame=   46 fps=4.0 q=23.0 size=       0KiB time=00:00:08.80 bitrate=   0.0kbits/s speed=0.758x    
frame=   46 fps=3.8 q=23.0 size=       0KiB time=00:00:08.80 bitrate=   0.0kbits/s speed=0.724x    
frame=   52 fps=4.0 q=23.0 size=       0KiB time=00:00:10.00 bitrate=   0.0kbits/s speed=0.762x    
frame=   63 fps=4.5 q=23.0 size=       0KiB time=00:00:12.20 bitrate=   0.0kbits/s speed=0.867x    
frame=   66 fps=4.5 q=23.0 size=       0KiB time=00:00:12.80 bitrate=   0.0kbits/s speed=0.878x    
frame=   72 fps=4.7 q=23.0 size=       0KiB time=00:00:14.00 bitrate=   0.0kbits/s speed=0.909x    
frame=   79 fps=4.9 q=23.0 size=       0KiB time=00:00:15.40 bitrate=   0.0kbits/s speed=0.95x    
frame=   82 fps=4.9 q=23.0 size=       0KiB time=00:00:16.00 bitrate=   0.0kbits/s speed=0.956x    
frame=   87 fps=5.0 q=23.0 size=       0KiB time=00:00:17.00 bitrate=   0.0kbits/s speed=0.976x    
frame=   90 fps=5.0 q=23.0 size=       0KiB time=00:00:17.60 bitrate=   0.0kbits/s speed=0.981x    
frame=   96 fps=5.2 q=23.0 size=       0KiB time=00:00:18.80 bitrate=   0.0kbits/s speed=1.01x    
frame=   98 fps=5.1 q=23.0 size=       0KiB time=00:00:19.20 bitrate=   0.0kbits/s speed=   1x    
frame=  105 fps=5.3 q=23.0 size=       0KiB time=00:00:20.60 bitrate=   0.0kbits/s speed=1.04x    
frame=  106 fps=5.2 q=23.0 size=       0KiB time=00:00:20.80 bitrate=   0.0kbits/s speed=1.03x    
frame=  112 fps=5.3 q=23.0 size=       0KiB time=00:00:22.00 bitrate=   0.0kbits/s speed=1.04x    
frame=  120 fps=5.4 q=23.0 size=       0KiB time=00:00:23.60 bitrate=   0.0kbits/s speed=1.07x    
frame=  128 fps=5.5 q=23.0 size=       0KiB time=00:00:25.20 bitrate=   0.0kbits/s speed=1.09x    
frame=  132 fps=5.6 q=23.0 size=       0KiB time=00:00:26.00 bitrate=   0.0kbits/s speed= 1.1x    
frame=  138 fps=5.7 q=23.0 size=       0KiB time=00:00:27.20 bitrate=   0.0kbits/s speed=1.12x    
frame=  143 fps=5.7 q=23.0 size=       0KiB time=00:00:28.20 bitrate=   0.0kbits/s speed=1.13x    
frame=  154 fps=5.8 q=23.0 size=       0KiB time=00:00:30.40 bitrate=   0.0kbits/s speed=1.15x    
frame=  159 fps=5.9 q=23.0 size=       0KiB time=00:00:31.40 bitrate=   0.0kbits/s speed=1.16x    
frame=  166 fps=5.9 q=23.0 size=       0KiB time=00:00:32.80 bitrate=   0.0kbits/s speed=1.17x    
frame=  172 fps=5.9 q=23.0 size=       0KiB time=00:00:34.00 bitrate=   0.0kbits/s speed=1.16x    
frame=  178 fps=5.9 q=23.0 size=       0KiB time=00:00:35.20 bitrate=   0.0kbits/s speed=1.18x    
frame=  190 fps=6.2 q=23.0 size=       0KiB time=00:00:37.60 bitrate=   0.0kbits/s speed=1.22x    
frame=  196 fps=6.2 q=23.0 size=       0KiB time=00:00:38.80 bitrate=   0.0kbits/s speed=1.23x    
frame=  203 fps=6.3 q=23.0 size=       0KiB time=00:00:40.20 bitrate=   0.0kbits/s speed=1.24x    
frame=  211 fps=6.3 q=23.0 size=       0KiB time=00:00:41.80 bitrate=   0.0kbits/s speed=1.25x    
frame=  218 fps=6.3 q=23.0 size=       0KiB time=00:00:43.20 bitrate=   0.0kbits/s speed=1.26x    
frame=  223 fps=6.4 q=23.0 size=       0KiB time=00:00:44.20 bitrate=   0.0kbits/s speed=1.26x    
frame=  230 fps=6.4 q=23.0 size=       0KiB time=00:00:45.60 bitrate=   0.0kbits/s speed=1.27x    
frame=  235 fps=6.4 q=23.0 size=       0KiB time=00:00:46.60 bitrate=   0.0kbits/s speed=1.27x    
frame=  242 fps=6.4 q=23.0 size=       0KiB time=00:00:48.00 bitrate=   0.0kbits/s speed=1.27x    
frame=  250 fps=6.5 q=23.0 size=       0KiB time=00:00:49.60 bitrate=   0.0kbits/s speed=1.28x    
frame=  250 fps=6.4 q=23.0 size=       0KiB time=00:00:49.60 bitrate=   0.0kbits/s speed=1.27x    
frame=  256 fps=6.4 q=23.0 size=       0KiB time=00:00:50.80 bitrate=   0.0kbits/s speed=1.28x    
frame=  264 fps=6.5 q=23.0 size=       0KiB time=00:00:52.40 bitrate=   0.0kbits/s speed=1.29x    
frame=  269 fps=6.5 q=23.0 size=       0KiB time=00:00:53.40 bitrate=   0.0kbits/s speed= 1.3x    
frame=  278 fps=6.6 q=23.0 size=       0KiB time=00:00:55.20 bitrate=   0.0kbits/s speed= 1.3x    
frame=  284 fps=6.6 q=23.0 size=       0KiB time=00:00:56.40 bitrate=   0.0kbits/s speed=1.31x    
frame=  289 fps=6.6 q=23.0 size=       0KiB time=00:00:57.40 bitrate=   0.0kbits/s speed=1.32x    
frame=  292 fps=6.6 q=23.0 size=       0KiB time=00:00:58.00 bitrate=   0.0kbits/s speed=1.31x    
frame=  300 fps=6.6 q=23.0 size=       0KiB time=00:00:59.60 bitrate=   0.0kbits/s speed=1.32x    
frame=  304 fps=6.6 q=23.0 size=       0KiB time=00:01:00.40 bitrate=   0.0kbits/s speed=1.31x    
frame=  312 fps=6.7 q=23.0 size=       0KiB time=00:01:02.00 bitrate=   0.0kbits/s speed=1.33x    
frame=  323 fps=6.8 q=23.0 size=       0KiB time=00:01:04.20 bitrate=   0.0kbits/s speed=1.35x    
frame=  332 fps=6.8 q=23.0 size=       0KiB time=00:01:06.00 bitrate=   0.0kbits/s speed=1.35x    
frame=  340 fps=6.8 q=23.0 size=       0KiB time=00:01:07.60 bitrate=   0.0kbits/s speed=1.36x    
frame=  350 fps=6.9 q=23.0 size=       0KiB time=00:01:09.60 bitrate=   0.0kbits/s speed=1.37x    
frame=  356 fps=6.9 q=23.0 size=       0KiB time=00:01:10.80 bitrate=   0.0kbits/s speed=1.38x    
frame=  364 fps=6.9 q=23.0 size=       0KiB time=00:01:12.40 bitrate=   0.0kbits/s speed=1.38x    
frame=  372 fps=6.9 q=23.0 size=       0KiB time=00:01:14.00 bitrate=   0.0kbits/s speed=1.38x    
frame=  380 fps=7.0 q=23.0 size=       0KiB time=00:01:15.60 bitrate=   0.0kbits/s speed=1.39x    
frame=  384 fps=7.0 q=23.0 size=       0KiB time=00:01:16.40 bitrate=   0.0kbits/s speed=1.39x    
frame=  391 fps=7.0 q=23.0 size=       0KiB time=00:01:17.80 bitrate=   0.0kbits/s speed= 1.4x    
frame=  397 fps=7.0 q=23.0 size=       0KiB time=00:01:19.00 bitrate=   0.0kbits/s speed= 1.4x    
frame=  402 fps=7.0 q=23.0 size=       0KiB time=00:01:20.00 bitrate=   0.0kbits/s speed= 1.4x    
frame=  408 fps=7.1 q=23.0 size=       0KiB time=00:01:21.20 bitrate=   0.0kbits/s speed=1.41x    
frame=  416 fps=7.1 q=23.0 size=       0KiB time=00:01:22.80 bitrate=   0.0kbits/s speed=1.41x    
frame=  423 fps=7.1 q=23.0 size=       0KiB time=00:01:24.20 bitrate=   0.0kbits/s speed=1.41x    
frame=  429 fps=7.1 q=23.0 size=       0KiB time=00:01:25.40 bitrate=   0.0kbits/s speed=1.41x    
frame=  432 fps=7.1 q=23.0 size=       0KiB time=00:01:26.00 bitrate=   0.0kbits/s speed=1.41x    
frame=  438 fps=7.1 q=23.0 size=       0KiB time=00:01:27.20 bitrate=   0.0kbits/s speed=1.41x    
frame=  440 fps=7.1 q=23.0 size=       0KiB time=00:01:27.60 bitrate=   0.0kbits/s speed=1.41x    
frame=  444 fps=7.1 q=23.0 size=       0KiB time=00:01:28.40 bitrate=   0.0kbits/s speed=1.41x    
frame=  464 fps=7.2 q=23.0 size=       0KiB time=00:01:32.40 bitrate=   0.0kbits/s speed=1.44x    
frame=  470 fps=7.2 q=23.0 size=       0KiB time=00:01:33.60 bitrate=   0.0kbits/s speed=1.44x    
frame=  477 fps=7.2 q=23.0 size=       0KiB time=00:01:35.00 bitrate=   0.0kbits/s speed=1.44x    
frame=  481 fps=7.2 q=23.0 size=       0KiB time=00:01:35.80 bitrate=   0.0kbits/s speed=1.44x    
frame=  488 fps=7.3 q=23.0 size=       0KiB time=00:01:37.20 bitrate=   0.0kbits/s speed=1.45x    
frame=  494 fps=7.3 q=23.0 size=       0KiB time=N/A bitrate=N/A speed=N/A    
frame=  506 fps=7.4 q=23.0 size=       0KiB time=N/A bitrate=N/A speed=N/A    
frame=  514 fps=7.5 q=23.0 size=       0KiB time=N/A bitrate=N/A speed=N/A    
frame=  526 fps=7.6 q=23.0 size=       0KiB time=N/A bitrate=N/A speed=N/A    
frame=  537 fps=7.7 q=23.0 size=       0KiB time=N/A bitrate=N/A speed=N/A    
frame=  542 fps=7.7 q=23.0 size=       0KiB time=N/A bitrate=N/A speed=N/A    
[out#0/mp4 @ 00000265a1695500] video:259KiB audio:0KiB subtitle:0KiB other streams:0KiB global headers:0KiB muxing overhead: 2.799718%
frame=  547 fps=7.7 q=-1.0 Lsize=     266KiB time=00:01:49.00 bitrate=  20.0kbits/s speed=1.54x    
[libx264 @ 00000265a1694880] frame I:3     Avg QP: 8.40  size: 53628
[libx264 @ 00000265a1694880] frame P:138   Avg QP:14.29  size:   256
[libx264 @ 00000265a1694880] frame B:406   Avg QP:22.25  size:   168
[libx264 @ 00000265a1694880] consecutive B-frames:  0.9%  0.4%  0.0% 98.7%
[libx264 @ 00000265a1694880] mb I  I16..4: 62.9%  9.8% 27.3%
[libx264 @ 00000265a1694880] mb P  I16..4:  0.2%  0.0%  0.1%  P16..4:  0.5%  0.1%  0.0%  0.0%  0.0%    skip:99.2%
[libx264 @ 00000265a1694880] mb B  I16..4:  0.0%  0.0%  0.0%  B16..8:  5.1%  0.1%  0.0%  direct: 0.0%  skip:94.8%  L0:71.0% L1:28.8% BI: 0.1%
[libx264 @ 00000265a1694880] 8x8 transform intra:10.8% inter:62.7%
[libx264 @ 00000265a1694880] coded y,uvDC,uvAC intra: 41.4% 15.2% 13.2% inter: 0.1% 0.1% 0.0%
[libx264 @ 00000265a1694880] i16 v,h,dc,p: 64% 36%  0%  0%
[libx264 @ 00000265a1694880] i8 v,h,dc,ddl,ddr,vr,hd,vl,hu: 40% 13% 46%  1%  0%  0%  0%  0%  0%
[libx264 @ 00000265a1694880] i4 v,h,dc,ddl,ddr,vr,hd,vl,hu: 38% 34% 12%  2%  2%  2%  3%  3%  4%
[libx264 @ 00000265a1694880] i8c dc,h,v,p: 74% 17%  8%  1%
[libx264 @ 00000265a1694880] Weighted P-Frames: Y:0.0% UV:0.0%
[libx264 @ 00000265a1694880] ref P L0: 77.0%  0.9% 17.2%  4.9%
[libx264 @ 00000265a1694880] ref B L0: 32.7% 66.9%  0.4%
[libx264 @ 00000265a1694880] ref B L1: 98.5%  1.5%
[libx264 @ 00000265a1694880] kb/s:19.33
[1778s]   videos/sharp_basic/driver.mp4 placed (frames 388..934)
[1778s]   screenshots/sharp_basic_executed.png placed
ffmpeg version 7.1-essentials_build-www.gyan.dev Copyright (c) 2000-2024 the FFmpeg developers
  built with gcc 14.2.0 (Rev1, Built by MSYS2 project)
  configuration: --enable-gpl --enable-version3 --enable-static --disable-w32threads --disable-autodetect --enable-fontconfig --enable-iconv --enable-gnutls --enable-libxml2 --enable-gmp --enable-bzlib --enable-lzma --enable-zlib --enable-libsrt --enable-libssh --enable-libzmq --enable-avisynth --enable-sdl2 --enable-libwebp --enable-libx264 --enable-libx265 --enable-libxvid --enable-libaom --enable-libopenjpeg --enable-libvpx --enable-mediafoundation --enable-libass --enable-libfreetype --enable-libfribidi --enable-libharfbuzz --enable-libvidstab --enable-libvmaf --enable-libzimg --enable-amf --enable-cuda-llvm --enable-cuvid --enable-dxva2 --enable-d3d11va --enable-d3d12va --enable-ffnvcodec --enable-libvpl --enable-nvdec --enable-nvenc --enable-vaapi --enable-libgme --enable-libopenmpt --enable-libopencore-amrwb --enable-libmp3lame --enable-libtheora --enable-libvo-amrwbenc --enable-libgsm --enable-libopencore-amrnb --enable-libopus --enable-libspeex --enable-libvorbis --enable-librubberband
  libavutil      59. 39.100 / 59. 39.100
  libavcodec     61. 19.100 / 61. 19.100
  libavformat    61.  7.100 / 61.  7.100
  libavdevice    61.  3.100 / 61.  3.100
  libavfilter    10.  4.100 / 10.  4.100
  libswscale      8.  3.100 /  8.  3.100
  libswresample   5.  3.100 /  5.  3.100
  libpostproc    58.  3.100 / 58.  3.100
Input #0, image2, from 'D:\a\comfy-gpu-ci\comfy-gpu-ci\comfy-test-logs\Sharp-0919\dev\windows-desktop\debug\electron_inspect\frames\frame_%06d.png':
  Duration: 00:01:42.80, start: 0.000000, bitrate: N/A
  Stream #0:0: Video: png, rgba(pc, gbr/bt709/iec61966-2-1), 1008x681, 5 fps, 5 tbr, 5 tbn
Stream mapping:
  Stream #0:0 -> #0:0 (png (native) -> h264 (libx264))
Press [q] to stop, [?] for help
[libx264 @ 0000027c569f0dc0] using cpu capabilities: MMX2 SSE2Fast SSSE3 SSE4.2 AVX FMA3 BMI2 AVX2
[libx264 @ 0000027c569f0dc0] profile High, level 3.1, 4:2:0, 8-bit
[libx264 @ 0000027c569f0dc0] 264 - core 164 r3192 c24e06c - H.264/MPEG-4 AVC codec - Copyleft 2003-2024 - http://www.videolan.org/x264.html - options: cabac=1 ref=3 deblock=1:0:0 analyse=0x3:0x113 me=hex subme=7 psy=1 psy_rd=1.00:0.00 mixed_ref=1 me_range=16 chroma_me=1 trellis=1 8x8dct=1 cqm=0 deadzone=21,11 fast_pskip=1 chroma_qp_offset=-2 threads=6 lookahead_threads=1 sliced_threads=0 nr=0 decimate=1 interlaced=0 bluray_compat=0 constrained_intra=0 bframes=3 b_pyramid=2 b_adapt=1 b_bias=0 direct=1 weightb=1 open_gop=0 weightp=2 keyint=250 keyint_min=5 scenecut=40 intra_refresh=0 rc_lookahead=40 rc=crf mbtree=1 crf=23.0 qcomp=0.60 qpmin=0 qpmax=69 qpstep=4 ip_ratio=1.40 aq=1:1.00
Output #0, mp4, to 'D:\a\comfy-gpu-ci\comfy-gpu-ci\comfy-test-logs\Sharp-0919\dev\windows-desktop\videos\sharp_exif\driver.mp4':
  Metadata:
    encoder         : Lavf61.7.100
  Stream #0:0: Video: h264 (avc1 / 0x31637661), yuv420p(tv, unknown/bt709/iec61966-2-1, progressive), 1008x682, q=2-31, 5 fps, 10240 tbn
      Metadata:
        encoder         : Lavc61.19.100 libx264
      Side data:
        cpb: bitrate max/min/avg: 0/0/0 buffer size: 0 vbv_delay: N/A
frame=    0 fps=0.0 q=0.0 size=       0KiB time=N/A bitrate=N/A speed=N/A    
frame=    0 fps=0.0 q=0.0 size=       0KiB time=N/A bitrate=N/A speed=N/A    
frame=    0 fps=0.0 q=0.0 size=       0KiB time=N/A bitrate=N/A speed=N/A    
frame=    0 fps=0.0 q=0.0 size=       0KiB time=N/A bitrate=N/A speed=N/A    
frame=    0 fps=0.0 q=0.0 size=       0KiB time=N/A bitrate=N/A speed=N/A    
frame=    0 fps=0.0 q=0.0 size=       0KiB time=N/A bitrate=N/A speed=N/A    
frame=    0 fps=0.0 q=0.0 size=       0KiB time=N/A bitrate=N/A speed=N/A    
frame=    0 fps=0.0 q=0.0 size=       0KiB time=N/A bitrate=N/A speed=N/A    
frame=    3 fps=0.6 q=23.0 size=       0KiB time=00:00:00.20 bitrate=   1.9kbits/s speed=0.0376x    
frame=    3 fps=0.5 q=23.0 size=       0KiB time=00:00:00.20 bitrate=   1.9kbits/s speed=0.0341x    
frame=    9 fps=1.4 q=23.0 size=       0KiB time=00:00:01.40 bitrate=   0.3kbits/s speed=0.218x    
frame=    9 fps=1.3 q=23.0 size=       0KiB time=00:00:01.40 bitrate=   0.3kbits/s speed=0.202x    
frame=   15 fps=2.0 q=23.0 size=       0KiB time=00:00:02.60 bitrate=   0.1kbits/s speed=0.347x    
frame=   19 fps=2.3 q=23.0 size=       0KiB time=00:00:03.40 bitrate=   0.1kbits/s speed=0.419x    
frame=   31 fps=3.3 q=23.0 size=       0KiB time=00:00:05.80 bitrate=   0.1kbits/s speed=0.62x    
frame=   37 fps=3.7 q=23.0 size=       0KiB time=00:00:07.00 bitrate=   0.1kbits/s speed=0.705x    
frame=   43 fps=4.0 q=23.0 size=       0KiB time=00:00:08.20 bitrate=   0.0kbits/s speed=0.762x    
frame=   49 fps=4.2 q=23.0 size=       0KiB time=00:00:09.40 bitrate=   0.0kbits/s speed=0.813x    
frame=   59 fps=4.6 q=23.0 size=       0KiB time=00:00:11.40 bitrate=   0.0kbits/s speed=0.89x    
frame=   71 fps=5.0 q=23.0 size=       0KiB time=00:00:13.80 bitrate=   0.0kbits/s speed=0.981x    
frame=   79 fps=5.2 q=23.0 size=       0KiB time=00:00:15.40 bitrate=   0.0kbits/s speed=1.01x    
frame=   85 fps=5.3 q=23.0 size=       0KiB time=00:00:16.60 bitrate=   0.0kbits/s speed=1.04x    
frame=   95 fps=5.5 q=23.0 size=       0KiB time=00:00:18.60 bitrate=   0.0kbits/s speed=1.08x    
frame=  107 fps=5.8 q=23.0 size=       0KiB time=00:00:21.00 bitrate=   0.0kbits/s speed=1.14x    
frame=  115 fps=5.9 q=23.0 size=       0KiB time=00:00:22.60 bitrate=   0.0kbits/s speed=1.16x    
frame=  119 fps=5.9 q=23.0 size=       0KiB time=00:00:23.40 bitrate=   0.0kbits/s speed=1.17x    
frame=  126 fps=6.0 q=23.0 size=       0KiB time=00:00:24.80 bitrate=   0.0kbits/s speed=1.18x    
frame=  134 fps=6.1 q=23.0 size=       0KiB time=00:00:26.40 bitrate=   0.0kbits/s speed= 1.2x    
frame=  141 fps=6.1 q=23.0 size=       0KiB time=00:00:27.80 bitrate=   0.0kbits/s speed=1.21x    
frame=  149 fps=6.2 q=23.0 size=       0KiB time=00:00:29.40 bitrate=   0.0kbits/s speed=1.22x    
frame=  157 fps=6.3 q=23.0 size=       0KiB time=00:00:31.00 bitrate=   0.0kbits/s speed=1.24x    
frame=  169 fps=6.5 q=23.0 size=       0KiB time=00:00:33.40 bitrate=   0.0kbits/s speed=1.29x    
frame=  177 fps=6.6 q=23.0 size=       0KiB time=00:00:35.00 bitrate=   0.0kbits/s speed=1.31x    
frame=  183 fps=6.6 q=23.0 size=       0KiB time=00:00:36.20 bitrate=   0.0kbits/s speed=1.31x    
frame=  191 fps=6.6 q=23.0 size=       0KiB time=00:00:37.80 bitrate=   0.0kbits/s speed=1.31x    
frame=  197 fps=6.7 q=23.0 size=       0KiB time=00:00:39.00 bitrate=   0.0kbits/s speed=1.33x    
frame=  205 fps=6.8 q=23.0 size=       0KiB time=00:00:40.60 bitrate=   0.0kbits/s speed=1.34x    
frame=  209 fps=6.7 q=23.0 size=       0KiB time=00:00:41.40 bitrate=   0.0kbits/s speed=1.34x    
frame=  215 fps=6.7 q=23.0 size=       0KiB time=00:00:42.60 bitrate=   0.0kbits/s speed=1.32x    
frame=  222 fps=6.7 q=23.0 size=       0KiB time=00:00:44.00 bitrate=   0.0kbits/s speed=1.33x    
frame=  229 fps=6.8 q=23.0 size=       0KiB time=00:00:45.40 bitrate=   0.0kbits/s speed=1.34x    
frame=  235 fps=6.8 q=23.0 size=       0KiB time=00:00:46.60 bitrate=   0.0kbits/s speed=1.34x    
frame=  241 fps=6.8 q=23.0 size=       0KiB time=00:00:47.80 bitrate=   0.0kbits/s speed=1.36x    
frame=  247 fps=6.8 q=23.0 size=       0KiB time=00:00:49.00 bitrate=   0.0kbits/s speed=1.35x    
frame=  250 fps=6.8 q=23.0 size=       0KiB time=00:00:49.60 bitrate=   0.0kbits/s speed=1.35x    
frame=  256 fps=6.8 q=23.0 size=       0KiB time=00:00:50.80 bitrate=   0.0kbits/s speed=1.36x    
frame=  260 fps=6.9 q=23.0 size=       0KiB time=00:00:51.60 bitrate=   0.0kbits/s speed=1.36x    
frame=  266 fps=6.9 q=23.0 size=       0KiB time=00:00:52.80 bitrate=   0.0kbits/s speed=1.37x    
frame=  272 fps=6.9 q=23.0 size=       0KiB time=00:00:54.00 bitrate=   0.0kbits/s speed=1.37x    
frame=  278 fps=6.9 q=23.0 size=       0KiB time=00:00:55.20 bitrate=   0.0kbits/s speed=1.36x    
frame=  286 fps=6.9 q=23.0 size=       0KiB time=00:00:56.80 bitrate=   0.0kbits/s speed=1.37x    
frame=  297 fps=7.0 q=23.0 size=       0KiB time=00:00:59.00 bitrate=   0.0kbits/s speed= 1.4x    
frame=  305 fps=7.1 q=23.0 size=       0KiB time=00:01:00.60 bitrate=   0.0kbits/s speed= 1.4x    
frame=  312 fps=7.1 q=23.0 size=       0KiB time=00:01:02.00 bitrate=   0.0kbits/s speed=1.41x    
frame=  320 fps=7.1 q=23.0 size=       0KiB time=00:01:03.60 bitrate=   0.0kbits/s speed=1.42x    
frame=  325 fps=7.1 q=23.0 size=       0KiB time=00:01:04.60 bitrate=   0.0kbits/s speed=1.42x    
frame=  332 fps=7.2 q=23.0 size=       0KiB time=00:01:06.00 bitrate=   0.0kbits/s speed=1.43x    
frame=  340 fps=7.2 q=23.0 size=       0KiB time=00:01:07.60 bitrate=   0.0kbits/s speed=1.43x    
frame=  345 fps=7.2 q=23.0 size=       0KiB time=00:01:08.60 bitrate=   0.0kbits/s speed=1.43x    
frame=  350 fps=7.2 q=23.0 size=       0KiB time=00:01:09.60 bitrate=   0.0kbits/s speed=1.44x    
frame=  356 fps=7.2 q=23.0 size=       0KiB time=00:01:10.80 bitrate=   0.0kbits/s speed=1.44x    
frame=  361 fps=7.2 q=23.0 size=       0KiB time=00:01:11.80 bitrate=   0.0kbits/s speed=1.44x    
frame=  372 fps=7.3 q=23.0 size=       0KiB time=00:01:14.00 bitrate=   0.0kbits/s speed=1.45x    
frame=  384 fps=7.3 q=23.0 size=       0KiB time=00:01:16.40 bitrate=   0.0kbits/s speed=1.46x    
frame=  390 fps=7.3 q=23.0 size=       0KiB time=00:01:17.60 bitrate=   0.0kbits/s speed=1.46x    
frame=  396 fps=7.4 q=23.0 size=       0KiB time=00:01:18.80 bitrate=   0.0kbits/s speed=1.46x    
frame=  402 fps=7.3 q=23.0 size=       0KiB time=00:01:20.00 bitrate=   0.0kbits/s speed=1.46x    
frame=  408 fps=7.3 q=23.0 size=       0KiB time=00:01:21.20 bitrate=   0.0kbits/s speed=1.46x    
frame=  413 fps=7.3 q=23.0 size=       0KiB time=00:01:22.20 bitrate=   0.0kbits/s speed=1.45x    
frame=  420 fps=7.2 q=23.0 size=       0KiB time=00:01:23.60 bitrate=   0.0kbits/s speed=1.44x    
frame=  432 fps=7.4 q=23.0 size=       0KiB time=00:01:26.00 bitrate=   0.0kbits/s speed=1.47x    
frame=  437 fps=7.4 q=23.0 size=       0KiB time=00:01:27.00 bitrate=   0.0kbits/s speed=1.47x    
frame=  443 fps=7.4 q=23.0 size=       0KiB time=00:01:28.20 bitrate=   0.0kbits/s speed=1.47x    
frame=  448 fps=7.4 q=23.0 size=       0KiB time=00:01:29.20 bitrate=   0.0kbits/s speed=1.48x    
frame=  460 fps=7.5 q=23.0 size=       0KiB time=N/A bitrate=N/A speed=N/A    
frame=  465 fps=7.5 q=23.0 size=       0KiB time=N/A bitrate=N/A speed=N/A    
frame=  478 fps=7.7 q=23.0 size=       0KiB time=N/A bitrate=N/A speed=N/A    
frame=  488 fps=7.8 q=23.0 size=       0KiB time=N/A bitrate=N/A speed=N/A    
frame=  496 fps=7.8 q=20.0 size=       0KiB time=N/A bitrate=N/A speed=N/A    
frame=  496 fps=7.8 q=20.0 size=       0KiB time=N/A bitrate=N/A speed=N/A    
frame=  506 fps=7.8 q=23.0 size=     256KiB time=N/A bitrate=N/A speed=N/A    
[out#0/mp4 @ 0000027c569f5740] video:264KiB audio:0KiB subtitle:0KiB other streams:0KiB global headers:0KiB muxing overhead: 2.587767%
frame=  514 fps=7.9 q=-1.0 Lsize=     271KiB time=00:01:42.40 bitrate=  21.7kbits/s speed=1.58x    
[libx264 @ 0000027c569f0dc0] frame I:4     Avg QP:10.44  size: 44623
[libx264 @ 0000027c569f0dc0] frame P:131   Avg QP:14.52  size:   280
[libx264 @ 0000027c569f0dc0] frame B:379   Avg QP:23.07  size:   145
[libx264 @ 0000027c569f0dc0] consecutive B-frames:  1.6%  0.4%  0.0% 98.1%
[libx264 @ 0000027c569f0dc0] mb I  I16..4: 49.4% 27.1% 23.5%
[libx264 @ 0000027c569f0dc0] mb P  I16..4:  0.2%  0.1%  0.1%  P16..4:  0.5%  0.0%  0.0%  0.0%  0.0%    skip:99.1%
[libx264 @ 0000027c569f0dc0] mb B  I16..4:  0.0%  0.0%  0.0%  B16..8:  4.3%  0.1%  0.0%  direct: 0.0%  skip:95.6%  L0:66.7% L1:33.3% BI: 0.0%
[libx264 @ 0000027c569f0dc0] 8x8 transform intra:25.7% inter:68.9%
[libx264 @ 0000027c569f0dc0] coded y,uvDC,uvAC intra: 35.4% 16.5% 13.5% inter: 0.0% 0.1% 0.0%
[libx264 @ 0000027c569f0dc0] i16 v,h,dc,p: 52% 46%  0%  2%
[libx264 @ 0000027c569f0dc0] i8 v,h,dc,ddl,ddr,vr,hd,vl,hu: 47% 12% 38%  0%  1%  0%  0%  0%  0%
[libx264 @ 0000027c569f0dc0] i4 v,h,dc,ddl,ddr,vr,hd,vl,hu: 35% 37% 12%  2%  2%  2%  3%  2%  3%
[libx264 @ 0000027c569f0dc0] i8c dc,h,v,p: 72% 17%  8%  2%
[libx264 @ 0000027c569f0dc0] Weighted P-Frames: Y:0.0% UV:0.0%
[libx264 @ 0000027c569f0dc0] ref P L0: 79.5%  0.9% 16.6%  3.0%
[libx264 @ 0000027c569f0dc0] ref B L0: 48.6% 51.0%  0.4%
[libx264 @ 0000027c569f0dc0] ref B L1: 97.5%  2.5%
[libx264 @ 0000027c569f0dc0] kb/s:21.02
[1843s]   videos/sharp_exif/driver.mp4 placed (frames 1026..1540)
[1843s]   screenshots/sharp_exif_executed.png skipped -- frame 1540 not on disk
[1844s]   removed D:\a\comfy-gpu-ci\comfy-gpu-ci\comfy-test-logs\Sharp-0919\dev\windows-desktop\debug\electron_inspect\frames after successful encode
