[2026-05-10 22:13:33.819] [info]  setup plugin alembic.autogenerate.schemas
setup plugin alembic.autogenerate.tables

[2026-05-10 22:13:33.820] [info]  setup plugin alembic.autogenerate.types
setup plugin alembic.autogenerate.constraints
setup plugin alembic.autogenerate.defaults
setup plugin alembic.autogenerate.comments

[2026-05-10 22:13:34.022] [info]  comfy-aimdo os not supported Darwin
NOTE: comfy-aimdo is currently only support for Windows and Linux

[2026-05-10 22:13:34.354] [info]  Adding extra search path custom_nodes /Users/runner/Documents/ComfyUI/custom_nodes
Adding extra search path download_model_base /Users/runner/Documents/ComfyUI/models
Adding extra search path custom_nodes /Users/runner/.comfy-test-cache/desktop/ComfyUI.app/Contents/Resources/ComfyUI/custom_nodes
Setting output directory to: /Users/runner/Documents/ComfyUI/output
Setting input directory to: /Users/runner/Documents/ComfyUI/input
Setting user directory to: /Users/runner/Documents/ComfyUI/user

[2026-05-10 22:13:35.934] [info]  [START] Security scan
[DONE] Security scan
** ComfyUI startup time: 2026-05-10 22:13:35.934
** Platform: 
[2026-05-10 22:13:35.935] [info]  Darwin
** Python version: 3.12.11 (main, Aug 18 2025, 19:02:39) [Clang 20.1.4 ]
** Python executable: /Users/runner/Documents/ComfyUI/.venv/bin/python
** ComfyUI Path: /Users/runner/.comfy-test-cache/desktop/ComfyUI.app/Contents/Resources/ComfyUI
** ComfyUI Base Folder Path: /Users/runner/.comfy-test-cache/desktop/ComfyUI.app/Contents/Resources/ComfyUI
** User directory: /Users/runner/Documents/ComfyUI/user
** ComfyUI-Manager config path: /Users/runner/Documents/ComfyUI/user/__manager/config.ini
** Log path: /Users/runner/Documents/ComfyUI/user/comfyui.log

[2026-05-10 22:13:36.527] [info]  [ComfyUI-Manager] Skipped fixing the 'comfyui-frontend-package' dependency because the ComfyUI is outdated.

[2026-05-10 22:13:36.527] [info]  [PRE] ComfyUI-Manager

[2026-05-10 22:13:44.637] [info]  Found comfy_kitchen backend cuda: {'available': False, 'disabled': True, 'unavailable_reason': 'Extension file not found: /Users/runner/Documents/ComfyUI/.venv/lib/python3.12/site-packages/comfy_kitchen/backends/cuda/_C.abi3.so', 'capabilities': []}
Found comfy_kitchen backend triton: {'available': False, 'disabled': True, 'unavailable_reason': "ImportError: No module named 'triton'", 'capabilities': []}

[2026-05-10 22:13:44.640] [info]  Found comfy_kitchen backend eager: {'available': True, 'disabled': False, 'unavailable_reason': None, 'capabilities': ['apply_rope', 'apply_rope1', 'dequantize_mxfp8', 'dequantize_nvfp4', 'dequantize_per_tensor_fp8', 'quantize_mxfp8', 'quantize_nvfp4', 'quantize_per_tensor_fp8', 'scaled_mm_mxfp8', 'scaled_mm_nvfp4']}

[2026-05-10 22:13:44.718] [info]  Checkpoint files will always be loaded safely.

[2026-05-10 22:13:44.848] [info]  Total VRAM 7168 MB, total RAM 7168 MB
pytorch version: 2.10.0

[2026-05-10 22:13:44.862] [info]  Mac Version (15, 7, 4)

[2026-05-10 22:13:44.864] [info]  Set vram state to: SHARED
Device: mps

[2026-05-10 22:13:46.416] [info]  Using sub quadratic optimization for attention, if you have memory or speed issues try using: --use-split-cross-attention

[2026-05-10 22:13:52.085] [info]  Python version: 3.12.11 (main, Aug 18 2025, 19:02:39) [Clang 20.1.4 ]

[2026-05-10 22:13:52.087] [info]  ComfyUI version: 0.20.1
comfy-aimdo version: 0.2.14
comfy-kitchen version: 0.2.8

[2026-05-10 22:13:52.087] [info]  [Prompt Server] web root: /Users/runner/.comfy-test-cache/desktop/ComfyUI.app/Contents/Resources/ComfyUI/web_custom_versions/desktop_app

[2026-05-10 22:13:52.088] [info]  Asset seeder disabled

[2026-05-10 22:13:52.088] [info]  [START] ComfyUI-Manager

[2026-05-10 22:13:52.358] [info]  [ComfyUI-Manager] Using GitPython backend

[2026-05-10 22:13:52.446] [info]  [ComfyUI-Manager] network_mode: public

[2026-05-10 22:13:52.455] [info]  [ComfyUI-Manager] The matrix sharing feature has been disabled because the `matrix-nio` dependency is not installed.
	To use this feature, please run the following command:
	/Users/runner/Documents/ComfyUI/.venv/bin/python -m pip install matrix-nio


[2026-05-10 22:13:54.926] [info]  
Import times for custom nodes:

[2026-05-10 22:13:54.927] [info]     0.0 seconds: /Users/runner/.comfy-test-cache/desktop/ComfyUI.app/Contents/Resources/ComfyUI/custom_nodes/websocket_image_save.py


[2026-05-10 22:13:54.942] [info]  Context impl SQLiteImpl.

[2026-05-10 22:13:54.943] [info]  Will assume non-transactional DDL.

[2026-05-10 22:13:54.954] [info]  Context impl SQLiteImpl.
Will assume non-transactional DDL.

[2026-05-10 22:13:54.959] [info]  Running upgrade  -> 0001_assets, Initial assets schema
Revision ID: 0001_assets
Revises: None
Create Date: 2025-12-10 00:00:00

[2026-05-10 22:13:54.989] [info]  Running upgrade 0001_assets -> 0002_merge_to_asset_references, Merge AssetInfo and AssetCacheState into unified asset_references table.

[2026-05-10 22:13:55.015] [info]  Running upgrade 0002_merge_to_asset_references -> 0003_add_metadata_job_id, Add system_metadata and job_id columns to asset_references.
Change preview_id FK from assets.id to asset_references.id.

[2026-05-10 22:13:55.040] [info]  Database upgraded from None to 0003_add_metadata_job_id

[2026-05-10 22:13:55.086] [info]  Starting server


[2026-05-10 22:13:55.087] [info]  To see the GUI go to: http://127.0.0.1:8000

[2026-05-10 22:15:09.955] [info]  [ComfyUI-Manager] Using uv as Python module for pip operations.

[2026-05-10 22:15:11.132] [error]   0%|          | 0.00/23.0M [00:00<?, ?B/s]
[2026-05-10 22:15:11.324] [error]  27%|██▋       | 6.29M/23.0M [00:00<00:00, 33.0MB/s]
[2026-05-10 22:15:11.668] [error]  55%|█████▍    | 12.6M/23.0M [00:00<00:00, 22.4MB/s]
[2026-05-10 22:15:11.924] [error]  82%|████████▏ | 18.9M/23.0M [00:00<00:00, 23.3MB/s]
[2026-05-10 22:15:11.980] [error] 100%|██████████| 23.0M/23.0M [00:00<00:00, 27.1MB/s]
[2026-05-10 22:15:11.981] [error] 

[2026-05-10 22:15:12.040] [info]  Extracted zip file to /Users/runner/Documents/ComfyUI/custom_nodes/comfyui-sharp

[2026-05-10 22:15:12.049] [info]  Install: pip packages

[2026-05-10 22:15:12.110] [info]  
## ComfyUI-Manager: EXECUTE => 
['/Users/runner/Documents/ComfyUI/.venv/bin/python', '-m', 'uv', 'pip', 
'install', 'comfy-env==0.3.82']

[2026-05-10 22:15:12.166] [error] [!]
[2026-05-10 22:15:12.167] [error]  Using Python 3.12.11 environment at: /Users/runner/Documents/ComfyUI/.venv

[2026-05-10 22:15:12.469] [error] [!]
[2026-05-10 22:15:12.471] [error]  Resolved 16 packages in 279ms

[2026-05-10 22:15:12.488] [error] [!] Downloading virtualenv (7.2MiB)

[2026-05-10 22:15:12.705] [error] [!] 
[2026-05-10 22:15:12.707] [error]  Downloaded virtualenv
[!] Prepared 12 packages in 234ms

[2026-05-10 22:15:12.719] [error] [!] Uninstalled 1 package in 11ms

[2026-05-10 22:15:12.796] [error] [!] Installed 12 packages in 76ms

[2026-05-10 22:15:12.799] [error] [!]
[2026-05-10 22:15:12.801] [error]   + cfgv==3.5.0
[!]  + comfy-env==0.3.82
[!]  + distlib==0.4.0
[!]  - filelock==3.20.3
[!]  + filelock==3.29.0
[!]  + identify==2.6.19
[!]  + nodeenv==1.10.0
[!]  + platformdirs==4.9.6
[!] 
[2026-05-10 22:15:12.803] [error]  + pre-commit==4.6.0
[!]  + python-discovery==1.3.0
[!]  + tomli==2.4.1
[!]  + tomli-w==1.2.0
[!]  + virtualenv==21.3.1

[2026-05-10 22:15:12.808] [info]  
## ComfyUI-Manager: EXECUTE => 
['/Users/runner/Documents/ComfyUI/.venv/bin/python', '-m', 'uv', 'pip', 
'install', 'comfy-3d-viewers==0.2.44']

[2026-05-10 22:15:12.907] [error] [!] Using Python 3.12.11 environment at: /Users/runner/Documents/ComfyUI/.venv

[2026-05-10 22:15:13.018] [error] [!] Resolved 1 package in 97ms

[2026-05-10 22:15:13.068] [error] [!] Downloading comfy-3d-viewers (1.2MiB)

[2026-05-10 22:15:13.092] [error] [!]
[2026-05-10 22:15:13.094] [error]   Downloaded comfy-3d-viewers
[!] Prepared 1 package in 75ms

[2026-05-10 22:15:13.128] [error] [!] 
[2026-05-10 22:15:13.131] [error] Installed 1 package in 34ms
[!]  + comfy-3d-viewers==0.2.44

[2026-05-10 22:15:13.202] [info]  [ComfyUI-Manager] Skipped fixing the 'comfyui-frontend-package' dependency because the ComfyUI is outdated.

[2026-05-10 22:15:13.205] [info]  Install: install script

[2026-05-10 22:15:13.205] [info]  
## ComfyUI-Manager: EXECUTE => 
['/Users/runner/Documents/ComfyUI/.venv/bin/python', 'install.py']

[2026-05-10 22:15:13.638] [info]   
 Installing 1 node dependencies...
   Cloning ComfyUI-GeometryPack...

[2026-05-10 22:15:15.912] [info]   
[2026-05-10 22:15:15.915] [info]    Installing requirements for ComfyUI-GeometryPack...

[2026-05-10 22:15:16.618] [info]     Running install.py for ComfyUI-GeometryPack...

[2026-05-10 22:15:16.814] [error] [!] [comfy-env] pixi not found, downloading...

[2026-05-10 22:15:17.917] [error] [!] [comfy-env] pixi installed: /Users/runner/.pixi/bin/pixi

[2026-05-10 22:15:17.919] [info]   [comfy-env] _discover: scanning /Users/runner/Documents/ComfyUI/custom_nodes

[2026-05-10 22:15:17.931] [info]   [comfy-env] _discover: ComfyUI-GeometryPack -> geometrypack-nodes (custom_nodes/ComfyUI-GeometryPack/nodes/comfy-env.toml)

[2026-05-10 22:15:17.933] [info]   [comfy-env] _discover: comfyui-sharp -> sharp-nodes (custom_nodes/comfyui-sharp/nodes/comfy-env.toml)

[2026-05-10 22:15:17.935] [info]   [comfy-env] Workspace: /Users/runner/.ce
 [comfy-env] ComfyUI: /Users/runner/Documents/ComfyUI

[2026-05-10 22:15:17.941] [info]   [comfy-env] Found 2 node config(s):
   - geometrypack-nodes <- custom_nodes/ComfyUI-GeometryPack/nodes/comfy-env.toml (python=host)
   - sharp-nodes <- custom_nodes/comfyui-sharp/nodes/comfy-env.toml (python=host)

[2026-05-10 22:15:17.943] [info]   [comfy-env] Bootstrap interpreter has python 3.12 + torch 2.10.0 (cpu). Looking for cuda-only wheels matching cpu/torch2.10/cp312.

[2026-05-10 22:15:17.950] [info]   [comfy-env] Desktop app detected: source=/Users/runner/.comfy-test-cache/desktop/ComfyUI.app/Contents/Resources/ComfyUI, data=/Users/runner/Documents/ComfyUI

[2026-05-10 22:15:17.963] [info]   Generated /Users/runner/.ce/pixi.toml
 [comfy-env] Installing 2 environment(s):
   - geometrypack-nodes (python=host, 14 pypi deps, 1 cuda wheels)
   - sharp-nodes (python=host, 9 pypi deps)
 [comfy-env] Running `pixi install -e geometrypack-nodes -e sharp-nodes`...

[2026-05-10 22:15:31.444] [info]  FETCH ComfyRegistry Data [DONE]

[2026-05-10 22:15:31.710] [info]  [ComfyUI-Manager] default cache updated: https://api.comfy.org/nodes

[2026-05-10 22:15:31.732] [info]  FETCH DATA from: /Users/runner/Documents/ComfyUI/user/__manager/cache/1514988643_custom-node-list.json
[2026-05-10 22:15:31.751] [info]   [DONE]
[2026-05-10 22:15:31.768] [info]  

[2026-05-10 22:15:31.794] [info]  [ComfyUI-Manager] All startup tasks have been completed.

[2026-05-10 22:15:32.177] [info]      WARN Skipped running the post-link scripts because `run-post-link-scripts` = `false`

[2026-05-10 22:15:32.181] [info]     	- bin/.librsvg-pre-unlink.sh
   To enable them, run:
   	pixi config set --local run-post-link-scripts insecure
   More info:

[2026-05-10 22:15:32.183] [info]     	https://pixi.sh/latest/reference/pixi_configuration/#run-post-link-scripts

[2026-05-10 22:16:07.438] [info]      WARN Skipped running the post-link scripts because `run-post-link-scripts` = `false`
   	- bin/.librsvg-pre-unlink.sh
   To enable them, run:
   	pixi config set --local run-post-link-scripts insecure
   More info:
   	https://pixi.sh/latest/reference/pixi_configuration/#run-post-link-scripts

[2026-05-10 22:16:12.319] [info]   
[2026-05-10 22:16:12.321] [info]    ✔ The following environments have been installed: geometrypack-nodes, sharp-nodes.

[2026-05-10 22:16:12.530] [info]   
[2026-05-10 22:16:12.530] [info]  [comfy-env] geometrypack-nodes: deduped libomp

[2026-05-10 22:16:12.600] [info]   [comfy-env] sharp-nodes: deduped libomp

[2026-05-10 22:16:12.603] [info]   [comfy-env] Install log: /Users/runner/.ce/install.log

[2026-05-10 22:16:12.605] [info]   
 Installation complete!

[2026-05-10 22:16:12.687] [info]   

[2026-05-10 22:16:12.688] [info]   [requirements] Re-installing main package requirements...
   Installing requirements for comfyui-sharp...

[2026-05-10 22:16:12.903] [info]   [comfy-env] _discover: scanning /Users/runner/Documents/ComfyUI/custom_nodes

[2026-05-10 22:16:12.918] [info]   [comfy-env] _discover: ComfyUI-GeometryPack -> geometrypack-nodes (custom_nodes/ComfyUI-GeometryPack/nodes/comfy-env.toml)

[2026-05-10 22:16:12.920] [info]   [comfy-env] _discover: comfyui-sharp -> sharp-nodes (custom_nodes/comfyui-sharp/nodes/comfy-env.toml)

[2026-05-10 22:16:12.921] [info]   [comfy-env] Workspace: /Users/runner/.ce
 [comfy-env] ComfyUI: /Users/runner/Documents/ComfyUI
 [comfy-env] Found 2 node config(s):
   - geometrypack-nodes <- custom_nodes/ComfyUI-GeometryPack/nodes/comfy-env.toml (python=host)
   - sharp-nodes <- custom_nodes/comfyui-sharp/nodes/comfy-env.toml (python=host)

[2026-05-10 22:16:12.930] [info]   [comfy-env] Bootstrap interpreter has python 3.12 + torch 2.10.0 (cpu). Looking for cuda-only wheels matching cpu/torch2.10/cp312.

[2026-05-10 22:16:12.934] [info]   [comfy-env] Desktop app detected: source=/Users/runner/.comfy-test-cache/desktop/ComfyUI.app/Contents/Resources/ComfyUI, data=/Users/runner/Documents/ComfyUI

[2026-05-10 22:16:12.941] [info]   Generated /Users/runner/.ce/pixi.toml
 [comfy-env] Installing 2 environment(s):
   - geometrypack-nodes (python=host, 14 pypi deps, 1 cuda wheels)
   - sharp-nodes (python=host, 9 pypi deps)
 [comfy-env] Running `pixi install -e geometrypack-nodes -e sharp-nodes`...

[2026-05-10 22:16:13.052] [info]     ✔ The following environments have been installed: geometrypack-nodes, sharp-nodes.

[2026-05-10 22:16:13.069] [info]   
[2026-05-10 22:16:13.070] [info]  [comfy-env] geometrypack-nodes: deduped libomp

[2026-05-10 22:16:13.074] [info]   
[2026-05-10 22:16:13.075] [info]  [comfy-env] sharp-nodes: deduped libomp
 [comfy-env] Install log: /Users/runner/.ce/install.log
 
 Installation complete!

[2026-05-10 22:16:14.515] [info]  
Restarting... [Legacy Mode]


Command: ['/Users/runner/Documents/ComfyUI/.venv/bin/python', '/Users/runner/.comfy-test-cache/desktop/ComfyUI.app/Contents/Resources/ComfyUI/main.py', '--user-directory', '/Users/runner/Documents/ComfyUI/user', '--input-directory', '/Users/runner/Documents/ComfyUI/input', '--output-directory', '/Users/runner/Documents/ComfyUI/output', '--front-end-root', '/Users/runner/.comfy-test-cache/desktop/ComfyUI.app/Contents/Resources/ComfyUI/web_custom_versions/desktop_app', '--base-directory', '/Users/runner/Documents/ComfyUI', '--database-url', 'sqlite:////Users/runner/Documents/ComfyUI/user/comfyui.db', '--extra-model-paths-config', '/Users/runner/Library/Application Support/ComfyUI/extra_models_config.yaml', '--log-stdout', '--listen', '127.0.0.1', '--port', '8000', '--enable-manager']

[2026-05-10 22:16:14.588] [error] /Users/runner/.local/share/uv/python/cpython-3.12.11-macos-aarch64-none/lib/python3.12/multiprocessing/resource_tracker.py:279: UserWarning: resource_tracker: There appear to be 1 leaked semaphore objects to clean up at shutdown
  warnings.warn('resource_tracker: There appear to be %d '

[2026-05-10 22:16:15.117] [info]  setup plugin alembic.autogenerate.schemas
setup plugin alembic.autogenerate.tables

[2026-05-10 22:16:15.118] [info]  setup plugin alembic.autogenerate.types
setup plugin alembic.autogenerate.constraints
setup plugin alembic.autogenerate.defaults
setup plugin alembic.autogenerate.comments

[2026-05-10 22:16:15.205] [info]  comfy-aimdo os not supported Darwin
NOTE: comfy-aimdo is currently only support for Windows and Linux

[2026-05-10 22:16:15.341] [info]  Adding extra search path custom_nodes /Users/runner/Documents/ComfyUI/custom_nodes
Adding extra search path download_model_base /Users/runner/Documents/ComfyUI/models
Adding extra search path custom_nodes /Users/runner/.comfy-test-cache/desktop/ComfyUI.app/Contents/Resources/ComfyUI/custom_nodes
Setting output directory to: /Users/runner/Documents/ComfyUI/output
Setting input directory to: /Users/runner/Documents/ComfyUI/input
Setting user directory to: /Users/runner/Documents/ComfyUI/user

[2026-05-10 22:16:15.683] [info]  [START] Security scan
[ComfyUI-Manager] Using uv as Python module for pip operations.

[2026-05-10 22:16:15.750] [info]  [DONE] Security scan
** ComfyUI startup time: 2026-05-10 22:16:15.749
[2026-05-10 22:16:15.751] [info]  
** Platform: Darwin
** Python version: 3.12.11 (main, Aug 18 2025, 19:02:39) [Clang 20.1.4 ]
** Python executable: /Users/runner/Documents/ComfyUI/.venv/bin/python
** ComfyUI Path: /Users/runner/.comfy-test-cache/desktop/ComfyUI.app/Contents/Resources/ComfyUI
** ComfyUI Base Folder Path: /Users/runner/.comfy-test-cache/desktop/ComfyUI.app/Contents/Resources/ComfyUI
** User directory: /Users/runner/Documents/ComfyUI/user
** ComfyUI-Manager config path: /Users/runner/Documents/ComfyUI/user/__manager/config.ini
** Log path: /Users/runner/Documents/ComfyUI/user/comfyui.log

[2026-05-10 22:16:15.858] [info]  [ComfyUI-Manager] Skipped fixing the 'comfyui-frontend-package' dependency because the ComfyUI is outdated.
[PRE] ComfyUI-Manager

[2026-05-10 22:16:16.137] [error] [comfy-env] comfyui-sharp: 1 isolation env(s):

[2026-05-10 22:16:16.138] [error] [comfy-env]   nodes -> /Users/runner/Documents/ComfyUI/custom_nodes/comfyui-sharp/nodes

[2026-05-10 22:16:17.233] [error] [comfy-env] prestartup complete

[2026-05-10 22:16:17.329] [error] [comfy-env] ComfyUI-GeometryPack: 1 isolation env(s):

[2026-05-10 22:16:17.330] [error] [comfy-env]   nodes -> /Users/runner/Documents/ComfyUI/custom_nodes/ComfyUI-GeometryPack/nodes

[2026-05-10 22:16:17.334] [error] [comfy-env] prestartup complete

[2026-05-10 22:16:17.661] [info]  WARNING: Potential Error in code: Torch already imported, torch should never be imported before this point.

[2026-05-10 22:16:19.053] [info]  Found comfy_kitchen backend triton: {'available': False, 'disabled': True, 'unavailable_reason': "ImportError: No module named 'triton'", 'capabilities': []}

[2026-05-10 22:16:19.054] [info]  Found comfy_kitchen backend cuda: {'available': False, 'disabled': True, 'unavailable_reason': 'Extension file not found: /Users/runner/Documents/ComfyUI/.venv/lib/python3.12/site-packages/comfy_kitchen/backends/cuda/_C.abi3.so', 'capabilities': []}
Found comfy_kitchen backend eager: {'available': True, 'disabled': False, 'unavailable_reason': None, 'capabilities': ['apply_rope', 'apply_rope1', 'dequantize_mxfp8', 'dequantize_nvfp4', 'dequantize_per_tensor_fp8', 'quantize_mxfp8', 'quantize_nvfp4', 'quantize_per_tensor_fp8', 'scaled_mm_mxfp8', 'scaled_mm_nvfp4']}

[2026-05-10 22:16:19.062] [info]  Checkpoint files will always be loaded safely.

[2026-05-10 22:16:19.099] [info]  Total VRAM 7168 MB, total RAM 7168 MB
pytorch version: 2.10.0

[2026-05-10 22:16:19.104] [info]  Mac Version (15, 7, 4)

[2026-05-10 22:16:19.105] [info]  Set vram state to: SHARED
Device: mps

[2026-05-10 22:16:19.493] [info]  Using sub quadratic optimization for attention, if you have memory or speed issues try using: --use-split-cross-attention

[2026-05-10 22:16:22.595] [info]  Python version: 3.12.11 (main, Aug 18 2025, 19:02:39) [Clang 20.1.4 ]

[2026-05-10 22:16:22.596] [info]  ComfyUI version: 0.20.1
comfy-aimdo version: 0.2.14

[2026-05-10 22:16:22.599] [info]  comfy-kitchen version: 0.2.8

[2026-05-10 22:16:22.605] [info]  [Prompt Server] web root: /Users/runner/.comfy-test-cache/desktop/ComfyUI.app/Contents/Resources/ComfyUI/web_custom_versions/desktop_app

[2026-05-10 22:16:22.608] [info]  Asset seeder disabled

[2026-05-10 22:16:22.610] [info]  [START] ComfyUI-Manager

[2026-05-10 22:16:22.760] [info]  [ComfyUI-Manager] Using GitPython backend

[2026-05-10 22:16:22.795] [info]  [ComfyUI-Manager] network_mode: public

[2026-05-10 22:16:22.800] [info]  [ComfyUI-Manager] The matrix sharing feature has been disabled because the `matrix-nio` dependency is not installed.
	To use this feature, please run the following command:
	/Users/runner/Documents/ComfyUI/.venv/bin/python -m pip install matrix-nio


[2026-05-10 22:16:24.242] [error] [comfy-env] Version: 0.3.82
[2026-05-10 22:16:24.244] [error] 

[2026-05-10 22:16:24.461] [error] [comfy-env] register_nodes: comfyui-sharp
[2026-05-10 22:16:24.462] [error] 

[2026-05-10 22:16:24.463] [error] [comfy-env] ComfyUI source dir: /Users/runner/.comfy-test-cache/desktop/ComfyUI.app/Contents/Resources/ComfyUI

[2026-05-10 22:16:24.469] [error] [comfy-env] Scanning nodes metadata (isolation root)...
[2026-05-10 22:16:24.470] [error] 

[2026-05-10 22:16:32.091] [error] [comfy-env] Scanned nodes: 8 nodes (7.6s)
[2026-05-10 22:16:32.094] [error] 

[2026-05-10 22:16:32.096] [error] [comfy-env] Scanned nodes root: 8 nodes (7.6s)

[2026-05-10 22:16:32.099] [error] [comfy-env] Imported nodes root: 8 nodes (isolation)
[comfy-env] Registered 8 total nodes
[2026-05-10 22:16:32.100] [error] 

[2026-05-10 22:16:32.109] [info]  loading...

[2026-05-10 22:16:32.111] [info]  calling register_nodes

[2026-05-10 22:16:32.114] [error] [comfy-env] Version: 0.3.82

[2026-05-10 22:16:32.216] [error] [comfy-env] register_nodes: ComfyUI-GeometryPack
[2026-05-10 22:16:32.218] [error] 

[2026-05-10 22:16:32.224] [error] [comfy-env] ComfyUI source dir: /Users/runner/.comfy-test-cache/desktop/ComfyUI.app/Contents/Resources/ComfyUI

[2026-05-10 22:16:32.268] [error] [comfy-env] Scanning nodes metadata (isolation root)...

[2026-05-10 22:16:47.716] [error] [comfy-env] Scanned nodes: 125 nodes (15.4s)

[2026-05-10 22:16:47.732] [error] [comfy-env] Scanned nodes root: 125 nodes (15.4s)

[2026-05-10 22:16:47.734] [error] [comfy-env] Imported nodes root: 125 nodes (isolation)
[2026-05-10 22:16:47.736] [error] 

[2026-05-10 22:16:47.737] [error] [comfy-env] Registered 125 total nodes

[2026-05-10 22:16:47.764] [info]  
Import times for custom nodes:

[2026-05-10 22:16:47.767] [info]     0.0 seconds: /Users/runner/.comfy-test-cache/desktop/ComfyUI.app/Contents/Resources/ComfyUI/custom_nodes/websocket_image_save.py
   7.9 seconds: /Users/runner/Documents/ComfyUI/custom_nodes/comfyui-sharp
  15.6 seconds: /Users/runner/Documents/ComfyUI/custom_nodes/ComfyUI-GeometryPack


[2026-05-10 22:16:47.790] [info]  Context impl SQLiteImpl.

[2026-05-10 22:16:47.791] [info]  Will assume non-transactional DDL.

[2026-05-10 22:16:47.989] [info]  Starting server


[2026-05-10 22:16:47.992] [info]  To see the GUI go to: http://127.0.0.1:8000

[2026-05-10 22:16:51.660] [info]  [ComfyUI-Manager] The ComfyRegistry cache update is still in progress, so an outdated cache is being used.

[2026-05-10 22:16:51.734] [info]  FETCH DATA from: /Users/runner/Documents/ComfyUI/.venv/lib/python3.12/site-packages/comfyui_manager/custom-node-list.json
[2026-05-10 22:16:51.754] [info]   [DONE]
[2026-05-10 22:16:51.756] [info]  

[2026-05-10 22:16:55.632] [info]  [ComfyUI-Manager] The ComfyRegistry cache update is still in progress, so an outdated cache is being used.

[2026-05-10 22:16:55.723] [info]  FETCH DATA from: /Users/runner/Documents/ComfyUI/.venv/lib/python3.12/site-packages/comfyui_manager/custom-node-list.json
[2026-05-10 22:16:55.759] [info]   [DONE]
[2026-05-10 22:16:55.760] [info]  

[2026-05-10 22:17:00.994] [info]  [ComfyUI-Manager] The ComfyRegistry cache update is still in progress, so an outdated cache is being used.

[2026-05-10 22:17:01.047] [info]  FETCH DATA from: /Users/runner/Documents/ComfyUI/.venv/lib/python3.12/site-packages/comfyui_manager/custom-node-list.json
[2026-05-10 22:17:01.064] [info]   [DONE]

[2026-05-10 22:17:23.141] [info]  got prompt

[2026-05-10 22:17:23.498] [info]  [comfyui-sharp] python: /Users/runner/.ce/.pixi/envs/sharp-nodes/bin/python
[2026-05-10 22:17:23.499] [info]  

[2026-05-10 22:17:23.501] [info]  [comfyui-sharp] sys_path sent to worker: ['/Users/runner/.comfy-test-cache/desktop/ComfyUI.app/Contents/Resources/ComfyUI', '/Users/runner/Documents/ComfyUI/custom_nodes/comfyui-sharp', '/Users/runner/.ce/.pixi/envs/sharp-nodes/lib/python3.1/site-packages', '/Users/runner/Documents/ComfyUI/custom_nodes/comfyui-sharp']

[2026-05-10 22:17:26.312] [error] [worker:comfyui-sharp] ERROR: Failed to import comfy_kitchen, Error: No module named 'comfy_kitchen', fp8 and fp4 support will not be available.

[2026-05-10 22:17:27.961] [error] Warning: You are sending unauthenticated requests to the HF Hub. Please set a HF_TOKEN to enable higher rate limits and faster downloads.

[2026-05-10 22:17:27.963] [error] [worker:comfyui-sharp] WARNING: Warning: You are sending unauthenticated requests to the HF Hub. Please set a HF_TOKEN to enable higher rate limits and faster downloads.

[2026-05-10 22:17:28.127] [error] sharp_2572gikvuh.pt:   0%|          | 0.00/2.81G [00:00<?, ?B/s]
[2026-05-10 22:17:34.185] [error] sharp_2572gikvuh.pt:  10%|█         | 292M/2.81G [00:06<00:52, 48.4MB/s]
[2026-05-10 22:17:34.926] [error] sharp_2572gikvuh.pt:  18%|█▊        | 494M/2.81G [00:06<00:28, 81.6MB/s]
[2026-05-10 22:17:35.899] [error] sharp_2572gikvuh.pt:  20%|█▉        | 561M/2.81G [00:07<00:28, 78.6MB/s]
[2026-05-10 22:17:48.190] [error] sharp_2572gikvuh.pt:  20%|█▉        | 561M/2.81G [00:20<00:28, 78.6MB/s]
[2026-05-10 22:17:48.222] [error] sharp_2572gikvuh.pt:  25%|██▍       | 695M/2.81G [00:20<01:25, 24.7MB/s]
[2026-05-10 22:17:50.689] [error] sharp_2572gikvuh.pt:  32%|███▏      | 896M/2.81G [00:22<00:54, 35.2MB/s]
[2026-05-10 22:17:53.043] [error] sharp_2572gikvuh.pt:  44%|████▍     | 1.23G/2.81G [00:24<00:27, 57.0MB/s]
[2026-05-10 22:17:54.203] [error] sharp_2572gikvuh.pt:  56%|█████▌    | 1.57G/2.81G [00:26<00:14, 85.6MB/s]
[2026-05-10 22:17:54.669] [error] sharp_2572gikvuh.pt:  58%|█████▊    | 1.63G/2.81G [00:26<00:13, 89.4MB/s]
[2026-05-10 22:17:56.159] [error] sharp_2572gikvuh.pt:  75%|███████▍  | 2.10G/2.81G [00:28<00:04, 142MB/s] 
[2026-05-10 22:17:57.905] [error] sharp_2572gikvuh.pt: 100%|██████████| 2.81G/2.81G [00:29<00:00, 216MB/s]
[2026-05-10 22:17:57.912] [error] sharp_2572gikvuh.pt: 100%|██████████| 2.81G/2.81G [00:29<00:00, 94.3MB/s]

[2026-05-10 22:17:57.973] [error] [comfyui-sharp] Health check: ping (timeout=5.0s)...
[2026-05-10 22:17:57.983] [error] 
[comfyui-sharp] Health check: ok

[2026-05-10 22:18:00.697] [error] [worker:comfyui-sharp] WARNING: No comfy kitchen, using old apply_rope functions.

[2026-05-10 22:18:07.930] [info]  FETCH ComfyRegistry Data [DONE]

[2026-05-10 22:18:09.185] [info]  [ComfyUI-Manager] default cache updated: https://api.comfy.org/nodes

[2026-05-10 22:18:10.463] [info]  FETCH DATA from: /Users/runner/Documents/ComfyUI/user/__manager/cache/1514988643_custom-node-list.json
[2026-05-10 22:18:10.849] [info]   [DONE]

[2026-05-10 22:18:10.997] [info]  [ComfyUI-Manager] All startup tasks have been completed.

[2026-05-10 22:18:35.479] [error] [worker:comfyui-sharp] WARNING: [SPN] start: 0.00 GB, input=[1, 3, 1536, 1536]
[2026-05-10 22:18:35.492] [error] 
[worker:comfyui-sharp] WARNING: [SPN] patches: 0.00 GB, x0=25 x1=9 x2=1 total=35

[2026-05-10 22:18:40.008] [error] [worker:comfyui-sharp] WARNING: [SPN] after first chunk (4/35): 0.00 GB, chunk_size=4
[2026-05-10 22:18:40.018] [error] 

[2026-05-10 22:18:53.468] [error] [worker:comfyui-sharp] WARNING: [SPN] after all chunks + cache clear: 0.00 GB
[2026-05-10 22:18:53.481] [error] 
[worker:comfyui-sharp] WARNING: [SPN] after merge intermediates: 0.00 GB

[2026-05-10 22:18:53.484] [error] [worker:comfyui-sharp] WARNING: [SPN] after merge all: 0.00 GB
[2026-05-10 22:18:53.493] [error] 

[2026-05-10 22:18:54.332] [error] [worker:comfyui-sharp] WARNING: [SPN] after image_encoder: 0.00 GB

[2026-05-10 22:19:10.166] [error] [worker:comfyui-sharp] WARNING: [SPN] after upsample: 0.00 GB

[2026-05-10 22:19:14.421] [error] [worker:comfyui-sharp] WARNING: [Monodepth] after SPN encoder + cache clear: 0.00 GB

[2026-05-10 22:19:53.850] [error] [worker:comfyui-sharp] WARNING: [Monodepth] after decoder: 0.00 GB

[2026-05-10 22:20:46.496] [error] [worker:comfyui-sharp] WARNING: [Decode] start: 0.00 GB

[2026-05-10 22:20:47.235] [error] [worker:comfyui-sharp] WARNING: [Decode] after depth_alignment: 0.00 GB

[2026-05-10 22:20:48.800] [error] [worker:comfyui-sharp] WARNING: [Decode] after init_model: 0.00 GB

[2026-05-10 22:21:06.576] [error] [worker:comfyui-sharp] WARNING: [Decode] after feature_model: 0.00 GB

[2026-05-10 22:21:07.706] [error] [worker:comfyui-sharp] WARNING: [Decode] after prediction_head: 0.00 GB

[2026-05-10 22:21:21.642] [info]  [ComfyUI-GeometryPack] python: /Users/runner/.ce/.pixi/envs/geometrypack-nodes/bin/python
[2026-05-10 22:21:21.656] [info]  
[ComfyUI-GeometryPack] sys_path sent to worker: ['/Users/runner/.comfy-test-cache/desktop/ComfyUI.app/Contents/Resources/ComfyUI', '/Users/runner/Documents/ComfyUI/custom_nodes/ComfyUI-GeometryPack', '/Users/runner/.ce/.pixi/envs/geometrypack-nodes/lib/python3.1/site-packages', '/Users/runner/Documents/ComfyUI/custom_nodes/ComfyUI-GeometryPack']

[2026-05-10 22:21:28.808] [error] [worker:ComfyUI-GeometryPack] ERROR: Failed to import comfy_kitchen, Error: No module named 'comfy_kitchen', fp8 and fp4 support will not be available.
[2026-05-10 22:21:28.815] [error] 

[2026-05-10 22:21:36.064] [error] [worker:ComfyUI-GeometryPack] INFO: Loading PLY: sharp_1778451499448.ply (63.00 MB)
[2026-05-10 22:21:36.068] [error] 

[2026-05-10 22:21:36.167] [info]  Prompt executed in 252.88 seconds

