[2026-05-10 03:11:37.512] [info]  setup plugin alembic.autogenerate.schemas
setup plugin alembic.autogenerate.tables
setup plugin alembic.autogenerate.types
setup plugin alembic.autogenerate.constraints
setup plugin alembic.autogenerate.defaults
setup plugin alembic.autogenerate.comments

[2026-05-10 03:11:37.844] [info]  comfy-aimdo os not supported Darwin
NOTE: comfy-aimdo is currently only support for Windows and Linux

[2026-05-10 03:11:38.381] [info]  Adding extra search path custom_nodes /Users/runner/Documents/ComfyUI/custom_nodes
Adding extra search path download_model_base /Users/runner/Documents/ComfyUI/models

[2026-05-10 03:11:38.383] [info]  Adding extra search path custom_nodes /Users/runner/.comfy-test-cache/desktop/ComfyUI.app/Contents/Resources/ComfyUI/custom_nodes
Setting output directory to: /Users/runner/Documents/ComfyUI/output
Setting input directory to: /Users/runner/Documents/ComfyUI/input
Setting user directory to: /Users/runner/Documents/ComfyUI/user

[2026-05-10 03:11:40.894] [info]  [START] Security scan
[DONE] Security scan
** ComfyUI startup time: 2026-05-10 03:11:40.892
** Platform: Darwin
** Python version:
[2026-05-10 03:11:40.896] [info]   3.12.11 (main, Aug 18 2025, 19:02:39) [Clang 20.1.4 ]
** Python executable: /Users/runner/Documents/ComfyUI/.venv/bin/python
** ComfyUI Path: /Users/runner/.comfy-test-cache/desktop/ComfyUI.app/Contents/Resources/ComfyUI
** ComfyUI Base Folder Path: /Users/runner/.comfy-test-cache/desktop/ComfyUI.app/Contents/Resources/ComfyUI
** User directory: /Users/runner/Documents/ComfyUI/user
** ComfyUI-Manager config path: /Users/runner/Documents/ComfyUI/user/__manager/config.ini
** Log path: /Users/runner/Documents/ComfyUI/user/comfyui.log

[2026-05-10 03:11:41.720] [info]  [ComfyUI-Manager] Skipped fixing the 'comfyui-frontend-package' dependency because the ComfyUI is outdated.

[2026-05-10 03:11:41.721] [info]  [PRE] ComfyUI-Manager

[2026-05-10 03:11:49.747] [info]  Found comfy_kitchen backend triton: {'available': False, 'disabled': True, 'unavailable_reason': "ImportError: No module named 'triton'", 'capabilities': []}
Found comfy_kitchen backend cuda: {'available': False, 'disabled': True, 'unavailable_reason': 'Extension file not found: /Users/runner/Documents/ComfyUI/.venv/lib/python3.12/site-packages/comfy_kitchen/backends/cuda/_C.abi3.so', 'capabilities': []}
Found comfy_kitchen backend eager: {'available': True, 'disabled': False, 'unavailable_reason': None, 'capabilities': ['apply_rope', 'apply_rope1', 'dequantize_mxfp8', 'dequantize_nvfp4', 'dequantize_per_tensor_fp8', 'quantize_mxfp8', 'quantize_nvfp4', 'quantize_per_tensor_fp8', 'scaled_mm_mxfp8', 'scaled_mm_nvfp4']}

[2026-05-10 03:11:49.828] [info]  Checkpoint files will always be loaded safely.

[2026-05-10 03:11:49.926] [info]  Total VRAM 7168 MB, total RAM 7168 MB
pytorch version: 2.10.0

[2026-05-10 03:11:49.928] [info]  Mac Version (15, 7, 4)

[2026-05-10 03:11:49.929] [info]  Set vram state to: SHARED
Device: mps

[2026-05-10 03:11:51.115] [info]  Using sub quadratic optimization for attention, if you have memory or speed issues try using: --use-split-cross-attention

[2026-05-10 03:11:59.323] [info]  Python version: 3.12.11 (main, Aug 18 2025, 19:02:39) [Clang 20.1.4 ]

[2026-05-10 03:11:59.326] [info]  ComfyUI version: 0.20.1
comfy-aimdo version: 0.2.14

[2026-05-10 03:11:59.328] [info]  comfy-kitchen version: 0.2.8

[2026-05-10 03:11:59.330] [info]  [Prompt Server] web root: /Users/runner/.comfy-test-cache/desktop/ComfyUI.app/Contents/Resources/ComfyUI/web_custom_versions/desktop_app

[2026-05-10 03:11:59.332] [info]  Asset seeder disabled
[START] ComfyUI-Manager

[2026-05-10 03:11:59.656] [info]  [ComfyUI-Manager] Using GitPython backend

[2026-05-10 03:11:59.757] [info]  [ComfyUI-Manager] network_mode: public

[2026-05-10 03:11:59.771] [info]  [ComfyUI-Manager] The matrix sharing feature has been disabled because the `matrix-nio` dependency is not installed.
	To use this feature, please run the following command:
	/Users/runner/Documents/ComfyUI/.venv/bin/python -m pip install matrix-nio


[2026-05-10 03:12:03.242] [info]  
Import times for custom nodes:
   0.0 seconds: /Users/runner/.comfy-test-cache/desktop/ComfyUI.app/Contents/Resources/ComfyUI/custom_nodes/websocket_image_save.py


[2026-05-10 03:12:03.262] [info]  Context impl SQLiteImpl.

[2026-05-10 03:12:03.263] [info]  Will assume non-transactional DDL.

[2026-05-10 03:12:03.278] [info]  Context impl SQLiteImpl.
Will assume non-transactional DDL.

[2026-05-10 03:12:03.283] [info]  Running upgrade  -> 0001_assets, Initial assets schema
Revision ID: 0001_assets
Revises: None
Create Date: 2025-12-10 00:00:00

[2026-05-10 03:12:03.337] [info]  Running upgrade 0001_assets -> 0002_merge_to_asset_references, Merge AssetInfo and AssetCacheState into unified asset_references table.

[2026-05-10 03:12:03.390] [info]  Running upgrade 0002_merge_to_asset_references -> 0003_add_metadata_job_id, Add system_metadata and job_id columns to asset_references.
Change preview_id FK from assets.id to asset_references.id.

[2026-05-10 03:12:03.417] [info]  Database upgraded from None to 0003_add_metadata_job_id

[2026-05-10 03:12:03.490] [info]  Starting server


[2026-05-10 03:12:03.492] [info]  To see the GUI go to: http://127.0.0.1:8000

[2026-05-10 03:13:17.701] [info]  [ComfyUI-Manager] Using uv as Python module for pip operations.

[2026-05-10 03:13:18.746] [error]   0%|          | 0.00/23.0M [00:00<?, ?B/s]
[2026-05-10 03:13:18.820] [error]  13%|█▎        | 2.92M/23.0M [00:00<00:00, 29.1MB/s]
[2026-05-10 03:13:18.921] [error]  54%|█████▍    | 12.5M/23.0M [00:00<00:00, 67.7MB/s]
[2026-05-10 03:13:19.019] [error]  84%|████████▍ | 19.3M/23.0M [00:00<00:00, 67.7MB/s]
[2026-05-10 03:13:19.105] [error] 100%|██████████| 23.0M/23.0M [00:00<00:00, 59.3MB/s]
[2026-05-10 03:13:19.110] [error] 

[2026-05-10 03:13:19.252] [info]  Extracted zip file to /Users/runner/Documents/ComfyUI/custom_nodes/comfyui-sharp

[2026-05-10 03:13:19.272] [info]  Install: pip packages

[2026-05-10 03:13:19.404] [info]  
## ComfyUI-Manager: EXECUTE => 
['/Users/runner/Documents/ComfyUI/.venv/bin/python', '-m', 'uv', 'pip', 
'install', 'comfy-env==0.3.78']

[2026-05-10 03:13:19.506] [error] [!] Using Python 3.12.11 environment at: /Users/runner/Documents/ComfyUI/.venv

[2026-05-10 03:13:19.906] [error] [!]
[2026-05-10 03:13:19.907] [error]  Resolved 16 packages in 345ms

[2026-05-10 03:13:19.933] [error] [!] 
[2026-05-10 03:13:19.935] [error] Downloading virtualenv (7.2MiB)

[2026-05-10 03:13:20.166] [error] [!]  Downloaded virtualenv
[!] Prepared 12 packages in 245ms

[2026-05-10 03:13:20.181] [error] [!] Uninstalled 1 package in 25ms

[2026-05-10 03:13:20.263] [error] [!]
[2026-05-10 03:13:20.266] [error]  Installed 12 packages in 81ms
[!]  + cfgv==3.5.0
[!]  + comfy-env==0.3.78
[!]  + distlib==0.4.0
[!]  - filelock==3.20.3
[!]  + filelock==3.29.0
[!]  + identify==2.6.19
[!]  + nodeenv==1.10.0
[!]  + platformdirs==4.9.6
[!]
[2026-05-10 03:13:20.268] [error]   + pre-commit==4.6.0

[2026-05-10 03:13:20.271] [error] [!]  + python-discovery==1.3.0

[2026-05-10 03:13:20.274] [error] [!]  + tomli==2.4.1
[!]  + tomli-w==1.2.0
[!]  + virtualenv==21.3.1

[2026-05-10 03:13:20.288] [info]  
## ComfyUI-Manager: EXECUTE => 
['/Users/runner/Documents/ComfyUI/.venv/bin/python', '-m', 'uv', 'pip', 
'install', 'comfy-3d-viewers==0.2.44']

[2026-05-10 03:13:20.390] [error] [!] Using Python 3.12.11 environment at: /Users/runner/Documents/ComfyUI/.venv

[2026-05-10 03:13:20.434] [error] [!] Resolved 1 package in 29ms

[2026-05-10 03:13:20.506] [error] [!] Downloading comfy-3d-viewers (1.2MiB)

[2026-05-10 03:13:20.546] [error] [!]
[2026-05-10 03:13:20.548] [error]   Downloaded comfy-3d-viewers
[!] Prepared 1 package in 112ms

[2026-05-10 03:13:20.579] [error] [!] 
[2026-05-10 03:13:20.580] [error] Installed 1 package in 31ms
[!]  + comfy-3d-viewers==0.2.44

[2026-05-10 03:13:20.641] [info]  [ComfyUI-Manager] Skipped fixing the 'comfyui-frontend-package' dependency because the ComfyUI is outdated.

[2026-05-10 03:13:20.643] [info]  Install: install script

[2026-05-10 03:13:20.644] [info]  
## ComfyUI-Manager: EXECUTE => 
['/Users/runner/Documents/ComfyUI/.venv/bin/python', 'install.py']

[2026-05-10 03:13:20.958] [info]   
 
[2026-05-10 03:13:20.960] [info]  Installing 1 node dependencies...
   Cloning ComfyUI-GeometryPack...

[2026-05-10 03:13:23.180] [info]     Installing requirements for ComfyUI-GeometryPack...

[2026-05-10 03:13:23.981] [info]   
[2026-05-10 03:13:23.985] [info]    Running install.py for ComfyUI-GeometryPack...

[2026-05-10 03:13:24.191] [error] [!] 
[2026-05-10 03:13:24.193] [error] [comfy-env] pixi not found, downloading...

[2026-05-10 03:13:24.668] [error] [!] [comfy-env] pixi installed: /Users/runner/.pixi/bin/pixi

[2026-05-10 03:13:24.668] [info]   [comfy-env] Workspace: /Users/runner/Documents/ComfyUI/.ce
 [comfy-env] ComfyUI: /Users/runner/Documents/ComfyUI
 [comfy-env] Found 2 node config(s):
   - geometrypack-nodes <- custom_nodes/ComfyUI-GeometryPack/nodes/comfy-env.toml (python=host)
   - sharp-nodes <- custom_nodes/comfyui-sharp/nodes/comfy-env.toml (python=host)
 [comfy-env] Bootstrap interpreter has python 3.12 + torch 2.10.0 (cpu). Looking for cuda-only wheels matching cpu/torch2.10/cp312.
 [comfy-env] Root conda deps from ComfyUI-GeometryPack: ['av', 'ffmpeg']

[2026-05-10 03:13:24.674] [info]   [comfy-env] Root conda deps from comfyui-sharp: ['av', 'ffmpeg']
 [comfy-env] Desktop app detected: source=/Users/runner/.comfy-test-cache/desktop/ComfyUI.app/Contents/Resources/ComfyUI, data=/Users/runner/Documents/ComfyUI

[2026-05-10 03:13:24.684] [info]   [comfy-env] Comfyui feature pin: torch ==2.10.0, torchvision ==0.25.*, torchaudio ==2.10.*

[2026-05-10 03:13:24.686] [info]   [comfy-env] Root conda deps: ['av', 'ffmpeg']
 [comfy-env] comfyui312: python 3.12, torch from https://download.pytorch.org/whl/cpu
 Generated /Users/runner/Documents/ComfyUI/.ce/pixi.toml
 [comfy-env] Installing 2 environment(s):
   - geometrypack-nodes (python=host, 13 pypi deps, 1 cuda wheels)

[2026-05-10 03:13:24.687] [info]     - sharp-nodes (python=host, 4 pypi deps)
 [comfy-env] Running `pixi install --all`...

[2026-05-10 03:13:36.445] [info]  FETCH ComfyRegistry Data [DONE]

[2026-05-10 03:13:36.808] [info]  [ComfyUI-Manager] default cache updated: https://api.comfy.org/nodes

[2026-05-10 03:13:36.835] [info]  FETCH DATA from: /Users/runner/Documents/ComfyUI/user/__manager/cache/1514988643_custom-node-list.json
[2026-05-10 03:13:36.856] [info]   [DONE]

[2026-05-10 03:13:36.883] [info]  [ComfyUI-Manager] All startup tasks have been completed.

[2026-05-10 03:13:43.243] [info]      WARN Skipped running the post-link scripts because `run-post-link-scripts` = `false`

[2026-05-10 03:13:43.245] [info]     	- bin/.librsvg-pre-unlink.sh

[2026-05-10 03:13:43.247] [info]     To enable them, run:

[2026-05-10 03:13:43.251] [info]     	pixi config set --local run-post-link-scripts insecure
   More info:
   	https://pixi.sh/latest/reference/pixi_configuration/#run-post-link-scripts

[2026-05-10 03:14:12.944] [info]      WARN Skipped running the post-link scripts because `run-post-link-scripts` = `false`

[2026-05-10 03:14:12.976] [info]     	- bin/.librsvg-pre-unlink.sh
   To enable them, run:
   	pixi config set --local run-post-link-scripts insecure
   More info:
   	https://pixi.sh/latest/reference/pixi_configuration/#run-post-link-scripts

[2026-05-10 03:14:17.606] [info]      WARN Skipped running the post-link scripts because `run-post-link-scripts` = `false`
   	- bin/.librsvg-pre-unlink.sh
   To enable them, run:
   	pixi config set --local run-post-link-scripts insecure
   More info:
   	https://pixi.sh/latest/reference/pixi_configuration/#run-post-link-scripts

[2026-05-10 03:14:22.706] [info]     ✔ The following environments have been installed: default, comfyui, geometrypack-nodes, sharp-nodes.

[2026-05-10 03:14:22.771] [info]   [comfy-env] Note: env `default` is on disk but no node declares it in this run. Leaving as-is. Remove via `pixi clean --environment default` if intended.

[2026-05-10 03:14:22.934] [info]   [comfy-env] geometrypack-nodes: deduped libomp

[2026-05-10 03:14:22.951] [info]   
[2026-05-10 03:14:22.953] [info]  [comfy-env] sharp-nodes: deduped libomp
 [comfy-env] Install log: /Users/runner/Documents/ComfyUI/.ce/install.log
 
 Installation complete!

[2026-05-10 03:14:23.000] [info]   
 [requirements] Re-installing main package requirements...
   Installing requirements for comfyui-sharp...

[2026-05-10 03:14:23.162] [info]   [comfy-env] Workspace: /Users/runner/Documents/ComfyUI/.ce

[2026-05-10 03:14:23.163] [info]   [comfy-env] ComfyUI: /Users/runner/Documents/ComfyUI
 [comfy-env] Found 2 node config(s):
   - geometrypack-nodes <- custom_nodes/ComfyUI-GeometryPack/nodes/comfy-env.toml (python=host)
   - sharp-nodes <- custom_nodes/comfyui-sharp/nodes/comfy-env.toml (python=host)

[2026-05-10 03:14:23.168] [info]   [comfy-env] Bootstrap interpreter has python 3.12 + torch 2.10.0 (cpu). Looking for cuda-only wheels matching cpu/torch2.10/cp312.
 [comfy-env] Root conda deps from ComfyUI-GeometryPack: ['av', 'ffmpeg']

[2026-05-10 03:14:23.169] [info]   [comfy-env] Root conda deps from comfyui-sharp: ['av', 'ffmpeg']

[2026-05-10 03:14:23.172] [info]   
[2026-05-10 03:14:23.173] [info]  [comfy-env] Desktop app detected: source=/Users/runner/.comfy-test-cache/desktop/ComfyUI.app/Contents/Resources/ComfyUI, data=/Users/runner/Documents/ComfyUI

[2026-05-10 03:14:23.177] [info]   [comfy-env] Comfyui feature pin: torch ==2.10.0, torchvision ==0.25.*, torchaudio ==2.10.*

[2026-05-10 03:14:23.180] [info]   [comfy-env] Root conda deps: ['av', 'ffmpeg']
 
[2026-05-10 03:14:23.181] [info]  [comfy-env] comfyui312: python 3.12, torch from https://download.pytorch.org/whl/cpu

[2026-05-10 03:14:23.182] [info]   Generated /Users/runner/Documents/ComfyUI/.ce/pixi.toml
 [comfy-env] Installing 2 environment(s):
   - geometrypack-nodes (python=host, 13 pypi deps, 1 cuda wheels)
   - sharp-nodes (python=host, 4 pypi deps)
 [comfy-env] Running `pixi install --all`...

[2026-05-10 03:14:23.361] [info]     ✔ The following environments have been installed: default, comfyui, geometrypack-nodes, sharp-nodes.

[2026-05-10 03:14:23.363] [info]   [comfy-env] Note: env `default` is on disk but no node declares it in this run. Leaving as-is. Remove via `pixi clean --environment default` if intended.

[2026-05-10 03:14:23.378] [info]   [comfy-env] geometrypack-nodes: deduped libomp

[2026-05-10 03:14:23.387] [info]   [comfy-env] sharp-nodes: deduped libomp
 [comfy-env] Install log: /Users/runner/Documents/ComfyUI/.ce/install.log
 
 Installation complete!

[2026-05-10 03:14:24.973] [info]  
Restarting... [Legacy Mode]


Command: ['/Users/runner/Documents/ComfyUI/.venv/bin/python', '/Users/runner/.comfy-test-cache/desktop/ComfyUI.app/Contents/Resources/ComfyUI/main.py', '--user-directory', '/Users/runner/Documents/ComfyUI/user', '--input-directory', '/Users/runner/Documents/ComfyUI/input', '--output-directory', '/Users/runner/Documents/ComfyUI/output', '--front-end-root', '/Users/runner/.comfy-test-cache/desktop/ComfyUI.app/Contents/Resources/ComfyUI/web_custom_versions/desktop_app', '--base-directory', '/Users/runner/Documents/ComfyUI', '--database-url', 'sqlite:////Users/runner/Documents/ComfyUI/user/comfyui.db', '--extra-model-paths-config', '/Users/runner/Library/Application Support/ComfyUI/extra_models_config.yaml', '--log-stdout', '--listen', '127.0.0.1', '--port', '8000', '--enable-manager']

[2026-05-10 03:14:25.037] [error] /Users/runner/.local/share/uv/python/cpython-3.12.11-macos-aarch64-none/lib/python3.12/multiprocessing/resource_tracker.py:279: UserWarning: resource_tracker: There appear to be 1 leaked semaphore objects to clean up at shutdown
  warnings.warn('resource_tracker: There appear to be %d '

[2026-05-10 03:14:25.866] [info]  setup plugin alembic.autogenerate.schemas
setup plugin alembic.autogenerate.tables
setup plugin alembic.autogenerate.types

[2026-05-10 03:14:25.867] [info]  setup plugin alembic.autogenerate.constraints
setup plugin alembic.autogenerate.defaults
setup plugin alembic.autogenerate.comments

[2026-05-10 03:14:25.974] [info]  comfy-aimdo os not supported Darwin
NOTE: comfy-aimdo is currently only support for Windows and Linux

[2026-05-10 03:14:26.118] [info]  Adding extra search path custom_nodes /Users/runner/Documents/ComfyUI/custom_nodes
Adding extra search path download_model_base /Users/runner/Documents/ComfyUI/models
Adding extra search path custom_nodes /Users/runner/.comfy-test-cache/desktop/ComfyUI.app/Contents/Resources/ComfyUI/custom_nodes
Setting output directory to: /Users/runner/Documents/ComfyUI/output
Setting input directory to: /Users/runner/Documents/ComfyUI/input

[2026-05-10 03:14:26.119] [info]  Setting user directory to: /Users/runner/Documents/ComfyUI/user

[2026-05-10 03:14:26.429] [info]  [START] Security scan
[ComfyUI-Manager] Using uv as Python module for pip operations.

[2026-05-10 03:14:26.502] [info]  [DONE] Security scan
** ComfyUI startup time: 2026-05-10 03:14:26.501

[2026-05-10 03:14:26.503] [info]  ** Platform: Darwin
** Python version: 3.12.11 (main, Aug 18 2025, 19:02:39) [Clang 20.1.4 ]
** Python executable: /Users/runner/Documents/ComfyUI/.venv/bin/python
** ComfyUI Path: /Users/runner/.comfy-test-cache/desktop/ComfyUI.app/Contents/Resources/ComfyUI
** ComfyUI Base Folder Path: /Users/runner/.comfy-test-cache/desktop/ComfyUI.app/Contents/Resources/ComfyUI
** User directory: /Users/runner/Documents/ComfyUI/user
** ComfyUI-Manager config path: /Users/runner/Documents/ComfyUI/user/__manager/config.ini
** Log path: /Users/runner/Documents/ComfyUI/user/comfyui.log

[2026-05-10 03:14:26.572] [info]  [ComfyUI-Manager] Skipped fixing the 'comfyui-frontend-package' dependency because the ComfyUI is outdated.

[2026-05-10 03:14:26.573] [info]  [PRE] ComfyUI-Manager

[2026-05-10 03:14:26.789] [error] [comfy-env] comfyui-sharp: 1 isolation env(s):
[2026-05-10 03:14:26.790] [error] 
[comfy-env]   nodes -> /Users/runner/Documents/ComfyUI/custom_nodes/comfyui-sharp/nodes

[2026-05-10 03:14:28.235] [error] [comfy-env] prestartup complete

[2026-05-10 03:14:28.332] [error] [comfy-env] ComfyUI-GeometryPack: 1 isolation env(s):

[2026-05-10 03:14:28.333] [error] [comfy-env]   nodes -> /Users/runner/Documents/ComfyUI/custom_nodes/ComfyUI-GeometryPack/nodes

[2026-05-10 03:14:28.337] [error] [comfy-env] prestartup complete

[2026-05-10 03:14:28.626] [info]  WARNING: Potential Error in code: Torch already imported, torch should never be imported before this point.

[2026-05-10 03:14:30.273] [info]  Found comfy_kitchen backend triton: {'available': False, 'disabled': True, 'unavailable_reason': "ImportError: No module named 'triton'", 'capabilities': []}

[2026-05-10 03:14:30.275] [info]  Found comfy_kitchen backend eager: {'available': True, 'disabled': False, 'unavailable_reason': None, 'capabilities': ['apply_rope', 'apply_rope1', 'dequantize_mxfp8', 'dequantize_nvfp4', 'dequantize_per_tensor_fp8', 'quantize_mxfp8', 'quantize_nvfp4', 'quantize_per_tensor_fp8', 'scaled_mm_mxfp8', 'scaled_mm_nvfp4']}
Found comfy_kitchen backend cuda: {'available': False, 'disabled': True, 'unavailable_reason': 'Extension file not found: /Users/runner/Documents/ComfyUI/.venv/lib/python3.12/site-packages/comfy_kitchen/backends/cuda/_C.abi3.so', 'capabilities': []}

[2026-05-10 03:14:30.282] [info]  Checkpoint files will always be loaded safely.

[2026-05-10 03:14:30.326] [info]  Total VRAM 7168 MB, total RAM 7168 MB
pytorch version: 2.10.0

[2026-05-10 03:14:30.331] [info]  Mac Version (15, 7, 4)

[2026-05-10 03:14:30.333] [info]  Set vram state to: SHARED
Device: mps

[2026-05-10 03:14:30.656] [info]  Using sub quadratic optimization for attention, if you have memory or speed issues try using: --use-split-cross-attention

[2026-05-10 03:14:33.414] [info]  Python version: 3.12.11 (main, Aug 18 2025, 19:02:39) [Clang 20.1.4 ]
ComfyUI version: 0.20.1

[2026-05-10 03:14:33.415] [info]  comfy-aimdo version: 0.2.14
comfy-kitchen version: 0.2.8

[2026-05-10 03:14:33.416] [info]  [Prompt Server] web root: /Users/runner/.comfy-test-cache/desktop/ComfyUI.app/Contents/Resources/ComfyUI/web_custom_versions/desktop_app

[2026-05-10 03:14:33.417] [info]  Asset seeder disabled

[2026-05-10 03:14:33.417] [info]  [START] ComfyUI-Manager

[2026-05-10 03:14:33.539] [info]  [ComfyUI-Manager] Using GitPython backend

[2026-05-10 03:14:33.574] [info]  [ComfyUI-Manager] network_mode: public

[2026-05-10 03:14:33.578] [info]  [ComfyUI-Manager] The matrix sharing feature has been disabled because the `matrix-nio` dependency is not installed.
	To use this feature, please run the following command:
	/Users/runner/Documents/ComfyUI/.venv/bin/python -m pip install matrix-nio


[2026-05-10 03:14:34.610] [error] [comfy-env] Version: 0.3.78
[2026-05-10 03:14:34.611] [error] 

[2026-05-10 03:14:34.755] [error] [comfy-env] register_nodes: comfyui-sharp
[2026-05-10 03:14:34.756] [error] 
[comfy-env] ComfyUI source dir: /Users/runner/.comfy-test-cache/desktop/ComfyUI.app/Contents/Resources/ComfyUI

[2026-05-10 03:14:34.762] [error] [comfy-env] Scanning nodes metadata (isolation root)...
[2026-05-10 03:14:34.763] [error] 

[2026-05-10 03:14:41.330] [error] [comfy-env] Scanned nodes: 8 nodes (6.6s)
[2026-05-10 03:14:41.332] [error] 
[comfy-env] Scanned nodes root: 8 nodes (6.6s)

[2026-05-10 03:14:41.332] [error] [comfy-env] Imported nodes root: 8 nodes (isolation)

[2026-05-10 03:14:41.333] [error] [comfy-env] Registered 8 total nodes

[2026-05-10 03:14:41.347] [info]  loading...

[2026-05-10 03:14:41.348] [info]  calling register_nodes

[2026-05-10 03:14:41.350] [error] [comfy-env] Version: 0.3.78

[2026-05-10 03:14:41.394] [error] [comfy-env] register_nodes: ComfyUI-GeometryPack
[2026-05-10 03:14:41.395] [error] 

[2026-05-10 03:14:41.398] [error] [comfy-env] ComfyUI source dir: /Users/runner/.comfy-test-cache/desktop/ComfyUI.app/Contents/Resources/ComfyUI
[2026-05-10 03:14:41.399] [error] 

[2026-05-10 03:14:41.413] [error] [comfy-env] Scanning nodes metadata (isolation root)...
[2026-05-10 03:14:41.414] [error] 

[2026-05-10 03:14:56.980] [error] [comfy-env] Scanned nodes: 125 nodes (15.5s)
[2026-05-10 03:14:56.984] [error] 
[comfy-env] Scanned nodes root: 125 nodes (15.6s)
[comfy-env] Imported nodes root: 125 nodes (isolation)

[2026-05-10 03:14:56.985] [error] [comfy-env] Registered 125 total nodes

[2026-05-10 03:14:57.005] [info]  
Import times for custom nodes:

[2026-05-10 03:14:57.006] [info]     0.0 seconds: /Users/runner/.comfy-test-cache/desktop/ComfyUI.app/Contents/Resources/ComfyUI/custom_nodes/websocket_image_save.py
   6.7 seconds: /Users/runner/Documents/ComfyUI/custom_nodes/comfyui-sharp
  15.7 seconds: /Users/runner/Documents/ComfyUI/custom_nodes/ComfyUI-GeometryPack


[2026-05-10 03:14:57.015] [info]  Context impl SQLiteImpl.

[2026-05-10 03:14:57.017] [info]  Will assume non-transactional DDL.

[2026-05-10 03:14:57.234] [info]  Starting server


[2026-05-10 03:14:57.237] [info]  To see the GUI go to: http://127.0.0.1:8000

[2026-05-10 03:15:00.032] [info]  [ComfyUI-Manager] The ComfyRegistry cache update is still in progress, so an outdated cache is being used.

[2026-05-10 03:15:00.091] [info]  FETCH DATA from: /Users/runner/Documents/ComfyUI/.venv/lib/python3.12/site-packages/comfyui_manager/custom-node-list.json
[2026-05-10 03:15:00.135] [info]   [DONE]

[2026-05-10 03:15:05.484] [info]  [ComfyUI-Manager] The ComfyRegistry cache update is still in progress, so an outdated cache is being used.

[2026-05-10 03:15:05.573] [info]  FETCH DATA from: /Users/runner/Documents/ComfyUI/.venv/lib/python3.12/site-packages/comfyui_manager/custom-node-list.json
[2026-05-10 03:15:05.591] [info]   [DONE]

[2026-05-10 03:15:10.297] [info]  [ComfyUI-Manager] The ComfyRegistry cache update is still in progress, so an outdated cache is being used.

[2026-05-10 03:15:10.343] [info]  FETCH DATA from: /Users/runner/Documents/ComfyUI/.venv/lib/python3.12/site-packages/comfyui_manager/custom-node-list.json
[2026-05-10 03:15:10.358] [info]   [DONE]

[2026-05-10 03:15:29.387] [info]  got prompt

[2026-05-10 03:15:29.590] [info]  [comfyui-sharp] python: /Users/runner/Documents/ComfyUI/.ce/.pixi/envs/sharp-nodes/bin/python

[2026-05-10 03:15:29.591] [info]  [comfyui-sharp] sys_path sent to worker: ['/Users/runner/.comfy-test-cache/desktop/ComfyUI.app/Contents/Resources/ComfyUI', '/Users/runner/Documents/ComfyUI/custom_nodes/comfyui-sharp', '/Users/runner/Documents/ComfyUI/.ce/.pixi/envs/sharp-nodes/lib/python3.1/site-packages', '/Users/runner/Documents/ComfyUI/custom_nodes/comfyui-sharp']

[2026-05-10 03:15:36.453] [error] sharp_2572gikvuh.pt:   0%|          | 0.00/2.81G [00:00<?, ?B/s]
[2026-05-10 03:15:38.997] [error] sharp_2572gikvuh.pt:   9%|▉         | 256M/2.81G [00:02<00:25, 101MB/s]
[2026-05-10 03:15:39.466] [error] sharp_2572gikvuh.pt:  10%|█         | 292M/2.81G [00:03<00:26, 95.9MB/s]
[2026-05-10 03:15:39.964] [error] sharp_2572gikvuh.pt:  13%|█▎        | 359M/2.81G [00:03<00:23, 105MB/s] 
[2026-05-10 03:15:42.478] [error] sharp_2572gikvuh.pt:  18%|█▊        | 494M/2.81G [00:06<00:32, 72.4MB/s]
[2026-05-10 03:15:42.964] [error] sharp_2572gikvuh.pt:  25%|██▍       | 695M/2.81G [00:06<00:17, 123MB/s] 
[2026-05-10 03:15:44.483] [error] sharp_2572gikvuh.pt:  30%|██▉       | 829M/2.81G [00:08<00:18, 109MB/s]
[2026-05-10 03:15:50.863] [error] sharp_2572gikvuh.pt:  46%|████▌     | 1.30G/2.81G [00:14<00:17, 84.5MB/s]
[2026-05-10 03:15:51.267] [error] sharp_2572gikvuh.pt:  51%|█████     | 1.43G/2.81G [00:14<00:13, 98.7MB/s]
[2026-05-10 03:15:51.966] [error] sharp_2572gikvuh.pt:  56%|█████▌    | 1.57G/2.81G [00:15<00:11, 111MB/s] 
[2026-05-10 03:15:53.984] [error] sharp_2572gikvuh.pt:  70%|███████   | 1.97G/2.81G [00:17<00:05, 142MB/s]
[2026-05-10 03:15:54.464] [error] sharp_2572gikvuh.pt:  80%|███████▉  | 2.24G/2.81G [00:18<00:03, 186MB/s]
[2026-05-10 03:15:55.217] [error] sharp_2572gikvuh.pt:  92%|█████████▏| 2.57G/2.81G [00:18<00:01, 235MB/s]
[2026-05-10 03:15:55.637] [error] sharp_2572gikvuh.pt: 100%|██████████| 2.81G/2.81G [00:19<00:00, 279MB/s]
[2026-05-10 03:15:55.643] [error] sharp_2572gikvuh.pt: 100%|██████████| 2.81G/2.81G [00:19<00:00, 146MB/s]

[2026-05-10 03:15:55.707] [error] [comfyui-sharp] Health check: ping (timeout=5.0s)...

[2026-05-10 03:15:55.723] [error] [comfyui-sharp] Health check: ok

[2026-05-10 03:16:15.956] [info]  FETCH ComfyRegistry Data [DONE]

[2026-05-10 03:16:16.232] [info]  [ComfyUI-Manager] default cache updated: https://api.comfy.org/nodes

[2026-05-10 03:16:16.299] [info]  FETCH DATA from: /Users/runner/Documents/ComfyUI/user/__manager/cache/1514988643_custom-node-list.json
[2026-05-10 03:16:16.311] [info]   [DONE]

[2026-05-10 03:16:16.334] [info]  [ComfyUI-Manager] All startup tasks have been completed.

[2026-05-10 03:16:17.486] [error] [worker:comfyui-sharp] WARNING: [SPN] start: 0.00 GB, input=[1, 3, 1536, 1536]

[2026-05-10 03:16:17.503] [error] [worker:comfyui-sharp] WARNING: [SPN] patches: 0.00 GB, x0=25 x1=9 x2=1 total=35

[2026-05-10 03:16:20.020] [error] [worker:comfyui-sharp] WARNING: [SPN] after first chunk (4/35): 0.00 GB, chunk_size=4

[2026-05-10 03:16:32.626] [error] [worker:comfyui-sharp] WARNING: [SPN] after all chunks + cache clear: 0.00 GB
[2026-05-10 03:16:32.633] [error] 
[worker:comfyui-sharp] WARNING: [SPN] after merge intermediates: 0.00 GB
[worker:comfyui-sharp] WARNING: [SPN] after merge all: 0.00 GB

[2026-05-10 03:16:33.038] [error] [worker:comfyui-sharp] WARNING: [SPN] after image_encoder: 0.00 GB

[2026-05-10 03:16:41.365] [error] [worker:comfyui-sharp] WARNING: [SPN] after upsample: 0.00 GB
[2026-05-10 03:16:41.373] [error] 

[2026-05-10 03:16:42.310] [error] [worker:comfyui-sharp] WARNING: [Monodepth] after SPN encoder + cache clear: 0.00 GB

[2026-05-10 03:17:02.344] [error] [worker:comfyui-sharp] WARNING: [Monodepth] after decoder: 0.00 GB

[2026-05-10 03:17:17.700] [error] [worker:comfyui-sharp] WARNING: [Decode] start: 0.00 GB

[2026-05-10 03:17:18.134] [error] [worker:comfyui-sharp] WARNING: [Decode] after depth_alignment: 0.00 GB
[2026-05-10 03:17:18.137] [error] 

[2026-05-10 03:17:19.290] [error] [worker:comfyui-sharp] WARNING: [Decode] after init_model: 0.00 GB

[2026-05-10 03:17:29.459] [error] [worker:comfyui-sharp] WARNING: [Decode] after feature_model: 0.00 GB

[2026-05-10 03:17:30.231] [error] [worker:comfyui-sharp] WARNING: [Decode] after prediction_head: 0.00 GB
[2026-05-10 03:17:30.232] [error] 

[2026-05-10 03:17:38.685] [info]  [ComfyUI-GeometryPack] python: /Users/runner/Documents/ComfyUI/.ce/.pixi/envs/geometrypack-nodes/bin/python
[ComfyUI-GeometryPack] sys_path sent to worker: ['/Users/runner/.comfy-test-cache/desktop/ComfyUI.app/Contents/Resources/ComfyUI', '/Users/runner/Documents/ComfyUI/custom_nodes/ComfyUI-GeometryPack', '/Users/runner/Documents/ComfyUI/.ce/.pixi/envs/geometrypack-nodes/lib/python3.1/site-packages', '/Users/runner/Documents/ComfyUI/custom_nodes/ComfyUI-GeometryPack']

[2026-05-10 03:17:48.514] [error] [worker:ComfyUI-GeometryPack] INFO: Loading PLY: sharp_1778382968477.ply (63.00 MB)

[2026-05-10 03:17:48.566] [info]  Prompt executed in 139.17 seconds

