[2026-05-08 04:23:29.305] [info]  setup plugin alembic.autogenerate.schemas
setup plugin alembic.autogenerate.tables
setup plugin alembic.autogenerate.types
setup plugin alembic.autogenerate.constraints
setup plugin alembic.autogenerate.defaults

[2026-05-08 04:23:29.306] [info]  setup plugin alembic.autogenerate.comments

[2026-05-08 04:23:29.469] [info]  comfy-aimdo os not supported Darwin
NOTE: comfy-aimdo is currently only support for Windows and Linux

[2026-05-08 04:23:29.775] [info]  Adding extra search path custom_nodes /Users/runner/Documents/ComfyUI/custom_nodes
Adding extra search path download_model_base /Users/runner/Documents/ComfyUI/models
Adding extra search path custom_nodes /Users/runner/work/comfy-gpu-ci/comfy-gpu-ci/ComfyUI.app/Contents/Resources/ComfyUI/custom_nodes
Setting output directory to: /Users/runner/Documents/ComfyUI/output
Setting input directory to: /Users/runner/Documents/ComfyUI/input

[2026-05-08 04:23:29.775] [info]  Setting user directory to: /Users/runner/Documents/ComfyUI/user

[2026-05-08 04:23:30.950] [info]  [START] Security scan
[DONE] Security scan
** ComfyUI startup time: 2026-05-08 04:23:30.949

[2026-05-08 04:23:30.951] [info]  ** Platform: Darwin
** Python version: 3.12.11 (main, Aug 18 2025, 19:02:39) [Clang 20.1.4 ]
** Python executable: /Users/runner/Documents/ComfyUI/.venv/bin/python
** ComfyUI Path: /Users/runner/work/comfy-gpu-ci/comfy-gpu-ci/ComfyUI.app/Contents/Resources/ComfyUI
** ComfyUI Base Folder Path: /Users/runner/work/comfy-gpu-ci/comfy-gpu-ci/ComfyUI.app/Contents/Resources/ComfyUI
** User directory: /Users/runner/Documents/ComfyUI/user
** ComfyUI-Manager config path: /Users/runner/Documents/ComfyUI/user/__manager/config.ini
** Log path: /Users/runner/Documents/ComfyUI/user/comfyui.log

[2026-05-08 04:23:31.360] [info]  [ComfyUI-Manager] Skipped fixing the 'comfyui-frontend-package' dependency because the ComfyUI is outdated.

[2026-05-08 04:23:31.360] [info]  [PRE] ComfyUI-Manager

[2026-05-08 04:23:36.755] [info]  Found comfy_kitchen backend triton: {'available': False, 'disabled': True, 'unavailable_reason': "ImportError: No module named 'triton'", 'capabilities': []}

[2026-05-08 04:23:36.757] [info]  Found comfy_kitchen backend cuda: {'available': False, 'disabled': True, 'unavailable_reason': 'Extension file not found: /Users/runner/Documents/ComfyUI/.venv/lib/python3.12/site-packages/comfy_kitchen/backends/cuda/_C.abi3.so', 'capabilities': []}
Found comfy_kitchen backend eager: {'available': True, 'disabled': False, 'unavailable_reason': None, 'capabilities': ['apply_rope', 'apply_rope1', 'dequantize_mxfp8', 'dequantize_nvfp4', 'dequantize_per_tensor_fp8', 'quantize_mxfp8', 'quantize_nvfp4', 'quantize_per_tensor_fp8', 'scaled_mm_mxfp8', 'scaled_mm_nvfp4']}

[2026-05-08 04:23:36.786] [info]  Checkpoint files will always be loaded safely.

[2026-05-08 04:23:36.849] [info]  Total VRAM 7168 MB, total RAM 7168 MB
pytorch version: 2.10.0

[2026-05-08 04:23:36.851] [info]  Mac Version (15, 7, 4)

[2026-05-08 04:23:36.852] [info]  Set vram state to: SHARED
Device: mps

[2026-05-08 04:23:37.603] [info]  Using sub quadratic optimization for attention, if you have memory or speed issues try using: --use-split-cross-attention

[2026-05-08 04:23:42.276] [info]  Python version: 3.12.11 (main, Aug 18 2025, 19:02:39) [Clang 20.1.4 ]

[2026-05-08 04:23:42.277] [info]  ComfyUI version: 0.20.1
comfy-aimdo version: 0.2.14
comfy-kitchen version: 0.2.8

[2026-05-08 04:23:42.278] [info]  [Prompt Server] web root: /Users/runner/work/comfy-gpu-ci/comfy-gpu-ci/ComfyUI.app/Contents/Resources/ComfyUI/web_custom_versions/desktop_app

[2026-05-08 04:23:42.279] [info]  Asset seeder disabled

[2026-05-08 04:23:42.279] [info]  [START] ComfyUI-Manager

[2026-05-08 04:23:42.494] [info]  [ComfyUI-Manager] Using GitPython backend

[2026-05-08 04:23:42.555] [info]  [ComfyUI-Manager] network_mode: public

[2026-05-08 04:23:42.574] [info]  [ComfyUI-Manager] The matrix sharing feature has been disabled because the `matrix-nio` dependency is not installed.
	To use this feature, please run the following command:
	/Users/runner/Documents/ComfyUI/.venv/bin/python -m pip install matrix-nio


[2026-05-08 04:23:44.489] [info]  
Import times for custom nodes:
   0.0 seconds: /Users/runner/work/comfy-gpu-ci/comfy-gpu-ci/ComfyUI.app/Contents/Resources/ComfyUI/custom_nodes/websocket_image_save.py


[2026-05-08 04:23:44.501] [info]  Context impl SQLiteImpl.
Will assume non-transactional DDL.

[2026-05-08 04:23:44.507] [info]  Context impl SQLiteImpl.
Will assume non-transactional DDL.

[2026-05-08 04:23:44.514] [info]  Running upgrade  -> 0001_assets, Initial assets schema
Revision ID: 0001_assets
Revises: None
Create Date: 2025-12-10 00:00:00

[2026-05-08 04:23:44.541] [info]  Running upgrade 0001_assets -> 0002_merge_to_asset_references, Merge AssetInfo and AssetCacheState into unified asset_references table.

[2026-05-08 04:23:44.565] [info]  Running upgrade 0002_merge_to_asset_references -> 0003_add_metadata_job_id, Add system_metadata and job_id columns to asset_references.
Change preview_id FK from assets.id to asset_references.id.

[2026-05-08 04:23:44.586] [info]  Database upgraded from None to 0003_add_metadata_job_id

[2026-05-08 04:23:44.630] [info]  Starting server


[2026-05-08 04:23:44.631] [info]  To see the GUI go to: http://127.0.0.1:8000

[2026-05-08 04:24:27.110] [info]  [ComfyUI-Manager] Using uv as Python module for pip operations.

[2026-05-08 04:24:28.478] [error]   0%|          | 0.00/23.0M [00:00<?, ?B/s]
[2026-05-08 04:24:28.604] [error]  27%|██▋       | 6.29M/23.0M [00:00<00:00, 50.1MB/s]
[2026-05-08 04:24:28.828] [error]  49%|████▉     | 11.3M/23.0M [00:00<00:00, 30.3MB/s]
[2026-05-08 04:24:28.951] [error]  73%|███████▎  | 16.8M/23.0M [00:00<00:00, 35.3MB/s]
[2026-05-08 04:24:29.064] [error] 100%|██████████| 23.0M/23.0M [00:00<00:00, 40.5MB/s]

[2026-05-08 04:24:29.110] [info]  Extracted zip file to /Users/runner/Documents/ComfyUI/custom_nodes/comfyui-sharp

[2026-05-08 04:24:29.113] [info]  Install: pip packages

[2026-05-08 04:24:29.170] [info]  
## ComfyUI-Manager: EXECUTE => 
['/Users/runner/Documents/ComfyUI/.venv/bin/python', '-m', 'uv', 'pip', 
'install', 'comfy-env==0.3.69']

[2026-05-08 04:24:29.230] [error] [!]
[2026-05-08 04:24:29.232] [error]  Using Python 3.12.11 environment at: /Users/runner/Documents/ComfyUI/.venv

[2026-05-08 04:24:29.605] [error] [!] Resolved 16 packages in 347ms

[2026-05-08 04:24:29.650] [error] [!] 
[2026-05-08 04:24:29.653] [error] Downloading virtualenv (7.2MiB)

[2026-05-08 04:24:29.847] [error] [!]
[2026-05-08 04:24:29.848] [error]   Downloaded virtualenv
[!] Prepared 12 packages in 237ms

[2026-05-08 04:24:29.861] [error] [!]
[2026-05-08 04:24:29.862] [error]  Uninstalled 1 package in 12ms

[2026-05-08 04:24:29.880] [error] [!]
[2026-05-08 04:24:29.882] [error]  Installed 12 packages in 20ms

[2026-05-08 04:24:29.883] [error] [!]
[2026-05-08 04:24:29.885] [error]   + cfgv==3.5.0

[2026-05-08 04:24:29.887] [error] [!]  + comfy-env==0.3.69
[!]  + distlib==0.4.0
[!]  - filelock==3.20.3
[!]
[2026-05-08 04:24:29.890] [error]   + filelock==3.29.0
[!]  + identify==2.6.19
[!]  + nodeenv==1.10.0
[!]  + platformdirs==4.9.6

[2026-05-08 04:24:29.893] [error] [!]
[2026-05-08 04:24:29.895] [error]   + pre-commit==4.6.0
[!]  + python-discovery==1.3.0
[!]  + tomli==2.4.1
[!]  + tomli-w==1.2.0
[!]  + virtualenv==21.3.1

[2026-05-08 04:24:29.900] [info]  
## ComfyUI-Manager: EXECUTE => 
['/Users/runner/Documents/ComfyUI/.venv/bin/python', '-m', 'uv', 'pip', 
'install', 'comfy-3d-viewers==0.2.44']

[2026-05-08 04:24:29.984] [error] [!]
[2026-05-08 04:24:29.987] [error]  Using Python 3.12.11 environment at: /Users/runner/Documents/ComfyUI/.venv

[2026-05-08 04:24:30.086] [error] [!] 
[2026-05-08 04:24:30.086] [error] Resolved 1 package in 89ms

[2026-05-08 04:24:30.098] [error] [!]
[2026-05-08 04:24:30.100] [error]  Downloading comfy-3d-viewers (1.2MiB)

[2026-05-08 04:24:30.160] [error] [!]
[2026-05-08 04:24:30.161] [error]   Downloaded comfy-3d-viewers
[!] Prepared 1 package in 74ms

[2026-05-08 04:24:30.162] [error] [!] 
[2026-05-08 04:24:30.163] [error] Installed 1 package in 1ms
[!]  + comfy-3d-viewers==0.2.44

[2026-05-08 04:24:30.211] [info]  [ComfyUI-Manager] Skipped fixing the 'comfyui-frontend-package' dependency because the ComfyUI is outdated.

[2026-05-08 04:24:30.212] [info]  Install: install script

[2026-05-08 04:24:30.213] [info]  
## ComfyUI-Manager: EXECUTE => 
['/Users/runner/Documents/ComfyUI/.venv/bin/python', 'install.py']

[2026-05-08 04:24:30.484] [info]   
 Installing 1 node dependencies...

[2026-05-08 04:24:30.485] [info]     Cloning ComfyUI-GeometryPack...

[2026-05-08 04:24:32.682] [info]     Installing requirements for ComfyUI-GeometryPack...

[2026-05-08 04:24:33.368] [info]   
[2026-05-08 04:24:33.369] [info]    Running install.py for ComfyUI-GeometryPack...

[2026-05-08 04:24:33.494] [error] [!] 
[2026-05-08 04:24:33.495] [error] [comfy-env] pixi not found, downloading...

[2026-05-08 04:24:34.161] [error] [!] [comfy-env] pixi installed: /Users/runner/.pixi/bin/pixi

[2026-05-08 04:24:34.173] [info]   [comfy-env] Workspace: /Users/runner/Documents/ComfyUI/.ce
 [comfy-env] ComfyUI: /Users/runner/Documents/ComfyUI

[2026-05-08 04:24:34.176] [info]   [comfy-env] Found 4 node config(s):
   - geometrypack-blender <- custom_nodes/ComfyUI-GeometryPack/nodes/blender/comfy-env.toml (python=3.11)
   - geometrypack-gpu <- custom_nodes/ComfyUI-GeometryPack/nodes/gpu/comfy-env.toml (python=host)
   - geometrypack-main <- custom_nodes/ComfyUI-GeometryPack/nodes/main/comfy-env.toml (python=host)
   - sharp-nodes <- custom_nodes/comfyui-sharp/nodes/comfy-env.toml (python=host)

[2026-05-08 04:24:34.177] [info]   [comfy-env] Bootstrap interpreter has python 3.12 + torch 2.10.0 (cpu). Looking for cuda-only wheels matching cpu/torch2.10/cp312.
 [comfy-env] Root conda deps from ComfyUI-GeometryPack: ['av', 'ffmpeg']
 [comfy-env] Root conda deps from comfyui-sharp: ['av', 'ffmpeg']

[2026-05-08 04:24:34.189] [info]   [comfy-env] WARNING: /Users/runner/Documents/ComfyUI/requirements.txt not found -- comfyui feature will be empty
 [comfy-env] Root conda deps injected into comfyui feature: ['av', 'ffmpeg']
 Generated /Users/runner/Documents/ComfyUI/.ce/pixi.toml
 [comfy-env] Installing 4 environment(s):
   - geometrypack-blender (python=3.11, 2 pypi deps)
   - geometrypack-gpu (python=host, 2 pypi deps, 1 cuda wheels)
   - geometrypack-main (python=host, 12 pypi deps)
   - sharp-nodes (python=host, 4 pypi deps)
 [comfy-env] Running `pixi install --all`...

[2026-05-08 04:24:46.261] [info]      WARN Skipped running the post-link scripts because `run-post-link-scripts` = `false`

[2026-05-08 04:24:46.266] [info]     	- bin/.librsvg-pre-unlink.sh
   To enable them, run:
   	pixi config set --local run-post-link-scripts insecure
   More info:
   	https://pixi.sh/latest/reference/pixi_configuration/#run-post-link-scripts

[2026-05-08 04:24:48.613] [info]   
[2026-05-08 04:24:48.615] [info]     WARN Skipped running the post-link scripts because `run-post-link-scripts` = `false`
   	- bin/.librsvg-pre-unlink.sh
   To enable them, run:
   	pixi config set --local run-post-link-scripts insecure
   More info:

[2026-05-08 04:24:48.617] [info]     	https://pixi.sh/latest/reference/pixi_configuration/#run-post-link-scripts

[2026-05-08 04:24:50.092] [info]      WARN Skipped running the post-link scripts because `run-post-link-scripts` = `false`
   	- bin/.librsvg-pre-unlink.sh

[2026-05-08 04:24:50.093] [info]     To enable them, run:
   	pixi config set --local run-post-link-scripts insecure
   More info:
   	https://pixi.sh/latest/reference/pixi_configuration/#run-post-link-scripts

[2026-05-08 04:25:01.834] [error] /Users/runner/.local/share/uv/python/cpython-3.12.11-macos-aarch64-none/lib/python3.12/multiprocessing/resource_tracker.py:279: UserWarning: resource_tracker: There appear to be 1 leaked semaphore objects to clean up at shutdown
  warnings.warn('resource_tracker: There appear to be %d '

