** ComfyUI startup time: 2026-05-11 09:31:26.638
[2026-05-11 09:31:26.638] ** Platform: Darwin
[2026-05-11 09:31:26.638] ** Python version: 3.12.11 (main, Aug 18 2025, 19:02:39) [Clang 20.1.4 ]
[2026-05-11 09:31:26.638] ** Python executable: /Users/runner/Documents/ComfyUI/.venv/bin/python
[2026-05-11 09:31:26.638] ** ComfyUI Path: /Users/runner/.comfy-test-cache/desktop/ComfyUI.app/Contents/Resources/ComfyUI
[2026-05-11 09:31:26.638] ** ComfyUI Base Folder Path: /Users/runner/.comfy-test-cache/desktop/ComfyUI.app/Contents/Resources/ComfyUI
[2026-05-11 09:31:26.638] ** User directory: /Users/runner/Documents/ComfyUI/user
[2026-05-11 09:31:26.639] ** ComfyUI-Manager config path: /Users/runner/Documents/ComfyUI/user/__manager/config.ini
[2026-05-11 09:31:26.639] ** Log path: /Users/runner/Documents/ComfyUI/user/comfyui.log
[ComfyUI-Manager] Skipped fixing the 'comfyui-frontend-package' dependency because the ComfyUI is outdated.
[2026-05-11 09:31:26.773] [PRE] ComfyUI-Manager
[2026-05-11 09:31:29.331] Found comfy_kitchen backend eager: {'available': True, 'disabled': False, 'unavailable_reason': None, 'capabilities': ['apply_rope', 'apply_rope1', 'dequantize_mxfp8', 'dequantize_nvfp4', 'dequantize_per_tensor_fp8', 'quantize_mxfp8', 'quantize_nvfp4', 'quantize_per_tensor_fp8', 'scaled_mm_mxfp8', 'scaled_mm_nvfp4']}
[2026-05-11 09:31:29.331] Found comfy_kitchen backend triton: {'available': False, 'disabled': True, 'unavailable_reason': "ImportError: No module named 'triton'", 'capabilities': []}
[2026-05-11 09:31:29.331] Found comfy_kitchen backend cuda: {'available': False, 'disabled': True, 'unavailable_reason': 'Extension file not found: /Users/runner/Documents/ComfyUI/.venv/lib/python3.12/site-packages/comfy_kitchen/backends/cuda/_C.abi3.so', 'capabilities': []}
[2026-05-11 09:31:29.375] Checkpoint files will always be loaded safely.
[2026-05-11 09:31:29.464] Total VRAM 7168 MB, total RAM 7168 MB
[2026-05-11 09:31:29.464] pytorch version: 2.10.0
[2026-05-11 09:31:29.469] Mac Version (15, 7, 4)
[2026-05-11 09:31:29.470] Set vram state to: SHARED
[2026-05-11 09:31:29.470] Device: mps
[2026-05-11 09:31:29.772] Using sub quadratic optimization for attention, if you have memory or speed issues try using: --use-split-cross-attention
[2026-05-11 09:31:32.237] Python version: 3.12.11 (main, Aug 18 2025, 19:02:39) [Clang 20.1.4 ]
[2026-05-11 09:31:32.237] ComfyUI version: 0.20.1
[2026-05-11 09:31:32.237] comfy-aimdo version: 0.2.14
[2026-05-11 09:31:32.238] comfy-kitchen version: 0.2.8
[2026-05-11 09:31:32.239] [Prompt Server] web root: /Users/runner/.comfy-test-cache/desktop/ComfyUI.app/Contents/Resources/ComfyUI/web_custom_versions/desktop_app
[2026-05-11 09:31:32.240] Asset seeder disabled
[2026-05-11 09:31:32.240] [START] ComfyUI-Manager
[2026-05-11 09:31:32.324] [ComfyUI-Manager] Using GitPython backend
[2026-05-11 09:31:32.363] [ComfyUI-Manager] network_mode: public
[2026-05-11 09:31:32.368] [ComfyUI-Manager] The matrix sharing feature has been disabled because the `matrix-nio` dependency is not installed.
	To use this feature, please run the following command:
	/Users/runner/Documents/ComfyUI/.venv/bin/python -m pip install matrix-nio

[2026-05-11 09:31:33.401] installed topaz.js to /Users/runner/.comfy-test-cache/desktop/ComfyUI.app/Contents/Resources/ComfyUI/web/extensions/topaz
[2026-05-11 09:31:33.403] 
Import times for custom nodes:
[2026-05-11 09:31:33.403]    0.0 seconds: /Users/runner/.comfy-test-cache/desktop/ComfyUI.app/Contents/Resources/ComfyUI/custom_nodes/websocket_image_save.py
[2026-05-11 09:31:33.403]    0.0 seconds: /Users/runner/Documents/ComfyUI/custom_nodes/comfy-topaz
[2026-05-11 09:31:33.403] 
[2026-05-11 09:31:33.407] Context impl SQLiteImpl.
[2026-05-11 09:31:33.407] Will assume non-transactional DDL.
[2026-05-11 09:31:33.456] Starting server

[2026-05-11 09:31:33.458] To see the GUI go to: http://127.0.0.1:8000
[2026-05-11 09:31:34.507] FETCH DATA from: /Users/runner/Documents/ComfyUI/.venv/lib/python3.12/site-packages/comfyui_manager/custom-node-list.json [DONE]
[2026-05-11 09:31:36.725] FETCH DATA from: /Users/runner/Documents/ComfyUI/.venv/lib/python3.12/site-packages/comfyui_manager/custom-node-list.json [DONE]
