** ComfyUI startup time: 2026-05-10 22:16:15.749
[2026-05-10 22:16:15.750] ** Platform: Darwin
[2026-05-10 22:16:15.750] ** Python version: 3.12.11 (main, Aug 18 2025, 19:02:39) [Clang 20.1.4 ]
[2026-05-10 22:16:15.750] ** Python executable: /Users/runner/Documents/ComfyUI/.venv/bin/python
[2026-05-10 22:16:15.750] ** ComfyUI Path: /Users/runner/.comfy-test-cache/desktop/ComfyUI.app/Contents/Resources/ComfyUI
[2026-05-10 22:16:15.751] ** ComfyUI Base Folder Path: /Users/runner/.comfy-test-cache/desktop/ComfyUI.app/Contents/Resources/ComfyUI
[2026-05-10 22:16:15.751] ** User directory: /Users/runner/Documents/ComfyUI/user
[2026-05-10 22:16:15.751] ** ComfyUI-Manager config path: /Users/runner/Documents/ComfyUI/user/__manager/config.ini
[2026-05-10 22:16:15.751] ** Log path: /Users/runner/Documents/ComfyUI/user/comfyui.log
[ComfyUI-Manager] Skipped fixing the 'comfyui-frontend-package' dependency because the ComfyUI is outdated.
[2026-05-10 22:16:15.843] [PRE] ComfyUI-Manager
[2026-05-10 22:16:16.136] [comfy-env] comfyui-sharp: 1 isolation env(s):
[2026-05-10 22:16:16.136] [comfy-env]   nodes -> /Users/runner/Documents/ComfyUI/custom_nodes/comfyui-sharp/nodes
[2026-05-10 22:16:17.233] [comfy-env] prestartup complete
[2026-05-10 22:16:17.329] [comfy-env] ComfyUI-GeometryPack: 1 isolation env(s):
[2026-05-10 22:16:17.329] [comfy-env]   nodes -> /Users/runner/Documents/ComfyUI/custom_nodes/ComfyUI-GeometryPack/nodes
[2026-05-10 22:16:17.333] [comfy-env] prestartup complete
[2026-05-10 22:16:17.660] WARNING: Potential Error in code: Torch already imported, torch should never be imported before this point.
[2026-05-10 22:16:19.053] Found comfy_kitchen backend triton: {'available': False, 'disabled': True, 'unavailable_reason': "ImportError: No module named 'triton'", 'capabilities': []}
[2026-05-10 22:16:19.053] Found comfy_kitchen backend cuda: {'available': False, 'disabled': True, 'unavailable_reason': 'Extension file not found: /Users/runner/Documents/ComfyUI/.venv/lib/python3.12/site-packages/comfy_kitchen/backends/cuda/_C.abi3.so', 'capabilities': []}
[2026-05-10 22:16:19.053] Found comfy_kitchen backend eager: {'available': True, 'disabled': False, 'unavailable_reason': None, 'capabilities': ['apply_rope', 'apply_rope1', 'dequantize_mxfp8', 'dequantize_nvfp4', 'dequantize_per_tensor_fp8', 'quantize_mxfp8', 'quantize_nvfp4', 'quantize_per_tensor_fp8', 'scaled_mm_mxfp8', 'scaled_mm_nvfp4']}
[2026-05-10 22:16:19.062] Checkpoint files will always be loaded safely.
[2026-05-10 22:16:19.098] Total VRAM 7168 MB, total RAM 7168 MB
[2026-05-10 22:16:19.098] pytorch version: 2.10.0
[2026-05-10 22:16:19.103] Mac Version (15, 7, 4)
[2026-05-10 22:16:19.104] Set vram state to: SHARED
[2026-05-10 22:16:19.104] Device: mps
[2026-05-10 22:16:19.493] Using sub quadratic optimization for attention, if you have memory or speed issues try using: --use-split-cross-attention
[2026-05-10 22:16:22.594] Python version: 3.12.11 (main, Aug 18 2025, 19:02:39) [Clang 20.1.4 ]
[2026-05-10 22:16:22.594] ComfyUI version: 0.20.1
[2026-05-10 22:16:22.596] comfy-aimdo version: 0.2.14
[2026-05-10 22:16:22.597] comfy-kitchen version: 0.2.8
[2026-05-10 22:16:22.605] [Prompt Server] web root: /Users/runner/.comfy-test-cache/desktop/ComfyUI.app/Contents/Resources/ComfyUI/web_custom_versions/desktop_app
[2026-05-10 22:16:22.607] Asset seeder disabled
[2026-05-10 22:16:22.607] [START] ComfyUI-Manager
[2026-05-10 22:16:22.759] [ComfyUI-Manager] Using GitPython backend
[2026-05-10 22:16:22.795] [ComfyUI-Manager] network_mode: public
[2026-05-10 22:16:22.800] [ComfyUI-Manager] The matrix sharing feature has been disabled because the `matrix-nio` dependency is not installed.
	To use this feature, please run the following command:
	/Users/runner/Documents/ComfyUI/.venv/bin/python -m pip install matrix-nio

[2026-05-10 22:16:24.241] [comfy-env] Version: 0.3.82
[2026-05-10 22:16:24.461] [comfy-env] register_nodes: comfyui-sharp
[2026-05-10 22:16:24.462] [comfy-env] ComfyUI source dir: /Users/runner/.comfy-test-cache/desktop/ComfyUI.app/Contents/Resources/ComfyUI
[2026-05-10 22:16:24.469] [comfy-env] Scanning nodes metadata (isolation root)...
[2026-05-10 22:16:32.089] [comfy-env] Scanned nodes: 8 nodes (7.6s)
[2026-05-10 22:16:32.095] [comfy-env] Scanned nodes root: 8 nodes (7.6s)
[2026-05-10 22:16:32.097] [comfy-env] Imported nodes root: 8 nodes (isolation)
[2026-05-10 22:16:32.098] [comfy-env] Registered 8 total nodes
[2026-05-10 22:16:32.109] loading...
[2026-05-10 22:16:32.109] calling register_nodes
[2026-05-10 22:16:32.112] [comfy-env] Version: 0.3.82
[2026-05-10 22:16:32.214] [comfy-env] register_nodes: ComfyUI-GeometryPack
[2026-05-10 22:16:32.223] [comfy-env] ComfyUI source dir: /Users/runner/.comfy-test-cache/desktop/ComfyUI.app/Contents/Resources/ComfyUI
[2026-05-10 22:16:32.268] [comfy-env] Scanning nodes metadata (isolation root)...
[2026-05-10 22:16:47.710] [comfy-env] Scanned nodes: 125 nodes (15.4s)
[2026-05-10 22:16:47.718] [comfy-env] Scanned nodes root: 125 nodes (15.4s)
[2026-05-10 22:16:47.734] [comfy-env] Imported nodes root: 125 nodes (isolation)
[2026-05-10 22:16:47.736] [comfy-env] Registered 125 total nodes
[2026-05-10 22:16:47.765] 
Import times for custom nodes:
[2026-05-10 22:16:47.766]    0.0 seconds: /Users/runner/.comfy-test-cache/desktop/ComfyUI.app/Contents/Resources/ComfyUI/custom_nodes/websocket_image_save.py
[2026-05-10 22:16:47.766]    7.9 seconds: /Users/runner/Documents/ComfyUI/custom_nodes/comfyui-sharp
[2026-05-10 22:16:47.766]   15.6 seconds: /Users/runner/Documents/ComfyUI/custom_nodes/ComfyUI-GeometryPack
[2026-05-10 22:16:47.766] 
[2026-05-10 22:16:47.789] Context impl SQLiteImpl.
[2026-05-10 22:16:47.789] Will assume non-transactional DDL.
[2026-05-10 22:16:47.989] Starting server

[2026-05-10 22:16:47.990] To see the GUI go to: http://127.0.0.1:8000
[2026-05-10 22:16:51.660] [ComfyUI-Manager] The ComfyRegistry cache update is still in progress, so an outdated cache is being used.
[2026-05-10 22:16:51.734] FETCH DATA from: /Users/runner/Documents/ComfyUI/.venv/lib/python3.12/site-packages/comfyui_manager/custom-node-list.json [DONE]
[2026-05-10 22:16:55.631] [ComfyUI-Manager] The ComfyRegistry cache update is still in progress, so an outdated cache is being used.
[2026-05-10 22:16:55.722] FETCH DATA from: /Users/runner/Documents/ComfyUI/.venv/lib/python3.12/site-packages/comfyui_manager/custom-node-list.json [DONE]
[2026-05-10 22:17:00.994] [ComfyUI-Manager] The ComfyRegistry cache update is still in progress, so an outdated cache is being used.
[2026-05-10 22:17:01.047] FETCH DATA from: /Users/runner/Documents/ComfyUI/.venv/lib/python3.12/site-packages/comfyui_manager/custom-node-list.json [DONE]
[2026-05-10 22:17:23.138] got prompt
[2026-05-10 22:17:23.497] [comfyui-sharp] python: /Users/runner/.ce/.pixi/envs/sharp-nodes/bin/python
[2026-05-10 22:17:23.498] [comfyui-sharp] sys_path sent to worker: ['/Users/runner/.comfy-test-cache/desktop/ComfyUI.app/Contents/Resources/ComfyUI', '/Users/runner/Documents/ComfyUI/custom_nodes/comfyui-sharp', '/Users/runner/.ce/.pixi/envs/sharp-nodes/lib/python3.1/site-packages', '/Users/runner/Documents/ComfyUI/custom_nodes/comfyui-sharp']
[2026-05-10 22:17:26.311] [worker:comfyui-sharp] ERROR: Failed to import comfy_kitchen, Error: No module named 'comfy_kitchen', fp8 and fp4 support will not be available.
[2026-05-10 22:17:27.961] [worker:comfyui-sharp] WARNING: Warning: You are sending unauthenticated requests to the HF Hub. Please set a HF_TOKEN to enable higher rate limits and faster downloads.
[2026-05-10 22:17:57.971] [comfyui-sharp] Health check: ping (timeout=5.0s)...
[2026-05-10 22:17:57.974] [comfyui-sharp] Health check: ok
[2026-05-10 22:18:00.694] [worker:comfyui-sharp] WARNING: No comfy kitchen, using old apply_rope functions.
[2026-05-10 22:18:07.927] FETCH ComfyRegistry Data [DONE]
[2026-05-10 22:18:09.166] [ComfyUI-Manager] default cache updated: https://api.comfy.org/nodes
[2026-05-10 22:18:10.427] FETCH DATA from: /Users/runner/Documents/ComfyUI/user/__manager/cache/1514988643_custom-node-list.json [DONE]
[2026-05-10 22:18:10.997] [ComfyUI-Manager] All startup tasks have been completed.
[2026-05-10 22:18:35.461] [worker:comfyui-sharp] WARNING: [SPN] start: 0.00 GB, input=[1, 3, 1536, 1536]
[2026-05-10 22:18:35.472] [worker:comfyui-sharp] WARNING: [SPN] patches: 0.00 GB, x0=25 x1=9 x2=1 total=35
[2026-05-10 22:18:39.991] [worker:comfyui-sharp] WARNING: [SPN] after first chunk (4/35): 0.00 GB, chunk_size=4
[2026-05-10 22:18:53.460] [worker:comfyui-sharp] WARNING: [SPN] after all chunks + cache clear: 0.00 GB
[2026-05-10 22:18:53.466] [worker:comfyui-sharp] WARNING: [SPN] after merge intermediates: 0.00 GB
[2026-05-10 22:18:53.484] [worker:comfyui-sharp] WARNING: [SPN] after merge all: 0.00 GB
[2026-05-10 22:18:54.331] [worker:comfyui-sharp] WARNING: [SPN] after image_encoder: 0.00 GB
[2026-05-10 22:19:10.140] [worker:comfyui-sharp] WARNING: [SPN] after upsample: 0.00 GB
[2026-05-10 22:19:14.388] [worker:comfyui-sharp] WARNING: [Monodepth] after SPN encoder + cache clear: 0.00 GB
[2026-05-10 22:19:53.777] [worker:comfyui-sharp] WARNING: [Monodepth] after decoder: 0.00 GB
[2026-05-10 22:20:46.432] [worker:comfyui-sharp] WARNING: [Decode] start: 0.00 GB
[2026-05-10 22:20:47.232] [worker:comfyui-sharp] WARNING: [Decode] after depth_alignment: 0.00 GB
[2026-05-10 22:20:48.797] [worker:comfyui-sharp] WARNING: [Decode] after init_model: 0.00 GB
[2026-05-10 22:21:06.542] [worker:comfyui-sharp] WARNING: [Decode] after feature_model: 0.00 GB
[2026-05-10 22:21:07.705] [worker:comfyui-sharp] WARNING: [Decode] after prediction_head: 0.00 GB
[2026-05-10 22:21:21.633] [ComfyUI-GeometryPack] python: /Users/runner/.ce/.pixi/envs/geometrypack-nodes/bin/python
[2026-05-10 22:21:21.642] [ComfyUI-GeometryPack] sys_path sent to worker: ['/Users/runner/.comfy-test-cache/desktop/ComfyUI.app/Contents/Resources/ComfyUI', '/Users/runner/Documents/ComfyUI/custom_nodes/ComfyUI-GeometryPack', '/Users/runner/.ce/.pixi/envs/geometrypack-nodes/lib/python3.1/site-packages', '/Users/runner/Documents/ComfyUI/custom_nodes/ComfyUI-GeometryPack']
[2026-05-10 22:21:28.797] [worker:ComfyUI-GeometryPack] ERROR: Failed to import comfy_kitchen, Error: No module named 'comfy_kitchen', fp8 and fp4 support will not be available.
[2026-05-10 22:21:36.060] [worker:ComfyUI-GeometryPack] INFO: Loading PLY: sharp_1778451499448.ply (63.00 MB)
[2026-05-10 22:21:36.172] Prompt executed in 252.88 seconds
