** ComfyUI startup time: 2026-05-19 10:54:57.211
[2026-05-19 10:54:57.211] ** Platform: Darwin
[2026-05-19 10:54:57.211] ** Python version: 3.12.11 (main, Aug 18 2025, 19:02:39) [Clang 20.1.4 ]
[2026-05-19 10:54:57.211] ** Python executable: /Users/runner/Documents/ComfyUI/.venv/bin/python
[2026-05-19 10:54:57.211] ** ComfyUI Path: /Users/runner/.comfy-test-cache/desktop/ComfyUI.app/Contents/Resources/ComfyUI
[2026-05-19 10:54:57.212] ** ComfyUI Base Folder Path: /Users/runner/.comfy-test-cache/desktop/ComfyUI.app/Contents/Resources/ComfyUI
[2026-05-19 10:54:57.212] ** User directory: /Users/runner/Documents/ComfyUI/user
[2026-05-19 10:54:57.212] ** ComfyUI-Manager config path: /Users/runner/Documents/ComfyUI/user/__manager/config.ini
[2026-05-19 10:54:57.212] ** Log path: /Users/runner/Documents/ComfyUI/user/comfyui.log
[ComfyUI-Manager] Skipped fixing the 'comfyui-frontend-package' dependency because the ComfyUI is outdated.
[2026-05-19 10:54:57.851] [PRE] ComfyUI-Manager
[2026-05-19 10:55:04.183] Found comfy_kitchen backend cuda: {'available': False, 'disabled': True, 'unavailable_reason': 'Extension file not found: /Users/runner/Documents/ComfyUI/.venv/lib/python3.12/site-packages/comfy_kitchen/backends/cuda/_C.abi3.so', 'capabilities': []}
[2026-05-19 10:55:04.183] Found comfy_kitchen backend eager: {'available': True, 'disabled': False, 'unavailable_reason': None, 'capabilities': ['apply_rope', 'apply_rope1', 'dequantize_mxfp8', 'dequantize_nvfp4', 'dequantize_per_tensor_fp8', 'quantize_mxfp8', 'quantize_nvfp4', 'quantize_per_tensor_fp8', 'scaled_mm_mxfp8', 'scaled_mm_nvfp4']}
[2026-05-19 10:55:04.183] Found comfy_kitchen backend triton: {'available': False, 'disabled': True, 'unavailable_reason': "ImportError: No module named 'triton'", 'capabilities': []}
[2026-05-19 10:55:04.209] Checkpoint files will always be loaded safely.
[2026-05-19 10:55:04.286] Total VRAM 7168 MB, total RAM 7168 MB
[2026-05-19 10:55:04.286] pytorch version: 2.10.0
[2026-05-19 10:55:04.287] Mac Version (15, 7, 4)
[2026-05-19 10:55:04.288] Set vram state to: SHARED
[2026-05-19 10:55:04.288] Device: mps
[2026-05-19 10:55:05.091] Using sub quadratic optimization for attention, if you have memory or speed issues try using: --use-split-cross-attention
[2026-05-19 10:55:09.843] Python version: 3.12.11 (main, Aug 18 2025, 19:02:39) [Clang 20.1.4 ]
[2026-05-19 10:55:09.843] ComfyUI version: 0.21.1
[2026-05-19 10:55:09.844] comfy-aimdo version: 0.3.0
[2026-05-19 10:55:09.844] comfy-kitchen version: 0.2.8
[2026-05-19 10:55:09.846] [Prompt Server] web root: /Users/runner/.comfy-test-cache/desktop/ComfyUI.app/Contents/Resources/ComfyUI/web_custom_versions/desktop_app
[2026-05-19 10:55:09.847] Asset seeder disabled
[2026-05-19 10:55:09.847] [START] ComfyUI-Manager
[2026-05-19 10:55:10.107] [ComfyUI-Manager] Using GitPython backend
[2026-05-19 10:55:10.171] [ComfyUI-Manager] network_mode: public
[2026-05-19 10:55:10.182] [ComfyUI-Manager] The matrix sharing feature has been disabled because the `matrix-nio` dependency is not installed.
	To use this feature, please run the following command:
	/Users/runner/Documents/ComfyUI/.venv/bin/python -m pip install matrix-nio

[2026-05-19 10:55:12.708] 
Import times for custom nodes:
[2026-05-19 10:55:12.708]    0.0 seconds: /Users/runner/.comfy-test-cache/desktop/ComfyUI.app/Contents/Resources/ComfyUI/custom_nodes/websocket_image_save.py
[2026-05-19 10:55:12.708] 
[2026-05-19 10:55:12.729] Context impl SQLiteImpl.
[2026-05-19 10:55:12.729] Will assume non-transactional DDL.
[2026-05-19 10:55:12.743] Context impl SQLiteImpl.
[2026-05-19 10:55:12.743] Will assume non-transactional DDL.
[2026-05-19 10:55:12.750] Running upgrade  -> 0001_assets, Initial assets schema
Revision ID: 0001_assets
Revises: None
Create Date: 2025-12-10 00:00:00
[2026-05-19 10:55:12.849] Running upgrade 0001_assets -> 0002_merge_to_asset_references, Merge AssetInfo and AssetCacheState into unified asset_references table.
[2026-05-19 10:55:12.902] Running upgrade 0002_merge_to_asset_references -> 0003_add_metadata_job_id, Add system_metadata and job_id columns to asset_references.
Change preview_id FK from assets.id to asset_references.id.
[2026-05-19 10:55:12.944] Database upgraded from None to 0003_add_metadata_job_id
[2026-05-19 10:55:13.029] Starting server

[2026-05-19 10:55:13.032] To see the GUI go to: http://127.0.0.1:8000
[2026-05-19 10:56:28.317] [ComfyUI-Manager] Using uv as Python module for pip operations.
[2026-05-19 10:56:29.478] 100%|██████████| 23.2M/23.2M [00:00<00:00, 72.9MB/s]
[2026-05-19 10:56:29.534] Extracted zip file to /Users/runner/Documents/ComfyUI/custom_nodes/comfyui-sharp
[2026-05-19 10:56:29.542] Install: pip packages
[2026-05-19 10:56:29.708] 
## ComfyUI-Manager: EXECUTE => 
['/Users/runner/Documents/ComfyUI/.venv/bin/python', '-m', 'uv', 'pip', 
'install', 'comfy-env==0.3.89']
[2026-05-19 10:56:29.772] [!] Using Python 3.12.11 environment at: /Users/runner/Documents/ComfyUI/.venv
[2026-05-19 10:56:29.773] [!] Resolved 16 packages in 284ms
[2026-05-19 10:56:30.079] [!] Downloading virtualenv (7.2MiB)
[2026-05-19 10:56:30.101] [!]  Downloaded virtualenv
[2026-05-19 10:56:30.247] [!] Prepared 12 packages in 165ms
[2026-05-19 10:56:30.247] [!] Uninstalled 1 package in 6ms
[2026-05-19 10:56:30.256] [!] Installed 12 packages in 87ms
[2026-05-19 10:56:30.343] [!]  + cfgv==3.5.0
[2026-05-19 10:56:30.362] [!]  + comfy-env==0.3.89
[2026-05-19 10:56:30.362] [!]  + distlib==0.4.0
[2026-05-19 10:56:30.362] [!]  - filelock==3.20.3
[2026-05-19 10:56:30.362] [!]  + filelock==3.29.0
[2026-05-19 10:56:30.362] [!]  + identify==2.6.19
[2026-05-19 10:56:30.363] [!]  + nodeenv==1.10.0
[2026-05-19 10:56:30.363] [!]  + platformdirs==4.9.6
[2026-05-19 10:56:30.363] [!]  + pre-commit==4.6.0
[2026-05-19 10:56:30.363] [!]  + python-discovery==1.3.1
[2026-05-19 10:56:30.363] [!]  + tomli==2.4.1
[2026-05-19 10:56:30.363] [!]  + tomli-w==1.2.0
[2026-05-19 10:56:30.364] [!]  + virtualenv==21.3.3
[2026-05-19 10:56:30.364] [2026-05-19 10:56:30.368] 
## ComfyUI-Manager: EXECUTE => 
['/Users/runner/Documents/ComfyUI/.venv/bin/python', '-m', 'uv', 'pip', 
'install', 'comfy-3d-viewers==0.2.44']
[!] Using Python 3.12.11 environment at: /Users/runner/Documents/ComfyUI/.venv
[2026-05-19 10:56:30.483] [!] Resolved 1 package in 134ms
[2026-05-19 10:56:30.625] [!] Downloading comfy-3d-viewers (1.2MiB)
[2026-05-19 10:56:30.652] [!]  Downloaded comfy-3d-viewers
[2026-05-19 10:56:30.699] [!] Prepared 1 package in 75ms
[2026-05-19 10:56:30.701] [!] Installed 1 package in 37ms
[2026-05-19 10:56:30.745] [!]  + comfy-3d-viewers==0.2.44
[2026-05-19 10:56:30.745] [ComfyUI-Manager] Skipped fixing the 'comfyui-frontend-package' dependency because the ComfyUI is outdated.
[2026-05-19 10:56:30.792] Install: install script
[2026-05-19 10:56:30.793] 
## ComfyUI-Manager: EXECUTE => 
['/Users/runner/Documents/ComfyUI/.venv/bin/python', 'install.py']
[2026-05-19 10:56:31.068]  
[2026-05-19 10:56:31.069]  Installing 1 node dependencies...
[2026-05-19 10:56:31.069]    Cloning ComfyUI-GeometryPack...
[2026-05-19 10:56:31.069]    Installing requirements for ComfyUI-GeometryPack...
[2026-05-19 10:56:33.478]    Running install.py for ComfyUI-GeometryPack...
[2026-05-19 10:56:34.803] [2026-05-19 10:56:34.934] [!] [comfy-env] pixi not found, downloading...
[2026-05-19 10:56:34.934] [!] [comfy-env] pixi installed: /Users/runner/.pixi/bin/pixi
[2026-05-19 10:56:35.720]  [comfy-env] _discover: scanning /Users/runner/Documents/ComfyUI/custom_nodes
[2026-05-19 10:56:35.725]  [comfy-env] _discover: ComfyUI-GeometryPack -> geometrypack-nodes (custom_nodes/ComfyUI-GeometryPack/nodes/comfy-env.toml)
[2026-05-19 10:56:35.747]  [comfy-env] _discover: comfyui-sharp -> sharp-nodes (custom_nodes/comfyui-sharp/nodes/comfy-env.toml)
[2026-05-19 10:56:35.747]  [comfy-env] Workspace: /Users/runner/.ce
[2026-05-19 10:56:35.752]  [comfy-env] ComfyUI: /Users/runner/Documents/ComfyUI
[2026-05-19 10:56:35.752]  [comfy-env] Found 2 node config(s):
[2026-05-19 10:56:35.753]    - geometrypack-nodes <- custom_nodes/ComfyUI-GeometryPack/nodes/comfy-env.toml (python=host)
[2026-05-19 10:56:35.753]    - sharp-nodes <- custom_nodes/comfyui-sharp/nodes/comfy-env.toml (python=host)
[2026-05-19 10:56:35.753] [!] [comfy-env] Workspace: /Users/runner/.ce
[2026-05-19 10:56:35.756]  [comfy-env] Bootstrap interpreter has python 3.12 + torch 2.10.0 (cpu). Looking for cuda-only wheels matching cpu/torch2.10/cp312.
[2026-05-19 10:56:35.777]  [comfy-env] Desktop app detected: source=/Users/runner/.comfy-test-cache/desktop/ComfyUI.app/Contents/Resources/ComfyUI, data=/Users/runner/Documents/ComfyUI
[2026-05-19 10:56:35.783]  Generated /Users/runner/.ce/pixi.toml
[2026-05-19 10:56:35.791]  [comfy-env] Installing 2 environment(s):
[2026-05-19 10:56:35.792]    - geometrypack-nodes (python=host, 14 pypi deps, 1 cuda wheels)
[2026-05-19 10:56:35.792]    - sharp-nodes (python=host, 10 pypi deps)
[2026-05-19 10:56:35.792]  [comfy-env] Running `pixi install -e geometrypack-nodes -e sharp-nodes`...
[2026-05-19 10:56:35.792] FETCH ComfyRegistry Data [DONE]
[2026-05-19 10:56:49.929] [ComfyUI-Manager] default cache updated: https://api.comfy.org/nodes
FETCH DATA from: /Users/runner/Documents/ComfyUI/user/__manager/cache/1514988643_custom-node-list.json [DONE]
[2026-05-19 10:56:50.003] [ComfyUI-Manager] All startup tasks have been completed.
[2026-05-19 10:57:07.204]     WARN Skipped running the post-link scripts because `run-post-link-scripts` = `false`
[2026-05-19 10:57:07.208]    	- bin/.librsvg-pre-unlink.sh
[2026-05-19 10:57:07.211]    To enable them, run:
[2026-05-19 10:57:07.212]    	pixi config set --local run-post-link-scripts insecure
[2026-05-19 10:57:07.212]    More info:
[2026-05-19 10:57:07.212]    	https://pixi.sh/latest/reference/pixi_configuration/#run-post-link-scripts
[2026-05-19 10:57:07.221]     WARN Skipped running the post-link scripts because `run-post-link-scripts` = `false`
[2026-05-19 10:57:10.761]    	- bin/.librsvg-pre-unlink.sh
[2026-05-19 10:57:10.761]    To enable them, run:
[2026-05-19 10:57:10.761]    	pixi config set --local run-post-link-scripts insecure
[2026-05-19 10:57:10.761]    More info:
[2026-05-19 10:57:10.763]    	https://pixi.sh/latest/reference/pixi_configuration/#run-post-link-scripts
[2026-05-19 10:57:10.763]    ✔ The following environments have been installed: geometrypack-nodes, sharp-nodes.
[2026-05-19 10:57:18.966]  [comfy-env] geometrypack-nodes: deduped libomp
[2026-05-19 10:57:19.146]  [comfy-env] sharp-nodes: deduped libomp
[2026-05-19 10:57:19.154]  [comfy-env] Recorded install hash 82cbcc6515fc -> /Users/runner/.ce/install.hash
[2026-05-19 10:57:19.154]  [comfy-env] Install log: /Users/runner/.ce/install.log
[2026-05-19 10:57:19.155]  
[2026-05-19 10:57:19.155]  Installation complete!
[2026-05-19 10:57:19.155]  
[2026-05-19 10:57:19.203]  [requirements] Re-installing main package requirements...
[2026-05-19 10:57:19.203]    Installing requirements for comfyui-sharp...
[2026-05-19 10:57:19.204]  [comfy-env] _discover: scanning /Users/runner/Documents/ComfyUI/custom_nodes
[2026-05-19 10:57:19.348]  [comfy-env] _discover: ComfyUI-GeometryPack -> geometrypack-nodes (custom_nodes/ComfyUI-GeometryPack/nodes/comfy-env.toml)
[2026-05-19 10:57:19.359]  [comfy-env] _discover: comfyui-sharp -> sharp-nodes (custom_nodes/comfyui-sharp/nodes/comfy-env.toml)
[2026-05-19 10:57:19.361] [2026-05-19 10:57:19.361] [!] [comfy-env] Workspace: /Users/runner/.ce
[2026-05-19 10:57:19.361]  [comfy-env] Workspace inputs unchanged (hash 82cbcc6515fc) -- skipping install. Delete /Users/runner/.ce/install.hash to force.
[2026-05-19 10:57:19.362]  
[2026-05-19 10:57:19.362]  Installation complete!
[2026-05-19 10:57:19.362] 