[2026-05-11 09:28:15.879] [info]  setup plugin alembic.autogenerate.schemas
setup plugin alembic.autogenerate.tables

[2026-05-11 09:28:15.881] [info]  setup plugin alembic.autogenerate.types
setup plugin alembic.autogenerate.constraints
setup plugin alembic.autogenerate.defaults
setup plugin alembic.autogenerate.comments

[2026-05-11 09:28:16.186] [info]  comfy-aimdo os not supported Darwin
NOTE: comfy-aimdo is currently only support for Windows and Linux

[2026-05-11 09:28:16.702] [info]  Adding extra search path custom_nodes /Users/runner/Documents/ComfyUI/custom_nodes
Adding extra search path download_model_base /Users/runner/Documents/ComfyUI/models
Adding extra search path custom_nodes /Users/runner/.comfy-test-cache/desktop/ComfyUI.app/Contents/Resources/ComfyUI/custom_nodes
Setting output directory to: /Users/runner/Documents/ComfyUI/output
Setting input directory to: /Users/runner/Documents/ComfyUI/input

[2026-05-11 09:28:16.704] [info]  Setting user directory to: /Users/runner/Documents/ComfyUI/user

[2026-05-11 09:28:18.985] [info]  [START] Security scan
[DONE] Security scan
** ComfyUI startup time: 
[2026-05-11 09:28:18.987] [info]  2026-05-11 09:28:18.983
** Platform: Darwin
** Python version: 3.12.11 (main, Aug 18 2025, 19:02:39) [Clang 20.1.4 ]
** Python executable: /Users/runner/Documents/ComfyUI/.venv/bin/python
** ComfyUI Path: /Users/runner/.comfy-test-cache/desktop/ComfyUI.app/Contents/Resources/ComfyUI
** ComfyUI Base Folder Path: /Users/runner/.comfy-test-cache/desktop/ComfyUI.app/Contents/Resources/ComfyUI
** User directory: /Users/runner/Documents/ComfyUI/user
** ComfyUI-Manager config path: /Users/runner/Documents/ComfyUI/user/__manager/config.ini
** Log path: /Users/runner/Documents/ComfyUI/user/comfyui.log

[2026-05-11 09:28:19.804] [info]  [ComfyUI-Manager] Skipped fixing the 'comfyui-frontend-package' dependency because the ComfyUI is outdated.

[2026-05-11 09:28:19.807] [info]  [PRE] ComfyUI-Manager

[2026-05-11 09:28:30.489] [info]  Found comfy_kitchen backend eager: {'available': True, 'disabled': False, 'unavailable_reason': None, 'capabilities': ['apply_rope', 'apply_rope1', 'dequantize_mxfp8', 'dequantize_nvfp4', 'dequantize_per_tensor_fp8', 'quantize_mxfp8', 'quantize_nvfp4', 'quantize_per_tensor_fp8', 'scaled_mm_mxfp8', 'scaled_mm_nvfp4']}

[2026-05-11 09:28:30.493] [info]  Found comfy_kitchen backend cuda: {'available': False, 'disabled': True, 'unavailable_reason': 'Extension file not found: /Users/runner/Documents/ComfyUI/.venv/lib/python3.12/site-packages/comfy_kitchen/backends/cuda/_C.abi3.so', 'capabilities': []}
Found comfy_kitchen backend triton: {'available': False, 'disabled': True, 'unavailable_reason': "ImportError: No module named 'triton'", 'capabilities': []}

[2026-05-11 09:28:30.559] [info]  Checkpoint files will always be loaded safely.

[2026-05-11 09:28:30.732] [info]  Total VRAM 7168 MB, total RAM 7168 MB

[2026-05-11 09:28:30.736] [info]  pytorch version: 2.10.0

[2026-05-11 09:28:30.741] [info]  Mac Version (15, 7, 4)

[2026-05-11 09:28:30.743] [info]  Set vram state to: SHARED

[2026-05-11 09:28:30.745] [info]  Device: mps

[2026-05-11 09:28:33.566] [info]  Using sub quadratic optimization for attention, if you have memory or speed issues try using: --use-split-cross-attention

[2026-05-11 09:28:46.384] [info]  Python version: 3.12.11 (main, Aug 18 2025, 19:02:39) [Clang 20.1.4 ]

[2026-05-11 09:28:46.390] [info]  ComfyUI version: 0.20.1
comfy-aimdo version: 0.2.14

[2026-05-11 09:28:46.398] [info]  comfy-kitchen version: 0.2.8

[2026-05-11 09:28:46.401] [info]  [Prompt Server] web root: /Users/runner/.comfy-test-cache/desktop/ComfyUI.app/Contents/Resources/ComfyUI/web_custom_versions/desktop_app

[2026-05-11 09:28:46.402] [info]  Asset seeder disabled

[2026-05-11 09:28:46.404] [info]  [START] ComfyUI-Manager

[2026-05-11 09:28:46.947] [info]  [ComfyUI-Manager] Using GitPython backend

[2026-05-11 09:28:47.049] [info]  [ComfyUI-Manager] network_mode: public

[2026-05-11 09:28:47.116] [info]  [ComfyUI-Manager] The matrix sharing feature has been disabled because the `matrix-nio` dependency is not installed.
	To use this feature, please run the following command:
	/Users/runner/Documents/ComfyUI/.venv/bin/python -m pip install matrix-nio


[2026-05-11 09:28:50.922] [info]  
Import times for custom nodes:

[2026-05-11 09:28:50.925] [info]     0.0 seconds: /Users/runner/.comfy-test-cache/desktop/ComfyUI.app/Contents/Resources/ComfyUI/custom_nodes/websocket_image_save.py


[2026-05-11 09:28:50.944] [info]  Context impl SQLiteImpl.

[2026-05-11 09:28:50.946] [info]  Will assume non-transactional DDL.

[2026-05-11 09:28:50.991] [info]  Context impl SQLiteImpl.
Will assume non-transactional DDL.

[2026-05-11 09:28:50.997] [info]  Running upgrade  -> 0001_assets, Initial assets schema
Revision ID: 0001_assets
Revises: None
Create Date: 2025-12-10 00:00:00

[2026-05-11 09:28:51.069] [info]  Running upgrade 0001_assets -> 0002_merge_to_asset_references, Merge AssetInfo and AssetCacheState into unified asset_references table.

[2026-05-11 09:28:51.120] [info]  Running upgrade 0002_merge_to_asset_references -> 0003_add_metadata_job_id, Add system_metadata and job_id columns to asset_references.
Change preview_id FK from assets.id to asset_references.id.

[2026-05-11 09:28:51.175] [info]  Database upgraded from None to 0003_add_metadata_job_id

[2026-05-11 09:28:51.296] [info]  Starting server


[2026-05-11 09:28:51.298] [info]  To see the GUI go to: http://127.0.0.1:8000

[2026-05-11 09:30:02.256] [info]  [ComfyUI-Manager] Using uv as Python module for pip operations.

[2026-05-11 09:30:03.160] [error]   0%|          | 0.00/781k [00:00<?, ?B/s]
[2026-05-11 09:30:03.190] [error] 100%|██████████| 781k/781k [00:00<00:00, 16.4MB/s]

[2026-05-11 09:30:03.214] [info]  Extracted zip file to /Users/runner/Documents/ComfyUI/custom_nodes/comfy-topaz

[2026-05-11 09:30:07.277] [info]  
After restarting ComfyUI, please refresh the browser.

[2026-05-11 09:30:10.672] [info]  
Restarting... [Legacy Mode]


Command: ['/Users/runner/Documents/ComfyUI/.venv/bin/python', '/Users/runner/.comfy-test-cache/desktop/ComfyUI.app/Contents/Resources/ComfyUI/main.py', '--user-directory', '/Users/runner/Documents/ComfyUI/user', '--input-directory', '/Users/runner/Documents/ComfyUI/input', '--output-directory', '/Users/runner/Documents/ComfyUI/output', '--front-end-root', '/Users/runner/.comfy-test-cache/desktop/ComfyUI.app/Contents/Resources/ComfyUI/web_custom_versions/desktop_app', '--base-directory', '/Users/runner/Documents/ComfyUI', '--database-url', 'sqlite:////Users/runner/Documents/ComfyUI/user/comfyui.db', '--extra-model-paths-config', '/Users/runner/Library/Application Support/ComfyUI/extra_models_config.yaml', '--log-stdout', '--listen', '127.0.0.1', '--port', '8000', '--enable-manager']

[2026-05-11 09:30:10.703] [error] /Users/runner/.local/share/uv/python/cpython-3.12.11-macos-aarch64-none/lib/python3.12/multiprocessing/resource_tracker.py:279: UserWarning: resource_tracker: There appear to be 1 leaked semaphore objects to clean up at shutdown
  warnings.warn('resource_tracker: There appear to be %d '

[2026-05-11 09:30:11.210] [info]  setup plugin alembic.autogenerate.schemas
setup plugin alembic.autogenerate.tables
setup plugin alembic.autogenerate.types
setup plugin alembic.autogenerate.constraints
setup plugin alembic.autogenerate.defaults

[2026-05-11 09:30:11.211] [info]  setup plugin alembic.autogenerate.comments

[2026-05-11 09:30:11.286] [info]  comfy-aimdo os not supported Darwin
NOTE: comfy-aimdo is currently only support for Windows and Linux

[2026-05-11 09:30:11.439] [info]  Adding extra search path custom_nodes /Users/runner/Documents/ComfyUI/custom_nodes
Adding extra search path download_model_base /Users/runner/Documents/ComfyUI/models
Adding extra search path custom_nodes /Users/runner/.comfy-test-cache/desktop/ComfyUI.app/Contents/Resources/ComfyUI/custom_nodes
Setting output directory to: /Users/runner/Documents/ComfyUI/output

[2026-05-11 09:30:11.440] [info]  Setting input directory to: /Users/runner/Documents/ComfyUI/input
Setting user directory to: /Users/runner/Documents/ComfyUI/user

[2026-05-11 09:30:11.877] [info]  [START] Security scan
[ComfyUI-Manager] Using uv as Python module for pip operations.

[2026-05-11 09:30:12.015] [info]  [DONE] Security scan
** ComfyUI startup time: 2026-05-11 09:30:12.014

[2026-05-11 09:30:12.017] [info]  ** Platform: Darwin
** Python version: 3.12.11 (main, Aug 18 2025, 19:02:39) [Clang 20.1.4 ]
** Python executable: /Users/runner/Documents/ComfyUI/.venv/bin/python
** ComfyUI Path: /Users/runner/.comfy-test-cache/desktop/ComfyUI.app/Contents/Resources/ComfyUI
** ComfyUI Base Folder Path: /Users/runner/.comfy-test-cache/desktop/ComfyUI.app/Contents/Resources/ComfyUI
** User directory: /Users/runner/Documents/ComfyUI/user
** ComfyUI-Manager config path: /Users/runner/Documents/ComfyUI/user/__manager/config.ini
** Log path: /Users/runner/Documents/ComfyUI/user/comfyui.log

[2026-05-11 09:30:12.221] [info]  [ComfyUI-Manager] Skipped fixing the 'comfyui-frontend-package' dependency because the ComfyUI is outdated.
[PRE] ComfyUI-Manager

[2026-05-11 09:30:14.970] [info]  Found comfy_kitchen backend triton: {'available': False, 'disabled': True, 'unavailable_reason': "ImportError: No module named 'triton'", 'capabilities': []}
Found comfy_kitchen backend cuda: {'available': False, 'disabled': True, 'unavailable_reason': 'Extension file not found: /Users/runner/Documents/ComfyUI/.venv/lib/python3.12/site-packages/comfy_kitchen/backends/cuda/_C.abi3.so', 'capabilities': []}

[2026-05-11 09:30:14.971] [info]  Found comfy_kitchen backend eager: {'available': True, 'disabled': False, 'unavailable_reason': None, 'capabilities': ['apply_rope', 'apply_rope1', 'dequantize_mxfp8', 'dequantize_nvfp4', 'dequantize_per_tensor_fp8', 'quantize_mxfp8', 'quantize_nvfp4', 'quantize_per_tensor_fp8', 'scaled_mm_mxfp8', 'scaled_mm_nvfp4']}

[2026-05-11 09:30:14.976] [info]  Checkpoint files will always be loaded safely.

[2026-05-11 09:30:15.004] [info]  Total VRAM 7168 MB, total RAM 7168 MB
pytorch version: 2.10.0

[2026-05-11 09:30:15.007] [info]  Mac Version (15, 7, 4)

[2026-05-11 09:30:15.008] [info]  Set vram state to: SHARED
Device: mps

[2026-05-11 09:30:15.380] [info]  Using sub quadratic optimization for attention, if you have memory or speed issues try using: --use-split-cross-attention

[2026-05-11 09:30:18.740] [info]  Python version: 3.12.11 (main, Aug 18 2025, 19:02:39) [Clang 20.1.4 ]
ComfyUI version: 0.20.1

[2026-05-11 09:30:18.741] [info]  comfy-aimdo version: 0.2.14
comfy-kitchen version: 0.2.8

[2026-05-11 09:30:18.742] [info]  [Prompt Server] web root: /Users/runner/.comfy-test-cache/desktop/ComfyUI.app/Contents/Resources/ComfyUI/web_custom_versions/desktop_app

[2026-05-11 09:30:18.743] [info]  Asset seeder disabled

[2026-05-11 09:30:18.743] [info]  [START] ComfyUI-Manager

[2026-05-11 09:30:18.839] [info]  [ComfyUI-Manager] Using GitPython backend

[2026-05-11 09:30:18.884] [info]  [ComfyUI-Manager] network_mode: public

[2026-05-11 09:30:18.887] [info]  [ComfyUI-Manager] The matrix sharing feature has been disabled because the `matrix-nio` dependency is not installed.
	To use this feature, please run the following command:
	/Users/runner/Documents/ComfyUI/.venv/bin/python -m pip install matrix-nio


[2026-05-11 09:30:20.220] [info]  installed topaz.js to /Users/runner/.comfy-test-cache/desktop/ComfyUI.app/Contents/Resources/ComfyUI/web/extensions/topaz

[2026-05-11 09:30:20.221] [info]  
Import times for custom nodes:

[2026-05-11 09:30:20.222] [info]     0.0 seconds: /Users/runner/.comfy-test-cache/desktop/ComfyUI.app/Contents/Resources/ComfyUI/custom_nodes/websocket_image_save.py
   0.0 seconds: /Users/runner/Documents/ComfyUI/custom_nodes/comfy-topaz


[2026-05-11 09:30:20.227] [info]  Context impl SQLiteImpl.
Will assume non-transactional DDL.

[2026-05-11 09:30:20.274] [info]  Starting server


[2026-05-11 09:30:20.275] [info]  To see the GUI go to: http://127.0.0.1:8000

[2026-05-11 09:30:22.141] [info]  FETCH DATA from: /Users/runner/Documents/ComfyUI/.venv/lib/python3.12/site-packages/comfyui_manager/custom-node-list.json
[2026-05-11 09:30:22.176] [info]   [DONE]

[2026-05-11 09:30:28.323] [info]  FETCH DATA from: /Users/runner/Documents/ComfyUI/.venv/lib/python3.12/site-packages/comfyui_manager/custom-node-list.json
[2026-05-11 09:30:28.340] [info]   [DONE]

[2026-05-11 09:30:34.575] [info]  FETCH DATA from: /Users/runner/Documents/ComfyUI/.venv/lib/python3.12/site-packages/comfyui_manager/custom-node-list.json
[2026-05-11 09:30:34.614] [info]   [DONE]

