[00:00] Crash dump logging enabled: /Users/runner/work/comfy-gpu-ci/comfy-gpu-ci/comfy-test-logs/Sharp-2136/dev/macos-cpu/crash_dump.log
[00:00] 
[00:00] [1/5] SYNTAX
[00:00] ----------------------------------------
[00:00] 
[DEBUG] server=None, server_url=None, api=None
[00:00] Found pyproject.toml (modern format)
[00:00] Found requirements.txt (legacy format)
[00:00] Unicode check: OK (all characters cp1252-safe)
[00:00] Forbidden patterns check: OK
[00:00] [SYNTAX] PASSED
[00:00] 
[00:00] [2/5] INSTALL
[00:00] ----------------------------------------
[00:00] 
[DEBUG] server=None, server_url=None, api=None
[00:00] 
Setting up ComfyUI...
[00:00] Cloning ComfyUI (latest)...
[00:00] Running: git clone --depth 1 https://github.com/comfyanonymous/ComfyUI.git /Users/runner/work/comfy-gpu-ci/comfy-gpu-ci/test_workspaces/Sharp-2136/ComfyUI
[00:01] Creating virtual environment...
[00:01] Running: /Library/Frameworks/Python.framework/Versions/3.12/bin/python -m venv /Users/runner/work/comfy-gpu-ci/comfy-gpu-ci/test_workspaces/Sharp-2136/venv
[00:03] Installing uv into venv...
[00:03] Running: /Users/runner/work/comfy-gpu-ci/comfy-gpu-ci/test_workspaces/Sharp-2136/venv/bin/python -m pip install uv
[00:03] Installing PyTorch...
[00:03] Running: /Users/runner/work/comfy-gpu-ci/comfy-gpu-ci/test_workspaces/Sharp-2136/venv/bin/python -m uv pip install torch torchvision torchaudio
[00:12] Installing ComfyUI requirements...
[00:12] Running: /Users/runner/work/comfy-gpu-ci/comfy-gpu-ci/test_workspaces/Sharp-2136/venv/bin/python -m uv pip install -r /Users/runner/work/comfy-gpu-ci/comfy-gpu-ci/test_workspaces/Sharp-2136/ComfyUI/requirements.txt
[00:22] 
Installing custom node...
[00:22] Copying ComfyUI-Sharp to custom_nodes/...
[00:22] Installing node requirements...
[00:22] Running: /Users/runner/work/comfy-gpu-ci/comfy-gpu-ci/test_workspaces/Sharp-2136/venv/bin/python -m uv pip install -r /Users/runner/work/comfy-gpu-ci/comfy-gpu-ci/test_workspaces/Sharp-2136/ComfyUI/custom_nodes/ComfyUI-Sharp/requirements.txt
[00:22] 
Running install.py...
[00:22] Running: /Users/runner/work/comfy-gpu-ci/comfy-gpu-ci/test_workspaces/Sharp-2136/venv/bin/python /Users/runner/work/comfy-gpu-ci/comfy-gpu-ci/test_workspaces/Sharp-2136/ComfyUI/custom_nodes/ComfyUI-Sharp/install.py
[00:23]   
[00:23]   Installing 1 node dependencies...
[00:23]     Cloning ComfyUI-GeometryPack...
[00:25]     Installing requirements for ComfyUI-GeometryPack...
[00:25]     Running install.py for ComfyUI-GeometryPack...
[00:26]   [comfy-env] _discover: scanning /Users/runner/work/comfy-gpu-ci/comfy-gpu-ci/test_workspaces/Sharp-2136/ComfyUI/custom_nodes
[00:26]   [comfy-env] _discover: ComfyUI-GeometryPack -> geometrypack-nodes (custom_nodes/ComfyUI-GeometryPack/nodes/comfy-env.toml)
[00:26]   [comfy-env] _discover: ComfyUI-Sharp -> sharp-nodes (custom_nodes/ComfyUI-Sharp/nodes/comfy-env.toml)
[00:26]   [comfy-env] Workspace: /Users/runner/.ce
[00:26]   [comfy-env] ComfyUI: /Users/runner/work/comfy-gpu-ci/comfy-gpu-ci/test_workspaces/Sharp-2136/ComfyUI
[00:26]   [comfy-env] Found 2 node config(s):
[00:26]     - geometrypack-nodes <- custom_nodes/ComfyUI-GeometryPack/nodes/comfy-env.toml (python=host)
[00:26]     - sharp-nodes <- custom_nodes/ComfyUI-Sharp/nodes/comfy-env.toml (python=host)
[00:26]   [comfy-env] Bootstrap interpreter has python 3.12 + torch 2.11.0 (cpu). Looking for cuda-only wheels matching cpu/torch2.11/cp312.
[00:26]   Generated /Users/runner/.ce/pixi.toml
[00:26]   [comfy-env] Installing 2 environment(s):
[00:26]     - geometrypack-nodes (python=host, 14 pypi deps, 1 cuda wheels)
[00:26]     - sharp-nodes (python=host, 9 pypi deps)
[00:26]   [comfy-env] Running `pixi install -e geometrypack-nodes -e sharp-nodes`...
[00:55]      WARN Skipped running the post-link scripts because `run-post-link-scripts` = `false`
[00:55]     	- bin/.librsvg-pre-unlink.sh
[00:55]     To enable them, run:
[00:55]     	pixi config set --local run-post-link-scripts insecure
[00:55]     More info:
[00:55]     	https://pixi.sh/latest/reference/pixi_configuration/#run-post-link-scripts
[01:00]      WARN Skipped running the post-link scripts because `run-post-link-scripts` = `false`
[01:00]     	- bin/.librsvg-pre-unlink.sh
[01:00]     To enable them, run:
[01:00]     	pixi config set --local run-post-link-scripts insecure
[01:00]     More info:
[01:00]     	https://pixi.sh/latest/reference/pixi_configuration/#run-post-link-scripts
[01:08]     ✔ The following environments have been installed: geometrypack-nodes, sharp-nodes.
[01:08]   [comfy-env] geometrypack-nodes: deduped libomp
[01:08]   [comfy-env] sharp-nodes: deduped libomp
[01:08]   [comfy-env] Install log: /Users/runner/.ce/install.log
[01:08]   
[01:08]   Installation complete!
[01:08]   
[01:08]   [requirements] Re-installing main package requirements...
[01:08]     Installing requirements for ComfyUI-Sharp...
[01:08]   [comfy-env] _discover: scanning /Users/runner/work/comfy-gpu-ci/comfy-gpu-ci/test_workspaces/Sharp-2136/ComfyUI/custom_nodes
[01:08]   [comfy-env] _discover: ComfyUI-GeometryPack -> geometrypack-nodes (custom_nodes/ComfyUI-GeometryPack/nodes/comfy-env.toml)
[01:08]   [comfy-env] _discover: ComfyUI-Sharp -> sharp-nodes (custom_nodes/ComfyUI-Sharp/nodes/comfy-env.toml)
[01:08]   [comfy-env] Workspace: /Users/runner/.ce
[01:08]   [comfy-env] ComfyUI: /Users/runner/work/comfy-gpu-ci/comfy-gpu-ci/test_workspaces/Sharp-2136/ComfyUI
[01:08]   [comfy-env] Found 2 node config(s):
[01:08]     - geometrypack-nodes <- custom_nodes/ComfyUI-GeometryPack/nodes/comfy-env.toml (python=host)
[01:08]     - sharp-nodes <- custom_nodes/ComfyUI-Sharp/nodes/comfy-env.toml (python=host)
[01:08]   [comfy-env] Bootstrap interpreter has python 3.12 + torch 2.11.0 (cpu). Looking for cuda-only wheels matching cpu/torch2.11/cp312.
[01:08]   Generated /Users/runner/.ce/pixi.toml
[01:08]   [comfy-env] Installing 2 environment(s):
[01:08]     - geometrypack-nodes (python=host, 14 pypi deps, 1 cuda wheels)
[01:08]     - sharp-nodes (python=host, 9 pypi deps)
[01:08]   [comfy-env] Running `pixi install -e geometrypack-nodes -e sharp-nodes`...
[01:09]     ✔ The following environments have been installed: geometrypack-nodes, sharp-nodes.
[01:09]   [comfy-env] geometrypack-nodes: deduped libomp
[01:09]   [comfy-env] sharp-nodes: deduped libomp
[01:09]   [comfy-env] Install log: /Users/runner/.ce/install.log
[01:09]   
[01:09]   Installation complete!
[01:09] Installing 1 node dependency(ies)...
[01:09]   ComfyUI-GeometryPack from PozzettiAndrea/ComfyUI-GeometryPack
[01:09]   ComfyUI-GeometryPack already exists, skipping...
[01:09] Installing validation endpoint...
[01:09]   Cloning PozzettiAndrea/ComfyUI-validate-endpoint...
[01:09] Running: git clone --depth 1 https://github.com/PozzettiAndrea/ComfyUI-validate-endpoint.git /Users/runner/work/comfy-gpu-ci/comfy-gpu-ci/test_workspaces/Sharp-2136/ComfyUI/custom_nodes/ComfyUI-validate-endpoint
[01:09] [INSTALL] PASSED
[01:09] 
[01:09] [3/5] REGISTRATION
[01:09] ----------------------------------------
[01:09] 
[DEBUG] server=None, server_url=None, api=None
[01:09] 
Starting ComfyUI server...
[01:09] Starting ComfyUI server on port 41894...
[01:09] Starting ComfyUI server on port 41894...
[01:09] Waiting for server to be ready (timeout: 600s)...
[01:11]   [ComfyUI] setup plugin alembic.autogenerate.schemas
[01:11]   [ComfyUI] setup plugin alembic.autogenerate.tables
[01:11]   [ComfyUI] setup plugin alembic.autogenerate.types
[01:11]   [ComfyUI] setup plugin alembic.autogenerate.constraints
[01:11]   [ComfyUI] setup plugin alembic.autogenerate.defaults
[01:11]   [ComfyUI] setup plugin alembic.autogenerate.comments
[01:11]   [ComfyUI] Could not autodetect AIMDO implementation, assuming Nvidia
[01:11]   [ComfyUI] comfy-aimdo unsupported operating system: Darwin
[01:11]   [ComfyUI] NOTE: comfy-aimdo currently only supports Windows and Linux
[01:11]   [ComfyUI] [comfy-env] ComfyUI-Sharp: 1 isolation env(s):
[01:11]   [ComfyUI] [comfy-env]   nodes -> /Users/runner/work/comfy-gpu-ci/comfy-gpu-ci/test_workspaces/Sharp-2136/ComfyUI/custom_nodes/ComfyUI-Sharp/nodes
[01:14]   [ComfyUI] [comfy-env] prestartup complete
[01:14]   [ComfyUI] [comfy-env] ComfyUI-GeometryPack: 1 isolation env(s):
[01:14]   [ComfyUI] [comfy-env]   nodes -> /Users/runner/work/comfy-gpu-ci/comfy-gpu-ci/test_workspaces/Sharp-2136/ComfyUI/custom_nodes/ComfyUI-GeometryPack/nodes
[01:14]   [ComfyUI] [comfy-env] prestartup complete
[01:15]   [ComfyUI] 
[01:15]   [ComfyUI] Prestartup times for custom nodes:
[01:15]   [ComfyUI]    0.2 seconds: /Users/runner/work/comfy-gpu-ci/comfy-gpu-ci/test_workspaces/Sharp-2136/ComfyUI/custom_nodes/ComfyUI-GeometryPack
[01:15]   [ComfyUI]    3.1 seconds: /Users/runner/work/comfy-gpu-ci/comfy-gpu-ci/test_workspaces/Sharp-2136/ComfyUI/custom_nodes/ComfyUI-Sharp
[01:15]   [ComfyUI] 
[01:15]   [ComfyUI] WARNING: Potential Error in code: Torch already imported, torch should never be imported before this point.
[01:21]   [ComfyUI] Found comfy_kitchen backend triton: {'available': False, 'disabled': True, 'unavailable_reason': "ImportError: No module named 'triton'", 'capabilities': []}
[01:21]   [ComfyUI] Found comfy_kitchen backend cuda: {'available': False, 'disabled': True, 'unavailable_reason': 'Extension file not found: /Users/runner/work/comfy-gpu-ci/comfy-gpu-ci/test_workspaces/Sharp-2136/venv/lib/python3.12/site-packages/comfy_kitchen/backends/cuda/_C.abi3.so', 'capabilities': []}
[01:21]   [ComfyUI] Found comfy_kitchen backend eager: {'available': True, 'disabled': False, 'unavailable_reason': None, 'capabilities': ['apply_rope', 'apply_rope1', 'dequantize_mxfp8', 'dequantize_nvfp4', 'dequantize_per_tensor_fp8', 'quantize_mxfp8', 'quantize_nvfp4', 'quantize_per_tensor_fp8', 'scaled_mm_mxfp8', 'scaled_mm_nvfp4']}
[01:21]   [ComfyUI] Checkpoint files will always be loaded safely.
[01:22]   [ComfyUI] Total VRAM 7168 MB, total RAM 7168 MB
[01:22]   [ComfyUI] pytorch version: 2.11.0
[01:22]   [ComfyUI] Mac Version (15, 7, 4)
[01:22]   [ComfyUI] Set vram state to: SHARED
[01:22]   [ComfyUI] Device: mps
[01:22]   [ComfyUI] Using sub quadratic optimization for attention, if you have memory or speed issues try using: --use-split-cross-attention
[01:29]   [ComfyUI] Python version: 3.12.10 (v3.12.10:0cc81280367, Apr  8 2025, 08:46:59) [Clang 13.0.0 (clang-1300.0.29.30)]
[01:29]   [ComfyUI] ComfyUI version: 0.20.1
[01:29]   [ComfyUI] comfy-aimdo version: 0.3.0
[01:29]   [ComfyUI] comfy-kitchen version: 0.2.8
[01:29]   [ComfyUI] ****** User settings have been changed to be stored on the server instead of browser storage. ******
[01:29]   [ComfyUI] ****** For multi-user setups add the --multi-user CLI argument to enable multiple user profiles. ******
[01:29]   [ComfyUI] ComfyUI frontend version: 1.43.18
[01:29]   [ComfyUI] [Prompt Server] web root: /Users/runner/work/comfy-gpu-ci/comfy-gpu-ci/test_workspaces/Sharp-2136/venv/lib/python3.12/site-packages/comfyui_frontend_package/static
[01:29]   [ComfyUI] Asset seeder disabled
[01:32]   [ComfyUI] [comfy-env] Version: 0.3.82
[01:32]   [ComfyUI] [comfy-env] register_nodes: ComfyUI-Sharp
[01:32]   [ComfyUI] [comfy-env] ComfyUI source dir: /Users/runner/work/comfy-gpu-ci/comfy-gpu-ci/test_workspaces/Sharp-2136/ComfyUI
[01:32]   [ComfyUI] [comfy-env] Found 1 isolation env(s)
[01:32]   [ComfyUI] [comfy-env] Scanning nodes metadata (isolation root)...
[01:32]   [ComfyUI] [comfy-env] Metadata scan: /Users/runner/.pixi/bin/pixi run --as-is --manifest-path /Users/runner/.ce/pixi.toml -e sharp-nodes python /var/folders/tb/y368xp_x10s3ty1b_mtl5mxr0000gn/T/comfy_meta_x2kayw_r.py /Users/runner/work/comfy-gpu-ci/comfy-gpu-ci/test_workspaces/Sharp-2136/ComfyUI/custom_nodes/ComfyUI-Sharp nodes
[01:32]   [ComfyUI] [comfy-env] Scan env PATH for nodes:
[01:32]   [ComfyUI] [comfy-env]   [0] /Users/runner/hostedtoolcache/Python/3.12.10/arm64/bin
[01:32]   [ComfyUI] [comfy-env]   [1] /Users/runner/hostedtoolcache/Python/3.12.10/arm64
[01:32]   [ComfyUI] [comfy-env]   [2] /opt/homebrew/lib/ruby/gems/3.3.0/bin
[01:32]   [ComfyUI] [comfy-env]   [3] /opt/homebrew/opt/ruby@3.3/bin
[01:32]   [ComfyUI] [comfy-env]   [4] /Users/runner/.local/bin
[01:32]   [ComfyUI] [comfy-env]   [5] /opt/homebrew/bin
[01:32]   [ComfyUI] [comfy-env]   [6] /opt/homebrew/sbin
[01:32]   [ComfyUI] [comfy-env]   [7] /Users/runner/.cargo/bin
[01:32]   [ComfyUI] [comfy-env]   [8] /usr/local/opt/curl/bin
[01:32]   [ComfyUI] [comfy-env]   [9] /usr/local/bin
[01:32]   [ComfyUI] [comfy-env]   [10] /usr/local/sbin
[01:32]   [ComfyUI] [comfy-env]   [11] /Users/runner/bin
[01:32]   [ComfyUI] [comfy-env]   [12] /Users/runner/.yarn/bin
[01:32]   [ComfyUI] [comfy-env]   [13] /Users/runner/Library/Android/sdk/tools
[01:32]   [ComfyUI] [comfy-env]   [14] /Users/runner/Library/Android/sdk/platform-tools
[01:32]   [ComfyUI] [comfy-env]   [15] /Library/Frameworks/Python.framework/Versions/Current/bin
[01:32]   [ComfyUI] [comfy-env]   [16] /Library/Frameworks/Mono.framework/Versions/Current/Commands
[01:32]   [ComfyUI] [comfy-env]   [17] /usr/bin
[01:32]   [ComfyUI] [comfy-env]   [18] /bin
[01:32]   [ComfyUI] [comfy-env]   [19] /usr/sbin
[01:32]   [ComfyUI] [comfy-env]   [20] /sbin
[01:32]   [ComfyUI] [comfy-env]   [21] /Users/runner/.dotnet/tools
[01:37]   [ComfyUI] [comfy-env] Metadata scan stderr for nodes:
[01:37]   [ComfyUI] [comfy-env]   [meta-scan] importing nodes from /Users/runner/work/comfy-gpu-ci/comfy-gpu-ci/test_workspaces/Sharp-2136/ComfyUI/custom_nodes/ComfyUI-Sharp
[01:37]   [ComfyUI] [comfy-env]   [meta-scan] import OK
[01:37]   [ComfyUI] [comfy-env] Scanned nodes: 8 nodes (5.0s)
[01:37]   [ComfyUI] [comfy-env] Scanned nodes root: 8 nodes (5.1s)
[01:37]   [ComfyUI] [comfy-env] Imported nodes root: 8 nodes (isolation)
[01:37]   [ComfyUI] [comfy-env] Registered 8 total nodes
[01:37]   [ComfyUI] loading...
[01:37]   [ComfyUI] calling register_nodes
[01:37]   [ComfyUI] [comfy-env] Version: 0.3.82
[01:37]   [ComfyUI] [comfy-env] register_nodes: ComfyUI-GeometryPack
[01:37]   [ComfyUI] [comfy-env] ComfyUI source dir: /Users/runner/work/comfy-gpu-ci/comfy-gpu-ci/test_workspaces/Sharp-2136/ComfyUI
[01:37]   [ComfyUI] [comfy-env] Found 1 isolation env(s)
[01:37]   [ComfyUI] [comfy-env] Scanning nodes metadata (isolation root)...
[01:37]   [ComfyUI] [comfy-env] Metadata scan: /Users/runner/.pixi/bin/pixi run --as-is --manifest-path /Users/runner/.ce/pixi.toml -e geometrypack-nodes python /var/folders/tb/y368xp_x10s3ty1b_mtl5mxr0000gn/T/comfy_meta_zrfw44hw.py /Users/runner/work/comfy-gpu-ci/comfy-gpu-ci/test_workspaces/Sharp-2136/ComfyUI/custom_nodes/ComfyUI-GeometryPack nodes
[01:37]   [ComfyUI] [comfy-env] Scan env PATH for nodes:
[01:37]   [ComfyUI] [comfy-env]   [0] /Users/runner/hostedtoolcache/Python/3.12.10/arm64/bin
[01:37]   [ComfyUI] [comfy-env]   [1] /Users/runner/hostedtoolcache/Python/3.12.10/arm64
[01:37]   [ComfyUI] [comfy-env]   [2] /opt/homebrew/lib/ruby/gems/3.3.0/bin
[01:37]   [ComfyUI] [comfy-env]   [3] /opt/homebrew/opt/ruby@3.3/bin
[01:37]   [ComfyUI] [comfy-env]   [4] /Users/runner/.local/bin
[01:37]   [ComfyUI] [comfy-env]   [5] /opt/homebrew/bin
[01:37]   [ComfyUI] [comfy-env]   [6] /opt/homebrew/sbin
[01:37]   [ComfyUI] [comfy-env]   [7] /Users/runner/.cargo/bin
[01:37]   [ComfyUI] [comfy-env]   [8] /usr/local/opt/curl/bin
[01:37]   [ComfyUI] [comfy-env]   [9] /usr/local/bin
[01:37]   [ComfyUI] [comfy-env]   [10] /usr/local/sbin
[01:37]   [ComfyUI] [comfy-env]   [11] /Users/runner/bin
[01:37]   [ComfyUI] [comfy-env]   [12] /Users/runner/.yarn/bin
[01:37]   [ComfyUI] [comfy-env]   [13] /Users/runner/Library/Android/sdk/tools
[01:37]   [ComfyUI] [comfy-env]   [14] /Users/runner/Library/Android/sdk/platform-tools
[01:37]   [ComfyUI] [comfy-env]   [15] /Library/Frameworks/Python.framework/Versions/Current/bin
[01:37]   [ComfyUI] [comfy-env]   [16] /Library/Frameworks/Mono.framework/Versions/Current/Commands
[01:37]   [ComfyUI] [comfy-env]   [17] /usr/bin
[01:37]   [ComfyUI] [comfy-env]   [18] /bin
[01:37]   [ComfyUI] [comfy-env]   [19] /usr/sbin
[01:37]   [ComfyUI] [comfy-env]   [20] /sbin
[01:37]   [ComfyUI] [comfy-env]   [21] /Users/runner/.dotnet/tools
[01:47]   [ComfyUI] [comfy-env] Metadata scan stderr for nodes:
[01:47]   [ComfyUI] [comfy-env]   [meta-scan] importing nodes from /Users/runner/work/comfy-gpu-ci/comfy-gpu-ci/test_workspaces/Sharp-2136/ComfyUI/custom_nodes/ComfyUI-GeometryPack
[01:47]   [ComfyUI] [comfy-env]   ERROR:root:Failed to import comfy_kitchen, Error: No module named 'comfy_kitchen', fp8 and fp4 support will not be available.
[01:47]   [ComfyUI] [comfy-env]   [meta-scan] import OK
[01:47]   [ComfyUI] [comfy-env] Scanned nodes: 125 nodes (9.6s)
[01:47]   [ComfyUI] [comfy-env] Scanned nodes root: 125 nodes (9.6s)
[01:47]   [ComfyUI] [comfy-env] Imported nodes root: 125 nodes (isolation)
[01:47]   [ComfyUI] [comfy-env] Registered 125 total nodes
[01:47]   [ComfyUI] 
[01:47]   [ComfyUI] Import times for custom nodes:
[01:47]   [ComfyUI]    0.0 seconds: /Users/runner/work/comfy-gpu-ci/comfy-gpu-ci/test_workspaces/Sharp-2136/ComfyUI/custom_nodes/websocket_image_save.py
[01:47]   [ComfyUI]    0.0 seconds: /Users/runner/work/comfy-gpu-ci/comfy-gpu-ci/test_workspaces/Sharp-2136/ComfyUI/custom_nodes/ComfyUI-validate-endpoint
[01:47]   [ComfyUI]    5.2 seconds: /Users/runner/work/comfy-gpu-ci/comfy-gpu-ci/test_workspaces/Sharp-2136/ComfyUI/custom_nodes/ComfyUI-Sharp
[01:47]   [ComfyUI]    9.7 seconds: /Users/runner/work/comfy-gpu-ci/comfy-gpu-ci/test_workspaces/Sharp-2136/ComfyUI/custom_nodes/ComfyUI-GeometryPack
[01:47]   [ComfyUI] 
[01:47]   [ComfyUI] Context impl SQLiteImpl.
[01:47]   [ComfyUI] Will assume non-transactional DDL.
[01:47]   [ComfyUI] Context impl SQLiteImpl.
[01:47]   [ComfyUI] Will assume non-transactional DDL.
[01:47]   [ComfyUI] Running upgrade  -> 0001_assets, Initial assets schema
[01:47]   [ComfyUI] Revision ID: 0001_assets
[01:47]   [ComfyUI] Revises: None
[01:47]   [ComfyUI] Create Date: 2025-12-10 00:00:00
[01:47]   [ComfyUI] Running upgrade 0001_assets -> 0002_merge_to_asset_references, Merge AssetInfo and AssetCacheState into unified asset_references table.
[01:47]   [ComfyUI] Running upgrade 0002_merge_to_asset_references -> 0003_add_metadata_job_id, Add system_metadata and job_id columns to asset_references.
[01:47]   [ComfyUI] Change preview_id FK from assets.id to asset_references.id.
[01:47]   [ComfyUI] Database upgraded from None to 0003_add_metadata_job_id
[01:47]   [ComfyUI] Starting server
[01:47]   [ComfyUI] 
[01:47]   [ComfyUI] To see the GUI go to: http://127.0.0.1:41894
[01:47] Server responding, waiting for nodes to load...
[02:07] Server is ready!
[02:07] Checking for import errors in server logs...
[02:07] No import errors detected
[02:08] Found 838 registered nodes
[02:08] [REGISTRATION] PASSED
[02:08] 
[02:08] [4/5] INSTANTIATION
[02:08] ----------------------------------------
[02:08] 
[DEBUG] server=<comfy_test.comfyui.server.ComfyUIServer object at 0x1029374a0>, server_url=None, api=<comfy_test.comfyui.api.ComfyUIAPI object at 0x1042ce7b0>
[02:08] Testing node constructors...
[02:09] All 8 node(s) instantiated successfully!
[02:09] [INSTANTIATION] PASSED
[02:09] 
[02:09] [5/5] EXECUTION
[02:09] ----------------------------------------
[02:09] 
[DEBUG] server=<comfy_test.comfyui.server.ComfyUIServer object at 0x1029374a0>, server_url=None, api=<comfy_test.comfyui.api.ComfyUIAPI object at 0x1042ce7b0>
[02:09] CPU runner - will execute 2 workflow(s)
[02:09] Running 3 workflow(s) (all with videos)...
[02:09] Installing screenshot dependencies (playwright, pillow)...
[02:11]   Packages installed, downloading chromium browser...
[02:17]   Screenshot dependencies installed successfully
[02:17] Starting headless browser...
[02:17]   macOS -- using Apple Metal GPU via ANGLE
[02:17]   [1/3] SKIPPED (not in cpu list) pano.json
[02:18] Capturing execution frames: sharp_basic.json
[02:25]   Frame 1 saved (frame_000.jpg, t=0.0s)
[02:25]   Validating workflow...
[02:25]   [ComfyUI] === /validate endpoint called ===
[02:25]   [ComfyUI] Received JSON with keys: ['prompt']
[02:25]   [ComfyUI] Prompt has 4 nodes
[02:25]   [ComfyUI]   Node 1: LoadImage
[02:25]   [ComfyUI]     Inputs: {"image": "beach.jpg"}
[02:25]   [ComfyUI]   Node 2: LoadSharpModel
[02:25]   [ComfyUI]     Inputs: {"precision": "auto"}
[02:25]   [ComfyUI]   Node 4: GeomPackPreviewGaussian
[02:25]   [ComfyUI]     Inputs: {"preview_gaussian": "", "ply_path": ["5", 0], "extrinsics": ["5", 1], "intrinsics": ["5", 2]}
[02:25]   [ComfyUI]   Node 5: SharpPredict
[02:25]   [ComfyUI]     Inputs: {"focal_length_mm": 30, "output_prefix": "sharp", "model": ["2", 0], "image": ["1", 0]}
[02:25]   [ComfyUI] Generated prompt_id: 089b0942-915c-42cb-a768-e05fde8cea84
[02:25]   [ComfyUI] Calling execution.validate_prompt()...
[02:25]   [ComfyUI] Validation result: valid=True
[02:25]   [ComfyUI] === Validation PASSED ===
[02:25]   Queuing workflow for execution...
[02:25]   [ComfyUI] got prompt
[02:25]   [ComfyUI] [comfy-env] Running LoadSharpModel: precision: 'auto'
[02:25]   [ComfyUI] [comfy-env] SubprocessWorker: /Users/runner/.ce/.pixi/envs/sharp-nodes/bin/python
[02:25]   [ComfyUI] [comfy-env] env_vars: {'COMFYUI_BASE': '/Users/runner/work/comfy-gpu-ci/comfy-gpu-ci/test_workspaces/Sharp-2136/ComfyUI'}
[02:25]   [ComfyUI] [SubprocessWorker] call_method: nodes.load_model.LoadSharpModel.EXECUTE_NORMALIZED
[02:25]   [ComfyUI] [ComfyUI-Sharp] python: /Users/runner/.ce/.pixi/envs/sharp-nodes/bin/python
[02:25]   [ComfyUI] [ComfyUI-Sharp] sys_path sent to worker: ['/Users/runner/work/comfy-gpu-ci/comfy-gpu-ci/test_workspaces/Sharp-2136/ComfyUI', '/Users/runner/work/comfy-gpu-ci/comfy-gpu-ci/test_workspaces/Sharp-2136/ComfyUI/custom_nodes/ComfyUI-Sharp', '/Users/runner/.ce/.pixi/envs/sharp-nodes/lib/python3.1/site-packages', '/Users/runner/work/comfy-gpu-ci/comfy-gpu-ci/test_workspaces/Sharp-2136/ComfyUI/custom_nodes/ComfyUI-Sharp']
[02:25]   [ComfyUI] [SubprocessWorker] is_pixi=True, python=/Users/runner/.ce/.pixi/envs/sharp-nodes/bin/python
[02:25]   [ComfyUI] [SubprocessWorker] launching cmd=['/Users/runner/.pixi/bin/pixi', 'run', '--as-is', '--manifest-path', '/Users/runner/.ce/pixi.toml', '-e', 'sharp-nodes', 'python', '/var/folders/tb/y368xp_x10s3ty1b_mtl5mxr0000gn/T/comfyui_pvenv_16e6wom5/persistent_worker.py', 'unix:///var/folders/tb/y368xp_x10s3ty1b_mtl5mxr0000gn/T/comfy_worker_585cd1f22f5f.sock']...
[02:25]   [ComfyUI] [SubprocessWorker] acquired lock, ensuring started...
[02:25]   [ComfyUI] [SubprocessWorker] socket_addr=unix:///var/folders/tb/y368xp_x10s3ty1b_mtl5mxr0000gn/T/comfy_worker_585cd1f22f5f.sock exists=True
[02:27]   Frame 2 saved (frame_001.jpg, t=2.3s)
[02:27]   [capture-periodic] freeze=4ms shot=124ms unfreeze=3ms saved=True
[02:27]   [ComfyUI] [worker:ComfyUI-Sharp] ERROR: Failed to import comfy_kitchen, Error: No module named 'comfy_kitchen', fp8 and fp4 support will not be available.
[02:28]   [ComfyUI] [SubprocessWorker] worker started/confirmed
[02:28]   [ComfyUI] [SubprocessWorker] serializing kwargs to shm...
[02:28]   [ComfyUI] [SubprocessWorker] created 0 shm blocks
[02:28]   [ComfyUI] [SubprocessWorker] sending request via socket...
[02:28]   [ComfyUI] [SubprocessWorker] call_id=1 sending call_method
[02:29]   [ComfyUI] 
[02:30]   Frame 3 saved (frame_002.jpg, t=4.5s)
[02:30]   [capture-periodic] freeze=2ms shot=98ms unfreeze=2ms saved=True
[02:31]   [capture-loop] iter=50 t=6.0s state={'complete': False, 'error': None, 'executedCount': 0, 'wsState': 1} eval_ms=12 ram=3.8/7.0GB (59%) swap=0.0/0.0GB (0%) cpu=64% browser_rss=0.60GB
[02:38]   [capture-loop] iter=100 t=13.5s state={'complete': False, 'error': None, 'executedCount': 0, 'wsState': 1} eval_ms=10 ram=3.4/7.0GB (66%) swap=0.0/0.0GB (0%) cpu=99% browser_rss=0.52GB
[02:46]   [capture-loop] iter=150 t=21.4s state={'complete': False, 'error': None, 'executedCount': 0, 'wsState': 1} eval_ms=4 ram=3.0/7.0GB (71%) swap=0.0/0.0GB (0%) cpu=95% browser_rss=0.50GB
[02:47]   [ComfyUI] sharp_2572gikvuh.pt:   0%|          | 0.00/2.81G [00:00<?, ?B/s]
[02:47]   [ComfyUI] sharp_2572gikvuh.pt:  49%|████▊     | 1.37G/2.81G [00:18<00:19, 73.7MB/s][SubprocessWorker] callback 'report_progress' from call_id=1
[02:50]   [ComfyUI] 
[02:50]   [ComfyUI] sharp_2572gikvuh.pt:  89%|████████▉ | 2.51G/2.81G [00:20<00:02, 137MB/s] [SubprocessWorker] callback 'report_progress' from call_id=1
[02:50]   Frame 4 saved (frame_003.jpg, t=24.2s)
[02:50]   [capture-periodic] freeze=45ms shot=590ms unfreeze=17ms saved=True
[02:50]   [ComfyUI] 
[02:50]   [ComfyUI] sharp_2572gikvuh.pt:  92%|█████████▏| 2.57G/2.81G [00:21<00:01, 134MB/s][SubprocessWorker] callback 'report_progress' from call_id=1
[02:51]   [ComfyUI] 
[02:51]   [ComfyUI] sharp_2572gikvuh.pt:  94%|█████████▍| 2.64G/2.81G [00:22<00:01, 131MB/s][SubprocessWorker] callback 'report_progress' from call_id=1
[02:51]   [ComfyUI] 
[02:51]   [ComfyUI] sharp_2572gikvuh.pt: 100%|██████████| 2.81G/2.81G [00:22<00:00, 155MB/s][SubprocessWorker] callback 'report_progress' from call_id=1
[02:51]   [ComfyUI] 
[02:51]   [ComfyUI] sharp_2572gikvuh.pt: 100%|██████████| 2.81G/2.81G [00:22<00:00, 125MB/s]
[02:51]   [ComfyUI] [SubprocessWorker] got response: ok
[02:51]   [ComfyUI] [comfy-env] LoadSharpModel done (26.06s): result: NodeOutput
[02:51]   [ComfyUI] [comfy-env] Running SharpPredict: focal_length_mm: 30.0, output_prefix: 'sharp', model: dict, image: torch.float32 [1,1024,1536,3] cpu
[02:51]   [ComfyUI] [SubprocessWorker] call_method: nodes.predict.SharpPredict.EXECUTE_NORMALIZED
[02:51]   [ComfyUI] [SubprocessWorker] acquired lock, ensuring started...
[02:51]   [ComfyUI] [ComfyUI-Sharp] Health check: ping (timeout=5.0s)...
[02:51]   [ComfyUI] [ComfyUI-Sharp] Health check: ok
[02:51]   [ComfyUI] [SubprocessWorker] worker started/confirmed
[02:51]   [ComfyUI] [comfy-env] PRE-SERIALIZE 'image' shape: torch.Size([1, 1024, 1536, 3])
[02:51]   [ComfyUI] [SubprocessWorker] serializing kwargs to shm...
[02:52]   [ComfyUI] [SubprocessWorker] created 0 shm blocks
[02:52]   [ComfyUI] [SubprocessWorker] sending request via socket...
[02:52]   [ComfyUI] [SubprocessWorker] call_id=2 sending call_method
[02:52]   [ComfyUI] [worker:ComfyUI-Sharp] [comfy-env] _from_shm got dict with keys: ['__type__', 'strategy', 'manager_path', 'storage_key', 'storage_size']
[02:52]   [ComfyUI] [worker:ComfyUI-Sharp] [comfy-env] DESERIALIZE TensorRef: tensor_size=[1, 1024, 1536, 3]
[02:52]   [ComfyUI] [worker:ComfyUI-Sharp] [comfy-env] DESERIALIZED tensor shape: torch.Size([1, 1024, 1536, 3])
[02:52]   Frame 5 saved (frame_004.jpg, t=27.0s)
[02:52]   [capture-periodic] freeze=5ms shot=334ms unfreeze=19ms saved=True
[02:53]   [ComfyUI] [worker:ComfyUI-Sharp] WARNING: No comfy kitchen, using old apply_rope functions.
[02:55]   Frame 6 saved (frame_005.jpg, t=29.5s)
[02:55]   [capture-periodic] freeze=2ms shot=157ms unfreeze=10ms saved=True
[02:55]   [capture-loop] iter=200 t=29.9s state={'complete': False, 'error': None, 'executedCount': 0, 'wsState': 1} eval_ms=3 ram=2.7/7.0GB (49%) swap=0.0/0.0GB (0%) cpu=83% browser_rss=0.46GB
[03:01]   [capture-loop] iter=250 t=35.7s state={'complete': False, 'error': None, 'executedCount': 0, 'wsState': 1} eval_ms=3 ram=3.6/7.0GB (64%) swap=0.0/0.0GB (0%) cpu=54% browser_rss=0.46GB
[03:09]   [ComfyUI] [SubprocessWorker] callback 'request_vram_budget' from call_id=2
[03:09]   [ComfyUI] [comfy-env] VRAM request: 2.81GB, free before eviction: 1.44GB
[03:09]   [ComfyUI] [comfy-env] VRAM after eviction: 1.43GB
[03:10]   [capture-loop] iter=300 t=44.7s state={'complete': False, 'error': None, 'executedCount': 0, 'wsState': 1} eval_ms=6 ram=2.4/7.0GB (81%) swap=0.0/1.0GB (4%) cpu=78% browser_rss=0.26GB
[03:18]   [capture-loop] iter=350 t=53.3s state={'complete': False, 'error': None, 'executedCount': 0, 'wsState': 1} eval_ms=6 ram=4.5/7.0GB (78%) swap=0.3/1.0GB (34%) cpu=69% browser_rss=0.22GB
[03:19]   [ComfyUI] [worker:ComfyUI-Sharp] WARNING: [SPN] start: 0.00 GB, input=[1, 3, 1536, 1536]
[03:19]   [ComfyUI] [worker:ComfyUI-Sharp] WARNING: [SPN] patches: 0.00 GB, x0=25 x1=9 x2=1 total=35
[03:24]   [ComfyUI] [worker:ComfyUI-Sharp] WARNING: [SPN] after first chunk (4/35): 0.00 GB, chunk_size=4
[03:26]   [ComfyUI] [worker:ComfyUI-Sharp]
[03:26]   [ComfyUI] === WATCHDOG TICK 1 ===
[03:26]   [ComfyUI] [worker:ComfyUI-Sharp] Thread 0x000000016fa9b000 (most recent call first):
[03:26]   [ComfyUI]   File "/Users/runner/.ce/.pixi/envs/sharp-nodes/lib/python3.12/threading.py", line 359 in wait
[03:26]   [ComfyUI]   File "/Users/runner/.ce/.pixi/envs/sharp-nodes/lib/python3.12/threading.py", line 655 in wait
[03:26]   [ComfyUI]   File "/Users/runner/.ce/.pixi/envs/sharp-nodes/lib/python3.12/site-packages/tqdm/_monitor.py", line 60 in run
[03:26]   [ComfyUI]   File "/Users/runner/.ce/.pixi/envs/sharp-nodes/lib/python3.12/threading.py", line 1075 in _bootstrap_inner
[03:26]   [ComfyUI]   File "/Users/runner/.ce/.pixi/envs/sharp-nodes/lib/python3.12/threading.py", line 1032 in _bootstrap
[03:26]   [ComfyUI] 
[03:26]   [ComfyUI] Current thread 0x000000016e76b000 (most recent call first):
[03:26]   [ComfyUI]   File "/var/folders/tb/y368xp_x10s3ty1b_mtl5mxr0000gn/T/comfyui_pvenv_16e6wom5/persistent_worker.py", line 52 in _watchdog
[03:26]   [ComfyUI]   File "/Users/runner/.ce/.pixi/envs/sharp-nodes/lib/python3.12/threading.py", line 1012 in run
[03:26]   [ComfyUI]   File "/Users/runner/.ce/.pixi/envs/sharp-nodes/lib/python3.12/threading.py", line 1075 in _bootstrap_inner
[03:26]   [ComfyUI]   File "/Users/runner/.ce/.pixi/envs/sharp-nodes/lib/python3.12/threading.py", line 1032 in _bootstrap
[03:26]   [ComfyUI] 
[03:26]   [ComfyUI] Thread 0x00000001fdd46240 (most recent call first):
[03:26]   [ComfyUI]   File "/Users/runner/work/comfy-gpu-ci/comfy-gpu-ci/test_workspaces/Sharp-2136/ComfyUI/comfy/ldm/modules/sub_quadratic_attention.py", line 170 in _get_attention_scores_no_kv_chunking
[03:26]   [ComfyUI]   File "/Users/runner/work/comfy-gpu-ci/comfy-gpu-ci/test_workspaces/Sharp-2136/ComfyUI/comfy/ldm/modules/sub_quadratic_attention.py", line 269 in efficient_dot_product_attention
[03:26]   [ComfyUI]   File "/Users/runner/work/comfy-gpu-ci/comfy-gpu-ci/test_workspaces/Sharp-2136/ComfyUI/comfy/ldm/modules/attention.py", line 275 in attention_sub_quad
[03:26]   [ComfyUI]   File "/Users/runner/work/comfy-gpu-ci/comfy-gpu-ci/test_workspaces/Sharp-2136/ComfyUI/comfy/ldm/modules/attention.py", line 139 in wrapper
[03:26]   [ComfyUI]   File "/Users/runner/work/comfy-gpu-ci/comfy-gpu-ci/test_workspaces/Sharp-2136/ComfyUI/custom_nodes/ComfyUI-Sharp/nodes/sharp/model.py", line 234 in forward
[03:26]   [ComfyUI]   File "/Users/runner/.ce/.pixi/envs/sharp-nodes/lib/python3.12/site-packages/torch/nn/modules/module.py", line 1790 in _call_impl
[03:26]   [ComfyUI]   File "/Users/runner/.ce/.pixi/envs/sharp-nodes/lib/python3.12/site-packages/torch/nn/modules/module.py", line 1779 in _wrapped_call_impl
[03:26]   [ComfyUI]   File "/Users/runner/work/comfy-gpu-ci/comfy-gpu-ci/test_workspaces/Sharp-2136/ComfyUI/custom_nodes/ComfyUI-Sharp/nodes/sharp/model.py", line 309 in forward
[03:26]   [ComfyUI]   File "/Users/runner/.ce/.pixi/envs/sharp-nodes/lib/python3.12/site-packages/torch/nn/modules/module.py", line 1790 in _call_impl
[03:26]   [ComfyUI]   File "/Users/runner/.ce/.pixi/envs/sharp-nodes/lib/python3.12/site-packages/torch/nn/modules/module.py", line 1779 in _wrapped_call_impl
[03:26]   [ComfyUI]   File "/Users/runner/work/comfy-gpu-ci/comfy-gpu-ci/test_workspaces/Sharp-2136/ComfyUI/custom_nodes/ComfyUI-Sharp/nodes/sharp/model.py", line 412 in forward
[03:26]   [ComfyUI]   File "/Users/runner/.ce/.pixi/envs/sharp-nodes/lib/python3.12/site-packages/torch/nn/modules/module.py", line 1790 in _call_impl
[03:26]   [ComfyUI]   File "/Users/runner/.ce/.pixi/envs/sharp-nodes/lib/python3.12/site-packages/torch/nn/modules/module.py", line 1779 in _wrapped_call_impl
[03:26]   [ComfyUI]   File "/Users/runner/work/comfy-gpu-ci/comfy-gpu-ci/test_workspaces/Sharp-2136/ComfyUI/custom_nodes/ComfyUI-Sharp/nodes/sharp/model.py", line 685 in forward
[03:26]   [ComfyUI]   File "/Users/runner/.ce/.pixi/envs/sharp-nodes/lib/python3.12/site-packages/torch/nn/modules/module.py", line 1790 in _call_impl
[03:26]   [ComfyUI]   File "/Users/runner/.ce/.pixi/envs/sharp-nodes/lib/python3.12/site-packages/torch/nn/modules/module.py", line 1779 in _wrapped_call_impl
[03:26]   [ComfyUI]   File "/Users/runner/work/comfy-gpu-ci/comfy-gpu-ci/test_workspaces/Sharp-2136/ComfyUI/custom_nodes/ComfyUI-Sharp/nodes/sharp/model.py", line 1109 in forward
[03:26]   [ComfyUI]   File "/Users/runner/.ce/.pixi/envs/sharp-nodes/lib/python3.12/site-packages/torch/nn/modules/module.py", line 1790 in _call_impl
[03:26]   [ComfyUI]   File "/Users/runner/.ce/.pixi/envs/sharp-nodes/lib/python3.12/site-packages/torch/nn/modules/module.py", line 1779 in _wrapped_call_impl
[03:26]   [ComfyUI]   File "/Users/runner/work/comfy-gpu-ci/comfy-gpu-ci/test_workspaces/Sharp-2136/ComfyUI/custom_nodes/ComfyUI-Sharp/nodes/sharp/model.py", line 2006 in encode
[03:26]   [ComfyUI]   File "/Users/runner/work/comfy-gpu-ci/comfy-gpu-ci/test_workspaces/Sharp-2136/ComfyUI/custom_nodes/ComfyUI-Sharp/nodes/predict.py", line 287 in _predict_image_cached
[03:26]   [ComfyUI]   File "/Users/runner/work/comfy-gpu-ci/comfy-gpu-ci/test_workspaces/Sharp-2136/ComfyUI/custom_nodes/ComfyUI-Sharp/nodes/predict.py", line 184 in execute
[03:26]   [ComfyUI]   File "/Users/runner/.ce/.pixi/envs/sharp-nodes/lib/python3.12/site-packages/torch/utils/_contextlib.py", line 124 in decorate_context
[03:26]   [ComfyUI]   File "/Users/runner/work/comfy-gpu-ci/comfy-gpu-ci/test_workspaces/Sharp-2136/ComfyUI/comfy_api/latest/_io.py", line 1833 in EXECUTE_NORMALIZED
[03:26]   [ComfyUI]   File "/var/folders/tb/y368xp_x10s3ty1b_mtl5mxr0000gn/T/comfyui_pvenv_16e6wom5/persistent_worker.py", line 1762 in main
[03:26]   [ComfyUI]   File "/var/folders/tb/y368xp_x10s3ty1b_mtl5mxr0000gn/T/comfyui_pvenv_16e6wom5/persistent_worker.py", line 1807 in <module>
[03:26]   [ComfyUI] 
[03:26]   [ComfyUI] [worker:ComfyUI-Sharp] === END ===
[03:26]   [ComfyUI] 
[03:27]   [capture-loop] iter=400 t=62.0s state={'complete': False, 'error': None, 'executedCount': 0, 'wsState': 1} eval_ms=7 ram=5.6/7.0GB (93%) swap=0.3/1.0GB (34%) cpu=43% browser_rss=0.17GB
[03:35]   [ComfyUI] [worker:ComfyUI-Sharp] WARNING: [SPN] after all chunks + cache clear: 0.00 GB
[03:35]   [ComfyUI] [worker:ComfyUI-Sharp] WARNING: [SPN] after merge intermediates: 0.00 GB
[03:35]   [ComfyUI] [worker:ComfyUI-Sharp] WARNING: [SPN] after merge all: 0.00 GB
[03:36]   [ComfyUI] [worker:ComfyUI-Sharp] WARNING: [SPN] after image_encoder: 0.00 GB
[03:38]   [capture-loop] iter=450 t=72.4s state={'complete': False, 'error': None, 'executedCount': 0, 'wsState': 1} eval_ms=38 ram=5.1/7.0GB (89%) swap=0.3/1.0GB (32%) cpu=42% browser_rss=0.19GB
[03:45]   Frame 7 saved (frame_006.jpg, t=72.4s)
[03:45]   [capture-periodic] freeze=30ms shot=7392ms unfreeze=30ms saved=True
[03:47]   [ComfyUI] [worker:ComfyUI-Sharp] WARNING: [SPN] after upsample: 0.00 GB
[03:49]   [ComfyUI] [worker:ComfyUI-Sharp] WARNING: [Monodepth] after SPN encoder + cache clear: 0.00 GB
[03:51]   Frame 8 saved (frame_007.jpg, t=82.4s)
[03:51]   [capture-periodic] freeze=4ms shot=3059ms unfreeze=6ms saved=True
[04:08]   Frame 9 saved (frame_008.jpg, t=88.1s)
[04:08]   [capture-periodic] freeze=6ms shot=15169ms unfreeze=22ms saved=True
[04:10]   [capture-loop] iter=500 t=104.9s state={'complete': False, 'error': None, 'executedCount': 0, 'wsState': 1} eval_ms=14 ram=5.4/7.0GB (94%) swap=3.0/4.0GB (74%) cpu=59% browser_rss=0.18GB
[04:17]   Frame 10 saved (frame_009.jpg, t=105.4s)
[04:17]   [capture-periodic] freeze=8ms shot=6086ms unfreeze=29ms saved=True
[04:17]   [ComfyUI] [worker:ComfyUI-Sharp] WARNING: [Monodepth] after decoder: 0.00 GB
[04:27]   [ComfyUI] [worker:ComfyUI-Sharp]
[04:27]   [ComfyUI] === WATCHDOG TICK 2 ===
[04:27]   [ComfyUI] [worker:ComfyUI-Sharp] Thread 0x000000016fa9b000 (most recent call first):
[04:27]   [ComfyUI]   File "/Users/runner/.ce/.pixi/envs/sharp-nodes/lib/python3.12/threading.py", line 359 in wait
[04:27]   [ComfyUI]   File "/Users/runner/.ce/.pixi/envs/sharp-nodes/lib/python3.12/threading.py", line 655 in wait
[04:27]   [ComfyUI]   File "/Users/runner/.ce/.pixi/envs/sharp-nodes/lib/python3.12/site-packages/tqdm/_monitor.py", line 60 in run
[04:27]   [ComfyUI]   File "/Users/runner/.ce/.pixi/envs/sharp-nodes/lib/python3.12/threading.py", line 1075 in _bootstrap_inner
[04:27]   [ComfyUI]   File "/Users/runner/.ce/.pixi/envs/sharp-nodes/lib/python3.12/threading.py", line 1032 in _bootstrap
[04:27]   [ComfyUI] 
[04:27]   [ComfyUI] Current thread 0x000000016e76b000 (most recent call first):
[04:27]   [ComfyUI]   File "/var/folders/tb/y368xp_x10s3ty1b_mtl5mxr0000gn/T/comfyui_pvenv_16e6wom5/persistent_worker.py", line 52 in _watchdog
[04:27]   [ComfyUI]   File "/Users/runner/.ce/.pixi/envs/sharp-nodes/lib/python3.12/threading.py", line 1012 in run
[04:27]   [ComfyUI]   File "/Users/runner/.ce/.pixi/envs/sharp-nodes/lib/python3.12/threading.py", line 1075 in _bootstrap_inner
[04:27]   [ComfyUI]   File "/Users/runner/.ce/.pixi/envs/sharp-nodes/lib/python3.12/threading.py", line 1032 in _bootstrap
[04:27]   [ComfyUI] 
[04:27]   [ComfyUI] Thread 0x00000001fdd46240 (most recent call first):
[04:28]   [ComfyUI]   File "/Users/runner/.ce/.pixi/envs/sharp-nodes/lib/python3.12/site-packages/torch/nn/modules/conv.py", line 548 in _conv_forward
[04:28]   [ComfyUI]   File "/Users/runner/.ce/.pixi/envs/sharp-nodes/lib/python3.12/site-packages/torch/nn/modules/conv.py", line 553 in forward
[04:28]   [ComfyUI]   File "/Users/runner/work/comfy-gpu-ci/comfy-gpu-ci/test_workspaces/Sharp-2136/ComfyUI/comfy/ops.py", line 518 in forward
[04:28]   [ComfyUI]   File "/Users/runner/.ce/.pixi/envs/sharp-nodes/lib/python3.12/site-packages/torch/nn/modules/module.py", line 1790 in _call_impl
[04:28]   [ComfyUI]   File "/Users/runner/.ce/.pixi/envs/sharp-nodes/lib/python3.12/site-packages/torch/nn/modules/module.py", line 1779 in _wrapped_call_impl
[04:28]   [ComfyUI]   File "/Users/runner/.ce/.pixi/envs/sharp-nodes/lib/python3.12/site-packages/torch/nn/modules/container.py", line 253 in forward
[04:28]   [ComfyUI]   File "/Users/runner/.ce/.pixi/envs/sharp-nodes/lib/python3.12/site-packages/torch/nn/modules/module.py", line 1790 in _call_impl
[04:28]   [ComfyUI]   File "/Users/runner/.ce/.pixi/envs/sharp-nodes/lib/python3.12/site-packages/torch/nn/modules/module.py", line 1779 in _wrapped_call_impl
[04:28]   [ComfyUI]   File "/Users/runner/work/comfy-gpu-ci/comfy-gpu-ci/test_workspaces/Sharp-2136/ComfyUI/custom_nodes/ComfyUI-Sharp/nodes/sharp/model.py", line 1120 in forward
[04:28]   [ComfyUI]   File "/Users/runner/.ce/.pixi/envs/sharp-nodes/lib/python3.12/site-packages/torch/nn/modules/module.py", line 1790 in _call_impl
[04:28]   [ComfyUI]   File "/Users/runner/.ce/.pixi/envs/sharp-nodes/lib/python3.12/site-packages/torch/nn/modules/module.py", line 1779 in _wrapped_call_impl
[04:28]   [ComfyUI]   File "/Users/runner/work/comfy-gpu-ci/comfy-gpu-ci/test_workspaces/Sharp-2136/ComfyUI/custom_nodes/ComfyUI-Sharp/nodes/sharp/model.py", line 2006 in encode
[04:28]   [ComfyUI]   File "/Users/runner/work/comfy-gpu-ci/comfy-gpu-ci/test_workspaces/Sharp-2136/ComfyUI/custom_nodes/ComfyUI-Sharp/nodes/predict.py", line 287 in _predict_image_cached
[04:28]   [ComfyUI]   File "/Users/runner/work/comfy-gpu-ci/comfy-gpu-ci/test_workspaces/Sharp-2136/ComfyUI/custom_nodes/ComfyUI-Sharp/nodes/predict.py", line 184 in execute
[04:28]   [ComfyUI]   File "/Users/runner/.ce/.pixi/envs/sharp-nodes/lib/python3.12/site-packages/torch/utils/_contextlib.py", line 124 in decorate_context
[04:28]   [ComfyUI]   File "/Users/runner/work/comfy-gpu-ci/comfy-gpu-ci/test_workspaces/Sharp-2136/ComfyUI/comfy_api/latest/_io.py", line 1833 in EXECUTE_NORMALIZED
[04:28]   [ComfyUI]   File "/var/folders/tb/y368xp_x10s3ty1b_mtl5mxr0000gn/T/comfyui_pvenv_16e6wom5/persistent_worker.py", line 1762 in main
[04:28]   [ComfyUI]   File "/var/folders/tb/y368xp_x10s3ty1b_mtl5mxr0000gn/T/comfyui_pvenv_16e6wom5/persistent_worker.py", line 1807 in <module>
[04:28]   [ComfyUI] 
[04:28]   [ComfyUI] [worker:ComfyUI-Sharp] === END ===
[04:28]   [ComfyUI] 
[04:30]   Frame 11 saved (frame_010.jpg, t=113.8s)
[04:30]   [capture-periodic] freeze=5ms shot=10951ms unfreeze=16ms saved=True
[04:37]   [capture-loop] iter=550 t=131.7s state={'complete': False, 'error': None, 'executedCount': 0, 'wsState': 1} eval_ms=17 ram=4.4/7.0GB (86%) swap=3.7/5.0GB (74%) cpu=53% browser_rss=0.17GB
[04:37]   Frame 12 saved (frame_011.jpg, t=132.3s)
[04:37]   [capture-periodic] freeze=5ms shot=166ms unfreeze=5ms saved=True
[05:02]   Frame 13 saved (frame_012.jpg, t=143.8s)
[05:02]   [capture-periodic] freeze=312ms shot=13232ms unfreeze=16ms saved=True
[05:05]   [ComfyUI] [worker:ComfyUI-Sharp] WARNING: [Decode] start: 0.00 GB
[05:05]   Frame 14 saved (frame_013.jpg, t=159.9s)
[05:05]   [capture-periodic] freeze=8ms shot=259ms unfreeze=7ms saved=True
[05:06]   [capture-loop] iter=600 t=161.1s state={'complete': False, 'error': None, 'executedCount': 0, 'wsState': 1} eval_ms=3 ram=2.4/7.0GB (81%) swap=4.4/5.0GB (88%) cpu=58% browser_rss=0.17GB
[05:07]   [ComfyUI] [worker:ComfyUI-Sharp] WARNING: [Decode] after depth_alignment: 0.00 GB
[05:09]   [ComfyUI] [worker:ComfyUI-Sharp] WARNING: [Decode] after init_model: 0.00 GB
[05:27]   [capture-loop] iter=650 t=181.7s state={'complete': False, 'error': None, 'executedCount': 0, 'wsState': 1} eval_ms=22 ram=4.5/7.0GB (90%) swap=6.5/7.0GB (93%) cpu=66% browser_rss=0.16GB
[05:27]   [ComfyUI] [worker:ComfyUI-Sharp]
[05:27]   [ComfyUI] === WATCHDOG TICK 3 ===
[05:27]   [ComfyUI] [worker:ComfyUI-Sharp] Thread 0x000000016fa9b000 (most recent call first):
[05:27]   [ComfyUI]   File "/Users/runner/.ce/.pixi/envs/sharp-nodes/lib/python3.12/threading.py", line 359 in wait
[05:27]   [ComfyUI]   File "/Users/runner/.ce/.pixi/envs/sharp-nodes/lib/python3.12/threading.py", line 655 in wait
[05:27]   [ComfyUI]   File "/Users/runner/.ce/.pixi/envs/sharp-nodes/lib/python3.12/site-packages/tqdm/_monitor.py", line 60 in run
[05:27]   [ComfyUI]   File "/Users/runner/.ce/.pixi/envs/sharp-nodes/lib/python3.12/threading.py", line 1075 in _bootstrap_inner
[05:27]   [ComfyUI]   File "/Users/runner/.ce/.pixi/envs/sharp-nodes/lib/python3.12/threading.py", line 1032 in _bootstrap
[05:27]   [ComfyUI] 
[05:27]   [ComfyUI] Current thread 0x000000016e76b000 (most recent call first):
[05:27]   [ComfyUI]   File "/var/folders/tb/y368xp_x10s3ty1b_mtl5mxr0000gn/T/comfyui_pvenv_16e6wom5/persistent_worker.py", line 52 in _watchdog
[05:27]   [ComfyUI]   File "/Users/runner/.ce/.pixi/envs/sharp-nodes/lib/python3.12/threading.py", line 1012 in run
[05:27]   [ComfyUI]   File "/Users/runner/.ce/.pixi/envs/sharp-nodes/lib/python3.12/threading.py", line 1075 in _bootstrap_inner
[05:27]   [ComfyUI]   File "/Users/runner/.ce/.pixi/envs/sharp-nodes/lib/python3.12/threading.py", line 1032 in _bootstrap
[05:27]   [ComfyUI] 
[05:27]   [ComfyUI] Thread 0x00000001fdd46240 (most recent call first):
[05:27]   [ComfyUI]   File "/Users/runner/.ce/.pixi/envs/sharp-nodes/lib/python3.12/site-packages/torch/_refs/__init__.py", line 3368 in native_group_norm
[05:27]   [ComfyUI]   File "/Users/runner/.ce/.pixi/envs/sharp-nodes/lib/python3.12/site-packages/torch/nn/functional.py", line 2990 in group_norm
[05:27]   [ComfyUI]   File "/Users/runner/.ce/.pixi/envs/sharp-nodes/lib/python3.12/site-packages/torch/nn/modules/normalization.py", line 327 in forward
[05:27]   [ComfyUI]   File "/Users/runner/work/comfy-gpu-ci/comfy-gpu-ci/test_workspaces/Sharp-2136/ComfyUI/comfy/ops.py", line 563 in forward
[05:27]   [ComfyUI]   File "/Users/runner/.ce/.pixi/envs/sharp-nodes/lib/python3.12/site-packages/torch/nn/modules/module.py", line 1790 in _call_impl
[05:27]   [ComfyUI]   File "/Users/runner/.ce/.pixi/envs/sharp-nodes/lib/python3.12/site-packages/torch/nn/modules/module.py", line 1779 in _wrapped_call_impl
[05:27]   [ComfyUI]   File "/Users/runner/.ce/.pixi/envs/sharp-nodes/lib/python3.12/site-packages/torch/nn/modules/container.py", line 253 in forward
[05:27]   [ComfyUI]   File "/Users/runner/.ce/.pixi/envs/sharp-nodes/lib/python3.12/site-packages/torch/nn/modules/module.py", line 1790 in _call_impl
[05:27]   [ComfyUI]   File "/Users/runner/.ce/.pixi/envs/sharp-nodes/lib/python3.12/site-packages/torch/nn/modules/module.py", line 1779 in _wrapped_call_impl
[05:27]   [ComfyUI]   File "/Users/runner/work/comfy-gpu-ci/comfy-gpu-ci/test_workspaces/Sharp-2136/ComfyUI/custom_nodes/ComfyUI-Sharp/nodes/sharp/model.py", line 766 in forward
[05:27]   [ComfyUI]   File "/Users/runner/.ce/.pixi/envs/sharp-nodes/lib/python3.12/site-packages/torch/nn/modules/module.py", line 1790 in _call_impl
[05:27]   [ComfyUI]   File "/Users/runner/.ce/.pixi/envs/sharp-nodes/lib/python3.12/site-packages/torch/nn/modules/module.py", line 1779 in _wrapped_call_impl
[05:27]   [ComfyUI]   File "/Users/runner/.ce/.pixi/envs/sharp-nodes/lib/python3.12/site-packages/torch/nn/modules/container.py", line 253 in forward
[05:27]   [ComfyUI]   File "/Users/runner/.ce/.pixi/envs/sharp-nodes/lib/python3.12/site-packages/torch/nn/modules/module.py", line 1790 in _call_impl
[05:27]   [ComfyUI]   File "/Users/runner/.ce/.pixi/envs/sharp-nodes/lib/python3.12/site-packages/torch/nn/modules/module.py", line 1779 in _wrapped_call_impl
[05:27]   [ComfyUI]   File "/Users/runner/work/comfy-gpu-ci/comfy-gpu-ci/test_workspaces/Sharp-2136/ComfyUI/custom_nodes/ComfyUI-Sharp/nodes/sharp/model.py", line 1354 in forward
[05:27]   [ComfyUI]   File "/Users/runner/.ce/.pixi/envs/sharp-nodes/lib/python3.12/site-packages/torch/nn/modules/module.py", line 1790 in _call_impl
[05:27]   [ComfyUI]   File "/Users/runner/.ce/.pixi/envs/sharp-nodes/lib/python3.12/site-packages/torch/nn/modules/module.py", line 1779 in _wrapped_call_impl
[05:27]   [ComfyUI]   File "/Users/runner/work/comfy-gpu-ci/comfy-gpu-ci/test_workspaces/Sharp-2136/ComfyUI/custom_nodes/ComfyUI-Sharp/nodes/sharp/model.py", line 2030 in decode
[05:27]   [ComfyUI]   File "/Users/runner/work/comfy-gpu-ci/comfy-gpu-ci/test_workspaces/Sharp-2136/ComfyUI/custom_nodes/ComfyUI-Sharp/nodes/predict.py", line 303 in _predict_image_cached
[05:27]   [ComfyUI]   File "/Users/runner/work/comfy-gpu-ci/comfy-gpu-ci/test_workspaces/Sharp-2136/ComfyUI/custom_nodes/ComfyUI-Sharp/nodes/predict.py", line 184 in execute
[05:27]   [ComfyUI]   File "/Users/runner/.ce/.pixi/envs/sharp-nodes/lib/python3.12/site-packages/torch/utils/_contextlib.py", line 124 in decorate_context
[05:27]   [ComfyUI]   File "/Users/runner/work/comfy-gpu-ci/comfy-gpu-ci/test_workspaces/Sharp-2136/ComfyUI/comfy_api/latest/_io.py", line 1833 in EXECUTE_NORMALIZED
[05:27]   [ComfyUI]   File "/var/folders/tb/y368xp_x10s3ty1b_mtl5mxr0000gn/T/comfyui_pvenv_16e6wom5/persistent_worker.py", line 1762 in main
[05:27]   [ComfyUI]   File "/var/folders/tb/y368xp_x10s3ty1b_mtl5mxr0000gn/T/comfyui_pvenv_16e6wom5/persistent_worker.py", line 1807 in <module>
[05:27]   [ComfyUI] 
[05:27]   [ComfyUI] [worker:ComfyUI-Sharp] === END ===
[05:27]   [ComfyUI] 
[05:29]   [ComfyUI] [worker:ComfyUI-Sharp] WARNING: [Decode] after feature_model: 0.00 GB
[05:30]   [ComfyUI] [worker:ComfyUI-Sharp] WARNING: [Decode] after prediction_head: 0.00 GB
[05:34]   [capture-loop] iter=700 t=188.6s state={'complete': False, 'error': None, 'executedCount': 0, 'wsState': 1} eval_ms=7 ram=5.1/7.0GB (86%) swap=6.4/7.0GB (92%) cpu=58% browser_rss=0.18GB
[05:43]   [capture-loop] iter=750 t=198.4s state={'complete': False, 'error': None, 'executedCount': 0, 'wsState': 1} eval_ms=3 ram=2.2/7.0GB (82%) swap=6.4/7.0GB (92%) cpu=66% browser_rss=0.18GB
[05:44]   [ComfyUI] [SubprocessWorker] callback 'report_progress' from call_id=2
[05:45]   [ComfyUI] [SubprocessWorker] got response: ok
[05:45]   [ComfyUI] [comfy-env] SharpPredict done (173.16s): result: NodeOutput
[05:45]   [ComfyUI] [comfy-env] Running GeomPackPreviewGaussian: ply_path: '/Users/runner/work/comfy-gpu-ci/comfy-gpu-ci/test_worksp..., extrinsics: list[4], intrinsics: list[3]
[05:45]   [ComfyUI] [comfy-env] SubprocessWorker: /Users/runner/.ce/.pixi/envs/geometrypack-nodes/bin/python
[05:45]   [ComfyUI] [comfy-env] env_vars: {'KMP_DUPLICATE_LIB_OK': 'TRUE', 'OMP_NUM_THREADS': '1', 'COMFYUI_BASE': '/Users/runner/work/comfy-gpu-ci/comfy-gpu-ci/test_workspaces/Sharp-2136/ComfyUI'}
[05:45]   [ComfyUI] [SubprocessWorker] call_method: nodes.visualization.preview_gaussian.PreviewGaussianNode.EXECUTE_NORMALIZED
[05:45]   [ComfyUI] [SubprocessWorker] acquired lock, ensuring started...
[05:45]   [ComfyUI] [ComfyUI-GeometryPack] python: /Users/runner/.ce/.pixi/envs/geometrypack-nodes/bin/python
[05:45]   [ComfyUI] [ComfyUI-GeometryPack] sys_path sent to worker: ['/Users/runner/work/comfy-gpu-ci/comfy-gpu-ci/test_workspaces/Sharp-2136/ComfyUI', '/Users/runner/work/comfy-gpu-ci/comfy-gpu-ci/test_workspaces/Sharp-2136/ComfyUI/custom_nodes/ComfyUI-GeometryPack', '/Users/runner/.ce/.pixi/envs/geometrypack-nodes/lib/python3.1/site-packages', '/Users/runner/work/comfy-gpu-ci/comfy-gpu-ci/test_workspaces/Sharp-2136/ComfyUI/custom_nodes/ComfyUI-GeometryPack']
[05:45]   [ComfyUI] [SubprocessWorker] is_pixi=True, python=/Users/runner/.ce/.pixi/envs/geometrypack-nodes/bin/python
[05:45]   [ComfyUI] [SubprocessWorker] launching cmd=['/Users/runner/.pixi/bin/pixi', 'run', '--as-is', '--manifest-path', '/Users/runner/.ce/pixi.toml', '-e', 'geometrypack-nodes', 'python', '/var/folders/tb/y368xp_x10s3ty1b_mtl5mxr0000gn/T/comfyui_pvenv_b8h896t4/persistent_worker.py', 'unix:///var/folders/tb/y368xp_x10s3ty1b_mtl5mxr0000gn/T/comfy_worker_1a44da3c29c7.sock']...
[05:45]   [ComfyUI] [SubprocessWorker] socket_addr=unix:///var/folders/tb/y368xp_x10s3ty1b_mtl5mxr0000gn/T/comfy_worker_1a44da3c29c7.sock exists=True
[05:47]   Frame 15 saved (frame_014.jpg, t=201.5s)
[05:47]   [capture-periodic] freeze=3ms shot=174ms unfreeze=13ms saved=True
[05:49]   Frame 16 saved (frame_015.jpg, t=203.8s)
[05:49]   [capture-periodic] freeze=2ms shot=433ms unfreeze=3ms saved=True
[05:50]   [ComfyUI] [worker:ComfyUI-GeometryPack] ERROR: Failed to import comfy_kitchen, Error: No module named 'comfy_kitchen', fp8 and fp4 support will not be available.
[05:51]   [ComfyUI] [SubprocessWorker] worker started/confirmed
[05:51]   [ComfyUI] [SubprocessWorker] serializing kwargs to shm...
[05:51]   [ComfyUI] [SubprocessWorker] created 0 shm blocks
[05:51]   [ComfyUI] [SubprocessWorker] sending request via socket...
[05:51]   [ComfyUI] [SubprocessWorker] call_id=1 sending call_method
[05:51]   [capture-loop] iter=800 t=205.8s state={'complete': False, 'error': None, 'executedCount': 0, 'wsState': 1} eval_ms=4 ram=2.1/7.0GB (80%) swap=6.8/8.0GB (84%) cpu=55% browser_rss=0.26GB
[05:55]   [ComfyUI] [worker:ComfyUI-GeometryPack] INFO: Loading PLY: sharp_1778449204445.ply (63.00 MB)
[05:55]   [ComfyUI] [SubprocessWorker] got response: ok
[05:55]   [ComfyUI] [comfy-env] GeomPackPreviewGaussian done (10.49s): result: NodeOutput
[05:55]   [ComfyUI] Prompt executed in 210.06 seconds
[05:55]   Node executed (1 total), capturing...
[05:56]   Frame 17 saved (frame_016.jpg, t=210.6s)
[05:56]   [capture-node] freeze=3ms shot=146ms unfreeze=3ms saved=True
[05:57]   [capture-loop] iter=850 t=212.0s state={'complete': False, 'error': None, 'executedCount': 1, 'wsState': 1} eval_ms=4 ram=2.2/7.0GB (82%) swap=6.8/8.0GB (85%) cpu=43% browser_rss=0.27GB
[05:58]   Execution complete (t=213.4s)
[05:58]   [3d-wait] Phase 1: Waiting for 'Loading 3D Model' text to disappear...
[06:00]   [3d-wait] Phase 1 done in 1.6s
[06:01]   [3d-wait] Phase 2: iframes=1
[06:01]   [3d-wait] iframe viewer_ready=True (matched 1 console logs)
[06:01]   [3d-wait] Unfrozen in 0.004s, rendering for 5s...
[06:06]   [3d-wait] JS halted via CDP after 5.2s
[06:07]   [3d-wait] Re-frozen in 6.3s
[06:07]   [3d-wait] Total 3D wait: 8.6s
[06:07]   Captured 17 unique frames over 222.1s
[06:07]   [debug] iframes: 1
[06:07]   [debug]   iframe[0]: src=http://127.0.0.1:41894/extensions/ComfyUI-GeometryPack/viewer_gaussian.html?v=17, canvas=1536x1024, rafFrozen=True
[06:07]   [timing] trigger_3d_previews: 0.0s
[06:09]   Saved high-quality screenshot: sharp_basic_executed.png
[06:10]   [timing] final_screenshot: 0.5s
[06:11] Capturing execution frames: sharp_exif.json
[06:18]   Frame 1 saved (frame_000.jpg, t=0.0s)
[06:18]   Validating workflow...
[06:19]   [ComfyUI] === /validate endpoint called ===
[06:19]   [ComfyUI] Received JSON with keys: ['prompt']
[06:19]   [ComfyUI] Prompt has 4 nodes
[06:19]   [ComfyUI]   Node 2: LoadSharpModel
[06:19]   [ComfyUI]     Inputs: {"precision": "auto"}
[06:19]   [ComfyUI]   Node 7: SharpPredict
[06:19]   [ComfyUI]     Inputs: {"focal_length_mm": ["9", 2], "output_prefix": "sharp", "model": ["2", 0], "image": ["9", 0]}
[06:19]   [ComfyUI]   Node 8: GeomPackPreviewGaussian
[06:19]   [ComfyUI]     Inputs: {"preview_gaussian": "", "ply_path": ["7", 0], "extrinsics": ["7", 1], "intrinsics": ["7", 2]}
[06:19]   [ComfyUI]   Node 9: LoadImageWithExif
[06:19]   [ComfyUI]     Inputs: {"image": "eth3d.png", "default_focal_mm": 30}
[06:19]   [ComfyUI] Generated prompt_id: 21088f8c-ea4d-452a-b62f-50250e96b7a4
[06:19]   [ComfyUI] Calling execution.validate_prompt()...
[06:19]   [ComfyUI] Validation result: valid=True
[06:19]   [ComfyUI] === Validation PASSED ===
[06:19]   Queuing workflow for execution...
[06:19]   [ComfyUI] got prompt
[06:19]   [ComfyUI] [comfy-env] Running LoadImageWithExif: image: 'eth3d.png', default_focal_mm: 30.0
[06:19]   [ComfyUI] [SubprocessWorker] call_method: nodes.load_image_exif.LoadImageWithExif.EXECUTE_NORMALIZED
[06:19]   [ComfyUI] [SubprocessWorker] acquired lock, ensuring started...
[06:19]   [ComfyUI] [ComfyUI-Sharp] Health check: ping (timeout=5.0s)...
[06:19]   [ComfyUI] [ComfyUI-Sharp] Health check: ok
[06:19]   [ComfyUI] [SubprocessWorker] worker started/confirmed
[06:19]   [ComfyUI] [SubprocessWorker] serializing kwargs to shm...
[06:19]   [ComfyUI] [SubprocessWorker] created 0 shm blocks
[06:19]   [ComfyUI] [SubprocessWorker] sending request via socket...
[06:19]   [ComfyUI] [SubprocessWorker] call_id=3 sending call_method
[06:20]   [ComfyUI] [SubprocessWorker] got response: ok
[06:20]   [ComfyUI] [comfy-env] LoadImageWithExif done (1.13s): result: NodeOutput
[06:20]   [ComfyUI] [comfy-env] Running LoadSharpModel: precision: 'auto'
[06:20]   [ComfyUI] [SubprocessWorker] call_method: nodes.load_model.LoadSharpModel.EXECUTE_NORMALIZED
[06:20]   [ComfyUI] [SubprocessWorker] acquired lock, ensuring started...
[06:20]   [ComfyUI] [ComfyUI-Sharp] Health check: ping (timeout=5.0s)...
[06:20]   [ComfyUI] [ComfyUI-Sharp] Health check: ok
[06:20]   [ComfyUI] [SubprocessWorker] worker started/confirmed
[06:20]   [ComfyUI] [SubprocessWorker] serializing kwargs to shm...
[06:20]   [ComfyUI] [SubprocessWorker] created 0 shm blocks
[06:20]   [ComfyUI] [SubprocessWorker] sending request via socket...
[06:20]   [ComfyUI] [SubprocessWorker] call_id=4 sending call_method
[06:20]   [ComfyUI] Warning: You are sending unauthenticated requests to the HF Hub. Please set a HF_TOKEN to enable higher rate limits and faster downloads.
[06:20]   [ComfyUI] [worker:ComfyUI-Sharp] WARNING: Warning: You are sending unauthenticated requests to the HF Hub. Please set a HF_TOKEN to enable higher rate limits and faster downloads.
[06:20]   [ComfyUI] [SubprocessWorker] got response: ok
[06:20]   [ComfyUI] [comfy-env] LoadSharpModel done (0.31s): result: NodeOutput
[06:20]   [ComfyUI] [comfy-env] Running SharpPredict: focal_length_mm: 20.0, output_prefix: 'sharp', model: dict, image: torch.float32 [1,2022,3040,3] cpu
[06:20]   [ComfyUI] [SubprocessWorker] call_method: nodes.predict.SharpPredict.EXECUTE_NORMALIZED
[06:20]   [ComfyUI] [SubprocessWorker] acquired lock, ensuring started...
[06:20]   [ComfyUI] [ComfyUI-Sharp] Health check: ping (timeout=5.0s)...
[06:20]   [ComfyUI] [ComfyUI-Sharp] Health check: ok
[06:20]   [ComfyUI] [SubprocessWorker] worker started/confirmed
[06:20]   [ComfyUI] [comfy-env] PRE-SERIALIZE 'image' shape: torch.Size([1, 2022, 3040, 3])
[06:20]   [ComfyUI] [SubprocessWorker] serializing kwargs to shm...
[06:20]   [ComfyUI] [SubprocessWorker] created 0 shm blocks
[06:20]   [ComfyUI] [SubprocessWorker] sending request via socket...
[06:20]   [ComfyUI] [SubprocessWorker] call_id=5 sending call_method
[06:20]   [ComfyUI] [worker:ComfyUI-Sharp] [comfy-env] _from_shm got dict with keys: ['__type__', 'strategy', 'manager_path', 'storage_key', 'storage_size']
[06:20]   [ComfyUI] [worker:ComfyUI-Sharp] [comfy-env] DESERIALIZE TensorRef: tensor_size=[1, 2022, 3040, 3]
[06:20]   [ComfyUI] [worker:ComfyUI-Sharp] [comfy-env] DESERIALIZED tensor shape: torch.Size([1, 2022, 3040, 3])
[06:20]   [ComfyUI] [SubprocessWorker] callback 'request_vram_budget' from call_id=5
[06:20]   [ComfyUI] [comfy-env] VRAM request: 2.81GB, free before eviction: 1.30GB
[06:20]   [ComfyUI] [comfy-env] VRAM after eviction: 1.30GB
[06:22]   Frame 2 saved (frame_001.jpg, t=2.3s)
[06:22]   [capture-periodic] freeze=5ms shot=845ms unfreeze=6ms saved=True
[06:23]   [ComfyUI] [worker:ComfyUI-Sharp] WARNING: [SPN] start: 0.00 GB, input=[1, 3, 1536, 1536]
[06:23]   [ComfyUI] [worker:ComfyUI-Sharp] WARNING: [SPN] patches: 0.00 GB, x0=25 x1=9 x2=1 total=35
[06:27]   [ComfyUI] [worker:ComfyUI-Sharp]
[06:27]   [ComfyUI] === WATCHDOG TICK 4 ===
[06:27]   [ComfyUI] [worker:ComfyUI-Sharp] Thread 0x000000016fa9b000 (most recent call first):
[06:27]   [ComfyUI]   File "/Users/runner/.ce/.pixi/envs/sharp-nodes/lib/python3.12/threading.py", line 359 in wait
[06:27]   [ComfyUI]   File "/Users/runner/.ce/.pixi/envs/sharp-nodes/lib/python3.12/threading.py", line 655 in wait
[06:27]   [ComfyUI]   File "/Users/runner/.ce/.pixi/envs/sharp-nodes/lib/python3.12/site-packages/tqdm/_monitor.py", line 60 in run
[06:27]   [ComfyUI]   File "/Users/runner/.ce/.pixi/envs/sharp-nodes/lib/python3.12/threading.py", line 1075 in _bootstrap_inner
[06:27]   [ComfyUI]   File "/Users/runner/.ce/.pixi/envs/sharp-nodes/lib/python3.12/threading.py", line 1032 in _bootstrap
[06:27]   [ComfyUI] 
[06:27]   [ComfyUI] Current thread 0x000000016e76b000 (most recent call first):
[06:27]   [ComfyUI]   File "/var/folders/tb/y368xp_x10s3ty1b_mtl5mxr0000gn/T/comfyui_pvenv_16e6wom5/persistent_worker.py", line 52 in _watchdog
[06:27]   [ComfyUI]   File "/Users/runner/.ce/.pixi/envs/sharp-nodes/lib/python3.12/threading.py", line 1012 in run
[06:27]   [ComfyUI]   File "/Users/runner/.ce/.pixi/envs/sharp-nodes/lib/python3.12/threading.py", line 1075 in _bootstrap_inner
[06:27]   [ComfyUI]   File "/Users/runner/.ce/.pixi/envs/sharp-nodes/lib/python3.12/threading.py", line 1032 in _bootstrap
[06:27]   [ComfyUI] 
[06:27]   [ComfyUI] Thread 0x00000001fdd46240 (most recent call first):
[06:27]   [ComfyUI]   File "/Users/runner/work/comfy-gpu-ci/comfy-gpu-ci/test_workspaces/Sharp-2136/ComfyUI/custom_nodes/ComfyUI-Sharp/nodes/sharp/model.py", line 273 in forward
[06:27]   [ComfyUI]   File "/Users/runner/.ce/.pixi/envs/sharp-nodes/lib/python3.12/site-packages/torch/nn/modules/module.py", line 1790 in _call_impl
[06:27]   [ComfyUI]   File "/Users/runner/.ce/.pixi/envs/sharp-nodes/lib/python3.12/site-packages/torch/nn/modules/module.py", line 1779 in _wrapped_call_impl
[06:27]   [ComfyUI]   File "/Users/runner/work/comfy-gpu-ci/comfy-gpu-ci/test_workspaces/Sharp-2136/ComfyUI/custom_nodes/ComfyUI-Sharp/nodes/sharp/model.py", line 310 in forward
[06:27]   [ComfyUI]   File "/Users/runner/.ce/.pixi/envs/sharp-nodes/lib/python3.12/site-packages/torch/nn/modules/module.py", line 1790 in _call_impl
[06:27]   [ComfyUI]   File "/Users/runner/.ce/.pixi/envs/sharp-nodes/lib/python3.12/site-packages/torch/nn/modules/module.py", line 1779 in _wrapped_call_impl
[06:27]   [ComfyUI]   File "/Users/runner/work/comfy-gpu-ci/comfy-gpu-ci/test_workspaces/Sharp-2136/ComfyUI/custom_nodes/ComfyUI-Sharp/nodes/sharp/model.py", line 412 in forward
[06:27]   [ComfyUI]   File "/Users/runner/.ce/.pixi/envs/sharp-nodes/lib/python3.12/site-packages/torch/nn/modules/module.py", line 1790 in _call_impl
[06:27]   [ComfyUI]   File "/Users/runner/.ce/.pixi/envs/sharp-nodes/lib/python3.12/site-packages/torch/nn/modules/module.py", line 1779 in _wrapped_call_impl
[06:27]   [ComfyUI]   File "/Users/runner/work/comfy-gpu-ci/comfy-gpu-ci/test_workspaces/Sharp-2136/ComfyUI/custom_nodes/ComfyUI-Sharp/nodes/sharp/model.py", line 662 in forward
[06:27]   [ComfyUI]   File "/Users/runner/.ce/.pixi/envs/sharp-nodes/lib/python3.12/site-packages/torch/nn/modules/module.py", line 1790 in _call_impl
[06:27]   [ComfyUI]   File "/Users/runner/.ce/.pixi/envs/sharp-nodes/lib/python3.12/site-packages/torch/nn/modules/module.py", line 1779 in _wrapped_call_impl
[06:27]   [ComfyUI]   File "/Users/runner/work/comfy-gpu-ci/comfy-gpu-ci/test_workspaces/Sharp-2136/ComfyUI/custom_nodes/ComfyUI-Sharp/nodes/sharp/model.py", line 1109 in forward
[06:27]   [ComfyUI]   File "/Users/runner/.ce/.pixi/envs/sharp-nodes/lib/python3.12/site-packages/torch/nn/modules/module.py", line 1790 in _call_impl
[06:27]   [ComfyUI]   File "/Users/runner/.ce/.pixi/envs/sharp-nodes/lib/python3.12/site-packages/torch/nn/modules/module.py", line 1779 in _wrapped_call_impl
[06:27]   [ComfyUI]   File "/Users/runner/work/comfy-gpu-ci/comfy-gpu-ci/test_workspaces/Sharp-2136/ComfyUI/custom_nodes/ComfyUI-Sharp/nodes/sharp/model.py", line 2006 in encode
[06:27]   [ComfyUI]   File "/Users/runner/work/comfy-gpu-ci/comfy-gpu-ci/test_workspaces/Sharp-2136/ComfyUI/custom_nodes/ComfyUI-Sharp/nodes/predict.py", line 287 in _predict_image_cached
[06:27]   [ComfyUI]   File "/Users/runner/work/comfy-gpu-ci/comfy-gpu-ci/test_workspaces/Sharp-2136/ComfyUI/custom_nodes/ComfyUI-Sharp/nodes/predict.py", line 184 in execute
[06:27]   [ComfyUI]   File "/Users/runner/.ce/.pixi/envs/sharp-nodes/lib/python3.12/site-packages/torch/utils/_contextlib.py", line 124 in decorate_context
[06:27]   [ComfyUI]   File "/Users/runner/work/comfy-gpu-ci/comfy-gpu-ci/test_workspaces/Sharp-2136/ComfyUI/comfy_api/latest/_io.py", line 1833 in EXECUTE_NORMALIZED
[06:27]   [ComfyUI]   File "/var/folders/tb/y368xp_x10s3ty1b_mtl5mxr0000gn/T/comfyui_pvenv_16e6wom5/persistent_worker.py", line 1762 in main
[06:27]   [ComfyUI]   File "/var/folders/tb/y368xp_x10s3ty1b_mtl5mxr0000gn/T/comfyui_pvenv_16e6wom5/persistent_worker.py", line 1807 in <module>
[06:27]   [ComfyUI] 
[06:27]   [ComfyUI] [worker:ComfyUI-Sharp] === END ===
[06:27]   [ComfyUI] 
[06:43]   [ComfyUI] [worker:ComfyUI-Sharp] WARNING: [SPN] after first chunk (4/35): 0.00 GB, chunk_size=4
[06:45]   Frame 3 saved (frame_002.jpg, t=5.3s)
[06:45]   [capture-periodic] freeze=5ms shot=21796ms unfreeze=25ms saved=True
[06:47]   [capture-loop] iter=50 t=28.7s state={'complete': False, 'error': None, 'executedCount': 0, 'wsState': 1} eval_ms=5 ram=5.6/7.0GB (92%) swap=0.6/2.0GB (29%) cpu=56% browser_rss=0.22GB
[06:56]   [ComfyUI] [worker:ComfyUI-Sharp] WARNING: [SPN] after all chunks + cache clear: 0.00 GB
[06:56]   [ComfyUI] [worker:ComfyUI-Sharp] WARNING: [SPN] after merge intermediates: 0.00 GB
[06:56]   [ComfyUI] [worker:ComfyUI-Sharp] WARNING: [SPN] after merge all: 0.00 GB
[06:56]   [ComfyUI] [worker:ComfyUI-Sharp] WARNING: [SPN] after image_encoder: 0.00 GB
[07:04]   [ComfyUI] [worker:ComfyUI-Sharp] WARNING: [SPN] after upsample: 0.00 GB
[07:05]   [ComfyUI] [worker:ComfyUI-Sharp] WARNING: [Monodepth] after SPN encoder + cache clear: 0.00 GB
[07:21]   Frame 4 saved (frame_003.jpg, t=50.0s)
[07:21]   [capture-periodic] freeze=17ms shot=12215ms unfreeze=167ms saved=True
[07:31]   [ComfyUI] [worker:ComfyUI-Sharp]
[07:31]   [ComfyUI] === WATCHDOG TICK 5 ===
[07:31]   [ComfyUI] [worker:ComfyUI-Sharp] Thread 0x000000016fa9b000 (most recent call first):
[07:31]   [ComfyUI]   File "/Users/runner/.ce/.pixi/envs/sharp-nodes/lib/python3.12/site-packages/tqdm/std.py", line 760 in get_lock
[07:31]   [ComfyUI]   File "/Users/runner/.ce/.pixi/envs/sharp-nodes/lib/python3.12/site-packages/tqdm/_monitor.py", line 66 in run
[07:31]   [ComfyUI]   File "/Users/runner/.ce/.pixi/envs/sharp-nodes/lib/python3.12/threading.py", line 1075 in _bootstrap_inner
[07:31]   [ComfyUI]   File "/Users/runner/.ce/.pixi/envs/sharp-nodes/lib/python3.12/threading.py", line 1032 in _bootstrap
[07:31]   [ComfyUI] 
[07:31]   [ComfyUI] Current thread 0x000000016e76b000 (most recent call first):
[07:31]   [ComfyUI]   File "/var/folders/tb/y368xp_x10s3ty1b_mtl5mxr0000gn/T/comfyui_pvenv_16e6wom5/persistent_worker.py", line 52 in _watchdog
[07:31]   [ComfyUI]   File "/Users/runner/.ce/.pixi/envs/sharp-nodes/lib/python3.12/threading.py", line 1012 in run
[07:31]   [ComfyUI]   File "/Users/runner/.ce/.pixi/envs/sharp-nodes/lib/python3.12/threading.py", line 1075 in _bootstrap_inner
[07:31]   [ComfyUI]   File "/Users/runner/.ce/.pixi/envs/sharp-nodes/lib/python3.12/threading.py", line 1032 in _bootstrap
[07:31]   [ComfyUI] 
[07:31]   [ComfyUI] Thread 0x00000001fdd46240 (most recent call first):
[07:31]   [ComfyUI]   File "/Users/runner/.ce/.pixi/envs/sharp-nodes/lib/python3.12/site-packages/torch/nn/functional.py", line 1723 in relu
[07:31]   [ComfyUI]   File "/Users/runner/.ce/.pixi/envs/sharp-nodes/lib/python3.12/site-packages/torch/nn/modules/activation.py", line 143 in forward
[07:31]   [ComfyUI]   File "/Users/runner/.ce/.pixi/envs/sharp-nodes/lib/python3.12/site-packages/torch/nn/modules/module.py", line 1790 in _call_impl
[07:31]   [ComfyUI]   File "/Users/runner/.ce/.pixi/envs/sharp-nodes/lib/python3.12/site-packages/torch/nn/modules/module.py", line 1779 in _wrapped_call_impl
[07:31]   [ComfyUI]   File "/Users/runner/.ce/.pixi/envs/sharp-nodes/lib/python3.12/site-packages/torch/nn/modules/container.py", line 253 in forward
[07:31]   [ComfyUI]   File "/Users/runner/.ce/.pixi/envs/sharp-nodes/lib/python3.12/site-packages/torch/nn/modules/module.py", line 1790 in _call_impl
[07:31]   [ComfyUI]   File "/Users/runner/.ce/.pixi/envs/sharp-nodes/lib/python3.12/site-packages/torch/nn/modules/module.py", line 1779 in _wrapped_call_impl
[07:31]   [ComfyUI]   File "/Users/runner/work/comfy-gpu-ci/comfy-gpu-ci/test_workspaces/Sharp-2136/ComfyUI/custom_nodes/ComfyUI-Sharp/nodes/sharp/model.py", line 766 in forward
[07:31]   [ComfyUI]   File "/Users/runner/.ce/.pixi/envs/sharp-nodes/lib/python3.12/site-packages/torch/nn/modules/module.py", line 1790 in _call_impl
[07:31]   [ComfyUI]   File "/Users/runner/.ce/.pixi/envs/sharp-nodes/lib/python3.12/site-packages/torch/nn/modules/module.py", line 1779 in _wrapped_call_impl
[07:31]   [ComfyUI]   File "/Users/runner/work/comfy-gpu-ci/comfy-gpu-ci/test_workspaces/Sharp-2136/ComfyUI/custom_nodes/ComfyUI-Sharp/nodes/sharp/model.py", line 860 in forward
[07:31]   [ComfyUI]   File "/Users/runner/.ce/.pixi/envs/sharp-nodes/lib/python3.12/site-packages/torch/nn/modules/module.py", line 1790 in _call_impl
[07:31]   [ComfyUI]   File "/Users/runner/.ce/.pixi/envs/sharp-nodes/lib/python3.12/site-packages/torch/nn/modules/module.py", line 1779 in _wrapped_call_impl
[07:31]   [ComfyUI]   File "/Users/runner/work/comfy-gpu-ci/comfy-gpu-ci/test_workspaces/Sharp-2136/ComfyUI/custom_nodes/ComfyUI-Sharp/nodes/sharp/model.py", line 970 in forward
[07:31]   [ComfyUI]   File "/Users/runner/.ce/.pixi/envs/sharp-nodes/lib/python3.12/site-packages/torch/nn/modules/module.py", line 1790 in _call_impl
[07:31]   [ComfyUI]   File "/Users/runner/.ce/.pixi/envs/sharp-nodes/lib/python3.12/site-packages/torch/nn/modules/module.py", line 1779 in _wrapped_call_impl
[07:31]   [ComfyUI]   File "/Users/runner/work/comfy-gpu-ci/comfy-gpu-ci/test_workspaces/Sharp-2136/ComfyUI/custom_nodes/ComfyUI-Sharp/nodes/sharp/model.py", line 1118 in forward
[07:31]   [ComfyUI]   File "/Users/runner/.ce/.pixi/envs/sharp-nodes/lib/python3.12/site-packages/torch/nn/modules/module.py", line 1790 in _call_impl
[07:31]   [ComfyUI]   File "/Users/runner/.ce/.pixi/envs/sharp-nodes/lib/python3.12/site-packages/torch/nn/modules/module.py", line 1779 in _wrapped_call_impl
[07:31]   [ComfyUI]   File "/Users/runner/work/comfy-gpu-ci/comfy-gpu-ci/test_workspaces/Sharp-2136/ComfyUI/custom_nodes/ComfyUI-Sharp/nodes/sharp/model.py", line 2006 in encode
[07:31]   [ComfyUI]   File "/Users/runner/work/comfy-gpu-ci/comfy-gpu-ci/test_workspaces/Sharp-2136/ComfyUI/custom_nodes/ComfyUI-Sharp/nodes/predict.py", line 287 in _predict_image_cached
[07:31]   [ComfyUI]   File "/Users/runner/work/comfy-gpu-ci/comfy-gpu-ci/test_workspaces/Sharp-2136/ComfyUI/custom_nodes/ComfyUI-Sharp/nodes/predict.py", line 184 in execute
[07:31]   [ComfyUI]   File "/Users/runner/.ce/.pixi/envs/sharp-nodes/lib/python3.12/site-packages/torch/utils/_contextlib.py", line 124 in decorate_context
[07:31]   [ComfyUI]   File "/Users/runner/work/comfy-gpu-ci/comfy-gpu-ci/test_workspaces/Sharp-2136/ComfyUI/comfy_api/latest/_io.py", line 1833 in EXECUTE_NORMALIZED
[07:31]   [ComfyUI]   File "/var/folders/tb/y368xp_x10s3ty1b_mtl5mxr0000gn/T/comfyui_pvenv_16e6wom5/persistent_worker.py", line 1762 in main
[07:31]   [ComfyUI]   File "/var/folders/tb/y368xp_x10s3ty1b_mtl5mxr0000gn/T/comfyui_pvenv_16e6wom5/persistent_worker.py", line 1807 in <module>
[07:31]   [ComfyUI] 
[07:31]   [ComfyUI] [worker:ComfyUI-Sharp] === END ===
[07:31]   [ComfyUI] 
[07:33]   Frame 5 saved (frame_004.jpg, t=64.7s)
[07:33]   [capture-periodic] freeze=811ms shot=8762ms unfreeze=12ms saved=True
[07:33]   [capture-loop] iter=100 t=74.5s state={'complete': False, 'error': None, 'executedCount': 0, 'wsState': 1} eval_ms=3 ram=4.2/7.0GB (90%) swap=4.2/5.0GB (85%) cpu=56% browser_rss=0.20GB
[07:33]   [ComfyUI] [worker:ComfyUI-Sharp] WARNING: [Monodepth] after decoder: 0.00 GB
[08:04]   [capture-loop] iter=150 t=105.5s state={'complete': False, 'error': None, 'executedCount': 0, 'wsState': 1} eval_ms=36 ram=1.9/7.0GB (88%) swap=4.1/5.0GB (82%) cpu=44% browser_rss=0.16GB
[08:09]   [ComfyUI] [worker:ComfyUI-Sharp] WARNING: [Decode] start: 0.00 GB
[08:10]   [ComfyUI] [worker:ComfyUI-Sharp] WARNING: [Decode] after depth_alignment: 0.00 GB
[08:10]   [ComfyUI] [worker:ComfyUI-Sharp] WARNING: [Decode] after init_model: 0.00 GB
[08:22]   [capture-loop] iter=200 t=124.1s state={'complete': False, 'error': None, 'executedCount': 0, 'wsState': 1} eval_ms=7 ram=5.4/7.0GB (92%) swap=6.0/7.0GB (86%) cpu=68% browser_rss=0.18GB
[08:22]   [ComfyUI] [worker:ComfyUI-Sharp] WARNING: [Decode] after feature_model: 0.00 GB
[08:22]   [ComfyUI] [worker:ComfyUI-Sharp] WARNING: [Decode] after prediction_head: 0.00 GB
[08:29]   [ComfyUI] [SubprocessWorker] callback 'report_progress' from call_id=5
[08:29]   [ComfyUI] [SubprocessWorker] got response: ok
[08:29]   [ComfyUI] [comfy-env] SharpPredict done (129.32s): result: NodeOutput
[08:29]   [ComfyUI] [comfy-env] Running GeomPackPreviewGaussian: ply_path: '/Users/runner/work/comfy-gpu-ci/comfy-gpu-ci/test_worksp..., extrinsics: list[4], intrinsics: list[3]
[08:29]   [ComfyUI] [SubprocessWorker] call_method: nodes.visualization.preview_gaussian.PreviewGaussianNode.EXECUTE_NORMALIZED
[08:29]   [ComfyUI] [SubprocessWorker] acquired lock, ensuring started...
[08:29]   [ComfyUI] [ComfyUI-GeometryPack] Health check: ping (timeout=5.0s)...
[08:29]   [ComfyUI] [ComfyUI-GeometryPack] Health check: failed
[08:29]   [ComfyUI] [ComfyUI-GeometryPack] Socket unhealthy, restarting worker...
[08:29]   [ComfyUI] [ComfyUI-GeometryPack] python: /Users/runner/.ce/.pixi/envs/geometrypack-nodes/bin/python
[08:29]   [ComfyUI] [ComfyUI-GeometryPack] sys_path sent to worker: ['/Users/runner/work/comfy-gpu-ci/comfy-gpu-ci/test_workspaces/Sharp-2136/ComfyUI', '/Users/runner/work/comfy-gpu-ci/comfy-gpu-ci/test_workspaces/Sharp-2136/ComfyUI/custom_nodes/ComfyUI-GeometryPack', '/Users/runner/.ce/.pixi/envs/geometrypack-nodes/lib/python3.1/site-packages', '/Users/runner/work/comfy-gpu-ci/comfy-gpu-ci/test_workspaces/Sharp-2136/ComfyUI/custom_nodes/ComfyUI-GeometryPack']
[08:29]   [ComfyUI] [SubprocessWorker] is_pixi=True, python=/Users/runner/.ce/.pixi/envs/geometrypack-nodes/bin/python
[08:29]   [ComfyUI] [SubprocessWorker] launching cmd=['/Users/runner/.pixi/bin/pixi', 'run', '--as-is', '--manifest-path', '/Users/runner/.ce/pixi.toml', '-e', 'geometrypack-nodes', 'python', '/var/folders/tb/y368xp_x10s3ty1b_mtl5mxr0000gn/T/comfyui_pvenv_b8h896t4/persistent_worker.py', 'unix:///var/folders/tb/y368xp_x10s3ty1b_mtl5mxr0000gn/T/comfy_worker_cef579069cc8.sock']...
[08:29]   [ComfyUI] [SubprocessWorker] socket_addr=unix:///var/folders/tb/y368xp_x10s3ty1b_mtl5mxr0000gn/T/comfy_worker_cef579069cc8.sock exists=True
[08:29]   [ComfyUI] Traceback (most recent call last):
[08:29]   [ComfyUI]   File "/var/folders/tb/y368xp_x10s3ty1b_mtl5mxr0000gn/T/comfyui_pvenv_b8h896t4/persistent_worker.py", line 1807, in <module>
[08:29]   [ComfyUI]     main()
[08:29]   [ComfyUI]   File "/var/folders/tb/y368xp_x10s3ty1b_mtl5mxr0000gn/T/comfyui_pvenv_b8h896t4/persistent_worker.py", line 1667, in main
[08:29]   [ComfyUI]     transport.send({"status": "pong", "call_id": _current_call_id})
[08:29]   [ComfyUI]   File "/var/folders/tb/y368xp_x10s3ty1b_mtl5mxr0000gn/T/comfyui_pvenv_b8h896t4/persistent_worker.py", line 1075, in send
[08:29]   [ComfyUI]     self._sock.sendall(msg)
[08:29]   [ComfyUI] BrokenPipeError: [Errno 32] Broken pipe
[08:30]   [capture-loop] iter=250 t=132.1s state={'complete': False, 'error': None, 'executedCount': 0, 'wsState': 1} eval_ms=4 ram=2.9/7.0GB (78%) swap=5.8/7.0GB (83%) cpu=58% browser_rss=0.21GB
[08:32]   Frame 6 saved (frame_005.jpg, t=133.0s)
[08:32]   [capture-periodic] freeze=3ms shot=706ms unfreeze=23ms saved=True
[08:34]   [ComfyUI] [worker:ComfyUI-GeometryPack] ERROR: Failed to import comfy_kitchen, Error: No module named 'comfy_kitchen', fp8 and fp4 support will not be available.
[08:34]   [ComfyUI] [SubprocessWorker] worker started/confirmed
[08:34]   [ComfyUI] [SubprocessWorker] serializing kwargs to shm...
[08:34]   [ComfyUI] [SubprocessWorker] created 0 shm blocks
[08:34]   [ComfyUI] [SubprocessWorker] sending request via socket...
[08:34]   [ComfyUI] [SubprocessWorker] call_id=2 sending call_method
[08:38]   [capture-loop] iter=300 t=139.6s state={'complete': False, 'error': None, 'executedCount': 0, 'wsState': 1} eval_ms=4 ram=2.0/7.0GB (83%) swap=5.9/7.0GB (85%) cpu=54% browser_rss=0.23GB
[08:39]   [ComfyUI] [worker:ComfyUI-GeometryPack] INFO: Loading PLY: sharp_1778449395780.ply (63.00 MB)
[08:39]   [ComfyUI] [SubprocessWorker] got response: ok
[08:39]   [ComfyUI] [comfy-env] GeomPackPreviewGaussian done (9.42s): result: NodeOutput
[08:39]   [ComfyUI] Prompt executed in 140.30 seconds
[08:39]   Node executed (1 total), capturing...
[08:39]   Frame 7 saved (frame_006.jpg, t=140.8s)
[08:39]   [capture-node] freeze=3ms shot=113ms unfreeze=2ms saved=True
[08:40]   Execution complete (t=141.3s)
[08:40]   [3d-wait] Phase 1: Waiting for 'Loading 3D Model' text to disappear...
[08:40]   [3d-wait] Phase 1 done in 0.0s
[08:40]   [3d-wait] Phase 2: iframes=1
[08:40]   [3d-wait] iframe viewer_ready=False (matched 0 console logs)
[08:40]   [3d-wait] Waiting for 'Loaded successfully' console message (timeout=60s)...
[08:44]   [3d-wait] Got 'Loaded successfully' after 4.2s
[08:45]   [3d-wait] Unfrozen in 0.623s, rendering for 5s...
[08:50]   [3d-wait] JS halted via CDP after 5.7s
[08:51]   [3d-wait] Re-frozen in 6.8s
[08:51]   [3d-wait] Total 3D wait: 11.1s
[08:51]   Captured 7 unique frames over 152.43s
[08:51]   [debug] iframes: 1
[08:51]   [debug]   iframe[0]: src=http://127.0.0.1:41894/extensions/ComfyUI-GeometryPack/viewer_gaussian.html?v=17, canvas=3040x2022, rafFrozen=True
[08:51]   [timing] trigger_3d_previews: 0.0s
[08:53]   Saved high-quality screenshot: sharp_exif_executed.png
[08:53]   [timing] final_screenshot: 0.4s
[08:54] Results saved to /Users/runner/work/comfy-gpu-ci/comfy-gpu-ci/comfy-test-logs/Sharp-2136/dev/macos-cpu/results.json
[08:54] Model report: 4 files, 2.6 GB -> /Users/runner/work/comfy-gpu-ci/comfy-gpu-ci/comfy-test-logs/Sharp-2136/dev/macos-cpu/models.json
[08:54] Saved: /Users/runner/work/comfy-gpu-ci/comfy-gpu-ci/comfy-test-logs/Sharp-2136/dev/macos-cpu/index.html
[08:54] [EXECUTION] PASSED
[08:54] 
macos: PASSED
[08:54] Stopping ComfyUI server...
