Capturing execution frames: sharp_exif.json
  Frame 1 saved (frame_000.jpg, t=0.0s)
  Validating workflow...
  Queuing workflow for execution...
  Frame 2 saved (frame_001.jpg, t=2.3s)
  [capture-periodic] freeze=4ms shot=150ms unfreeze=4ms saved=True
  Frame 3 saved (frame_002.jpg, t=4.6s)
  [capture-periodic] freeze=5ms shot=138ms unfreeze=5ms saved=True
  [capture-loop] iter=50 t=6.1s state={'complete': False, 'error': None, 'executedCount': 0, 'wsState': 1} eval_ms=6 ram=5.4/16.0GB (34%) swap=1.1/3.1GB (37%) cpu=79% browser_rss=0.66GB
  Frame 4 saved (frame_003.jpg, t=9.2s)
  [capture-periodic] freeze=7ms shot=133ms unfreeze=5ms saved=True
  [capture-loop] iter=100 t=12.2s state={'complete': False, 'error': None, 'executedCount': 0, 'wsState': 1} eval_ms=8 ram=6.6/16.0GB (41%) swap=1.1/3.1GB (37%) cpu=48% browser_rss=0.60GB
  [capture-loop] iter=150 t=18.4s state={'complete': False, 'error': None, 'executedCount': 0, 'wsState': 1} eval_ms=5 ram=8.4/16.0GB (52%) swap=1.1/3.1GB (37%) cpu=66% browser_rss=0.60GB
  [capture-loop] iter=200 t=24.5s state={'complete': False, 'error': None, 'executedCount': 0, 'wsState': 1} eval_ms=7 ram=8.4/16.0GB (52%) swap=1.1/3.1GB (37%) cpu=86% browser_rss=0.61GB
  [capture-loop] iter=250 t=30.8s state={'complete': False, 'error': None, 'executedCount': 0, 'wsState': 1} eval_ms=15 ram=8.5/16.0GB (53%) swap=1.1/3.1GB (37%) cpu=84% browser_rss=0.60GB
  [capture-loop] iter=300 t=37.0s state={'complete': False, 'error': None, 'executedCount': 0, 'wsState': 1} eval_ms=17 ram=8.5/16.0GB (53%) swap=1.1/3.1GB (37%) cpu=82% browser_rss=0.59GB
  [capture-loop] iter=350 t=43.2s state={'complete': False, 'error': None, 'executedCount': 0, 'wsState': 1} eval_ms=6 ram=8.5/16.0GB (53%) swap=1.1/3.1GB (37%) cpu=81% browser_rss=0.59GB
  [capture-loop] iter=400 t=49.2s state={'complete': False, 'error': None, 'executedCount': 0, 'wsState': 1} eval_ms=6 ram=8.4/16.0GB (53%) swap=1.1/3.1GB (37%) cpu=81% browser_rss=0.60GB
  [capture-loop] iter=450 t=55.4s state={'complete': False, 'error': None, 'executedCount': 0, 'wsState': 1} eval_ms=8 ram=8.5/16.0GB (53%) swap=1.1/3.1GB (37%) cpu=82% browser_rss=0.59GB
  [capture-loop] iter=500 t=61.6s state={'complete': False, 'error': None, 'executedCount': 0, 'wsState': 1} eval_ms=6 ram=8.5/16.0GB (53%) swap=1.1/3.1GB (37%) cpu=84% browser_rss=0.60GB
  [capture-loop] iter=550 t=67.8s state={'complete': False, 'error': None, 'executedCount': 0, 'wsState': 1} eval_ms=5 ram=8.5/16.0GB (53%) swap=1.1/3.1GB (37%) cpu=82% browser_rss=0.59GB
  [capture-loop] iter=600 t=74.0s state={'complete': False, 'error': None, 'executedCount': 0, 'wsState': 1} eval_ms=6 ram=8.5/16.0GB (53%) swap=1.1/3.1GB (37%) cpu=82% browser_rss=0.59GB
  [capture-loop] iter=650 t=80.0s state={'complete': False, 'error': None, 'executedCount': 0, 'wsState': 1} eval_ms=6 ram=8.5/16.0GB (53%) swap=1.1/3.1GB (37%) cpu=84% browser_rss=0.59GB
  [capture-loop] iter=700 t=86.2s state={'complete': False, 'error': None, 'executedCount': 0, 'wsState': 1} eval_ms=5 ram=8.6/16.0GB (54%) swap=1.1/3.1GB (37%) cpu=81% browser_rss=0.59GB
  [capture-loop] iter=750 t=92.3s state={'complete': False, 'error': None, 'executedCount': 0, 'wsState': 1} eval_ms=5 ram=8.6/16.0GB (54%) swap=1.1/3.1GB (37%) cpu=82% browser_rss=0.59GB
  [capture-loop] iter=800 t=98.5s state={'complete': False, 'error': None, 'executedCount': 0, 'wsState': 1} eval_ms=6 ram=8.6/16.0GB (54%) swap=1.1/3.1GB (37%) cpu=81% browser_rss=0.60GB
  [capture-loop] iter=850 t=104.5s state={'complete': False, 'error': None, 'executedCount': 0, 'wsState': 1} eval_ms=9 ram=8.6/16.0GB (54%) swap=1.1/3.1GB (37%) cpu=81% browser_rss=0.59GB
  [capture-loop] iter=900 t=110.7s state={'complete': False, 'error': None, 'executedCount': 0, 'wsState': 1} eval_ms=6 ram=8.6/16.0GB (54%) swap=1.1/3.1GB (37%) cpu=81% browser_rss=0.59GB
  [capture-loop] iter=950 t=116.8s state={'complete': False, 'error': None, 'executedCount': 0, 'wsState': 1} eval_ms=5 ram=8.6/16.0GB (54%) swap=1.1/3.1GB (37%) cpu=82% browser_rss=0.60GB
  [capture-loop] iter=1000 t=123.0s state={'complete': False, 'error': None, 'executedCount': 0, 'wsState': 1} eval_ms=6 ram=8.6/16.0GB (54%) swap=1.1/3.1GB (37%) cpu=82% browser_rss=0.59GB
  [capture-loop] iter=1050 t=129.1s state={'complete': False, 'error': None, 'executedCount': 0, 'wsState': 1} eval_ms=6 ram=8.8/16.0GB (55%) swap=1.1/3.1GB (37%) cpu=81% browser_rss=0.59GB
  [capture-loop] iter=1100 t=135.3s state={'complete': False, 'error': None, 'executedCount': 0, 'wsState': 1} eval_ms=4 ram=8.7/16.0GB (54%) swap=1.1/3.1GB (37%) cpu=86% browser_rss=0.59GB
  [capture-loop] iter=1150 t=141.4s state={'complete': False, 'error': None, 'executedCount': 0, 'wsState': 1} eval_ms=7 ram=8.7/16.0GB (54%) swap=1.1/3.1GB (37%) cpu=82% browser_rss=0.59GB
  [capture-loop] iter=1200 t=147.6s state={'complete': False, 'error': None, 'executedCount': 0, 'wsState': 1} eval_ms=6 ram=8.7/16.0GB (54%) swap=1.1/3.1GB (37%) cpu=81% browser_rss=0.59GB
  [capture-loop] iter=1250 t=153.7s state={'complete': False, 'error': None, 'executedCount': 0, 'wsState': 1} eval_ms=5 ram=8.7/16.0GB (54%) swap=1.1/3.1GB (37%) cpu=84% browser_rss=0.59GB
  [capture-loop] iter=1300 t=159.8s state={'complete': False, 'error': None, 'executedCount': 0, 'wsState': 1} eval_ms=17 ram=8.6/16.0GB (54%) swap=1.2/3.1GB (41%) cpu=82% browser_rss=0.59GB
  [capture-loop] iter=1350 t=165.9s state={'complete': False, 'error': None, 'executedCount': 0, 'wsState': 1} eval_ms=6 ram=8.2/16.0GB (51%) swap=1.4/3.1GB (44%) cpu=82% browser_rss=0.57GB
  [capture-loop] iter=1400 t=172.3s state={'complete': False, 'error': None, 'executedCount': 0, 'wsState': 1} eval_ms=15 ram=8.9/16.0GB (56%) swap=1.5/3.1GB (49%) cpu=86% browser_rss=0.56GB
  [capture-loop] iter=1450 t=178.7s state={'complete': False, 'error': None, 'executedCount': 0, 'wsState': 1} eval_ms=4 ram=9.5/16.0GB (59%) swap=1.6/3.1GB (52%) cpu=87% browser_rss=0.55GB
  [capture-loop] iter=1500 t=185.1s state={'complete': False, 'error': None, 'executedCount': 0, 'wsState': 1} eval_ms=8 ram=9.6/16.0GB (60%) swap=1.6/3.1GB (52%) cpu=87% browser_rss=0.52GB
  [capture-loop] iter=1550 t=191.1s state={'complete': False, 'error': None, 'executedCount': 0, 'wsState': 1} eval_ms=6 ram=9.7/16.0GB (60%) swap=1.6/3.1GB (52%) cpu=83% browser_rss=0.50GB
  [capture-loop] iter=1600 t=197.6s state={'complete': False, 'error': None, 'executedCount': 0, 'wsState': 1} eval_ms=13 ram=11.3/16.0GB (70%) swap=1.7/3.1GB (56%) cpu=83% browser_rss=0.49GB
  [capture-loop] iter=1650 t=203.8s state={'complete': False, 'error': None, 'executedCount': 0, 'wsState': 1} eval_ms=11 ram=11.2/16.0GB (70%) swap=1.8/3.1GB (58%) cpu=83% browser_rss=0.48GB
  [capture-loop] iter=1700 t=210.0s state={'complete': False, 'error': None, 'executedCount': 0, 'wsState': 1} eval_ms=6 ram=11.0/16.0GB (69%) swap=1.8/3.1GB (58%) cpu=86% browser_rss=0.47GB
  [capture-loop] iter=1750 t=216.3s state={'complete': False, 'error': None, 'executedCount': 0, 'wsState': 1} eval_ms=10 ram=12.2/16.0GB (76%) swap=1.8/3.1GB (58%) cpu=88% browser_rss=0.46GB
  [capture-loop] iter=1800 t=222.4s state={'complete': False, 'error': None, 'executedCount': 0, 'wsState': 1} eval_ms=5 ram=9.3/16.0GB (58%) swap=1.8/3.1GB (60%) cpu=80% browser_rss=0.45GB
  [capture-loop] iter=1850 t=228.6s state={'complete': False, 'error': None, 'executedCount': 0, 'wsState': 1} eval_ms=7 ram=10.7/16.0GB (67%) swap=1.8/3.1GB (60%) cpu=81% browser_rss=0.46GB
  [capture-loop] iter=1900 t=234.9s state={'complete': False, 'error': None, 'executedCount': 0, 'wsState': 1} eval_ms=6 ram=10.5/16.0GB (66%) swap=1.8/3.1GB (60%) cpu=80% browser_rss=0.46GB
  [capture-loop] iter=1950 t=241.1s state={'complete': False, 'error': None, 'executedCount': 0, 'wsState': 1} eval_ms=6 ram=9.9/16.0GB (62%) swap=1.8/3.1GB (60%) cpu=81% browser_rss=0.45GB
  [capture-loop] iter=2000 t=247.1s state={'complete': False, 'error': None, 'executedCount': 0, 'wsState': 1} eval_ms=6 ram=8.8/16.0GB (55%) swap=1.8/3.1GB (60%) cpu=81% browser_rss=0.45GB
  [capture-loop] iter=2050 t=253.4s state={'complete': False, 'error': None, 'executedCount': 0, 'wsState': 1} eval_ms=6 ram=8.3/16.0GB (52%) swap=1.7/3.1GB (55%) cpu=62% browser_rss=0.45GB
  Frame 5 saved (frame_004.jpg, t=253.8s)
  [capture-periodic] freeze=4ms shot=294ms unfreeze=8ms saved=True
  [capture-loop] iter=2100 t=259.7s state={'complete': False, 'error': None, 'executedCount': 0, 'wsState': 1} eval_ms=5 ram=8.8/16.0GB (55%) swap=1.6/3.1GB (53%) cpu=46% browser_rss=0.44GB
  Node executed (1 total), capturing...
  Frame 6 saved (frame_005.jpg, t=263.9s)
  [capture-node] freeze=5ms shot=139ms unfreeze=0ms saved=True
  Execution complete (t=263.9s)
  [3d-wait] Phase 1: Waiting for 'Loading 3D Model' text to disappear...
  [3d-wait] Phase 1 done in 0.0s
  [3d-wait] Phase 2: iframes=1
  [3d-wait] iframe viewer_ready=False (matched 0 console logs)
  [3d-wait] Waiting for 'Loaded successfully' console message (timeout=60s)...
  [3d-wait] Got 'Loaded successfully' after 1.8s
  [3d-wait] Unfrozen in 0.194s, rendering for 5s...
  [3d-wait] JS halted via CDP after 15.2s
  [3d-wait] Re-frozen in 59.5s
  [3d-wait] Total 3D wait: 61.3s
  Captured 6 unique frames over 325.4s
  [debug] iframes: 1
  [debug]   iframe[0]: src=http://127.0.0.1:8188/extensions/ComfyUI-GeometryPack/viewer_gaussian.html?v=177, canvas=3040x2022, rafFrozen=True
  [timing] trigger_3d_previews: 0.0s
  Saved high-quality screenshot: sharp_exif_executed.png
  [timing] final_screenshot: 0.3s
    Captured 7 video frames