Capturing execution frames: sharp_basic.json
  Frame 1 saved (frame_000.jpg, t=0.0s)
  Validating workflow...
  [ComfyUI] === /validate endpoint called ===
  [ComfyUI] === /validate endpoint called ===
  [ComfyUI] Received JSON with keys: ['prompt']
  [ComfyUI] Received JSON with keys: ['prompt']
  [ComfyUI] Prompt has 4 nodes
  [ComfyUI] Prompt has 4 nodes
  [ComfyUI]   Node 1: LoadImage
  [ComfyUI]   Node 1: LoadImage
  [ComfyUI]     Inputs: {"image": "beach.jpg"}
  [ComfyUI]     Inputs: {"image": "beach.jpg"}
  [ComfyUI]   Node 2: LoadSharpModel
  [ComfyUI]   Node 2: LoadSharpModel
  [ComfyUI]     Inputs: {"precision": "auto"}
  [ComfyUI]     Inputs: {"precision": "auto"}
  Queuing workflow for execution...
  [ComfyUI]   Node 4: GeomPackPreviewGaussian
  [ComfyUI]   Node 4: GeomPackPreviewGaussian
  [ComfyUI]     Inputs: {"preview_gaussian": "", "ply_path": ["5", 0], "extrinsics": ["5", 1], "intrinsics": ["5", 2]}
  [ComfyUI]     Inputs: {"preview_gaussian": "", "ply_path": ["5", 0], "extrinsics": ["5", 1], "intrinsics": ["5", 2]}
  [ComfyUI]   Node 5: SharpPredict
  [ComfyUI]   Node 5: SharpPredict
  [ComfyUI]     Inputs: {"focal_length_mm": 30, "output_prefix": "sharp", "model": ["2", 0], "image": ["1", 0]}
  [ComfyUI]     Inputs: {"focal_length_mm": 30, "output_prefix": "sharp", "model": ["2", 0], "image": ["1", 0]}
  [ComfyUI] Generated prompt_id: cfd03c73-a713-4e6b-ac21-b07c6ac24be8
  [ComfyUI] Generated prompt_id: cfd03c73-a713-4e6b-ac21-b07c6ac24be8
  [ComfyUI] Calling execution.validate_prompt()...
  [ComfyUI] Calling execution.validate_prompt()...
  [ComfyUI] Validation result: valid=True
  [ComfyUI] Validation result: valid=True
  [ComfyUI] === Validation PASSED ===
  [ComfyUI] === Validation PASSED ===
  [ComfyUI] got prompt
  [ComfyUI] got prompt
  [ComfyUI] [comfy-env] Running LoadSharpModel: precision: 'auto'
  [ComfyUI] [comfy-env] Running LoadSharpModel: precision: 'auto'
  [ComfyUI] [comfy-env] SubprocessWorker: C:\ce\.pixi\envs\sharp-nodes\python.exe
  [ComfyUI] [comfy-env] SubprocessWorker: C:\ce\.pixi\envs\sharp-nodes\python.exe
  [ComfyUI] [comfy-env] env_vars: {'COMFYUI_BASE': 'D:\\a\\comfy-gpu-ci\\comfy-gpu-ci\\test_workspaces\\Sharp-2137\\portable-comfyui\\ComfyUI_windows_portable\\ComfyUI'}
  [ComfyUI] [comfy-env] env_vars: {'COMFYUI_BASE': 'D:\\a\\comfy-gpu-ci\\comfy-gpu-ci\\test_workspaces\\Sharp-2137\\portable-comfyui\\ComfyUI_windows_portable\\ComfyUI'}
  [ComfyUI] [SubprocessWorker] call_method: nodes.load_model.LoadSharpModel.EXECUTE_NORMALIZED
  [ComfyUI] [SubprocessWorker] call_method: nodes.load_model.LoadSharpModel.EXECUTE_NORMALIZED
  [ComfyUI] [SubprocessWorker] acquired lock, ensuring started...
  [ComfyUI] [SubprocessWorker] acquired lock, ensuring started...
  [ComfyUI] [comfy-env] sharp-nodes: Library/bin has 235 DLLs
  [ComfyUI] [comfy-env] sharp-nodes: Library/bin has 235 DLLs
  [ComfyUI] [ComfyUI-Sharp] python: C:\ce\.pixi\envs\sharp-nodes\python.exe
  [ComfyUI] [ComfyUI-Sharp] python: C:\ce\.pixi\envs\sharp-nodes\python.exe
  [ComfyUI] [ComfyUI-Sharp] sys_path sent to worker: ['D:\\a\\comfy-gpu-ci\\comfy-gpu-ci\\test_workspaces\\Sharp-2137\\portable-comfyui\\ComfyUI_windows_portable\\ComfyUI', 'D:\\a\\comfy-gpu-ci\\comfy-gpu-ci\\test_workspaces\\Sharp-2137\\portable-comfyui\\ComfyUI_windows_portable\\ComfyUI\\custom_nodes\\ComfyUI-Sharp', 'C:\\ce\\.pixi\\envs\\sharp-nodes\\Lib\\site-packages', 'D:\\a\\comfy-gpu-ci\\comfy-gpu-ci\\test_workspaces\\Sharp-2137\\portable-comfyui\\ComfyUI_windows_portable\\ComfyUI\\custom_nodes\\ComfyUI-Sharp']
  [ComfyUI] [ComfyUI-Sharp] sys_path sent to worker: ['D:\\a\\comfy-gpu-ci\\comfy-gpu-ci\\test_workspaces\\Sharp-2137\\portable-comfyui\\ComfyUI_windows_portable\\ComfyUI', 'D:\\a\\comfy-gpu-ci\\comfy-gpu-ci\\test_workspaces\\Sharp-2137\\portable-comfyui\\ComfyUI_windows_portable\\ComfyUI\\custom_nodes\\ComfyUI-Sharp', 'C:\\ce\\.pixi\\envs\\sharp-nodes\\Lib\\site-packages', 'D:\\a\\comfy-gpu-ci\\comfy-gpu-ci\\test_workspaces\\Sharp-2137\\portable-comfyui\\ComfyUI_windows_portable\\ComfyUI\\custom_nodes\\ComfyUI-Sharp']
  [ComfyUI] [SubprocessWorker] is_pixi=True, python=C:\ce\.pixi\envs\sharp-nodes\python.exe
  [ComfyUI] [SubprocessWorker] is_pixi=True, python=C:\ce\.pixi\envs\sharp-nodes\python.exe
  [ComfyUI] [SubprocessWorker] launching cmd=['C:\\Users\\runneradmin\\.pixi\\bin\\pixi.exe', 'run', '--as-is', '--manifest-path', 'C:\\ce\\pixi.toml', '-e', 'sharp-nodes', 'python', 'C:\\Users\\RUNNER~1\\AppData\\Local\\Temp\\comfyui_pvenv_u6s04z0f\\persistent_worker.py', 'tcp://127.0.0.1:51993']...
  [ComfyUI] [SubprocessWorker] launching cmd=['C:\\Users\\runneradmin\\.pixi\\bin\\pixi.exe', 'run', '--as-is', '--manifest-path', 'C:\\ce\\pixi.toml', '-e', 'sharp-nodes', 'python', 'C:\\Users\\RUNNER~1\\AppData\\Local\\Temp\\comfyui_pvenv_u6s04z0f\\persistent_worker.py', 'tcp://127.0.0.1:51993']...
  Frame 2 saved (frame_001.jpg, t=2.4s)
  [capture-periodic] freeze=5ms shot=158ms unfreeze=6ms saved=True
  [ComfyUI] C:\ce\.pixi\envs\sharp-nodes\Lib\site-packages\torch\cuda\__init__.py:180: UserWarning: cudaGetDeviceCount() returned cudaErrorNotSupported, likely using older driver or on CPU machine (Triggered internally at C:\actions-runner\_work\pytorch\pytorch\pytorch\c10\cuda\CUDAFunctions.cpp:88.)
  [ComfyUI] C:\ce\.pixi\envs\sharp-nodes\Lib\site-packages\torch\cuda\__init__.py:180: UserWarning: cudaGetDeviceCount() returned cudaErrorNotSupported, likely using older driver or on CPU machine (Triggered internally at C:\actions-runner\_work\pytorch\pytorch\pytorch\c10\cuda\CUDAFunctions.cpp:88.)
  [ComfyUI]   return torch._C._cuda_getDeviceCount() > 0
  [ComfyUI]   return torch._C._cuda_getDeviceCount() > 0
  Frame 3 saved (frame_002.jpg, t=4.6s)
  [capture-periodic] freeze=6ms shot=201ms unfreeze=6ms saved=True
  [ComfyUI] [worker:ComfyUI-Sharp] ERROR: Failed to import comfy_kitchen, Error: No module named 'comfy_kitchen', fp8 and fp4 support will not be available.
  [ComfyUI] [worker:ComfyUI-Sharp] ERROR: Failed to import comfy_kitchen, Error: No module named 'comfy_kitchen', fp8 and fp4 support will not be available.
  [ComfyUI] [SubprocessWorker] worker started/confirmed
  [ComfyUI] [SubprocessWorker] worker started/confirmed
  [ComfyUI] [SubprocessWorker] serializing kwargs to shm...
  [ComfyUI] [SubprocessWorker] serializing kwargs to shm...
  [ComfyUI] [SubprocessWorker] created 0 shm blocks
  [ComfyUI] [SubprocessWorker] created 0 shm blocks
  [ComfyUI] [SubprocessWorker] sending request via socket...
  [ComfyUI] [SubprocessWorker] sending request via socket...
  [ComfyUI] [SubprocessWorker] call_id=1 sending call_method
  [ComfyUI] [SubprocessWorker] call_id=1 sending call_method
  [capture-loop] iter=50 t=6.3s state={'complete': False, 'error': None, 'executedCount': 0, 'wsState': 1} eval_ms=5 ram=5.8/16.0GB (36%) swap=0.4/2.9GB (13%) cpu=47% browser_rss=0.70GB
  [ComfyUI] 
  [ComfyUI] 
  [ComfyUI] sharp_2572gikvuh.pt:   0%|          | 0.00/2.81G [00:00<?, ?B/s]
  [ComfyUI] sharp_2572gikvuh.pt:   0%|          | 0.00/2.81G [00:00<?, ?B/s]
  [ComfyUI] sharp_2572gikvuh.pt:   6%|▌         | 158M/2.81G [00:01<00:30, 86.8MB/s][SubprocessWorker] callback 'report_progress' from call_id=1
  [ComfyUI] sharp_2572gikvuh.pt:   6%|▌         | 158M/2.81G [00:01<00:30, 86.8MB/s][SubprocessWorker] callback 'report_progress' from call_id=1
  [ComfyUI] 
  [ComfyUI] 
  [ComfyUI] sharp_2572gikvuh.pt:  10%|█         | 292M/2.81G [00:02<00:16, 154MB/s] [SubprocessWorker] callback 'report_progress' from call_id=1
  [ComfyUI] sharp_2572gikvuh.pt:  10%|█         | 292M/2.81G [00:02<00:16, 154MB/s] [SubprocessWorker] callback 'report_progress' from call_id=1
  [ComfyUI] 
  [ComfyUI] 
  [ComfyUI] sharp_2572gikvuh.pt:  13%|█▎        | 359M/2.81G [00:02<00:12, 190MB/s][SubprocessWorker] callback 'report_progress' from call_id=1
  [ComfyUI] sharp_2572gikvuh.pt:  13%|█▎        | 359M/2.81G [00:02<00:12, 190MB/s][SubprocessWorker] callback 'report_progress' from call_id=1
  [ComfyUI] 
  [ComfyUI] 
  [ComfyUI] sharp_2572gikvuh.pt:  15%|█▌        | 427M/2.81G [00:02<00:12, 191MB/s][SubprocessWorker] callback 'report_progress' from call_id=1
  [ComfyUI] sharp_2572gikvuh.pt:  15%|█▌        | 427M/2.81G [00:02<00:12, 191MB/s][SubprocessWorker] callback 'report_progress' from call_id=1
  Frame 4 saved (frame_003.jpg, t=9.1s)
  [capture-periodic] freeze=36ms shot=231ms unfreeze=15ms saved=True
  [ComfyUI] 
  [ComfyUI] 
  [ComfyUI] sharp_2572gikvuh.pt:  20%|█▉        | 561M/2.81G [00:02<00:08, 270MB/s][SubprocessWorker] callback 'report_progress' from call_id=1
  [ComfyUI] sharp_2572gikvuh.pt:  20%|█▉        | 561M/2.81G [00:02<00:08, 270MB/s][SubprocessWorker] callback 'report_progress' from call_id=1
  [ComfyUI] 
  [ComfyUI] 
  [ComfyUI] sharp_2572gikvuh.pt:  22%|██▏       | 628M/2.81G [00:03<00:07, 276MB/s][SubprocessWorker] callback 'report_progress' from call_id=1
  [ComfyUI] sharp_2572gikvuh.pt:  22%|██▏       | 628M/2.81G [00:03<00:07, 276MB/s][SubprocessWorker] callback 'report_progress' from call_id=1
  [ComfyUI] 
  [ComfyUI] 
  [ComfyUI] sharp_2572gikvuh.pt:  25%|██▍       | 695M/2.81G [00:03<00:07, 281MB/s][SubprocessWorker] callback 'report_progress' from call_id=1
  [ComfyUI] sharp_2572gikvuh.pt:  25%|██▍       | 695M/2.81G [00:03<00:07, 281MB/s][SubprocessWorker] callback 'report_progress' from call_id=1
  [ComfyUI] 
  [ComfyUI] 
  [ComfyUI] sharp_2572gikvuh.pt:  27%|██▋       | 768M/2.81G [00:03<00:07, 268MB/s][SubprocessWorker] callback 'report_progress' from call_id=1
  [ComfyUI] sharp_2572gikvuh.pt:  27%|██▋       | 768M/2.81G [00:03<00:07, 268MB/s][SubprocessWorker] callback 'report_progress' from call_id=1
  [ComfyUI] 
  [ComfyUI] 
  [ComfyUI] sharp_2572gikvuh.pt:  30%|██▉       | 829M/2.81G [00:03<00:06, 296MB/s][SubprocessWorker] callback 'report_progress' from call_id=1
  [ComfyUI] sharp_2572gikvuh.pt:  30%|██▉       | 829M/2.81G [00:03<00:06, 296MB/s][SubprocessWorker] callback 'report_progress' from call_id=1
  [ComfyUI] 
  [ComfyUI] 
  [ComfyUI] sharp_2572gikvuh.pt:  34%|███▍      | 963M/2.81G [00:04<00:05, 339MB/s][SubprocessWorker] callback 'report_progress' from call_id=1
  [ComfyUI] sharp_2572gikvuh.pt:  34%|███▍      | 963M/2.81G [00:04<00:05, 339MB/s][SubprocessWorker] callback 'report_progress' from call_id=1
  [ComfyUI] 
  [ComfyUI] 
  [ComfyUI] sharp_2572gikvuh.pt:  37%|███▋      | 1.03G/2.81G [00:04<00:06, 295MB/s][SubprocessWorker] callback 'report_progress' from call_id=1
  [ComfyUI] sharp_2572gikvuh.pt:  37%|███▋      | 1.03G/2.81G [00:04<00:06, 295MB/s][SubprocessWorker] callback 'report_progress' from call_id=1
  [ComfyUI] 
  [ComfyUI] 
  [ComfyUI] sharp_2572gikvuh.pt:  39%|███▉      | 1.10G/2.81G [00:04<00:05, 328MB/s][SubprocessWorker] callback 'report_progress' from call_id=1
  [ComfyUI] sharp_2572gikvuh.pt:  39%|███▉      | 1.10G/2.81G [00:04<00:05, 328MB/s][SubprocessWorker] callback 'report_progress' from call_id=1
  [ComfyUI] 
  [ComfyUI] 
  [ComfyUI] sharp_2572gikvuh.pt:  41%|████▏     | 1.16G/2.81G [00:04<00:05, 290MB/s][SubprocessWorker] callback 'report_progress' from call_id=1
  [ComfyUI] sharp_2572gikvuh.pt:  41%|████▏     | 1.16G/2.81G [00:04<00:05, 290MB/s][SubprocessWorker] callback 'report_progress' from call_id=1
  Frame 5 saved (frame_004.jpg, t=11.4s)
  [capture-periodic] freeze=26ms shot=239ms unfreeze=15ms saved=True
  [ComfyUI] 
  [ComfyUI] 
  [ComfyUI] sharp_2572gikvuh.pt:  44%|████▍     | 1.23G/2.81G [00:05<00:05, 288MB/s][SubprocessWorker] callback 'report_progress' from call_id=1
  [ComfyUI] sharp_2572gikvuh.pt:  44%|████▍     | 1.23G/2.81G [00:05<00:05, 288MB/s][SubprocessWorker] callback 'report_progress' from call_id=1
  [ComfyUI] 
  [ComfyUI] 
  [ComfyUI] sharp_2572gikvuh.pt:  46%|████▌     | 1.30G/2.81G [00:05<00:05, 296MB/s][SubprocessWorker] callback 'report_progress' from call_id=1
  [ComfyUI] sharp_2572gikvuh.pt:  46%|████▌     | 1.30G/2.81G [00:05<00:05, 296MB/s][SubprocessWorker] callback 'report_progress' from call_id=1
  [ComfyUI] 
  [ComfyUI] 
  [ComfyUI] sharp_2572gikvuh.pt:  49%|████▊     | 1.37G/2.81G [00:05<00:05, 277MB/s][SubprocessWorker] callback 'report_progress' from call_id=1
  [ComfyUI] sharp_2572gikvuh.pt:  49%|████▊     | 1.37G/2.81G [00:05<00:05, 277MB/s][SubprocessWorker] callback 'report_progress' from call_id=1
  [ComfyUI] 
  [ComfyUI] 
  [ComfyUI] sharp_2572gikvuh.pt:  53%|█████▎    | 1.50G/2.81G [00:05<00:03, 365MB/s][SubprocessWorker] callback 'report_progress' from call_id=1
  [ComfyUI] sharp_2572gikvuh.pt:  53%|█████▎    | 1.50G/2.81G [00:05<00:03, 365MB/s][SubprocessWorker] callback 'report_progress' from call_id=1
  [ComfyUI] 
  [ComfyUI] 
  [ComfyUI] sharp_2572gikvuh.pt:  58%|█████▊    | 1.63G/2.81G [00:06<00:02, 405MB/s][SubprocessWorker] callback 'report_progress' from call_id=1
  [ComfyUI] sharp_2572gikvuh.pt:  58%|█████▊    | 1.63G/2.81G [00:06<00:02, 405MB/s][SubprocessWorker] callback 'report_progress' from call_id=1
  [ComfyUI] 
  [ComfyUI] 
  [ComfyUI] sharp_2572gikvuh.pt:  61%|██████    | 1.70G/2.81G [00:06<00:02, 389MB/s][SubprocessWorker] callback 'report_progress' from call_id=1
  [ComfyUI] sharp_2572gikvuh.pt:  61%|██████    | 1.70G/2.81G [00:06<00:02, 389MB/s][SubprocessWorker] callback 'report_progress' from call_id=1
  [ComfyUI] 
  [ComfyUI] 
  [ComfyUI] sharp_2572gikvuh.pt:  65%|██████▌   | 1.83G/2.81G [00:06<00:02, 442MB/s][SubprocessWorker] callback 'report_progress' from call_id=1
  [ComfyUI] sharp_2572gikvuh.pt:  65%|██████▌   | 1.83G/2.81G [00:06<00:02, 442MB/s][SubprocessWorker] callback 'report_progress' from call_id=1
  [ComfyUI] 
  [ComfyUI] 
  [ComfyUI] sharp_2572gikvuh.pt:  75%|███████▍  | 2.10G/2.81G [00:06<00:01, 638MB/s][SubprocessWorker] callback 'report_progress' from call_id=1
  [ComfyUI] sharp_2572gikvuh.pt:  75%|███████▍  | 2.10G/2.81G [00:06<00:01, 638MB/s][SubprocessWorker] callback 'report_progress' from call_id=1
  [ComfyUI] 
  [ComfyUI] 
  [ComfyUI] sharp_2572gikvuh.pt:  77%|███████▋  | 2.17G/2.81G [00:07<00:01, 525MB/s][SubprocessWorker] callback 'report_progress' from call_id=1
  [ComfyUI] sharp_2572gikvuh.pt:  77%|███████▋  | 2.17G/2.81G [00:07<00:01, 525MB/s][SubprocessWorker] callback 'report_progress' from call_id=1
  Frame 6 saved (frame_005.jpg, t=13.8s)
  [capture-periodic] freeze=3ms shot=135ms unfreeze=7ms saved=True
  [ComfyUI] 
  [ComfyUI] 
  [ComfyUI] sharp_2572gikvuh.pt:  82%|████████▏ | 2.30G/2.81G [00:07<00:00, 529MB/s][SubprocessWorker] callback 'report_progress' from call_id=1
  [ComfyUI] sharp_2572gikvuh.pt:  82%|████████▏ | 2.30G/2.81G [00:07<00:00, 529MB/s][SubprocessWorker] callback 'report_progress' from call_id=1
  [ComfyUI] 
  [ComfyUI] 
  [ComfyUI] sharp_2572gikvuh.pt:  87%|████████▋ | 2.44G/2.81G [00:07<00:00, 530MB/s][SubprocessWorker] callback 'report_progress' from call_id=1
  [ComfyUI] sharp_2572gikvuh.pt:  87%|████████▋ | 2.44G/2.81G [00:07<00:00, 530MB/s][SubprocessWorker] callback 'report_progress' from call_id=1
  [capture-loop] iter=100 t=14.4s state={'complete': False, 'error': None, 'executedCount': 0, 'wsState': 1} eval_ms=5 ram=6.6/16.0GB (41%) swap=0.4/2.9GB (13%) cpu=83% browser_rss=0.71GB
  [ComfyUI] 
  [ComfyUI] 
  [ComfyUI] sharp_2572gikvuh.pt:  92%|█████████▏| 2.57G/2.81G [00:07<00:00, 533MB/s][SubprocessWorker] callback 'report_progress' from call_id=1
  [ComfyUI] sharp_2572gikvuh.pt:  92%|█████████▏| 2.57G/2.81G [00:07<00:00, 533MB/s][SubprocessWorker] callback 'report_progress' from call_id=1
  [ComfyUI] 
  [ComfyUI] 
  [ComfyUI] sharp_2572gikvuh.pt:  96%|█████████▋| 2.71G/2.81G [00:08<00:00, 533MB/s][SubprocessWorker] callback 'report_progress' from call_id=1
  [ComfyUI] sharp_2572gikvuh.pt:  96%|█████████▋| 2.71G/2.81G [00:08<00:00, 533MB/s][SubprocessWorker] callback 'report_progress' from call_id=1
  [ComfyUI] 
  [ComfyUI] 
  [ComfyUI] sharp_2572gikvuh.pt: 100%|██████████| 2.81G/2.81G [00:08<00:00, 583MB/s][SubprocessWorker] callback 'report_progress' from call_id=1
  [ComfyUI] sharp_2572gikvuh.pt: 100%|██████████| 2.81G/2.81G [00:08<00:00, 583MB/s][SubprocessWorker] callback 'report_progress' from call_id=1
  [ComfyUI] 
  [ComfyUI] 
  [ComfyUI] sharp_2572gikvuh.pt: 100%|██████████| 2.81G/2.81G [00:08<00:00, 345MB/s]
  [ComfyUI] sharp_2572gikvuh.pt: 100%|██████████| 2.81G/2.81G [00:08<00:00, 345MB/s]
  [ComfyUI] [SubprocessWorker] got response: ok
  [ComfyUI] [SubprocessWorker] got response: ok
  [ComfyUI] [comfy-env] LoadSharpModel done (14.47s): result: NodeOutput
  [ComfyUI] [comfy-env] LoadSharpModel done (14.47s): result: NodeOutput
  [ComfyUI] [comfy-env] Running SharpPredict: focal_length_mm: 30.0, output_prefix: 'sharp', model: dict, image: torch.float32 [1,1024,1536,3] cpu
  [ComfyUI] [comfy-env] Running SharpPredict: focal_length_mm: 30.0, output_prefix: 'sharp', model: dict, image: torch.float32 [1,1024,1536,3] cpu
  [ComfyUI] [SubprocessWorker] call_method: nodes.predict.SharpPredict.EXECUTE_NORMALIZED
  [ComfyUI] [SubprocessWorker] call_method: nodes.predict.SharpPredict.EXECUTE_NORMALIZED
  [ComfyUI] [SubprocessWorker] acquired lock, ensuring started...
  [ComfyUI] [SubprocessWorker] acquired lock, ensuring started...
  [ComfyUI] [ComfyUI-Sharp] Health check: ping (timeout=5.0s)...
  [ComfyUI] [ComfyUI-Sharp] Health check: ping (timeout=5.0s)...
  [ComfyUI] [ComfyUI-Sharp] Health check: ok
  [ComfyUI] [ComfyUI-Sharp] Health check: ok
  [ComfyUI] [SubprocessWorker] worker started/confirmed
  [ComfyUI] [SubprocessWorker] worker started/confirmed
  [ComfyUI] [comfy-env] PRE-SERIALIZE 'image' shape: torch.Size([1, 1024, 1536, 3])
  [ComfyUI] [comfy-env] PRE-SERIALIZE 'image' shape: torch.Size([1, 1024, 1536, 3])
  [ComfyUI] [SubprocessWorker] serializing kwargs to shm...
  [ComfyUI] [SubprocessWorker] serializing kwargs to shm...
  [ComfyUI] [SubprocessWorker] created 0 shm blocks
  [ComfyUI] [SubprocessWorker] created 0 shm blocks
  [ComfyUI] [SubprocessWorker] sending request via socket...
  [ComfyUI] [SubprocessWorker] sending request via socket...
  [ComfyUI] [SubprocessWorker] call_id=2 sending call_method
  [ComfyUI] [SubprocessWorker] call_id=2 sending call_method
  [ComfyUI] [worker:ComfyUI-Sharp] [comfy-env] _from_shm got dict with keys: ['__type__', 'strategy', 'manager_path', 'storage_key', 'storage_size']
  [ComfyUI] [worker:ComfyUI-Sharp] [comfy-env] _from_shm got dict with keys: ['__type__', 'strategy', 'manager_path', 'storage_key', 'storage_size']
  [ComfyUI] [worker:ComfyUI-Sharp] [comfy-env] DESERIALIZE TensorRef: tensor_size=[1, 1024, 1536, 3]
  [ComfyUI] [worker:ComfyUI-Sharp] [comfy-env] DESERIALIZE TensorRef: tensor_size=[1, 1024, 1536, 3]
  [ComfyUI] [worker:ComfyUI-Sharp] [comfy-env] DESERIALIZED tensor shape: torch.Size([1, 1024, 1536, 3])
  [ComfyUI] [worker:ComfyUI-Sharp] [comfy-env] DESERIALIZED tensor shape: torch.Size([1, 1024, 1536, 3])
  [ComfyUI] [worker:ComfyUI-Sharp] WARNING: No comfy kitchen, using old apply_rope functions.
  [ComfyUI] [worker:ComfyUI-Sharp] WARNING: No comfy kitchen, using old apply_rope functions.
  Frame 7 saved (frame_006.jpg, t=16.0s)
  [capture-periodic] freeze=6ms shot=114ms unfreeze=4ms saved=True
  [capture-loop] iter=150 t=20.2s state={'complete': False, 'error': None, 'executedCount': 0, 'wsState': 1} eval_ms=5 ram=6.3/16.0GB (40%) swap=0.4/2.9GB (13%) cpu=38% browser_rss=0.71GB
  [capture-loop] iter=200 t=26.1s state={'complete': False, 'error': None, 'executedCount': 0, 'wsState': 1} eval_ms=11 ram=8.3/16.0GB (52%) swap=0.3/2.9GB (12%) cpu=46% browser_rss=0.48GB
  [ComfyUI] [SubprocessWorker] callback 'request_vram_budget' from call_id=2
  [ComfyUI] [SubprocessWorker] callback 'request_vram_budget' from call_id=2
  [ComfyUI] [comfy-env] VRAM request: 2.81GB, free before eviction: 8.57GB
  [ComfyUI] [comfy-env] VRAM request: 2.81GB, free before eviction: 8.57GB
  [ComfyUI] [comfy-env] VRAM after eviction: 8.57GB
  [ComfyUI] [comfy-env] VRAM after eviction: 8.57GB
  [ComfyUI] [worker:ComfyUI-Sharp] WARNING: [SPN] start: 0.00 GB, input=[1, 3, 1536, 1536]
  [ComfyUI] [worker:ComfyUI-Sharp] WARNING: [SPN] start: 0.00 GB, input=[1, 3, 1536, 1536]
  [ComfyUI] [worker:ComfyUI-Sharp] WARNING: [SPN] patches: 0.00 GB, x0=25 x1=9 x2=1 total=35
  [ComfyUI] [worker:ComfyUI-Sharp] WARNING: [SPN] patches: 0.00 GB, x0=25 x1=9 x2=1 total=35
  [capture-loop] iter=250 t=32.2s state={'complete': False, 'error': None, 'executedCount': 0, 'wsState': 1} eval_ms=6 ram=8.0/16.0GB (50%) swap=1.0/2.9GB (34%) cpu=73% browser_rss=0.42GB
  [capture-loop] iter=300 t=38.3s state={'complete': False, 'error': None, 'executedCount': 0, 'wsState': 1} eval_ms=7 ram=7.9/16.0GB (50%) swap=1.0/2.9GB (33%) cpu=80% browser_rss=0.42GB
  [ComfyUI] [worker:ComfyUI-Sharp] WARNING: [SPN] after first chunk (4/35): 0.00 GB, chunk_size=4
  [ComfyUI] [worker:ComfyUI-Sharp] WARNING: [SPN] after first chunk (4/35): 0.00 GB, chunk_size=4
  [capture-loop] iter=350 t=44.2s state={'complete': False, 'error': None, 'executedCount': 0, 'wsState': 1} eval_ms=5 ram=7.9/16.0GB (50%) swap=1.0/2.9GB (33%) cpu=75% browser_rss=0.43GB
  [capture-loop] iter=400 t=50.3s state={'complete': False, 'error': None, 'executedCount': 0, 'wsState': 1} eval_ms=5 ram=7.9/16.0GB (49%) swap=0.9/2.9GB (33%) cpu=76% browser_rss=0.43GB
  [capture-loop] iter=450 t=56.3s state={'complete': False, 'error': None, 'executedCount': 0, 'wsState': 1} eval_ms=6 ram=7.8/16.0GB (49%) swap=0.9/2.9GB (33%) cpu=74% browser_rss=0.43GB
  [ComfyUI] [worker:ComfyUI-Sharp]
  [ComfyUI] [worker:ComfyUI-Sharp]
  [ComfyUI] === WATCHDOG TICK 1 ===
  [ComfyUI] === WATCHDOG TICK 1 ===
  [ComfyUI] [worker:ComfyUI-Sharp] Thread 0x00002498 (most recent call first):
  [ComfyUI] [worker:ComfyUI-Sharp] Thread 0x00002498 (most recent call first):
  [ComfyUI]   File "C:\ce\.pixi\envs\sharp-nodes\Lib\threading.py", line 363 in wait
  [ComfyUI]   File "C:\ce\.pixi\envs\sharp-nodes\Lib\threading.py", line 363 in wait
  [ComfyUI]   File "C:\ce\.pixi\envs\sharp-nodes\Lib\threading.py", line 660 in wait
  [ComfyUI]   File "C:\ce\.pixi\envs\sharp-nodes\Lib\threading.py", line 660 in wait
  [ComfyUI]   File "C:\ce\.pixi\envs\sharp-nodes\Lib\site-packages\tqdm\_monitor.py", line 60 in run
  [ComfyUI]   File "C:\ce\.pixi\envs\sharp-nodes\Lib\site-packages\tqdm\_monitor.py", line 60 in run
  [ComfyUI]   File "C:\ce\.pixi\envs\sharp-nodes\Lib\threading.py", line 1044 in _bootstrap_inner
  [ComfyUI]   File "C:\ce\.pixi\envs\sharp-nodes\Lib\threading.py", line 1044 in _bootstrap_inner
  [ComfyUI]   File "C:\ce\.pixi\envs\sharp-nodes\Lib\threading.py", line 1015 in _bootstrap
  [ComfyUI]   File "C:\ce\.pixi\envs\sharp-nodes\Lib\threading.py", line 1015 in _bootstrap
  [ComfyUI] 
  [ComfyUI] 
  [ComfyUI] Current thread 0x00001810 (most recent call first):
  [ComfyUI] Current thread 0x00001810 (most recent call first):
  [ComfyUI]   File "C:\Users\RUNNER~1\AppData\Local\Temp\comfyui_pvenv_u6s04z0f\persistent_worker.py", line 52 in _watchdog
  [ComfyUI]   File "C:\Users\RUNNER~1\AppData\Local\Temp\comfyui_pvenv_u6s04z0f\persistent_worker.py", line 52 in _watchdog
  [ComfyUI]   File "C:\ce\.pixi\envs\sharp-nodes\Lib\threading.py", line 995 in run
  [ComfyUI]   File "C:\ce\.pixi\envs\sharp-nodes\Lib\threading.py", line 995 in run
  [ComfyUI]   File "C:\ce\.pixi\envs\sharp-nodes\Lib\threading.py", line 1044 in _bootstrap_inner
  [ComfyUI]   File "C:\ce\.pixi\envs\sharp-nodes\Lib\threading.py", line 1044 in _bootstrap_inner
  [ComfyUI]   File "C:\ce\.pixi\envs\sharp-nodes\Lib\threading.py", line 1015 in _bootstrap
  [ComfyUI]   File "C:\ce\.pixi\envs\sharp-nodes\Lib\threading.py", line 1015 in _bootstrap
  [ComfyUI] 
  [ComfyUI] 
  [ComfyUI] Thread 0x000013d8 (most recent call first):
  [ComfyUI] Thread 0x000013d8 (most recent call first):
  [ComfyUI]   File "C:\ce\.pixi\envs\sharp-nodes\Lib\site-packages\torch\nn\modules\linear.py", line 134 in forward
  [ComfyUI]   File "C:\ce\.pixi\envs\sharp-nodes\Lib\site-packages\torch\nn\modules\linear.py", line 134 in forward
  [ComfyUI]   File "D:\a\comfy-gpu-ci\comfy-gpu-ci\test_workspaces\Sharp-2137\portable-comfyui\ComfyUI_windows_portable\ComfyUI\comfy\ops.py", line 394 in forward
  [ComfyUI]   File "D:\a\comfy-gpu-ci\comfy-gpu-ci\test_workspaces\Sharp-2137\portable-comfyui\ComfyUI_windows_portable\ComfyUI\comfy\ops.py", line 394 in forward
  [ComfyUI]   File "C:\ce\.pixi\envs\sharp-nodes\Lib\site-packages\torch\nn\modules\module.py", line 1790 in _call_impl
  [ComfyUI]   File "C:\ce\.pixi\envs\sharp-nodes\Lib\site-packages\torch\nn\modules\module.py", line 1790 in _call_impl
  [ComfyUI]   File "C:\ce\.pixi\envs\sharp-nodes\Lib\site-packages\torch\nn\modules\module.py", line 1779 in _wrapped_call_impl
  [ComfyUI]   File "C:\ce\.pixi\envs\sharp-nodes\Lib\site-packages\torch\nn\modules\module.py", line 1779 in _wrapped_call_impl
  [ComfyUI]   File "D:\a\comfy-gpu-ci\comfy-gpu-ci\test_workspaces\Sharp-2137\portable-comfyui\ComfyUI_windows_portable\ComfyUI\custom_nodes\ComfyUI-Sharp\nodes\sharp\model.py", line 268 in forward
  [ComfyUI]   File "D:\a\comfy-gpu-ci\comfy-gpu-ci\test_workspaces\Sharp-2137\portable-comfyui\ComfyUI_windows_portable\ComfyUI\custom_nodes\ComfyUI-Sharp\nodes\sharp\model.py", line 268 in forward
  [ComfyUI]   File "C:\ce\.pixi\envs\sharp-nodes\Lib\site-packages\torch\nn\modules\module.py", line 1790 in _call_impl
  [ComfyUI]   File "C:\ce\.pixi\envs\sharp-nodes\Lib\site-packages\torch\nn\modules\module.py", line 1790 in _call_impl
  [ComfyUI]   File "C:\ce\.pixi\envs\sharp-nodes\Lib\site-packages\torch\nn\modules\module.py", line 1779 in _wrapped_call_impl
  [ComfyUI]   File "C:\ce\.pixi\envs\sharp-nodes\Lib\site-packages\torch\nn\modules\module.py", line 1779 in _wrapped_call_impl
  [ComfyUI]   File "D:\a\comfy-gpu-ci\comfy-gpu-ci\test_workspaces\Sharp-2137\portable-comfyui\ComfyUI_windows_portable\ComfyUI\custom_nodes\ComfyUI-Sharp\nodes\sharp\model.py", line 310 in forward
  [ComfyUI]   File "D:\a\comfy-gpu-ci\comfy-gpu-ci\test_workspaces\Sharp-2137\portable-comfyui\ComfyUI_windows_portable\ComfyUI\custom_nodes\ComfyUI-Sharp\nodes\sharp\model.py", line 310 in forward
  [ComfyUI]   File "C:\ce\.pixi\envs\sharp-nodes\Lib\site-packages\torch\nn\modules\module.py", line 1790 in _call_impl
  [ComfyUI]   File "C:\ce\.pixi\envs\sharp-nodes\Lib\site-packages\torch\nn\modules\module.py", line 1790 in _call_impl
  [ComfyUI]   File "C:\ce\.pixi\envs\sharp-nodes\Lib\site-packages\torch\nn\modules\module.py", line 1779 in _wrapped_call_impl
  [ComfyUI]   File "C:\ce\.pixi\envs\sharp-nodes\Lib\site-packages\torch\nn\modules\module.py", line 1779 in _wrapped_call_impl
  [ComfyUI]   File "D:\a\comfy-gpu-ci\comfy-gpu-ci\test_workspaces\Sharp-2137\portable-comfyui\ComfyUI_windows_portable\ComfyUI\custom_nodes\ComfyUI-Sharp\nodes\sharp\model.py", line 412 in forward
  [ComfyUI]   File "D:\a\comfy-gpu-ci\comfy-gpu-ci\test_workspaces\Sharp-2137\portable-comfyui\ComfyUI_windows_portable\ComfyUI\custom_nodes\ComfyUI-Sharp\nodes\sharp\model.py", line 412 in forward
  [ComfyUI]   File "C:\ce\.pixi\envs\sharp-nodes\Lib\site-packages\torch\nn\modules\module.py", line 1790 in _call_impl
  [ComfyUI]   File "C:\ce\.pixi\envs\sharp-nodes\Lib\site-packages\torch\nn\modules\module.py", line 1790 in _call_impl
  [ComfyUI]   File "C:\ce\.pixi\envs\sharp-nodes\Lib\site-packages\torch\nn\modules\module.py", line 1779 in _wrapped_call_impl
  [ComfyUI]   File "C:\ce\.pixi\envs\sharp-nodes\Lib\site-packages\torch\nn\modules\module.py", line 1779 in _wrapped_call_impl
  [ComfyUI]   File "D:\a\comfy-gpu-ci\comfy-gpu-ci\test_workspaces\Sharp-2137\portable-comfyui\ComfyUI_windows_portable\ComfyUI\custom_nodes\ComfyUI-Sharp\nodes\sharp\model.py", line 685 in forward
  [ComfyUI]   File "D:\a\comfy-gpu-ci\comfy-gpu-ci\test_workspaces\Sharp-2137\portable-comfyui\ComfyUI_windows_portable\ComfyUI\custom_nodes\ComfyUI-Sharp\nodes\sharp\model.py", line 685 in forward
  [ComfyUI]   File "C:\ce\.pixi\envs\sharp-nodes\Lib\site-packages\torch\nn\modules\module.py", line 1790 in _call_impl
  [ComfyUI]   File "C:\ce\.pixi\envs\sharp-nodes\Lib\site-packages\torch\nn\modules\module.py", line 1790 in _call_impl
  [ComfyUI]   File "C:\ce\.pixi\envs\sharp-nodes\Lib\site-packages\torch\nn\modules\module.py", line 1779 in _wrapped_call_impl
  [ComfyUI]   File "C:\ce\.pixi\envs\sharp-nodes\Lib\site-packages\torch\nn\modules\module.py", line 1779 in _wrapped_call_impl
  [ComfyUI]   File "D:\a\comfy-gpu-ci\comfy-gpu-ci\test_workspaces\Sharp-2137\portable-comfyui\ComfyUI_windows_portable\ComfyUI\custom_nodes\ComfyUI-Sharp\nodes\sharp\model.py", line 1109 in forward
  [ComfyUI]   File "D:\a\comfy-gpu-ci\comfy-gpu-ci\test_workspaces\Sharp-2137\portable-comfyui\ComfyUI_windows_portable\ComfyUI\custom_nodes\ComfyUI-Sharp\nodes\sharp\model.py", line 1109 in forward
  [ComfyUI]   File "C:\ce\.pixi\envs\sharp-nodes\Lib\site-packages\torch\nn\modules\module.py", line 1790 in _call_impl
  [ComfyUI]   File "C:\ce\.pixi\envs\sharp-nodes\Lib\site-packages\torch\nn\modules\module.py", line 1790 in _call_impl
  [ComfyUI]   File "C:\ce\.pixi\envs\sharp-nodes\Lib\site-packages\torch\nn\modules\module.py", line 1779 in _wrapped_call_impl
  [ComfyUI]   File "C:\ce\.pixi\envs\sharp-nodes\Lib\site-packages\torch\nn\modules\module.py", line 1779 in _wrapped_call_impl
  [ComfyUI]   File "D:\a\comfy-gpu-ci\comfy-gpu-ci\test_workspaces\Sharp-2137\portable-comfyui\ComfyUI_windows_portable\ComfyUI\custom_nodes\ComfyUI-Sharp\nodes\sharp\model.py", line 2006 in encode
  [ComfyUI]   File "D:\a\comfy-gpu-ci\comfy-gpu-ci\test_workspaces\Sharp-2137\portable-comfyui\ComfyUI_windows_portable\ComfyUI\custom_nodes\ComfyUI-Sharp\nodes\sharp\model.py", line 2006 in encode
  [ComfyUI]   File "D:\a\comfy-gpu-ci\comfy-gpu-ci\test_workspaces\Sharp-2137\portable-comfyui\ComfyUI_windows_portable\ComfyUI\custom_nodes\ComfyUI-Sharp\nodes\predict.py", line 287 in _predict_image_cached
  [ComfyUI]   File "D:\a\comfy-gpu-ci\comfy-gpu-ci\test_workspaces\Sharp-2137\portable-comfyui\ComfyUI_windows_portable\ComfyUI\custom_nodes\ComfyUI-Sharp\nodes\predict.py", line 287 in _predict_image_cached
  [ComfyUI]   File "D:\a\comfy-gpu-ci\comfy-gpu-ci\test_workspaces\Sharp-2137\portable-comfyui\ComfyUI_windows_portable\ComfyUI\custom_nodes\ComfyUI-Sharp\nodes\predict.py", line 184 in execute
  [ComfyUI]   File "D:\a\comfy-gpu-ci\comfy-gpu-ci\test_workspaces\Sharp-2137\portable-comfyui\ComfyUI_windows_portable\ComfyUI\custom_nodes\ComfyUI-Sharp\nodes\predict.py", line 184 in execute
  [ComfyUI]   File "C:\ce\.pixi\envs\sharp-nodes\Lib\site-packages\torch\utils\_contextlib.py", line 124 in decorate_context
  [ComfyUI]   File "C:\ce\.pixi\envs\sharp-nodes\Lib\site-packages\torch\utils\_contextlib.py", line 124 in decorate_context
  [ComfyUI]   File "D:\a\comfy-gpu-ci\comfy-gpu-ci\test_workspaces\Sharp-2137\portable-comfyui\ComfyUI_windows_portable\ComfyUI\comfy_api\latest\_io.py", line 1826 in EXECUTE_NORMALIZED
  [ComfyUI]   File "D:\a\comfy-gpu-ci\comfy-gpu-ci\test_workspaces\Sharp-2137\portable-comfyui\ComfyUI_windows_portable\ComfyUI\comfy_api\latest\_io.py", line 1826 in EXECUTE_NORMALIZED
  [ComfyUI]   File "C:\Users\RUNNER~1\AppData\Local\Temp\comfyui_pvenv_u6s04z0f\persistent_worker.py", line 1762 in main
  [ComfyUI]   File "C:\Users\RUNNER~1\AppData\Local\Temp\comfyui_pvenv_u6s04z0f\persistent_worker.py", line 1762 in main
  [ComfyUI]   File "C:\Users\RUNNER~1\AppData\Local\Temp\comfyui_pvenv_u6s04z0f\persistent_worker.py", line 1807 in <module>
  [ComfyUI]   File "C:\Users\RUNNER~1\AppData\Local\Temp\comfyui_pvenv_u6s04z0f\persistent_worker.py", line 1807 in <module>
  [ComfyUI] 
  [ComfyUI] 
  [ComfyUI] [worker:ComfyUI-Sharp] === END ===
  [ComfyUI] [worker:ComfyUI-Sharp] === END ===
  [ComfyUI] 
  [ComfyUI] 
  [capture-loop] iter=500 t=62.4s state={'complete': False, 'error': None, 'executedCount': 0, 'wsState': 1} eval_ms=6 ram=7.8/16.0GB (49%) swap=0.9/2.9GB (33%) cpu=75% browser_rss=0.43GB
  [capture-loop] iter=550 t=68.4s state={'complete': False, 'error': None, 'executedCount': 0, 'wsState': 1} eval_ms=9 ram=7.8/16.0GB (49%) swap=0.9/2.9GB (33%) cpu=81% browser_rss=0.43GB
  [capture-loop] iter=600 t=74.5s state={'complete': False, 'error': None, 'executedCount': 0, 'wsState': 1} eval_ms=5 ram=7.9/16.0GB (49%) swap=0.9/2.9GB (32%) cpu=77% browser_rss=0.43GB
  [capture-loop] iter=650 t=80.6s state={'complete': False, 'error': None, 'executedCount': 0, 'wsState': 1} eval_ms=6 ram=7.9/16.0GB (49%) swap=0.9/2.9GB (32%) cpu=76% browser_rss=0.43GB
  [capture-loop] iter=700 t=86.7s state={'complete': False, 'error': None, 'executedCount': 0, 'wsState': 1} eval_ms=5 ram=7.9/16.0GB (49%) swap=0.9/2.9GB (32%) cpu=73% browser_rss=0.43GB
  [capture-loop] iter=750 t=92.8s state={'complete': False, 'error': None, 'executedCount': 0, 'wsState': 1} eval_ms=7 ram=7.9/16.0GB (50%) swap=0.9/2.9GB (32%) cpu=75% browser_rss=0.43GB
  [capture-loop] iter=800 t=98.8s state={'complete': False, 'error': None, 'executedCount': 0, 'wsState': 1} eval_ms=6 ram=7.9/16.0GB (50%) swap=0.9/2.9GB (32%) cpu=82% browser_rss=0.43GB
  [capture-loop] iter=850 t=105.0s state={'complete': False, 'error': None, 'executedCount': 0, 'wsState': 1} eval_ms=9 ram=8.0/16.0GB (50%) swap=0.9/2.9GB (32%) cpu=80% browser_rss=0.44GB
  [capture-loop] iter=900 t=111.0s state={'complete': False, 'error': None, 'executedCount': 0, 'wsState': 1} eval_ms=6 ram=8.0/16.0GB (50%) swap=0.9/2.9GB (32%) cpu=74% browser_rss=0.44GB
  [capture-loop] iter=950 t=117.0s state={'complete': False, 'error': None, 'executedCount': 0, 'wsState': 1} eval_ms=6 ram=8.1/16.0GB (51%) swap=0.9/2.9GB (32%) cpu=73% browser_rss=0.44GB
  [ComfyUI] [worker:ComfyUI-Sharp]
  [ComfyUI] [worker:ComfyUI-Sharp]
  [ComfyUI] === WATCHDOG TICK 2 ===
  [ComfyUI] === WATCHDOG TICK 2 ===
  [ComfyUI] [worker:ComfyUI-Sharp] Thread 0x00002498 (most recent call first):
  [ComfyUI] [worker:ComfyUI-Sharp] Thread 0x00002498 (most recent call first):
  [ComfyUI]   File "C:\ce\.pixi\envs\sharp-nodes\Lib\threading.py", line 363 in wait
  [ComfyUI]   File "C:\ce\.pixi\envs\sharp-nodes\Lib\threading.py", line 363 in wait
  [ComfyUI]   File "C:\ce\.pixi\envs\sharp-nodes\Lib\threading.py", line 660 in wait
  [ComfyUI]   File "C:\ce\.pixi\envs\sharp-nodes\Lib\threading.py", line 660 in wait
  [ComfyUI]   File "C:\ce\.pixi\envs\sharp-nodes\Lib\site-packages\tqdm\_monitor.py", line 60 in run
  [ComfyUI]   File "C:\ce\.pixi\envs\sharp-nodes\Lib\site-packages\tqdm\_monitor.py", line 60 in run
  [ComfyUI]   File "C:\ce\.pixi\envs\sharp-nodes\Lib\threading.py", line 1044 in _bootstrap_inner
  [ComfyUI]   File "C:\ce\.pixi\envs\sharp-nodes\Lib\threading.py", line 1044 in _bootstrap_inner
  [ComfyUI]   File "C:\ce\.pixi\envs\sharp-nodes\Lib\threading.py", line 1015 in _bootstrap
  [ComfyUI]   File "C:\ce\.pixi\envs\sharp-nodes\Lib\threading.py", line 1015 in _bootstrap
  [ComfyUI] 
  [ComfyUI] 
  [ComfyUI] Current thread 0x00001810 (most recent call first):
  [ComfyUI] Current thread 0x00001810 (most recent call first):
  [ComfyUI]   File "C:\Users\RUNNER~1\AppData\Local\Temp\comfyui_pvenv_u6s04z0f\persistent_worker.py", line 52 in _watchdog
  [ComfyUI]   File "C:\Users\RUNNER~1\AppData\Local\Temp\comfyui_pvenv_u6s04z0f\persistent_worker.py", line 52 in _watchdog
  [ComfyUI]   File "C:\ce\.pixi\envs\sharp-nodes\Lib\threading.py", line 995 in run
  [ComfyUI]   File "C:\ce\.pixi\envs\sharp-nodes\Lib\threading.py", line 995 in run
  [ComfyUI]   File "C:\ce\.pixi\envs\sharp-nodes\Lib\threading.py", line 1044 in _bootstrap_inner
  [ComfyUI]   File "C:\ce\.pixi\envs\sharp-nodes\Lib\threading.py", line 1044 in _bootstrap_inner
  [ComfyUI]   File "C:\ce\.pixi\envs\sharp-nodes\Lib\threading.py", line 1015 in _bootstrap
  [ComfyUI]   File "C:\ce\.pixi\envs\sharp-nodes\Lib\threading.py", line 1015 in _bootstrap
  [ComfyUI] 
  [ComfyUI] 
  [ComfyUI] Thread 0x000013d8 (most recent call first):
  [ComfyUI] Thread 0x000013d8 (most recent call first):
  [ComfyUI]   File "C:\ce\.pixi\envs\sharp-nodes\Lib\site-packages\torch\nn\modules\linear.py", line 134 in forward
  [ComfyUI]   File "C:\ce\.pixi\envs\sharp-nodes\Lib\site-packages\torch\nn\modules\linear.py", line 134 in forward
  [ComfyUI]   File "D:\a\comfy-gpu-ci\comfy-gpu-ci\test_workspaces\Sharp-2137\portable-comfyui\ComfyUI_windows_portable\ComfyUI\comfy\ops.py", line 394 in forward
  [ComfyUI]   File "D:\a\comfy-gpu-ci\comfy-gpu-ci\test_workspaces\Sharp-2137\portable-comfyui\ComfyUI_windows_portable\ComfyUI\comfy\ops.py", line 394 in forward
  [ComfyUI]   File "C:\ce\.pixi\envs\sharp-nodes\Lib\site-packages\torch\nn\modules\module.py", line 1790 in _call_impl
  [ComfyUI]   File "C:\ce\.pixi\envs\sharp-nodes\Lib\site-packages\torch\nn\modules\module.py", line 1790 in _call_impl
  [ComfyUI]   File "C:\ce\.pixi\envs\sharp-nodes\Lib\site-packages\torch\nn\modules\module.py", line 1779 in _wrapped_call_impl
  [ComfyUI]   File "C:\ce\.pixi\envs\sharp-nodes\Lib\site-packages\torch\nn\modules\module.py", line 1779 in _wrapped_call_impl
  [ComfyUI]   File "D:\a\comfy-gpu-ci\comfy-gpu-ci\test_workspaces\Sharp-2137\portable-comfyui\ComfyUI_windows_portable\ComfyUI\custom_nodes\ComfyUI-Sharp\nodes\sharp\model.py", line 232 in forward
  [ComfyUI]   File "D:\a\comfy-gpu-ci\comfy-gpu-ci\test_workspaces\Sharp-2137\portable-comfyui\ComfyUI_windows_portable\ComfyUI\custom_nodes\ComfyUI-Sharp\nodes\sharp\model.py", line 232 in forward
  [ComfyUI]   File "C:\ce\.pixi\envs\sharp-nodes\Lib\site-packages\torch\nn\modules\module.py", line 1790 in _call_impl
  [ComfyUI]   File "C:\ce\.pixi\envs\sharp-nodes\Lib\site-packages\torch\nn\modules\module.py", line 1790 in _call_impl
  [ComfyUI]   File "C:\ce\.pixi\envs\sharp-nodes\Lib\site-packages\torch\nn\modules\module.py", line 1779 in _wrapped_call_impl
  [ComfyUI]   File "C:\ce\.pixi\envs\sharp-nodes\Lib\site-packages\torch\nn\modules\module.py", line 1779 in _wrapped_call_impl
  [ComfyUI]   File "D:\a\comfy-gpu-ci\comfy-gpu-ci\test_workspaces\Sharp-2137\portable-comfyui\ComfyUI_windows_portable\ComfyUI\custom_nodes\ComfyUI-Sharp\nodes\sharp\model.py", line 309 in forward
  [ComfyUI]   File "D:\a\comfy-gpu-ci\comfy-gpu-ci\test_workspaces\Sharp-2137\portable-comfyui\ComfyUI_windows_portable\ComfyUI\custom_nodes\ComfyUI-Sharp\nodes\sharp\model.py", line 309 in forward
  [ComfyUI]   File "C:\ce\.pixi\envs\sharp-nodes\Lib\site-packages\torch\nn\modules\module.py", line 1790 in _call_impl
  [ComfyUI]   File "C:\ce\.pixi\envs\sharp-nodes\Lib\site-packages\torch\nn\modules\module.py", line 1790 in _call_impl
  [ComfyUI]   File "C:\ce\.pixi\envs\sharp-nodes\Lib\site-packages\torch\nn\modules\module.py", line 1779 in _wrapped_call_impl
  [ComfyUI]   File "C:\ce\.pixi\envs\sharp-nodes\Lib\site-packages\torch\nn\modules\module.py", line 1779 in _wrapped_call_impl
  [ComfyUI]   File "D:\a\comfy-gpu-ci\comfy-gpu-ci\test_workspaces\Sharp-2137\portable-comfyui\ComfyUI_windows_portable\ComfyUI\custom_nodes\ComfyUI-Sharp\nodes\sharp\model.py", line 412 in forward
  [ComfyUI]   File "D:\a\comfy-gpu-ci\comfy-gpu-ci\test_workspaces\Sharp-2137\portable-comfyui\ComfyUI_windows_portable\ComfyUI\custom_nodes\ComfyUI-Sharp\nodes\sharp\model.py", line 412 in forward
  [ComfyUI]   File "C:\ce\.pixi\envs\sharp-nodes\Lib\site-packages\torch\nn\modules\module.py", line 1790 in _call_impl
  [ComfyUI]   File "C:\ce\.pixi\envs\sharp-nodes\Lib\site-packages\torch\nn\modules\module.py", line 1790 in _call_impl
  [ComfyUI]   File "C:\ce\.pixi\envs\sharp-nodes\Lib\site-packages\torch\nn\modules\module.py", line 1779 in _wrapped_call_impl
  [ComfyUI]   File "C:\ce\.pixi\envs\sharp-nodes\Lib\site-packages\torch\nn\modules\module.py", line 1779 in _wrapped_call_impl
  [ComfyUI]   File "D:\a\comfy-gpu-ci\comfy-gpu-ci\test_workspaces\Sharp-2137\portable-comfyui\ComfyUI_windows_portable\ComfyUI\custom_nodes\ComfyUI-Sharp\nodes\sharp\model.py", line 685 in forward
  [ComfyUI]   File "D:\a\comfy-gpu-ci\comfy-gpu-ci\test_workspaces\Sharp-2137\portable-comfyui\ComfyUI_windows_portable\ComfyUI\custom_nodes\ComfyUI-Sharp\nodes\sharp\model.py", line 685 in forward
  [ComfyUI]   File "C:\ce\.pixi\envs\sharp-nodes\Lib\site-packages\torch\nn\modules\module.py", line 1790 in _call_impl
  [ComfyUI]   File "C:\ce\.pixi\envs\sharp-nodes\Lib\site-packages\torch\nn\modules\module.py", line 1790 in _call_impl
  [ComfyUI]   File "C:\ce\.pixi\envs\sharp-nodes\Lib\site-packages\torch\nn\modules\module.py", line 1779 in _wrapped_call_impl
  [ComfyUI]   File "C:\ce\.pixi\envs\sharp-nodes\Lib\site-packages\torch\nn\modules\module.py", line 1779 in _wrapped_call_impl
  [ComfyUI]   File "D:\a\comfy-gpu-ci\comfy-gpu-ci\test_workspaces\Sharp-2137\portable-comfyui\ComfyUI_windows_portable\ComfyUI\custom_nodes\ComfyUI-Sharp\nodes\sharp\model.py", line 1109 in forward
  [ComfyUI]   File "D:\a\comfy-gpu-ci\comfy-gpu-ci\test_workspaces\Sharp-2137\portable-comfyui\ComfyUI_windows_portable\ComfyUI\custom_nodes\ComfyUI-Sharp\nodes\sharp\model.py", line 1109 in forward
  [ComfyUI]   File "C:\ce\.pixi\envs\sharp-nodes\Lib\site-packages\torch\nn\modules\module.py", line 1790 in _call_impl
  [ComfyUI]   File "C:\ce\.pixi\envs\sharp-nodes\Lib\site-packages\torch\nn\modules\module.py", line 1790 in _call_impl
  [ComfyUI]   File "C:\ce\.pixi\envs\sharp-nodes\Lib\site-packages\torch\nn\modules\module.py", line 1779 in _wrapped_call_impl
  [ComfyUI]   File "C:\ce\.pixi\envs\sharp-nodes\Lib\site-packages\torch\nn\modules\module.py", line 1779 in _wrapped_call_impl
  [ComfyUI]   File "D:\a\comfy-gpu-ci\comfy-gpu-ci\test_workspaces\Sharp-2137\portable-comfyui\ComfyUI_windows_portable\ComfyUI\custom_nodes\ComfyUI-Sharp\nodes\sharp\model.py", line 2006 in encode
  [ComfyUI]   File "D:\a\comfy-gpu-ci\comfy-gpu-ci\test_workspaces\Sharp-2137\portable-comfyui\ComfyUI_windows_portable\ComfyUI\custom_nodes\ComfyUI-Sharp\nodes\sharp\model.py", line 2006 in encode
  [ComfyUI]   File "D:\a\comfy-gpu-ci\comfy-gpu-ci\test_workspaces\Sharp-2137\portable-comfyui\ComfyUI_windows_portable\ComfyUI\custom_nodes\ComfyUI-Sharp\nodes\predict.py", line 287 in _predict_image_cached
  [ComfyUI]   File "D:\a\comfy-gpu-ci\comfy-gpu-ci\test_workspaces\Sharp-2137\portable-comfyui\ComfyUI_windows_portable\ComfyUI\custom_nodes\ComfyUI-Sharp\nodes\predict.py", line 287 in _predict_image_cached
  [ComfyUI]   File "D:\a\comfy-gpu-ci\comfy-gpu-ci\test_workspaces\Sharp-2137\portable-comfyui\ComfyUI_windows_portable\ComfyUI\custom_nodes\ComfyUI-Sharp\nodes\predict.py", line 184 in execute
  [ComfyUI]   File "D:\a\comfy-gpu-ci\comfy-gpu-ci\test_workspaces\Sharp-2137\portable-comfyui\ComfyUI_windows_portable\ComfyUI\custom_nodes\ComfyUI-Sharp\nodes\predict.py", line 184 in execute
  [ComfyUI]   File "C:\ce\.pixi\envs\sharp-nodes\Lib\site-packages\torch\utils\_contextlib.py", line 124 in decorate_context
  [ComfyUI]   File "C:\ce\.pixi\envs\sharp-nodes\Lib\site-packages\torch\utils\_contextlib.py", line 124 in decorate_context
  [ComfyUI]   File "D:\a\comfy-gpu-ci\comfy-gpu-ci\test_workspaces\Sharp-2137\portable-comfyui\ComfyUI_windows_portable\ComfyUI\comfy_api\latest\_io.py", line 1826 in EXECUTE_NORMALIZED
  [ComfyUI]   File "D:\a\comfy-gpu-ci\comfy-gpu-ci\test_workspaces\Sharp-2137\portable-comfyui\ComfyUI_windows_portable\ComfyUI\comfy_api\latest\_io.py", line 1826 in EXECUTE_NORMALIZED
  [ComfyUI]   File "C:\Users\RUNNER~1\AppData\Local\Temp\comfyui_pvenv_u6s04z0f\persistent_worker.py", line 1762 in main
  [ComfyUI]   File "C:\Users\RUNNER~1\AppData\Local\Temp\comfyui_pvenv_u6s04z0f\persistent_worker.py", line 1762 in main
  [ComfyUI]   File "C:\Users\RUNNER~1\AppData\Local\Temp\comfyui_pvenv_u6s04z0f\persistent_worker.py", line 1807 in <module>
  [ComfyUI]   File "C:\Users\RUNNER~1\AppData\Local\Temp\comfyui_pvenv_u6s04z0f\persistent_worker.py", line 1807 in <module>
  [ComfyUI] 
  [ComfyUI] 
  [ComfyUI] [worker:ComfyUI-Sharp] === END ===
  [ComfyUI] [worker:ComfyUI-Sharp] === END ===
  [ComfyUI] 
  [ComfyUI] 
  [capture-loop] iter=1000 t=122.9s state={'complete': False, 'error': None, 'executedCount': 0, 'wsState': 1} eval_ms=6 ram=8.0/16.0GB (50%) swap=0.9/2.9GB (32%) cpu=75% browser_rss=0.44GB
  [capture-loop] iter=1050 t=129.1s state={'complete': False, 'error': None, 'executedCount': 0, 'wsState': 1} eval_ms=8 ram=8.0/16.0GB (50%) swap=0.9/2.9GB (32%) cpu=75% browser_rss=0.44GB
  [capture-loop] iter=1100 t=135.2s state={'complete': False, 'error': None, 'executedCount': 0, 'wsState': 1} eval_ms=5 ram=8.0/16.0GB (50%) swap=0.9/2.9GB (32%) cpu=76% browser_rss=0.44GB
  [capture-loop] iter=1150 t=141.3s state={'complete': False, 'error': None, 'executedCount': 0, 'wsState': 1} eval_ms=4 ram=8.0/16.0GB (50%) swap=0.9/2.9GB (32%) cpu=74% browser_rss=0.44GB
  [capture-loop] iter=1200 t=147.4s state={'complete': False, 'error': None, 'executedCount': 0, 'wsState': 1} eval_ms=6 ram=8.1/16.0GB (50%) swap=0.9/2.9GB (32%) cpu=79% browser_rss=0.43GB
  [capture-loop] iter=1250 t=153.3s state={'complete': False, 'error': None, 'executedCount': 0, 'wsState': 1} eval_ms=6 ram=8.1/16.0GB (50%) swap=0.9/2.9GB (32%) cpu=74% browser_rss=0.43GB
  [ComfyUI] [worker:ComfyUI-Sharp] WARNING: [SPN] after all chunks + cache clear: 0.00 GB
  [ComfyUI] [worker:ComfyUI-Sharp] WARNING: [SPN] after all chunks + cache clear: 0.00 GB
  [ComfyUI] [worker:ComfyUI-Sharp] WARNING: [SPN] after merge intermediates: 0.00 GB
  [ComfyUI] [worker:ComfyUI-Sharp] WARNING: [SPN] after merge intermediates: 0.00 GB
  [ComfyUI] [worker:ComfyUI-Sharp] WARNING: [SPN] after merge all: 0.00 GB
  [ComfyUI] [worker:ComfyUI-Sharp] WARNING: [SPN] after merge all: 0.00 GB
  [capture-loop] iter=1300 t=159.4s state={'complete': False, 'error': None, 'executedCount': 0, 'wsState': 1} eval_ms=6 ram=7.8/16.0GB (49%) swap=0.9/2.9GB (32%) cpu=75% browser_rss=0.42GB
  [ComfyUI] [worker:ComfyUI-Sharp] WARNING: [SPN] after image_encoder: 0.00 GB
  [ComfyUI] [worker:ComfyUI-Sharp] WARNING: [SPN] after image_encoder: 0.00 GB
  [ComfyUI] [worker:ComfyUI-Sharp] WARNING: [SPN] after upsample: 0.00 GB
  [ComfyUI] [worker:ComfyUI-Sharp] WARNING: [SPN] after upsample: 0.00 GB
  [ComfyUI] [worker:ComfyUI-Sharp] WARNING: [Monodepth] after SPN encoder + cache clear: 0.00 GB
  [ComfyUI] [worker:ComfyUI-Sharp] WARNING: [Monodepth] after SPN encoder + cache clear: 0.00 GB
  [capture-loop] iter=1350 t=165.5s state={'complete': False, 'error': None, 'executedCount': 0, 'wsState': 1} eval_ms=6 ram=8.6/16.0GB (54%) swap=0.9/2.9GB (31%) cpu=72% browser_rss=0.41GB
  [capture-loop] iter=1400 t=171.7s state={'complete': False, 'error': None, 'executedCount': 0, 'wsState': 1} eval_ms=4 ram=8.9/16.0GB (56%) swap=0.9/2.9GB (31%) cpu=85% browser_rss=0.40GB
  [capture-loop] iter=1450 t=177.7s state={'complete': False, 'error': None, 'executedCount': 0, 'wsState': 1} eval_ms=5 ram=9.2/16.0GB (58%) swap=1.0/2.9GB (35%) cpu=86% browser_rss=0.40GB
  [ComfyUI] [worker:ComfyUI-Sharp]
  [ComfyUI] [worker:ComfyUI-Sharp]
  [ComfyUI] === WATCHDOG TICK 3 ===
  [ComfyUI] === WATCHDOG TICK 3 ===
  [ComfyUI] [worker:ComfyUI-Sharp] Thread 0x00002498 (most recent call first):
  [ComfyUI] [worker:ComfyUI-Sharp] Thread 0x00002498 (most recent call first):
  [ComfyUI]   File "C:\ce\.pixi\envs\sharp-nodes\Lib\threading.py", line 363 in wait
  [ComfyUI]   File "C:\ce\.pixi\envs\sharp-nodes\Lib\threading.py", line 363 in wait
  [ComfyUI]   File "C:\ce\.pixi\envs\sharp-nodes\Lib\threading.py", line 660 in wait
  [ComfyUI]   File "C:\ce\.pixi\envs\sharp-nodes\Lib\threading.py", line 660 in wait
  [ComfyUI]   File "C:\ce\.pixi\envs\sharp-nodes\Lib\site-packages\tqdm\_monitor.py", line 60 in run
  [ComfyUI]   File "C:\ce\.pixi\envs\sharp-nodes\Lib\site-packages\tqdm\_monitor.py", line 60 in run
  [ComfyUI]   File "C:\ce\.pixi\envs\sharp-nodes\Lib\threading.py", line 1044 in _bootstrap_inner
  [ComfyUI]   File "C:\ce\.pixi\envs\sharp-nodes\Lib\threading.py", line 1044 in _bootstrap_inner
  [ComfyUI]   File "C:\ce\.pixi\envs\sharp-nodes\Lib\threading.py", line 1015 in _bootstrap
  [ComfyUI]   File "C:\ce\.pixi\envs\sharp-nodes\Lib\threading.py", line 1015 in _bootstrap
  [ComfyUI] 
  [ComfyUI] 
  [ComfyUI] Current thread 0x00001810 (most recent call first):
  [ComfyUI] Current thread 0x00001810 (most recent call first):
  [ComfyUI]   File "C:\Users\RUNNER~1\AppData\Local\Temp\comfyui_pvenv_u6s04z0f\persistent_worker.py", line 52 in _watchdog
  [ComfyUI]   File "C:\Users\RUNNER~1\AppData\Local\Temp\comfyui_pvenv_u6s04z0f\persistent_worker.py", line 52 in _watchdog
  [ComfyUI]   File "C:\ce\.pixi\envs\sharp-nodes\Lib\threading.py", line 995 in run
  [ComfyUI]   File "C:\ce\.pixi\envs\sharp-nodes\Lib\threading.py", line 995 in run
  [ComfyUI]   File "C:\ce\.pixi\envs\sharp-nodes\Lib\threading.py", line 1044 in _bootstrap_inner
  [ComfyUI]   File "C:\ce\.pixi\envs\sharp-nodes\Lib\threading.py", line 1044 in _bootstrap_inner
  [ComfyUI]   File "C:\ce\.pixi\envs\sharp-nodes\Lib\threading.py", line 1015 in _bootstrap
  [ComfyUI]   File "C:\ce\.pixi\envs\sharp-nodes\Lib\threading.py", line 1015 in _bootstrap
  [ComfyUI] 
  [ComfyUI] 
  [ComfyUI] Thread 0x000013d8 (most recent call first):
  [ComfyUI] Thread 0x000013d8 (most recent call first):
  [ComfyUI]   File "C:\ce\.pixi\envs\sharp-nodes\Lib\site-packages\torch\nn\modules\conv.py", line 548 in _conv_forward
  [ComfyUI]   File "C:\ce\.pixi\envs\sharp-nodes\Lib\site-packages\torch\nn\modules\conv.py", line 548 in _conv_forward
  [ComfyUI]   File "C:\ce\.pixi\envs\sharp-nodes\Lib\site-packages\torch\nn\modules\conv.py", line 553 in forward
  [ComfyUI]   File "C:\ce\.pixi\envs\sharp-nodes\Lib\site-packages\torch\nn\modules\conv.py", line 553 in forward
  [ComfyUI]   File "D:\a\comfy-gpu-ci\comfy-gpu-ci\test_workspaces\Sharp-2137\portable-comfyui\ComfyUI_windows_portable\ComfyUI\comfy\ops.py", line 428 in forward
  [ComfyUI]   File "D:\a\comfy-gpu-ci\comfy-gpu-ci\test_workspaces\Sharp-2137\portable-comfyui\ComfyUI_windows_portable\ComfyUI\comfy\ops.py", line 428 in forward
  [ComfyUI]   File "C:\ce\.pixi\envs\sharp-nodes\Lib\site-packages\torch\nn\modules\module.py", line 1790 in _call_impl
  [ComfyUI]   File "C:\ce\.pixi\envs\sharp-nodes\Lib\site-packages\torch\nn\modules\module.py", line 1790 in _call_impl
  [ComfyUI]   File "C:\ce\.pixi\envs\sharp-nodes\Lib\site-packages\torch\nn\modules\module.py", line 1779 in _wrapped_call_impl
  [ComfyUI]   File "C:\ce\.pixi\envs\sharp-nodes\Lib\site-packages\torch\nn\modules\module.py", line 1779 in _wrapped_call_impl
  [ComfyUI]   File "C:\ce\.pixi\envs\sharp-nodes\Lib\site-packages\torch\nn\modules\container.py", line 253 in forward
  [ComfyUI]   File "C:\ce\.pixi\envs\sharp-nodes\Lib\site-packages\torch\nn\modules\container.py", line 253 in forward
  [ComfyUI]   File "C:\ce\.pixi\envs\sharp-nodes\Lib\site-packages\torch\nn\modules\module.py", line 1790 in _call_impl
  [ComfyUI]   File "C:\ce\.pixi\envs\sharp-nodes\Lib\site-packages\torch\nn\modules\module.py", line 1790 in _call_impl
  [ComfyUI]   File "C:\ce\.pixi\envs\sharp-nodes\Lib\site-packages\torch\nn\modules\module.py", line 1779 in _wrapped_call_impl
  [ComfyUI]   File "C:\ce\.pixi\envs\sharp-nodes\Lib\site-packages\torch\nn\modules\module.py", line 1779 in _wrapped_call_impl
  [ComfyUI]   File "D:\a\comfy-gpu-ci\comfy-gpu-ci\test_workspaces\Sharp-2137\portable-comfyui\ComfyUI_windows_portable\ComfyUI\custom_nodes\ComfyUI-Sharp\nodes\sharp\model.py", line 766 in forward
  [ComfyUI]   File "D:\a\comfy-gpu-ci\comfy-gpu-ci\test_workspaces\Sharp-2137\portable-comfyui\ComfyUI_windows_portable\ComfyUI\custom_nodes\ComfyUI-Sharp\nodes\sharp\model.py", line 766 in forward
  [ComfyUI]   File "C:\ce\.pixi\envs\sharp-nodes\Lib\site-packages\torch\nn\modules\module.py", line 1790 in _call_impl
  [ComfyUI]   File "C:\ce\.pixi\envs\sharp-nodes\Lib\site-packages\torch\nn\modules\module.py", line 1790 in _call_impl
  [ComfyUI]   File "C:\ce\.pixi\envs\sharp-nodes\Lib\site-packages\torch\nn\modules\module.py", line 1779 in _wrapped_call_impl
  [ComfyUI]   File "C:\ce\.pixi\envs\sharp-nodes\Lib\site-packages\torch\nn\modules\module.py", line 1779 in _wrapped_call_impl
  [ComfyUI]   File "D:\a\comfy-gpu-ci\comfy-gpu-ci\test_workspaces\Sharp-2137\portable-comfyui\ComfyUI_windows_portable\ComfyUI\custom_nodes\ComfyUI-Sharp\nodes\sharp\model.py", line 858 in forward
  [ComfyUI]   File "D:\a\comfy-gpu-ci\comfy-gpu-ci\test_workspaces\Sharp-2137\portable-comfyui\ComfyUI_windows_portable\ComfyUI\custom_nodes\ComfyUI-Sharp\nodes\sharp\model.py", line 858 in forward
  [ComfyUI]   File "C:\ce\.pixi\envs\sharp-nodes\Lib\site-packages\torch\nn\modules\module.py", line 1790 in _call_impl
  [ComfyUI]   File "C:\ce\.pixi\envs\sharp-nodes\Lib\site-packages\torch\nn\modules\module.py", line 1790 in _call_impl
  [ComfyUI]   File "C:\ce\.pixi\envs\sharp-nodes\Lib\site-packages\torch\nn\modules\module.py", line 1779 in _wrapped_call_impl
  [ComfyUI]   File "C:\ce\.pixi\envs\sharp-nodes\Lib\site-packages\torch\nn\modules\module.py", line 1779 in _wrapped_call_impl
  [ComfyUI]   File "D:\a\comfy-gpu-ci\comfy-gpu-ci\test_workspaces\Sharp-2137\portable-comfyui\ComfyUI_windows_portable\ComfyUI\custom_nodes\ComfyUI-Sharp\nodes\sharp\model.py", line 970 in forward
  [ComfyUI]   File "D:\a\comfy-gpu-ci\comfy-gpu-ci\test_workspaces\Sharp-2137\portable-comfyui\ComfyUI_windows_portable\ComfyUI\custom_nodes\ComfyUI-Sharp\nodes\sharp\model.py", line 970 in forward
  [ComfyUI]   File "C:\ce\.pixi\envs\sharp-nodes\Lib\site-packages\torch\nn\modules\module.py", line 1790 in _call_impl
  [ComfyUI]   File "C:\ce\.pixi\envs\sharp-nodes\Lib\site-packages\torch\nn\modules\module.py", line 1790 in _call_impl
  [ComfyUI]   File "C:\ce\.pixi\envs\sharp-nodes\Lib\site-packages\torch\nn\modules\module.py", line 1779 in _wrapped_call_impl
  [ComfyUI]   File "C:\ce\.pixi\envs\sharp-nodes\Lib\site-packages\torch\nn\modules\module.py", line 1779 in _wrapped_call_impl
  [ComfyUI]   File "D:\a\comfy-gpu-ci\comfy-gpu-ci\test_workspaces\Sharp-2137\portable-comfyui\ComfyUI_windows_portable\ComfyUI\custom_nodes\ComfyUI-Sharp\nodes\sharp\model.py", line 1118 in forward
  [ComfyUI]   File "D:\a\comfy-gpu-ci\comfy-gpu-ci\test_workspaces\Sharp-2137\portable-comfyui\ComfyUI_windows_portable\ComfyUI\custom_nodes\ComfyUI-Sharp\nodes\sharp\model.py", line 1118 in forward
  [ComfyUI]   File "C:\ce\.pixi\envs\sharp-nodes\Lib\site-packages\torch\nn\modules\module.py", line 1790 in _call_impl
  [ComfyUI]   File "C:\ce\.pixi\envs\sharp-nodes\Lib\site-packages\torch\nn\modules\module.py", line 1790 in _call_impl
  [ComfyUI]   File "C:\ce\.pixi\envs\sharp-nodes\Lib\site-packages\torch\nn\modules\module.py", line 1779 in _wrapped_call_impl
  [ComfyUI]   File "C:\ce\.pixi\envs\sharp-nodes\Lib\site-packages\torch\nn\modules\module.py", line 1779 in _wrapped_call_impl
  [ComfyUI]   File "D:\a\comfy-gpu-ci\comfy-gpu-ci\test_workspaces\Sharp-2137\portable-comfyui\ComfyUI_windows_portable\ComfyUI\custom_nodes\ComfyUI-Sharp\nodes\sharp\model.py", line 2006 in encode
  [ComfyUI]   File "D:\a\comfy-gpu-ci\comfy-gpu-ci\test_workspaces\Sharp-2137\portable-comfyui\ComfyUI_windows_portable\ComfyUI\custom_nodes\ComfyUI-Sharp\nodes\sharp\model.py", line 2006 in encode
  [ComfyUI]   File "D:\a\comfy-gpu-ci\comfy-gpu-ci\test_workspaces\Sharp-2137\portable-comfyui\ComfyUI_windows_portable\ComfyUI\custom_nodes\ComfyUI-Sharp\nodes\predict.py", line 287 in _predict_image_cached
  [ComfyUI]   File "D:\a\comfy-gpu-ci\comfy-gpu-ci\test_workspaces\Sharp-2137\portable-comfyui\ComfyUI_windows_portable\ComfyUI\custom_nodes\ComfyUI-Sharp\nodes\predict.py", line 287 in _predict_image_cached
  [ComfyUI]   File "D:\a\comfy-gpu-ci\comfy-gpu-ci\test_workspaces\Sharp-2137\portable-comfyui\ComfyUI_windows_portable\ComfyUI\custom_nodes\ComfyUI-Sharp\nodes\predict.py", line 184 in execute
  [ComfyUI]   File "D:\a\comfy-gpu-ci\comfy-gpu-ci\test_workspaces\Sharp-2137\portable-comfyui\ComfyUI_windows_portable\ComfyUI\custom_nodes\ComfyUI-Sharp\nodes\predict.py", line 184 in execute
  [ComfyUI]   File "C:\ce\.pixi\envs\sharp-nodes\Lib\site-packages\torch\utils\_contextlib.py", line 124 in decorate_context
  [ComfyUI]   File "C:\ce\.pixi\envs\sharp-nodes\Lib\site-packages\torch\utils\_contextlib.py", line 124 in decorate_context
  [ComfyUI]   File "D:\a\comfy-gpu-ci\comfy-gpu-ci\test_workspaces\Sharp-2137\portable-comfyui\ComfyUI_windows_portable\ComfyUI\comfy_api\latest\_io.py", line 1826 in EXECUTE_NORMALIZED
  [ComfyUI]   File "D:\a\comfy-gpu-ci\comfy-gpu-ci\test_workspaces\Sharp-2137\portable-comfyui\ComfyUI_windows_portable\ComfyUI\comfy_api\latest\_io.py", line 1826 in EXECUTE_NORMALIZED
  [ComfyUI]   File "C:\Users\RUNNER~1\AppData\Local\Temp\comfyui_pvenv_u6s04z0f\persistent_worker.py", line 1762 in main
  [ComfyUI]   File "C:\Users\RUNNER~1\AppData\Local\Temp\comfyui_pvenv_u6s04z0f\persistent_worker.py", line 1762 in main
  [ComfyUI]   File "C:\Users\RUNNER~1\AppData\Local\Temp\comfyui_pvenv_u6s04z0f\persistent_worker.py", line 1807 in <module>
  [ComfyUI]   File "C:\Users\RUNNER~1\AppData\Local\Temp\comfyui_pvenv_u6s04z0f\persistent_worker.py", line 1807 in <module>
  [ComfyUI] 
  [ComfyUI] 
  [ComfyUI] [worker:ComfyUI-Sharp] === END ===
  [ComfyUI] [worker:ComfyUI-Sharp] === END ===
  [ComfyUI] 
  [ComfyUI] 
  [capture-loop] iter=1500 t=183.9s state={'complete': False, 'error': None, 'executedCount': 0, 'wsState': 1} eval_ms=6 ram=9.5/16.0GB (60%) swap=1.1/2.9GB (39%) cpu=84% browser_rss=0.40GB
  [capture-loop] iter=1550 t=190.0s state={'complete': False, 'error': None, 'executedCount': 0, 'wsState': 1} eval_ms=8 ram=10.0/16.0GB (62%) swap=1.1/2.9GB (39%) cpu=73% browser_rss=0.40GB
  [capture-loop] iter=1600 t=196.0s state={'complete': False, 'error': None, 'executedCount': 0, 'wsState': 1} eval_ms=9 ram=10.8/16.0GB (67%) swap=1.1/2.9GB (39%) cpu=75% browser_rss=0.40GB
  [capture-loop] iter=1650 t=201.9s state={'complete': False, 'error': None, 'executedCount': 0, 'wsState': 1} eval_ms=5 ram=9.6/16.0GB (60%) swap=1.1/2.9GB (39%) cpu=76% browser_rss=0.40GB
  [ComfyUI] [worker:ComfyUI-Sharp] WARNING: [Monodepth] after decoder: 0.00 GB
  [ComfyUI] [worker:ComfyUI-Sharp] WARNING: [Monodepth] after decoder: 0.00 GB
  [capture-loop] iter=1700 t=208.0s state={'complete': False, 'error': None, 'executedCount': 0, 'wsState': 1} eval_ms=8 ram=10.7/16.0GB (67%) swap=1.2/2.9GB (41%) cpu=76% browser_rss=0.39GB
  [ComfyUI] [worker:ComfyUI-Sharp] WARNING: [Decode] start: 0.00 GB
  [ComfyUI] [worker:ComfyUI-Sharp] WARNING: [Decode] start: 0.00 GB
  [ComfyUI] [worker:ComfyUI-Sharp] WARNING: [Decode] after depth_alignment: 0.00 GB
  [ComfyUI] [worker:ComfyUI-Sharp] WARNING: [Decode] after depth_alignment: 0.00 GB
  [ComfyUI] [worker:ComfyUI-Sharp] WARNING: [Decode] after init_model: 0.00 GB
  [ComfyUI] [worker:ComfyUI-Sharp] WARNING: [Decode] after init_model: 0.00 GB
  [capture-loop] iter=1750 t=214.1s state={'complete': False, 'error': None, 'executedCount': 0, 'wsState': 1} eval_ms=6 ram=9.3/16.0GB (58%) swap=1.2/2.9GB (41%) cpu=74% browser_rss=0.39GB
  [capture-loop] iter=1800 t=220.1s state={'complete': False, 'error': None, 'executedCount': 0, 'wsState': 1} eval_ms=7 ram=9.2/16.0GB (58%) swap=1.2/2.9GB (41%) cpu=72% browser_rss=0.39GB
  [capture-loop] iter=1850 t=226.3s state={'complete': False, 'error': None, 'executedCount': 0, 'wsState': 1} eval_ms=6 ram=9.7/16.0GB (61%) swap=1.2/2.9GB (41%) cpu=78% browser_rss=0.39GB
  [capture-loop] iter=1900 t=232.7s state={'complete': False, 'error': None, 'executedCount': 0, 'wsState': 1} eval_ms=487 ram=9.6/16.0GB (60%) swap=1.2/2.9GB (41%) cpu=86% browser_rss=0.38GB
  [ComfyUI] [worker:ComfyUI-Sharp] WARNING: [Decode] after feature_model: 0.00 GB
  [ComfyUI] [worker:ComfyUI-Sharp] WARNING: [Decode] after feature_model: 0.00 GB
  [ComfyUI] [worker:ComfyUI-Sharp] WARNING: [Decode] after prediction_head: 0.00 GB
  [ComfyUI] [worker:ComfyUI-Sharp] WARNING: [Decode] after prediction_head: 0.00 GB
  [capture-loop] iter=1950 t=239.1s state={'complete': False, 'error': None, 'executedCount': 0, 'wsState': 1} eval_ms=4 ram=8.6/16.0GB (54%) swap=1.2/2.9GB (41%) cpu=86% browser_rss=0.38GB
  [ComfyUI] [worker:ComfyUI-Sharp]
  [ComfyUI] [worker:ComfyUI-Sharp]
  [ComfyUI] === WATCHDOG TICK 4 ===
  [ComfyUI] === WATCHDOG TICK 4 ===
  [ComfyUI] [worker:ComfyUI-Sharp] Thread 0x00002498 (most recent call first):
  [ComfyUI] [worker:ComfyUI-Sharp] Thread 0x00002498 (most recent call first):
  [ComfyUI]   File "C:\ce\.pixi\envs\sharp-nodes\Lib\threading.py", line 363 in wait
  [ComfyUI]   File "C:\ce\.pixi\envs\sharp-nodes\Lib\threading.py", line 363 in wait
  [ComfyUI]   File "C:\ce\.pixi\envs\sharp-nodes\Lib\threading.py", line 660 in wait
  [ComfyUI]   File "C:\ce\.pixi\envs\sharp-nodes\Lib\threading.py", line 660 in wait
  [ComfyUI]   File "C:\ce\.pixi\envs\sharp-nodes\Lib\site-packages\tqdm\_monitor.py", line 60 in run
  [ComfyUI]   File "C:\ce\.pixi\envs\sharp-nodes\Lib\site-packages\tqdm\_monitor.py", line 60 in run
  [ComfyUI]   File "C:\ce\.pixi\envs\sharp-nodes\Lib\threading.py", line 1044 in _bootstrap_inner
  [ComfyUI]   File "C:\ce\.pixi\envs\sharp-nodes\Lib\threading.py", line 1044 in _bootstrap_inner
  [ComfyUI]   File "C:\ce\.pixi\envs\sharp-nodes\Lib\threading.py", line 1015 in _bootstrap
  [ComfyUI]   File "C:\ce\.pixi\envs\sharp-nodes\Lib\threading.py", line 1015 in _bootstrap
  [ComfyUI] 
  [ComfyUI] 
  [ComfyUI] Current thread 0x00001810 (most recent call first):
  [ComfyUI] Current thread 0x00001810 (most recent call first):
  [ComfyUI]   File "C:\Users\RUNNER~1\AppData\Local\Temp\comfyui_pvenv_u6s04z0f\persistent_worker.py", line 52 in _watchdog
  [ComfyUI]   File "C:\Users\RUNNER~1\AppData\Local\Temp\comfyui_pvenv_u6s04z0f\persistent_worker.py", line 52 in _watchdog
  [ComfyUI]   File "C:\ce\.pixi\envs\sharp-nodes\Lib\threading.py", line 995 in run
  [ComfyUI]   File "C:\ce\.pixi\envs\sharp-nodes\Lib\threading.py", line 995 in run
  [ComfyUI]   File "C:\ce\.pixi\envs\sharp-nodes\Lib\threading.py", line 1044 in _bootstrap_inner
  [ComfyUI]   File "C:\ce\.pixi\envs\sharp-nodes\Lib\threading.py", line 1044 in _bootstrap_inner
  [ComfyUI]   File "C:\ce\.pixi\envs\sharp-nodes\Lib\threading.py", line 1015 in _bootstrap
  [ComfyUI]   File "C:\ce\.pixi\envs\sharp-nodes\Lib\threading.py", line 1015 in _bootstrap
  [ComfyUI] 
  [ComfyUI] 
  [ComfyUI] Thread 0x000013d8 (most recent call first):
  [ComfyUI] Thread 0x000013d8 (most recent call first):
  [ComfyUI]   File "D:\a\comfy-gpu-ci\comfy-gpu-ci\test_workspaces\Sharp-2137\portable-comfyui\ComfyUI_windows_portable\ComfyUI\custom_nodes\ComfyUI-Sharp\nodes\sharp\gaussians.py", line 156 in decompose_covariance_matrices
  [ComfyUI]   File "D:\a\comfy-gpu-ci\comfy-gpu-ci\test_workspaces\Sharp-2137\portable-comfyui\ComfyUI_windows_portable\ComfyUI\custom_nodes\ComfyUI-Sharp\nodes\sharp\gaussians.py", line 156 in decompose_covariance_matrices
  [ComfyUI]   File "D:\a\comfy-gpu-ci\comfy-gpu-ci\test_workspaces\Sharp-2137\portable-comfyui\ComfyUI_windows_portable\ComfyUI\custom_nodes\ComfyUI-Sharp\nodes\sharp\gaussians.py", line 122 in apply_transform
  [ComfyUI]   File "D:\a\comfy-gpu-ci\comfy-gpu-ci\test_workspaces\Sharp-2137\portable-comfyui\ComfyUI_windows_portable\ComfyUI\custom_nodes\ComfyUI-Sharp\nodes\sharp\gaussians.py", line 122 in apply_transform
  [ComfyUI]   File "D:\a\comfy-gpu-ci\comfy-gpu-ci\test_workspaces\Sharp-2137\portable-comfyui\ComfyUI_windows_portable\ComfyUI\custom_nodes\ComfyUI-Sharp\nodes\sharp\gaussians.py", line 96 in unproject_gaussians
  [ComfyUI]   File "D:\a\comfy-gpu-ci\comfy-gpu-ci\test_workspaces\Sharp-2137\portable-comfyui\ComfyUI_windows_portable\ComfyUI\custom_nodes\ComfyUI-Sharp\nodes\sharp\gaussians.py", line 96 in unproject_gaussians
  [ComfyUI]   File "D:\a\comfy-gpu-ci\comfy-gpu-ci\test_workspaces\Sharp-2137\portable-comfyui\ComfyUI_windows_portable\ComfyUI\custom_nodes\ComfyUI-Sharp\nodes\predict.py", line 335 in _predict_image_cached
  [ComfyUI]   File "D:\a\comfy-gpu-ci\comfy-gpu-ci\test_workspaces\Sharp-2137\portable-comfyui\ComfyUI_windows_portable\ComfyUI\custom_nodes\ComfyUI-Sharp\nodes\predict.py", line 335 in _predict_image_cached
  [ComfyUI]   File "D:\a\comfy-gpu-ci\comfy-gpu-ci\test_workspaces\Sharp-2137\portable-comfyui\ComfyUI_windows_portable\ComfyUI\custom_nodes\ComfyUI-Sharp\nodes\predict.py", line 184 in execute
  [ComfyUI]   File "D:\a\comfy-gpu-ci\comfy-gpu-ci\test_workspaces\Sharp-2137\portable-comfyui\ComfyUI_windows_portable\ComfyUI\custom_nodes\ComfyUI-Sharp\nodes\predict.py", line 184 in execute
  [ComfyUI]   File "C:\ce\.pixi\envs\sharp-nodes\Lib\site-packages\torch\utils\_contextlib.py", line 124 in decorate_context
  [ComfyUI]   File "C:\ce\.pixi\envs\sharp-nodes\Lib\site-packages\torch\utils\_contextlib.py", line 124 in decorate_context
  [ComfyUI]   File "D:\a\comfy-gpu-ci\comfy-gpu-ci\test_workspaces\Sharp-2137\portable-comfyui\ComfyUI_windows_portable\ComfyUI\comfy_api\latest\_io.py", line 1826 in EXECUTE_NORMALIZED
  [ComfyUI]   File "D:\a\comfy-gpu-ci\comfy-gpu-ci\test_workspaces\Sharp-2137\portable-comfyui\ComfyUI_windows_portable\ComfyUI\comfy_api\latest\_io.py", line 1826 in EXECUTE_NORMALIZED
  [ComfyUI]   File "C:\Users\RUNNER~1\AppData\Local\Temp\comfyui_pvenv_u6s04z0f\persistent_worker.py", line 1762 in main
  [ComfyUI]   File "C:\Users\RUNNER~1\AppData\Local\Temp\comfyui_pvenv_u6s04z0f\persistent_worker.py", line 1762 in main
  [ComfyUI]   File "C:\Users\RUNNER~1\AppData\Local\Temp\comfyui_pvenv_u6s04z0f\persistent_worker.py", line 1807 in <module>
  [ComfyUI]   File "C:\Users\RUNNER~1\AppData\Local\Temp\comfyui_pvenv_u6s04z0f\persistent_worker.py", line 1807 in <module>
  [ComfyUI] 
  [ComfyUI] 
  [ComfyUI] [worker:ComfyUI-Sharp] === END ===
  [ComfyUI] [worker:ComfyUI-Sharp] === END ===
  [ComfyUI] 
  [ComfyUI] 
  [ComfyUI] [SubprocessWorker] callback 'report_progress' from call_id=2
  [ComfyUI] [SubprocessWorker] callback 'report_progress' from call_id=2
  [ComfyUI] [SubprocessWorker] got response: ok
  [ComfyUI] [SubprocessWorker] got response: ok
  [ComfyUI] [comfy-env] SharpPredict done (233.18s): result: NodeOutput
  [ComfyUI] [comfy-env] SharpPredict done (233.18s): result: NodeOutput
  [ComfyUI] [comfy-env] Running GeomPackPreviewGaussian: ply_path: 'D:\\a\\comfy-gpu-ci\\comfy-gpu-ci\\test_workspaces\\Shar..., extrinsics: list[4], intrinsics: list[3]
  [ComfyUI] [comfy-env] Running GeomPackPreviewGaussian: ply_path: 'D:\\a\\comfy-gpu-ci\\comfy-gpu-ci\\test_workspaces\\Shar..., extrinsics: list[4], intrinsics: list[3]
  [ComfyUI] [comfy-env] SubprocessWorker: C:\ce\.pixi\envs\geometrypack-nodes\python.exe
  [ComfyUI] [comfy-env] SubprocessWorker: C:\ce\.pixi\envs\geometrypack-nodes\python.exe
  [ComfyUI] [comfy-env] env_vars: {'KMP_DUPLICATE_LIB_OK': 'TRUE', 'OMP_NUM_THREADS': '1', 'COMFYUI_BASE': 'D:\\a\\comfy-gpu-ci\\comfy-gpu-ci\\test_workspaces\\Sharp-2137\\portable-comfyui\\ComfyUI_windows_portable\\ComfyUI'}
  [ComfyUI] [comfy-env] env_vars: {'KMP_DUPLICATE_LIB_OK': 'TRUE', 'OMP_NUM_THREADS': '1', 'COMFYUI_BASE': 'D:\\a\\comfy-gpu-ci\\comfy-gpu-ci\\test_workspaces\\Sharp-2137\\portable-comfyui\\ComfyUI_windows_portable\\ComfyUI'}
  [ComfyUI] [SubprocessWorker] call_method: nodes.visualization.preview_gaussian.PreviewGaussianNode.EXECUTE_NORMALIZED
  [ComfyUI] [SubprocessWorker] call_method: nodes.visualization.preview_gaussian.PreviewGaussianNode.EXECUTE_NORMALIZED
  [ComfyUI] [SubprocessWorker] acquired lock, ensuring started...
  [ComfyUI] [SubprocessWorker] acquired lock, ensuring started...
  [ComfyUI] [comfy-env] geometrypack-nodes: Library/bin has 611 DLLs
  [ComfyUI] [comfy-env] geometrypack-nodes: Library/bin has 611 DLLs
  [ComfyUI] [ComfyUI-GeometryPack] python: C:\ce\.pixi\envs\geometrypack-nodes\python.exe
  [ComfyUI] [ComfyUI-GeometryPack] python: C:\ce\.pixi\envs\geometrypack-nodes\python.exe
  [ComfyUI] [ComfyUI-GeometryPack] sys_path sent to worker: ['D:\\a\\comfy-gpu-ci\\comfy-gpu-ci\\test_workspaces\\Sharp-2137\\portable-comfyui\\ComfyUI_windows_portable\\ComfyUI', 'D:\\a\\comfy-gpu-ci\\comfy-gpu-ci\\test_workspaces\\Sharp-2137\\portable-comfyui\\ComfyUI_windows_portable\\ComfyUI\\custom_nodes\\ComfyUI-GeometryPack', 'C:\\ce\\.pixi\\envs\\geometrypack-nodes\\Lib\\site-packages', 'D:\\a\\comfy-gpu-ci\\comfy-gpu-ci\\test_workspaces\\Sharp-2137\\portable-comfyui\\ComfyUI_windows_portable\\ComfyUI\\custom_nodes\\ComfyUI-GeometryPack']
  [ComfyUI] [ComfyUI-GeometryPack] sys_path sent to worker: ['D:\\a\\comfy-gpu-ci\\comfy-gpu-ci\\test_workspaces\\Sharp-2137\\portable-comfyui\\ComfyUI_windows_portable\\ComfyUI', 'D:\\a\\comfy-gpu-ci\\comfy-gpu-ci\\test_workspaces\\Sharp-2137\\portable-comfyui\\ComfyUI_windows_portable\\ComfyUI\\custom_nodes\\ComfyUI-GeometryPack', 'C:\\ce\\.pixi\\envs\\geometrypack-nodes\\Lib\\site-packages', 'D:\\a\\comfy-gpu-ci\\comfy-gpu-ci\\test_workspaces\\Sharp-2137\\portable-comfyui\\ComfyUI_windows_portable\\ComfyUI\\custom_nodes\\ComfyUI-GeometryPack']
  [ComfyUI] [SubprocessWorker] is_pixi=True, python=C:\ce\.pixi\envs\geometrypack-nodes\python.exe
  [ComfyUI] [SubprocessWorker] is_pixi=True, python=C:\ce\.pixi\envs\geometrypack-nodes\python.exe
  [ComfyUI] [SubprocessWorker] launching cmd=['C:\\Users\\runneradmin\\.pixi\\bin\\pixi.exe', 'run', '--as-is', '--manifest-path', 'C:\\ce\\pixi.toml', '-e', 'geometrypack-nodes', 'python', 'C:\\Users\\RUNNER~1\\AppData\\Local\\Temp\\comfyui_pvenv_dftkqmak\\persistent_worker.py', 'tcp://127.0.0.1:57623']...
  [ComfyUI] [SubprocessWorker] launching cmd=['C:\\Users\\runneradmin\\.pixi\\bin\\pixi.exe', 'run', '--as-is', '--manifest-path', 'C:\\ce\\pixi.toml', '-e', 'geometrypack-nodes', 'python', 'C:\\Users\\RUNNER~1\\AppData\\Local\\Temp\\comfyui_pvenv_dftkqmak\\persistent_worker.py', 'tcp://127.0.0.1:57623']...
  [capture-loop] iter=2000 t=248.8s state={'complete': False, 'error': None, 'executedCount': 0, 'wsState': 1} eval_ms=5 ram=8.4/16.0GB (52%) swap=1.2/2.9GB (40%) cpu=34% browser_rss=0.42GB
  Frame 8 saved (frame_007.jpg, t=249.2s)
  [capture-periodic] freeze=4ms shot=116ms unfreeze=5ms saved=True
  [ComfyUI] C:\ce\.pixi\envs\geometrypack-nodes\Lib\site-packages\torch\cuda\__init__.py:180: UserWarning: cudaGetDeviceCount() returned cudaErrorNotSupported, likely using older driver or on CPU machine (Triggered internally at C:\actions-runner\_work\pytorch\pytorch\pytorch\c10\cuda\CUDAFunctions.cpp:88.)
  [ComfyUI] C:\ce\.pixi\envs\geometrypack-nodes\Lib\site-packages\torch\cuda\__init__.py:180: UserWarning: cudaGetDeviceCount() returned cudaErrorNotSupported, likely using older driver or on CPU machine (Triggered internally at C:\actions-runner\_work\pytorch\pytorch\pytorch\c10\cuda\CUDAFunctions.cpp:88.)
  [ComfyUI]   return torch._C._cuda_getDeviceCount() > 0
  [ComfyUI]   return torch._C._cuda_getDeviceCount() > 0
  [ComfyUI] [worker:ComfyUI-GeometryPack] ERROR: Failed to import comfy_kitchen, Error: No module named 'comfy_kitchen', fp8 and fp4 support will not be available.
  [ComfyUI] [worker:ComfyUI-GeometryPack] ERROR: Failed to import comfy_kitchen, Error: No module named 'comfy_kitchen', fp8 and fp4 support will not be available.
  [ComfyUI] [SubprocessWorker] worker started/confirmed
  [ComfyUI] [SubprocessWorker] worker started/confirmed
  [ComfyUI] [SubprocessWorker] serializing kwargs to shm...
  [ComfyUI] [SubprocessWorker] serializing kwargs to shm...
  [ComfyUI] [SubprocessWorker] created 0 shm blocks
  [ComfyUI] [SubprocessWorker] created 0 shm blocks
  [ComfyUI] [SubprocessWorker] sending request via socket...
  [ComfyUI] [SubprocessWorker] sending request via socket...
  [ComfyUI] [SubprocessWorker] call_id=1 sending call_method
  [ComfyUI] [SubprocessWorker] call_id=1 sending call_method
  [capture-loop] iter=2050 t=254.7s state={'complete': False, 'error': None, 'executedCount': 0, 'wsState': 1} eval_ms=5 ram=8.8/16.0GB (55%) swap=1.2/2.9GB (40%) cpu=33% browser_rss=0.42GB
  [ComfyUI] [worker:ComfyUI-GeometryPack] INFO: Loading PLY: sharp_1778449551126.ply (63.00 MB)
  [ComfyUI] [worker:ComfyUI-GeometryPack] INFO: Loading PLY: sharp_1778449551126.ply (63.00 MB)
  [ComfyUI] [SubprocessWorker] got response: ok
  [ComfyUI] [SubprocessWorker] got response: ok
  [ComfyUI] [comfy-env] GeomPackPreviewGaussian done (9.70s): result: NodeOutput
  [ComfyUI] [comfy-env] GeomPackPreviewGaussian done (9.70s): result: NodeOutput
  [ComfyUI] Prompt executed in 257.54 seconds
  [ComfyUI] Prompt executed in 257.54 seconds
  Node executed (1 total), capturing...
  Frame 9 saved (frame_008.jpg, t=258.1s)
  [capture-node] freeze=7ms shot=129ms unfreeze=4ms saved=True
  Execution complete (t=258.4s)
  [3d-wait] Phase 1: Waiting for 'Loading 3D Model' text to disappear...
  [3d-wait] Phase 1 done in 0.1s
  [3d-wait] Phase 2: iframes=1
  [3d-wait] iframe viewer_ready=True (matched 1 console logs)
  [3d-wait] Unfrozen in 0.224s, rendering for 5s...
  [3d-wait] JS halted via CDP after 10.2s
  [3d-wait] Re-frozen in 43.2s
  [3d-wait] Total 3D wait: 44.3s
  Captured 9 unique frames over 302.74s
  [debug] iframes: 1
  [debug]   iframe[0]: src=http://127.0.0.1:41884/extensions/ComfyUI-GeometryPack/viewer_gaussian.html?v=17, canvas=1536x1024, rafFrozen=True
  [timing] trigger_3d_previews: 0.0s
  Saved high-quality screenshot: sharp_basic_executed.png
  [timing] final_screenshot: 0.6s
    Captured 10 video frames