  [ComfyUI] [32m[INFO][0m Using RAM pressure cache.
  [ComfyUI] [32m[INFO][0m Using RAM pressure cache.
Capturing execution frames: vanilla_vs_image_depth_gaussians.json
  [ComfyUI] [32m[INFO][0m Using RAM pressure cache.
  [ComfyUI] [32m[INFO][0m Using RAM pressure cache.
  Frame 1 saved (frame_000.jpg, t=0.0s)
  Validating workflow...
  Queuing workflow for execution...
  [ComfyUI] [32m[INFO][0m === /validate endpoint called ===
  [ComfyUI] [32m[INFO][0m === /validate endpoint called ===
  [ComfyUI] [32m[INFO][0m Received JSON with keys: ['prompt']
  [ComfyUI] [32m[INFO][0m Received JSON with keys: ['prompt']
  [ComfyUI] [32m[INFO][0m Prompt has 8 nodes
  [ComfyUI] [32m[INFO][0m Prompt has 8 nodes
  [ComfyUI] [32m[INFO][0m   Node 7: LoadImage
  [ComfyUI] [32m[INFO][0m   Node 7: LoadImage
  [ComfyUI] [32m[INFO][0m     Inputs: {"image": "middlebury.jpg"}
  [ComfyUI] [32m[INFO][0m     Inputs: {"image": "middlebury.jpg"}
  [ComfyUI] [32m[INFO][0m   Node 9: LoadSharpModel
  [ComfyUI] [32m[INFO][0m   Node 9: LoadSharpModel
  [ComfyUI] [32m[INFO][0m     Inputs: {"precision": "auto"}
  [ComfyUI] [32m[INFO][0m     Inputs: {"precision": "auto"}
  [ComfyUI] [32m[INFO][0m   Node 47: SharpPredictMetricDepth
  [ComfyUI] [32m[INFO][0m   Node 47: SharpPredictMetricDepth
  [ComfyUI] [32m[INFO][0m     Inputs: {"focal_length_mm": 30, "model": ["9", 0], "image": ["7", 0]}
  [ComfyUI] [32m[INFO][0m     Inputs: {"focal_length_mm": 30, "model": ["9", 0], "image": ["7", 0]}
  [ComfyUI] [32m[INFO][0m   Node 57: SharpPredict
  [ComfyUI] [32m[INFO][0m   Node 57: SharpPredict
  [ComfyUI] [32m[INFO][0m     Inputs: {"focal_length_mm": 30, "output_prefix": "sharp", "model": ["9", 0], "image": ["58", 0]}
  [ComfyUI] [32m[INFO][0m     Inputs: {"focal_length_mm": 30, "output_prefix": "sharp", "model": ["9", 0], "image": ["58", 0]}
  [ComfyUI] [32m[INFO][0m   Node 58: ImageFromBatch
  [ComfyUI] [32m[INFO][0m   Node 58: ImageFromBatch
  [ComfyUI] [32m[INFO][0m     Inputs: {"batch_index": 0, "length": 1, "image": ["7", 0]}
  [ComfyUI] [32m[INFO][0m     Inputs: {"batch_index": 0, "length": 1, "image": ["7", 0]}
  [ComfyUI] [32m[INFO][0m   Node 83: SharpPredictGaussiansFromMetricDepth
  [ComfyUI] [32m[INFO][0m   Node 83: SharpPredictGaussiansFromMetricDepth
  [ComfyUI] [32m[INFO][0m     Inputs: {"snap_to_external_depth": "none", "depth_convention": "planar_z", "focal_length_mm": 30, "output_prefix": "sharp_aligned", "save_background_layer": true, "edge_crop": 0, "model": ["9", 0], "image": [
  [ComfyUI] [32m[INFO][0m     Inputs: {"snap_to_external_depth": "none", "depth_convention": "planar_z", "focal_length_mm": 30, "output_prefix": "sharp_aligned", "save_background_layer": true, "edge_crop": 0, "model": ["9", 0], "image": [
  [ComfyUI] [32m[INFO][0m   Node 92: PreviewGaussianSharp
  [ComfyUI] [32m[INFO][0m   Node 92: PreviewGaussianSharp
  [ComfyUI] [32m[INFO][0m     Inputs: {"preview_gaussian": "", "ply_path": ["83", 0], "extrinsics": ["83", 2], "intrinsics": ["83", 3]}
  [ComfyUI] [32m[INFO][0m     Inputs: {"preview_gaussian": "", "ply_path": ["83", 0], "extrinsics": ["83", 2], "intrinsics": ["83", 3]}
  [ComfyUI] [32m[INFO][0m   Node 93: PreviewGaussianSharp
  [ComfyUI] [32m[INFO][0m   Node 93: PreviewGaussianSharp
  [ComfyUI] [32m[INFO][0m     Inputs: {"preview_gaussian": "", "ply_path": ["57", 0], "extrinsics": ["57", 1], "intrinsics": ["57", 2]}
  [ComfyUI] [32m[INFO][0m     Inputs: {"preview_gaussian": "", "ply_path": ["57", 0], "extrinsics": ["57", 1], "intrinsics": ["57", 2]}
  [ComfyUI] [32m[INFO][0m Generated prompt_id: b064337f-f7a6-4815-890f-dd1d429c6914
  [ComfyUI] [32m[INFO][0m Generated prompt_id: b064337f-f7a6-4815-890f-dd1d429c6914
  [ComfyUI] [32m[INFO][0m Calling execution.validate_prompt()...
  [ComfyUI] [32m[INFO][0m Calling execution.validate_prompt()...
  [ComfyUI] [32m[INFO][0m Validation result: valid=True
  [ComfyUI] [32m[INFO][0m Validation result: valid=True
  [ComfyUI] [32m[INFO][0m === Validation PASSED ===
  [ComfyUI] [32m[INFO][0m === Validation PASSED ===
  [ComfyUI] [32m[INFO][0m got prompt
  [ComfyUI] [32m[INFO][0m got prompt
  [ComfyUI] [comfy-env] Running LoadSharpModel: precision: 'auto'
  [ComfyUI] [comfy-env] Running LoadSharpModel: precision: 'auto'
  [ComfyUI] [SubprocessWorker] call_method: nodes.load_model.LoadSharpModel.EXECUTE_NORMALIZED
  [ComfyUI] [SubprocessWorker] call_method: nodes.load_model.LoadSharpModel.EXECUTE_NORMALIZED
  [ComfyUI] [SubprocessWorker] acquired lock, ensuring started...
  [ComfyUI] [SubprocessWorker] acquired lock, ensuring started...
  [ComfyUI] [ComfyUI-Sharp] Health check: ping (timeout=5.0s)...
  [ComfyUI] [ComfyUI-Sharp] Health check: ping (timeout=5.0s)...
  [ComfyUI] [ComfyUI-Sharp] Health check: ok
  [ComfyUI] [ComfyUI-Sharp] Health check: ok
  [ComfyUI] [SubprocessWorker] worker started/confirmed
  [ComfyUI] [SubprocessWorker] worker started/confirmed
  [ComfyUI] [SubprocessWorker] serializing kwargs to shm...
  [ComfyUI] [SubprocessWorker] serializing kwargs to shm...
  [ComfyUI] [SubprocessWorker] created 0 shm blocks
  [ComfyUI] [SubprocessWorker] created 0 shm blocks
  [ComfyUI] [SubprocessWorker] sending request via socket...
  [ComfyUI] [SubprocessWorker] sending request via socket...
  [ComfyUI] [SubprocessWorker] call_id=6 sending call_method
  [ComfyUI] [SubprocessWorker] call_id=6 sending call_method
  [ComfyUI] [worker:ComfyUI-Sharp] [LoadSharpModel] precision='auto' -> dtype=fp32 (device=cpu)
  [ComfyUI] [worker:ComfyUI-Sharp] [LoadSharpModel] precision='auto' -> dtype=fp32 (device=cpu)
  [ComfyUI] [worker:ComfyUI-Sharp] [LoadSharpModel] checkpoint already present, reusing (no download): D:\a\comfy-gpu-ci\comfy-gpu-ci\test_workspaces\Sharp-2117\portable-comfyui\ComfyUI_windows_portable\ComfyUI\models\sharp\sharp_2572gikvuh.pt (2679.6 MB)
  [ComfyUI] [worker:ComfyUI-Sharp] [LoadSharpModel] checkpoint already present, reusing (no download): D:\a\comfy-gpu-ci\comfy-gpu-ci\test_workspaces\Sharp-2117\portable-comfyui\ComfyUI_windows_portable\ComfyUI\models\sharp\sharp_2572gikvuh.pt (2679.6 MB)
  [ComfyUI] [worker:ComfyUI-Sharp] [LoadSharpModel] checkpoint ready: D:\a\comfy-gpu-ci\comfy-gpu-ci\test_workspaces\Sharp-2117\portable-comfyui\ComfyUI_windows_portable\ComfyUI\models\sharp\sharp_2572gikvuh.pt (2679.6 MB)
  [ComfyUI] [worker:ComfyUI-Sharp] [LoadSharpModel] checkpoint ready: D:\a\comfy-gpu-ci\comfy-gpu-ci\test_workspaces\Sharp-2117\portable-comfyui\ComfyUI_windows_portable\ComfyUI\models\sharp\sharp_2572gikvuh.pt (2679.6 MB)
  [ComfyUI] [worker:ComfyUI-Sharp] [LoadSharpModel] config: precision=auto -> dtype=fp32
  [ComfyUI] [worker:ComfyUI-Sharp] [LoadSharpModel] config: precision=auto -> dtype=fp32
  [ComfyUI] [SubprocessWorker] got response: ok
  [ComfyUI] [SubprocessWorker] got response: ok
  [ComfyUI] [comfy-env] LoadSharpModel done (0.12s): result: NodeOutput
  [ComfyUI] [comfy-env] LoadSharpModel done (0.12s): result: NodeOutput
  [ComfyUI] [comfy-env] Running SharpPredict: focal_length_mm: 30.0, output_prefix: 'sharp', model: dict, image: torch.float32 [1,960,1416,3] cpu
  [ComfyUI] [comfy-env] Running SharpPredict: focal_length_mm: 30.0, output_prefix: 'sharp', model: dict, image: torch.float32 [1,960,1416,3] cpu
  [ComfyUI] [SubprocessWorker] call_method: nodes.predict.SharpPredict.EXECUTE_NORMALIZED
  [ComfyUI] [SubprocessWorker] call_method: nodes.predict.SharpPredict.EXECUTE_NORMALIZED
  [ComfyUI] [SubprocessWorker] acquired lock, ensuring started...
  [ComfyUI] [SubprocessWorker] acquired lock, ensuring started...
  [ComfyUI] [ComfyUI-Sharp] Health check: ping (timeout=5.0s)...
  [ComfyUI] [ComfyUI-Sharp] Health check: ping (timeout=5.0s)...
  [ComfyUI] [ComfyUI-Sharp] Health check: ok
  [ComfyUI] [ComfyUI-Sharp] Health check: ok
  [ComfyUI] [SubprocessWorker] worker started/confirmed
  [ComfyUI] [SubprocessWorker] worker started/confirmed
  [ComfyUI] [comfy-env] PRE-SERIALIZE 'image' shape: torch.Size([1, 960, 1416, 3])
  [ComfyUI] [comfy-env] PRE-SERIALIZE 'image' shape: torch.Size([1, 960, 1416, 3])
  [ComfyUI] [SubprocessWorker] serializing kwargs to shm...
  [ComfyUI] [SubprocessWorker] serializing kwargs to shm...
  [ComfyUI] [SubprocessWorker] created 0 shm blocks
  [ComfyUI] [SubprocessWorker] created 0 shm blocks
  [ComfyUI] [SubprocessWorker] sending request via socket...
  [ComfyUI] [SubprocessWorker] sending request via socket...
  [ComfyUI] [SubprocessWorker] call_id=7 sending call_method
  [ComfyUI] [SubprocessWorker] call_id=7 sending call_method
  [ComfyUI] [worker:ComfyUI-Sharp] [comfy-env] _from_shm got dict with keys: ['__type__', 'strategy', 'manager_path', 'storage_key', 'storage_size']
  [ComfyUI] [worker:ComfyUI-Sharp] [comfy-env] _from_shm got dict with keys: ['__type__', 'strategy', 'manager_path', 'storage_key', 'storage_size']
  [ComfyUI] [worker:ComfyUI-Sharp] [comfy-env] DESERIALIZE TensorRef: tensor_size=[1, 960, 1416, 3]
  [ComfyUI] [worker:ComfyUI-Sharp] [comfy-env] DESERIALIZE TensorRef: tensor_size=[1, 960, 1416, 3]
  [ComfyUI] [worker:ComfyUI-Sharp] [comfy-env] DESERIALIZED tensor shape: torch.Size([1, 960, 1416, 3])
  [ComfyUI] [worker:ComfyUI-Sharp] [comfy-env] DESERIALIZED tensor shape: torch.Size([1, 960, 1416, 3])
  Execution complete (t=0.5s)
  Execution error: {'prompt_id': 'a9593d80-056f-454a-b244-325ecfed437a', 'node_id': '57', 'node_type': 'SharpPredict', 'executed': ['9', '7', '58'], 'exception_message': 'No module named \'torchvision\'\n\nWorker traceback:\nTraceback (most recent call last):\n  File "C:\\Users\\stduser\\AppData\\Local\\Temp\\comfyui_pvenv_6x7ke7_s\\persistent_worker.py", line 1762, in main\n    result = method(**inputs)\n  File "D:\\a\\comfy-gpu-ci\\comfy-gpu-ci\\test_workspaces\\Sharp-2117\\portable-comfyui\\ComfyUI_windows_portable\\ComfyUI\\comfy_api\\latest\\_io.py", line 1880, in EXECUTE_NORMALIZED\n    to_return = cls.execute(*args, **kwargs)\n  File "C:\\Users\\stduser\\AppData\\Local\\Programs\\comfy-env\\.pixi\\envs\\sharp-nodes\\Lib\\site-packages\\torch\\utils\\_contextlib.py", line 124, in decorate_context\n    return func(*args, **kwargs)\n  File "D:\\a\\comfy-gpu-ci\\comfy-gpu-ci\\test_workspaces\\Sharp-2117\\portable-comfyui\\ComfyUI_windows_portable\\ComfyUI\\custom_nodes\\ComfyUI-Sharp\\nodes\\predict.py", line 127, in execute\n    patcher = _load_sharp_model(model)\n  File "D:\\a\\comfy-gpu-ci\\comfy-gpu-ci\\test_workspaces\\Sharp-2117\\portable-comfyui\\ComfyUI_windows_portable\\ComfyUI\\custom_nodes\\ComfyUI-Sharp\\nodes\\load_model.py", line 138, in _load_sharp_model\n    import comfy.model_patcher\n  File "D:\\a\\comfy-gpu-ci\\comfy-gpu-ci\\test_workspaces\\Sharp-2117\\portable-comfyui\\ComfyUI_windows_portable\\ComfyUI\\comfy\\model_patcher.py", line 32, in <module>\n    import comfy.hooks\n  File "D:\\a\\comfy-gpu-ci\\comfy-gpu-ci\\test_workspaces\\Sharp-2117\\portable-comfyui\\ComfyUI_windows_portable\\ComfyUI\\comfy\\hooks.py", line 14, in <module>\n    import comfy.lora\n  File "D:\\a\\comfy-gpu-ci\\comfy-gpu-ci\\test_workspaces\\Sharp-2117\\portable-comfyui\\ComfyUI_windows_portable\\ComfyUI\\comfy\\lora.py", line 22, in <module>\n    import comfy.model_base\n  File "D:\\a\\comfy-gpu-ci\\comfy-gpu-ci\\test_workspaces\\Sharp-2117\\portable-comfyui\\ComfyUI_windows_portable\\ComfyUI\\comfy\\model_base.py", line 41, in <module>\n    import comfy.ldm.cosmos.model\n  File "D:\\a\\comfy-gpu-ci\\comfy-gpu-ci\\test_workspaces\\Sharp-2117\\portable-comfyui\\ComfyUI_windows_portable\\ComfyUI\\comfy\\ldm\\cosmos\\model.py", line 25, in <module>\n    from torchvision import transforms\nModuleNotFoundError: No module named \'torchvision\'\n\n', 'exception_type': 'comfy_env.isolation.workers.base.WorkerError', 'traceback': ['  File "D:\\a\\comfy-gpu-ci\\comfy-gpu-ci\\test_workspaces\\Sharp-2117\\portable-comfyui\\ComfyUI_windows_portable\\ComfyUI\\execution.py", line 536, in execute\n    output_data, output_ui, has_subgraph, has_pending_tasks = await get_output_data(prompt_id, unique_id, obj, input_data_all, execution_block_cb=execution_block_cb, pre_execute_cb=pre_execute_cb, v3_data=v3_data)\n                                                              ^^^^^^^^^^^^^^^^^^^^^^^^^^^^^^^^^^^^^^^^^^^^^^^^^^^^^^^^^^^^^^^^^^^^^^^^^^^^^^^^^^^^^^^^^^^^^^^^^^^^^^^^^^^^^^^^^^^^^^^^^^^^^^^^^^^^^^^^^^^^^^^^^^^^^^^\n', '  File "D:\\a\\comfy-gpu-ci\\comfy-gpu-ci\\test_workspaces\\Sharp-2117\\portable-comfyui\\ComfyUI_windows_portable\\ComfyUI\\execution.py", line 336, in get_output_data\n    return_values = await _async_map_node_over_list(prompt_id, unique_id, obj, input_data_all, obj.FUNCTION, allow_interrupt=True, execution_block_cb=execution_block_cb, pre_execute_cb=pre_execute_cb, v3_data=v3_data)\n                    ^^^^^^^^^^^^^^^^^^^^^^^^^^^^^^^^^^^^^^^^^^^^^^^^^^^^^^^^^^^^^^^^^^^^^^^^^^^^^^^^^^^^^^^^^^^^^^^^^^^^^^^^^^^^^^^^^^^^^^^^^^^^^^^^^^^^^^^^^^^^^^^^^^^^^^^^^^^^^^^^^^^^^^^^^^^^^^^^^^^^^^^^^^^^^^^^^^^^^\n', '  File "D:\\a\\comfy-gpu-ci\\comfy-gpu-ci\\test_workspaces\\Sharp-2117\\portable-comfyui\\ComfyUI_windows_portable\\ComfyUI\\execution.py", line 310, in _async_map_node_over_list\n    await process_inputs(input_dict, i)\n', '  File "D:\\a\\comfy-gpu-ci\\comfy-gpu-ci\\test_workspaces\\Sharp-2117\\portable-comfyui\\ComfyUI_windows_portable\\ComfyUI\\execution.py", line 298, in process_inputs\n    result = f(**inputs)\n', '  File "D:\\a\\comfy-gpu-ci\\comfy-gpu-ci\\test_workspaces\\Sharp-2117\\portable-comfyui\\ComfyUI_windows_portable\\python_embeded\\Lib\\site-packages\\comfy_env\\isolation\\metadata.py", line 556, in proxy\n    result = worker.call_method(\n        module_name=mod,\n    ...<4 lines>...\n        timeout=600.0,\n    )\n', '  File "D:\\a\\comfy-gpu-ci\\comfy-gpu-ci\\test_workspaces\\Sharp-2117\\portable-comfyui\\ComfyUI_windows_portable\\python_embeded\\Lib\\site-packages\\comfy_env\\isolation\\workers\\subprocess.py", line 674, in call_method\n    raise WorkerError(\n    ...<2 lines>...\n    )\n'], 'current_inputs': {'focal_length_mm': [30], 'output_prefix': ['sharp'], 'model': ["{'model_path': 'D:\\\\a\\\\comfy-gpu-ci\\\\comfy-gpu-ci\\\\test_workspaces\\\\Sharp-2117\\\\portable-comfyui\\\\ComfyUI_windows_portable\\\\ComfyUI\\\\models\\\\sharp\\\\sharp_2572gikvuh.pt', 'precision': 'auto', 'dtype': 'fp32'}"], 'image': ['tensor([[[[0.4314, 0.3373, 0.2667],\n          [0.4314, 0.3373, 0.2667],\n          [0.4275, 0.3333, 0.2627],\n          ...,\n          [0.9961, 0.9961, 0.9961],\n          [0.9961, 0.9961, 0.9961],\n          [0.9961, 0.9961, 0.9961]],\n\n         [[0.4314, 0.3373, 0.2667],\n          [0.4275, 0.3333, 0.2627],\n          [0.4275, 0.3333, 0.2627],\n          ...,\n          [0.9961, 0.9961, 0.9961],\n          [0.9961, 0.9961, 0.9961],\n          [0.9961, 0.9961, 0.9961]],\n\n         [[0.4275, 0.3333, 0.2627],\n          [0.4275, 0.3333, 0.2627],\n          [0.4275, 0.3333, 0.2627],\n          ...,\n          [0.9961, 0.9961, 0.9961],\n          [0.9961, 0.9961, 0.9961],\n          [0.9961, 0.9961, 0.9961]],\n\n         ...,\n\n         [[0.2902, 0.1961, 0.1020],\n          [0.3137, 0.2196, 0.1255],\n          [0.3333, 0.2392, 0.1529],\n          ...,\n          [0.3412, 0.1725, 0.0902],\n          [0.3333, 0.1765, 0.0902],\n          [0.3333, 0.1765, 0.0902]],\n\n         [[0.3137, 0.2196, 0.1255],\n          [0.3294, 0.2353, 0.1412],\n          [0.3412, 0.2471, 0.1608],\n          ...,\n          [0.3412, 0.1647, 0.0863],\n          [0.3373, 0.1686, 0.0863],\n          [0.3373, 0.1686, 0.0863]],\n\n         [[0.3490, 0.2549, 0.1608],\n          [0.3569, 0.2627, 0.1686],\n          [0.3569, 0.2627, 0.1765],\n          ...,\n          [0.3412, 0.1647, 0.0863],\n          [0.3373, 0.1686, 0.0863],\n          [0.3373, 0.1686, 0.0863]]]])'], 'prompt': ["{'7': {'inputs': {'image': 'middlebury.jpg'}, 'class_type': 'LoadImage', '_meta': {'title': 'Load Image'}, 'is_changed': ['3e55f15dfe3cedd72a467c111c7014ef03206ce1baace29cfd5dff1f72684fcc']}, '9': {'inputs': {'precision': 'auto'}, 'class_type': 'LoadSharpModel', '_meta': {'title': '(Down)Load SHARP Model'}}, '47': {'inputs': {'focal_length_mm': 30.0, 'model': ['9', 0], 'image': ['7', 0]}, 'class_type': 'SharpPredictMetricDepth', '_meta': {'title': 'SHARP Predict Metric Depth'}}, '57': {'inputs': {'focal_length_mm': 30.0, 'output_prefix': 'sharp', 'model': ['9', 0], 'image': ['58', 0]}, 'class_type': 'SharpPredict', '_meta': {'title': 'SHARP Predict (Image to PLY)'}}, '58': {'inputs': {'batch_index': 0, 'length': 1, 'image': ['7', 0]}, 'class_type': 'ImageFromBatch', '_meta': {'title': 'Get Image from Batch'}}, '83': {'inputs': {'snap_to_external_depth': 'none', 'depth_convention': 'planar_z', 'focal_length_mm': 30.0, 'output_prefix': 'sharp_aligned', 'save_background_layer': True, 'edge_crop': 0.0, 'model': ['9', 0], 'image': ['7', 0], 'metric_depth_layer0': ['47', 0]}, 'class_type': 'SharpPredictGaussiansFromMetricDepth', '_meta': {'title': 'SHARP Predict Gaussians (Image + Metric Depth)'}}, '92': {'inputs': {'preview_gaussian': '', 'ply_path': ['83', 0], 'extrinsics': ['83', 2], 'intrinsics': ['83', 3]}, 'class_type': 'PreviewGaussianSharp', '_meta': {'title': 'Preview Gaussian Sharp'}}, '93': {'inputs': {'preview_gaussian': '', 'ply_path': ['57', 0], 'extrinsics': ['57', 1], 'intrinsics': ['57', 2]}, 'class_type': 'PreviewGaussianSharp', '_meta': {'title': 'Preview Gaussian Sharp'}}}"], 'extra_pnginfo': ["{'workflow': {'id': '4c5120ac-970c-46cf-9506-725835d340a3', 'revision': 0, 'last_node_id': 93, 'last_link_id': 217, 'nodes': [{'id': 58, 'type': 'ImageFromBatch', 'pos': [-345.3227718802713, -1035.8764463326056], 'size': [270, 112], 'flags': {}, 'order': 3, 'mode': 0, 'inputs': [{'name': 'image', 'type': 'IMAGE', 'link': 194}], 'outputs': [{'name': 'IMAGE', 'type': 'IMAGE', 'links': [143]}], 'properties': {'Node name for S&R': 'ImageFromBatch', 'cnr_id': 'comfy-core', 'ver': '0.22.0'}, 'widgets_values': [0, 1]}, {'id': 9, 'type': 'LoadSharpModel', 'pos': [-827.9081022001862, -1217.6393468672645], 'size': [270, 106.65625], 'flags': {}, 'order': 0, 'mode': 0, 'inputs': [], 'outputs': [{'name': 'model_config', 'type': 'SHARP_MODEL_CONFIG', 'links': [114, 137, 197]}], 'properties': {'Node name for S&R': 'LoadSharpModel', 'aux_id': 'PozzettiAndrea/ComfyUI-Sharp', 'ver': '51939f0d3bdcd9f4965978445ad0fa31a6222ef0', 'cnr_id': 'comfyui-sharp'}, 'widgets_values': ['auto']}, {'id': 7, 'type': 'LoadImage', 'pos': [-1163.7622907189734, -982.6675026789543], 'size': [662.21875, 367.625], 'flags': {}, 'order': 1, 'mode': 0, 'inputs': [], 'outputs': [{'name': 'IMAGE', 'type': 'IMAGE', 'links': [193, 194, 198]}, {'name': 'MASK', 'type': 'MASK', 'links': None}], 'properties': {'Node name for S&R': 'LoadImage', 'cnr_id': 'comfy-core', 'ver': '0.12.2'}, 'widgets_values': ['middlebury.jpg', 'image']}, {'id': 47, 'type': 'SharpPredictMetricDepth', 'pos': [-429.65947522162185, -718.222353356327], 'size': [287.265625, 224], 'flags': {}, 'order': 2, 'mode': 0, 'inputs': [{'name': 'model', 'type': 'SHARP_MODEL_CONFIG', 'link': 114}, {'name': 'image', 'type': 'IMAGE', 'link': 193}, {'name': 'extrinsics', 'shape': 7, 'type': 'EXTRINSICS', 'link': None}, {'name': 'intrinsics', 'shape': 7, 'type': 'INTRINSICS', 'link': None}], 'outputs': [{'name': 'layer_0_metric_depth', 'type': 'IMAGE', 'links': [196]}, {'name': 'layer_1_metric_depth', 'type': 'IMAGE', 'links': []}, {'name': 'extrinsics_mdepth', 'type': 'EXTRINSICS', 'links': []}, {'name': 'intrinsics_mdepth', 'type': 'INTRINSICS', 'links': None}, {'name': 'layer_0_points_raw', 'type': 'IMAGE', 'links': None}, {'name': 'layer_1_points_raw', 'type': 'IMAGE', 'links': None}], 'properties': {'Node name for S&R': 'SharpPredictMetricDepth', 'aux_id': 'PozzettiAndrea/ComfyUI-Sharp', 'ver': '9ae300958498a99946acd046599f14a13b2e9175', 'cnr_id': 'comfyui-sharp'}, 'widgets_values': [30]}, {'id': 57, 'type': 'SharpPredict', 'pos': [-50.24880441555505, -1174.7760742186522], 'size': [298.890625, 236], 'flags': {}, 'order': 5, 'mode': 0, 'inputs': [{'name': 'model', 'type': 'SHARP_MODEL_CONFIG', 'link': 137}, {'name': 'image', 'type': 'IMAGE', 'link': 143}, {'name': 'extrinsics', 'shape': 7, 'type': 'EXTRINSICS', 'link': None}, {'name': 'intrinsics', 'shape': 7, 'type': 'INTRINSICS', 'link': None}], 'outputs': [{'name': 'ply_path', 'type': 'STRING', 'links': [215]}, {'name': 'extrinsics', 'type': 'EXTRINSICS', 'links': [216]}, {'name': 'intrinsics', 'type': 'INTRINSICS', 'links': [217]}, {'name': 'layer_0_refined_depth', 'type': 'IMAGE', 'links': []}, {'name': 'layer_1_refined_depth', 'type': 'IMAGE', 'links': None}], 'properties': {'Node name for S&R': 'SharpPredict', 'aux_id': 'PozzettiAndrea/ComfyUI-Sharp', 'ver': '87e198137a4b73837e7cdb0b403487a4cb04631f', 'cnr_id': 'comfyui-sharp'}, 'widgets_values': [30, 'sharp']}, {'id': 83, 'type': 'SharpPredictGaussiansFromMetricDepth', 'pos': [-85.1876841064351, -813.6867300229302], 'size': [427.46875, 413.3125], 'flags': {}, 'order': 4, 'mode': 0, 'inputs': [{'name': 'model', 'type': 'SHARP_MODEL_CONFIG', 'link': 197}, {'name': 'image', 'type': 'IMAGE', 'link': 198}, {'name': 'metric_depth_layer0', 'type': 'IMAGE', 'link': 196}, {'name': 'metric_depth_layer1', 'shape': 7, 'type': 'IMAGE', 'link': None}, {'name': 'extrinsics', 'shape': 7, 'type': 'EXTRINSICS', 'link': None}, {'name': 'intrinsics', 'shape': 7, 'type': 'INTRINSICS', 'link': None}, {'name': 'mask', 'shape': 7, 'type': 'MASK', 'link': None}], 'outputs': [{'name': 'ply_path', 'type': 'STRING', 'links': [214]}, {'name': 'ply_folder', 'type': 'STRING', 'links': None}, {'name': 'extrinsics', 'type': 'EXTRINSICS', 'links': [213]}, {'name': 'intrinsics', 'type': 'INTRINSICS', 'links': [212]}], 'properties': {'Node name for S&R': 'SharpPredictGaussiansFromMetricDepth', 'aux_id': 'PozzettiAndrea/ComfyUI-Sharp', 'ver': '8a35d88363cea291ddf08781f8174429c009f3a9', 'cnr_id': 'comfyui-sharp'}, 'widgets_values': ['none', 'planar_z', 30, 'sharp_aligned', True, 0]}, {'id': 93, 'type': 'PreviewGaussianSharp', 'pos': [442.86459704371333, -1332.4924562910687], 'size': [512, 658], 'flags': {}, 'order': 7, 'mode': 0, 'inputs': [{'name': 'ply_path', 'type': 'STRING', 'link': 215}, {'name': 'extrinsics', 'shape': 7, 'type': 'EXTRINSICS', 'link': 216}, {'name': 'intrinsics', 'shape': 7, 'type': 'INTRINSICS', 'link': 217}], 'outputs': [{'name': 'extrinsics', 'type': 'EXTRINSICS', 'links': None}, {'name': 'intrinsics', 'type': 'INTRINSICS', 'links': None}], 'properties': {'Node name for S&R': 'PreviewGaussianSharp', 'aux_id': 'PozzettiAndrea/ComfyUI-GaussianPack', 'ver': '059313a53ffa7ecc8697eddc02d2cee4727e5085'}, 'widgets_values': ['']}, {'id': 92, 'type': 'PreviewGaussianSharp', 'pos': [438.2632542512038, -610.669877712681], 'size': [512, 658], 'flags': {}, 'order': 6, 'mode': 0, 'inputs': [{'name': 'ply_path', 'type': 'STRING', 'link': 214}, {'name': 'extrinsics', 'shape': 7, 'type': 'EXTRINSICS', 'link': 213}, {'name': 'intrinsics', 'shape': 7, 'type': 'INTRINSICS', 'link': 212}], 'outputs': [{'name': 'extrinsics', 'type': 'EXTRINSICS', 'links': None}, {'name': 'intrinsics', 'type': 'INTRINSICS', 'links': None}], 'properties': {'Node name for S&R': 'PreviewGaussianSharp', 'aux_id': 'PozzettiAndrea/ComfyUI-GaussianPack', 'ver': '059313a53ffa7ecc8697eddc02d2cee4727e5085'}, 'widgets_values': ['']}], 'links': [[114, 9, 0, 47, 0, 'SHARP_MODEL_CONFIG'], [137, 9, 0, 57, 0, 'SHARP_MODEL_CONFIG'], [143, 58, 0, 57, 1, 'IMAGE'], [193, 7, 0, 47, 1, 'IMAGE'], [194, 7, 0, 58, 0, 'IMAGE'], [196, 47, 0, 83, 2, 'IMAGE'], [197, 9, 0, 83, 0, 'SHARP_MODEL_CONFIG'], [198, 7, 0, 83, 1, 'IMAGE'], [212, 83, 3, 92, 2, 'INTRINSICS'], [213, 83, 2, 92, 1, 'EXTRINSICS'], [214, 83, 0, 92, 0, 'STRING'], [215, 57, 0, 93, 0, 'STRING'], [216, 57, 1, 93, 1, 'EXTRINSICS'], [217, 57, 2, 93, 2, 'INTRINSICS']], 'groups': [], 'config': {}, 'extra': {'ds': {'scale': 0.5976516256247191, 'offset': [1193.716693482513, 1554.9451579147433]}, 'workflowRendererVersion': 'LG', 'frontendVersion': '1.44.19'}, 'version': 0.4}}"]}, 'current_outputs': ['9', '58', '83', '92', '57', '93', '7', '47'], 'timestamp': 1780867977693}
    Status: FAILED
    Error: Workflow execution failed: {'prompt_id': 'a9593d80-056f-454a-b244-325ecfed437a', 'node_id': '57', 'node_type': 'SharpPredict', 'executed': ['9', '7', '58'], 'exception_message': 'No module named \'torchvision\'\n\nWorker traceback:\nTraceback (most recent call last):\n  File "C:\\Users\\stduser\\AppData\\Local\\Temp\\comfyui_pvenv_6x7ke7_s\\persistent_worker.py", line 1762, in main\n    result = method(**inputs)\n  File "D:\\a\\comfy-gpu-ci\\comfy-gpu-ci\\test_workspaces\\Sharp-2117\\portable-comfyui\\ComfyUI_windows_portable\\ComfyUI\\comfy_api\\latest\\_io.py", line 1880, in EXECUTE_NORMALIZED\n    to_return = cls.execute(*args, **kwargs)\n  File "C:\\Users\\stduser\\AppData\\Local\\Programs\\comfy-env\\.pixi\\envs\\sharp-nodes\\Lib\\site-packages\\torch\\utils\\_contextlib.py", line 124, in decorate_context\n    return func(*args, **kwargs)\n  File "D:\\a\\comfy-gpu-ci\\comfy-gpu-ci\\test_workspaces\\Sharp-2117\\portable-comfyui\\ComfyUI_windows_portable\\ComfyUI\\custom_nodes\\ComfyUI-Sharp\\nodes\\predict.py", line 127, in execute\n    patcher = _load_sharp_model(model)\n  File "D:\\a\\comfy-gpu-ci\\comfy-gpu-ci\\test_workspaces\\Sharp-2117\\portable-comfyui\\ComfyUI_windows_portable\\ComfyUI\\custom_nodes\\ComfyUI-Sharp\\nodes\\load_model.py", line 138, in _load_sharp_model\n    import comfy.model_patcher\n  File "D:\\a\\comfy-gpu-ci\\comfy-gpu-ci\\test_workspaces\\Sharp-2117\\portable-comfyui\\ComfyUI_windows_portable\\ComfyUI\\comfy\\model_patcher.py", line 32, in <module>\n    import comfy.hooks\n  File "D:\\a\\comfy-gpu-ci\\comfy-gpu-ci\\test_workspaces\\Sharp-2117\\portable-comfyui\\ComfyUI_windows_portable\\ComfyUI\\comfy\\hooks.py", line 14, in <module>\n    import comfy.lora\n  File "D:\\a\\comfy-gpu-ci\\comfy-gpu-ci\\test_workspaces\\Sharp-2117\\portable-comfyui\\ComfyUI_windows_portable\\ComfyUI\\comfy\\lora.py", line 22, in <module>\n    import comfy.model_base\n  File "D:\\a\\comfy-gpu-ci\\comfy-gpu-ci\\test_workspaces\\Sharp-2117\\portable-comfyui\\ComfyUI_windows_portable\\ComfyUI\\comfy\\model_base.py", line 41, in <module>\n    import comfy.ldm.cosmos.model\n  File "D:\\a\\comfy-gpu-ci\\comfy-gpu-ci\\test_workspaces\\Sharp-2117\\portable-comfyui\\ComfyUI_windows_portable\\ComfyUI\\comfy\\ldm\\cosmos\\model.py", line 25, in <module>\n    from torchvision import transforms\nModuleNotFoundError: No module named \'torchvision\'\n\n', 'exception_type': 'comfy_env.isolation.workers.base.WorkerError', 'traceback': ['  File "D:\\a\\comfy-gpu-ci\\comfy-gpu-ci\\test_workspaces\\Sharp-2117\\portable-comfyui\\ComfyUI_windows_portable\\ComfyUI\\execution.py", line 536, in execute\n    output_data, output_ui, has_subgraph, has_pending_tasks = await get_output_data(prompt_id, unique_id, obj, input_data_all, execution_block_cb=execution_block_cb, pre_execute_cb=pre_execute_cb, v3_data=v3_data)\n                                                              ^^^^^^^^^^^^^^^^^^^^^^^^^^^^^^^^^^^^^^^^^^^^^^^^^^^^^^^^^^^^^^^^^^^^^^^^^^^^^^^^^^^^^^^^^^^^^^^^^^^^^^^^^^^^^^^^^^^^^^^^^^^^^^^^^^^^^^^^^^^^^^^^^^^^^^^\n', '  File "D:\\a\\comfy-gpu-ci\\comfy-gpu-ci\\test_workspaces\\Sharp-2117\\portable-comfyui\\ComfyUI_windows_portable\\ComfyUI\\execution.py", line 336, in get_output_data\n    return_values = await _async_map_node_over_list(prompt_id, unique_id, obj, input_data_all, obj.FUNCTION, allow_interrupt=True, execution_block_cb=execution_block_cb, pre_execute_cb=pre_execute_cb, v3_data=v3_data)\n                    ^^^^^^^^^^^^^^^^^^^^^^^^^^^^^^^^^^^^^^^^^^^^^^^^^^^^^^^^^^^^^^^^^^^^^^^^^^^^^^^^^^^^^^^^^^^^^^^^^^^^^^^^^^^^^^^^^^^^^^^^^^^^^^^^^^^^^^^^^^^^^^^^^^^^^^^^^^^^^^^^^^^^^^^^^^^^^^^^^^^^^^^^^^^^^^^^^^^^^\n', '  File "D:\\a\\comfy-gpu-ci\\comfy-gpu-ci\\test_workspaces\\Sharp-2117\\portable-comfyui\\ComfyUI_windows_portable\\ComfyUI\\execution.py", line 310, in _async_map_node_over_list\n    await process_inputs(input_dict, i)\n', '  File "D:\\a\\comfy-gpu-ci\\comfy-gpu-ci\\test_workspaces\\Sharp-2117\\portable-comfyui\\ComfyUI_windows_portable\\ComfyUI\\execution.py", line 298, in process_inputs\n    result = f(**inputs)\n', '  File "D:\\a\\comfy-gpu-ci\\comfy-gpu-ci\\test_workspaces\\Sharp-2117\\portable-comfyui\\ComfyUI_windows_portable\\python_embeded\\Lib\\site-packages\\comfy_env\\isolation\\metadata.py", line 556, in proxy\n    result = worker.call_method(\n        module_name=mod,\n    ...<4 lines>...\n        timeout=600.0,\n    )\n', '  File "D:\\a\\comfy-gpu-ci\\comfy-gpu-ci\\test_workspaces\\Sharp-2117\\portable-comfyui\\ComfyUI_windows_portable\\python_embeded\\Lib\\site-packages\\comfy_env\\isolation\\workers\\subprocess.py", line 674, in call_method\n    raise WorkerError(\n    ...<2 lines>...\n    )\n'], 'current_inputs': {'focal_length_mm': [30], 'output_prefix': ['sharp'], 'model': ["{'model_path': 'D:\\\\a\\\\comfy-gpu-ci\\\\comfy-gpu-ci\\\\test_workspaces\\\\Sharp-2117\\\\portable-comfyui\\\\ComfyUI_windows_portable\\\\ComfyUI\\\\models\\\\sharp\\\\sharp_2572gikvuh.pt', 'precision': 'auto', 'dtype': 'fp32'}"], 'image': ['tensor([[[[0.4314, 0.3373, 0.2667],\n          [0.4314, 0.3373, 0.2667],\n          [0.4275, 0.3333, 0.2627],\n          ...,\n          [0.9961, 0.9961, 0.9961],\n          [0.9961, 0.9961, 0.9961],\n          [0.9961, 0.9961, 0.9961]],\n\n         [[0.4314, 0.3373, 0.2667],\n          [0.4275, 0.3333, 0.2627],\n          [0.4275, 0.3333, 0.2627],\n          ...,\n          [0.9961, 0.9961, 0.9961],\n          [0.9961, 0.9961, 0.9961],\n          [0.9961, 0.9961, 0.9961]],\n\n         [[0.4275, 0.3333, 0.2627],\n          [0.4275, 0.3333, 0.2627],\n          [0.4275, 0.3333, 0.2627],\n          ...,\n          [0.9961, 0.9961, 0.9961],\n          [0.9961, 0.9961, 0.9961],\n          [0.9961, 0.9961, 0.9961]],\n\n         ...,\n\n         [[0.2902, 0.1961, 0.1020],\n          [0.3137, 0.2196, 0.1255],\n          [0.3333, 0.2392, 0.1529],\n          ...,\n          [0.3412, 0.1725, 0.0902],\n          [0.3333, 0.1765, 0.0902],\n          [0.3333, 0.1765, 0.0902]],\n\n         [[0.3137, 0.2196, 0.1255],\n          [0.3294, 0.2353, 0.1412],\n          [0.3412, 0.2471, 0.1608],\n          ...,\n          [0.3412, 0.1647, 0.0863],\n          [0.3373, 0.1686, 0.0863],\n          [0.3373, 0.1686, 0.0863]],\n\n         [[0.3490, 0.2549, 0.1608],\n          [0.3569, 0.2627, 0.1686],\n          [0.3569, 0.2627, 0.1765],\n          ...,\n          [0.3412, 0.1647, 0.0863],\n          [0.3373, 0.1686, 0.0863],\n          [0.3373, 0.1686, 0.0863]]]])'], 'prompt': ["{'7': {'inputs': {'image': 'middlebury.jpg'}, 'class_type': 'LoadImage', '_meta': {'title': 'Load Image'}, 'is_changed': ['3e55f15dfe3cedd72a467c111c7014ef03206ce1baace29cfd5dff1f72684fcc']}, '9': {'inputs': {'precision': 'auto'}, 'class_type': 'LoadSharpModel', '_meta': {'title': '(Down)Load SHARP Model'}}, '47': {'inputs': {'focal_length_mm': 30.0, 'model': ['9', 0], 'image': ['7', 0]}, 'class_type': 'SharpPredictMetricDepth', '_meta': {'title': 'SHARP Predict Metric Depth'}}, '57': {'inputs': {'focal_length_mm': 30.0, 'output_prefix': 'sharp', 'model': ['9', 0], 'image': ['58', 0]}, 'class_type': 'SharpPredict', '_meta': {'title': 'SHARP Predict (Image to PLY)'}}, '58': {'inputs': {'batch_index': 0, 'length': 1, 'image': ['7', 0]}, 'class_type': 'ImageFromBatch', '_meta': {'title': 'Get Image from Batch'}}, '83': {'inputs': {'snap_to_external_depth': 'none', 'depth_convention': 'planar_z', 'focal_length_mm': 30.0, 'output_prefix': 'sharp_aligned', 'save_background_layer': True, 'edge_crop': 0.0, 'model': ['9', 0], 'image': ['7', 0], 'metric_depth_layer0': ['47', 0]}, 'class_type': 'SharpPredictGaussiansFromMetricDepth', '_meta': {'title': 'SHARP Predict Gaussians (Image + Metric Depth)'}}, '92': {'inputs': {'preview_gaussian': '', 'ply_path': ['83', 0], 'extrinsics': ['83', 2], 'intrinsics': ['83', 3]}, 'class_type': 'PreviewGaussianSharp', '_meta': {'title': 'Preview Gaussian Sharp'}}, '93': {'inputs': {'preview_gaussian': '', 'ply_path': ['57', 0], 'extrinsics': ['57', 1], 'intrinsics': ['57', 2]}, 'class_type': 'PreviewGaussianSharp', '_meta': {'title': 'Preview Gaussian Sharp'}}}"], 'extra_pnginfo': ["{'workflow': {'id': '4c5120ac-970c-46cf-9506-725835d340a3', 'revision': 0, 'last_node_id': 93, 'last_link_id': 217, 'nodes': [{'id': 58, 'type': 'ImageFromBatch', 'pos': [-345.3227718802713, -1035.8764463326056], 'size': [270, 112], 'flags': {}, 'order': 3, 'mode': 0, 'inputs': [{'name': 'image', 'type': 'IMAGE', 'link': 194}], 'outputs': [{'name': 'IMAGE', 'type': 'IMAGE', 'links': [143]}], 'properties': {'Node name for S&R': 'ImageFromBatch', 'cnr_id': 'comfy-core', 'ver': '0.22.0'}, 'widgets_values': [0, 1]}, {'id': 9, 'type': 'LoadSharpModel', 'pos': [-827.9081022001862, -1217.6393468672645], 'size': [270, 106.65625], 'flags': {}, 'order': 0, 'mode': 0, 'inputs': [], 'outputs': [{'name': 'model_config', 'type': 'SHARP_MODEL_CONFIG', 'links': [114, 137, 197]}], 'properties': {'Node name for S&R': 'LoadSharpModel', 'aux_id': 'PozzettiAndrea/ComfyUI-Sharp', 'ver': '51939f0d3bdcd9f4965978445ad0fa31a6222ef0', 'cnr_id': 'comfyui-sharp'}, 'widgets_values': ['auto']}, {'id': 7, 'type': 'LoadImage', 'pos': [-1163.7622907189734, -982.6675026789543], 'size': [662.21875, 367.625], 'flags': {}, 'order': 1, 'mode': 0, 'inputs': [], 'outputs': [{'name': 'IMAGE', 'type': 'IMAGE', 'links': [193, 194, 198]}, {'name': 'MASK', 'type': 'MASK', 'links': None}], 'properties': {'Node name for S&R': 'LoadImage', 'cnr_id': 'comfy-core', 'ver': '0.12.2'}, 'widgets_values': ['middlebury.jpg', 'image']}, {'id': 47, 'type': 'SharpPredictMetricDepth', 'pos': [-429.65947522162185, -718.222353356327], 'size': [287.265625, 224], 'flags': {}, 'order': 2, 'mode': 0, 'inputs': [{'name': 'model', 'type': 'SHARP_MODEL_CONFIG', 'link': 114}, {'name': 'image', 'type': 'IMAGE', 'link': 193}, {'name': 'extrinsics', 'shape': 7, 'type': 'EXTRINSICS', 'link': None}, {'name': 'intrinsics', 'shape': 7, 'type': 'INTRINSICS', 'link': None}], 'outputs': [{'name': 'layer_0_metric_depth', 'type': 'IMAGE', 'links': [196]}, {'name': 'layer_1_metric_depth', 'type': 'IMAGE', 'links': []}, {'name': 'extrinsics_mdepth', 'type': 'EXTRINSICS', 'links': []}, {'name': 'intrinsics_mdepth', 'type': 'INTRINSICS', 'links': None}, {'name': 'layer_0_points_raw', 'type': 'IMAGE', 'links': None}, {'name': 'layer_1_points_raw', 'type': 'IMAGE', 'links': None}], 'properties': {'Node name for S&R': 'SharpPredictMetricDepth', 'aux_id': 'PozzettiAndrea/ComfyUI-Sharp', 'ver': '9ae300958498a99946acd046599f14a13b2e9175', 'cnr_id': 'comfyui-sharp'}, 'widgets_values': [30]}, {'id': 57, 'type': 'SharpPredict', 'pos': [-50.24880441555505, -1174.7760742186522], 'size': [298.890625, 236], 'flags': {}, 'order': 5, 'mode': 0, 'inputs': [{'name': 'model', 'type': 'SHARP_MODEL_CONFIG', 'link': 137}, {'name': 'image', 'type': 'IMAGE', 'link': 143}, {'name': 'extrinsics', 'shape': 7, 'type': 'EXTRINSICS', 'link': None}, {'name': 'intrinsics', 'shape': 7, 'type': 'INTRINSICS', 'link': None}], 'outputs': [{'name': 'ply_path', 'type': 'STRING', 'links': [215]}, {'name': 'extrinsics', 'type': 'EXTRINSICS', 'links': [216]}, {'name': 'intrinsics', 'type': 'INTRINSICS', 'links': [217]}, {'name': 'layer_0_refined_depth', 'type': 'IMAGE', 'links': []}, {'name': 'layer_1_refined_depth', 'type': 'IMAGE', 'links': None}], 'properties': {'Node name for S&R': 'SharpPredict', 'aux_id': 'PozzettiAndrea/ComfyUI-Sharp', 'ver': '87e198137a4b73837e7cdb0b403487a4cb04631f', 'cnr_id': 'comfyui-sharp'}, 'widgets_values': [30, 'sharp']}, {'id': 83, 'type': 'SharpPredictGaussiansFromMetricDepth', 'pos': [-85.1876841064351, -813.6867300229302], 'size': [427.46875, 413.3125], 'flags': {}, 'order': 4, 'mode': 0, 'inputs': [{'name': 'model', 'type': 'SHARP_MODEL_CONFIG', 'link': 197}, {'name': 'image', 'type': 'IMAGE', 'link': 198}, {'name': 'metric_depth_layer0', 'type': 'IMAGE', 'link': 196}, {'name': 'metric_depth_layer1', 'shape': 7, 'type': 'IMAGE', 'link': None}, {'name': 'extrinsics', 'shape': 7, 'type': 'EXTRINSICS', 'link': None}, {'name': 'intrinsics', 'shape': 7, 'type': 'INTRINSICS', 'link': None}, {'name': 'mask', 'shape': 7, 'type': 'MASK', 'link': None}], 'outputs': [{'name': 'ply_path', 'type': 'STRING', 'links': [214]}, {'name': 'ply_folder', 'type': 'STRING', 'links': None}, {'name': 'extrinsics', 'type': 'EXTRINSICS', 'links': [213]}, {'name': 'intrinsics', 'type': 'INTRINSICS', 'links': [212]}], 'properties': {'Node name for S&R': 'SharpPredictGaussiansFromMetricDepth', 'aux_id': 'PozzettiAndrea/ComfyUI-Sharp', 'ver': '8a35d88363cea291ddf08781f8174429c009f3a9', 'cnr_id': 'comfyui-sharp'}, 'widgets_values': ['none', 'planar_z', 30, 'sharp_aligned', True, 0]}, {'id': 93, 'type': 'PreviewGaussianSharp', 'pos': [442.86459704371333, -1332.4924562910687], 'size': [512, 658], 'flags': {}, 'order': 7, 'mode': 0, 'inputs': [{'name': 'ply_path', 'type': 'STRING', 'link': 215}, {'name': 'extrinsics', 'shape': 7, 'type': 'EXTRINSICS', 'link': 216}, {'name': 'intrinsics', 'shape': 7, 'type': 'INTRINSICS', 'link': 217}], 'outputs': [{'name': 'extrinsics', 'type': 'EXTRINSICS', 'links': None}, {'name': 'intrinsics', 'type': 'INTRINSICS', 'links': None}], 'properties': {'Node name for S&R': 'PreviewGaussianSharp', 'aux_id': 'PozzettiAndrea/ComfyUI-GaussianPack', 'ver': '059313a53ffa7ecc8697eddc02d2cee4727e5085'}, 'widgets_values': ['']}, {'id': 92, 'type': 'PreviewGaussianSharp', 'pos': [438.2632542512038, -610.669877712681], 'size': [512, 658], 'flags': {}, 'order': 6, 'mode': 0, 'inputs': [{'name': 'ply_path', 'type': 'STRING', 'link': 214}, {'name': 'extrinsics', 'shape': 7, 'type': 'EXTRINSICS', 'link': 213}, {'name': 'intrinsics', 'shape': 7, 'type': 'INTRINSICS', 'link': 212}], 'outputs': [{'name': 'extrinsics', 'type': 'EXTRINSICS', 'links': None}, {'name': 'intrinsics', 'type': 'INTRINSICS', 'links': None}], 'properties': {'Node name for S&R': 'PreviewGaussianSharp', 'aux_id': 'PozzettiAndrea/ComfyUI-GaussianPack', 'ver': '059313a53ffa7ecc8697eddc02d2cee4727e5085'}, 'widgets_values': ['']}], 'links': [[114, 9, 0, 47, 0, 'SHARP_MODEL_CONFIG'], [137, 9, 0, 57, 0, 'SHARP_MODEL_CONFIG'], [143, 58, 0, 57, 1, 'IMAGE'], [193, 7, 0, 47, 1, 'IMAGE'], [194, 7, 0, 58, 0, 'IMAGE'], [196, 47, 0, 83, 2, 'IMAGE'], [197, 9, 0, 83, 0, 'SHARP_MODEL_CONFIG'], [198, 7, 0, 83, 1, 'IMAGE'], [212, 83, 3, 92, 2, 'INTRINSICS'], [213, 83, 2, 92, 1, 'EXTRINSICS'], [214, 83, 0, 92, 0, 'STRING'], [215, 57, 0, 93, 0, 'STRING'], [216, 57, 1, 93, 1, 'EXTRINSICS'], [217, 57, 2, 93, 2, 'INTRINSICS']], 'groups': [], 'config': {}, 'extra': {'ds': {'scale': 0.5976516256247191, 'offset': [1193.716693482513, 1554.9451579147433]}, 'workflowRendererVersion': 'LG', 'frontendVersion': '1.44.19'}, 'version': 0.4}}"]}, 'current_outputs': ['9', '58', '83', '92', '57', '93', '7', '47'], 'timestamp': 1780867977693}
    Details: Workflow: C:\Users\stduser\AppData\Local\Temp\comfy-test-run-bswo562g\ComfyUI-Sharp\workflows\vanilla_vs_image_depth_gaussians.json
Node error: SharpPredict
  [ComfyUI] [SubprocessWorker] got response: error
  [ComfyUI] [SubprocessWorker] got response: error
  [ComfyUI] [1m[31m[ERROR][0m !!! Exception during processing !!! No module named 'torchvision'
  [ComfyUI] [1m[31m[ERROR][0m !!! Exception during processing !!! No module named 'torchvision'
  [ComfyUI] 
  [ComfyUI] 
  [ComfyUI] Worker traceback:
  [ComfyUI] Worker traceback:
  [ComfyUI] Traceback (most recent call last):
  [ComfyUI] Traceback (most recent call last):
  [ComfyUI]   File "C:\Users\stduser\AppData\Local\Temp\comfyui_pvenv_6x7ke7_s\persistent_worker.py", line 1762, in main
  [ComfyUI]   File "C:\Users\stduser\AppData\Local\Temp\comfyui_pvenv_6x7ke7_s\persistent_worker.py", line 1762, in main
  [ComfyUI]     result = method(**inputs)
  [ComfyUI]     result = method(**inputs)
  [ComfyUI]   File "D:\a\comfy-gpu-ci\comfy-gpu-ci\test_workspaces\Sharp-2117\portable-comfyui\ComfyUI_windows_portable\ComfyUI\comfy_api\latest\_io.py", line 1880, in EXECUTE_NORMALIZED
  [ComfyUI]   File "D:\a\comfy-gpu-ci\comfy-gpu-ci\test_workspaces\Sharp-2117\portable-comfyui\ComfyUI_windows_portable\ComfyUI\comfy_api\latest\_io.py", line 1880, in EXECUTE_NORMALIZED
  [ComfyUI]     to_return = cls.execute(*args, **kwargs)
  [ComfyUI]     to_return = cls.execute(*args, **kwargs)
  [ComfyUI]   File "C:\Users\stduser\AppData\Local\Programs\comfy-env\.pixi\envs\sharp-nodes\Lib\site-packages\torch\utils\_contextlib.py", line 124, in decorate_context
  [ComfyUI]   File "C:\Users\stduser\AppData\Local\Programs\comfy-env\.pixi\envs\sharp-nodes\Lib\site-packages\torch\utils\_contextlib.py", line 124, in decorate_context
  [ComfyUI]     return func(*args, **kwargs)
  [ComfyUI]     return func(*args, **kwargs)
  [ComfyUI]   File "D:\a\comfy-gpu-ci\comfy-gpu-ci\test_workspaces\Sharp-2117\portable-comfyui\ComfyUI_windows_portable\ComfyUI\custom_nodes\ComfyUI-Sharp\nodes\predict.py", line 127, in execute
  [ComfyUI]   File "D:\a\comfy-gpu-ci\comfy-gpu-ci\test_workspaces\Sharp-2117\portable-comfyui\ComfyUI_windows_portable\ComfyUI\custom_nodes\ComfyUI-Sharp\nodes\predict.py", line 127, in execute
  [ComfyUI]     patcher = _load_sharp_model(model)
  [ComfyUI]     patcher = _load_sharp_model(model)
  [ComfyUI]   File "D:\a\comfy-gpu-ci\comfy-gpu-ci\test_workspaces\Sharp-2117\portable-comfyui\ComfyUI_windows_portable\ComfyUI\custom_nodes\ComfyUI-Sharp\nodes\load_model.py", line 138, in _load_sharp_model
  [ComfyUI]   File "D:\a\comfy-gpu-ci\comfy-gpu-ci\test_workspaces\Sharp-2117\portable-comfyui\ComfyUI_windows_portable\ComfyUI\custom_nodes\ComfyUI-Sharp\nodes\load_model.py", line 138, in _load_sharp_model
  [ComfyUI]     import comfy.model_patcher
  [ComfyUI]     import comfy.model_patcher
  [ComfyUI]   File "D:\a\comfy-gpu-ci\comfy-gpu-ci\test_workspaces\Sharp-2117\portable-comfyui\ComfyUI_windows_portable\ComfyUI\comfy\model_patcher.py", line 32, in <module>
  [ComfyUI]   File "D:\a\comfy-gpu-ci\comfy-gpu-ci\test_workspaces\Sharp-2117\portable-comfyui\ComfyUI_windows_portable\ComfyUI\comfy\model_patcher.py", line 32, in <module>
  [ComfyUI]     import comfy.hooks
  [ComfyUI]     import comfy.hooks
  [ComfyUI]   File "D:\a\comfy-gpu-ci\comfy-gpu-ci\test_workspaces\Sharp-2117\portable-comfyui\ComfyUI_windows_portable\ComfyUI\comfy\hooks.py", line 14, in <module>
  [ComfyUI]   File "D:\a\comfy-gpu-ci\comfy-gpu-ci\test_workspaces\Sharp-2117\portable-comfyui\ComfyUI_windows_portable\ComfyUI\comfy\hooks.py", line 14, in <module>
  [ComfyUI]     import comfy.lora
  [ComfyUI]     import comfy.lora
  [ComfyUI]   File "D:\a\comfy-gpu-ci\comfy-gpu-ci\test_workspaces\Sharp-2117\portable-comfyui\ComfyUI_windows_portable\ComfyUI\comfy\lora.py", line 22, in <module>
  [ComfyUI]   File "D:\a\comfy-gpu-ci\comfy-gpu-ci\test_workspaces\Sharp-2117\portable-comfyui\ComfyUI_windows_portable\ComfyUI\comfy\lora.py", line 22, in <module>
  [ComfyUI]     import comfy.model_base
  [ComfyUI]     import comfy.model_base
  [ComfyUI]   File "D:\a\comfy-gpu-ci\comfy-gpu-ci\test_workspaces\Sharp-2117\portable-comfyui\ComfyUI_windows_portable\ComfyUI\comfy\model_base.py", line 41, in <module>
  [ComfyUI]   File "D:\a\comfy-gpu-ci\comfy-gpu-ci\test_workspaces\Sharp-2117\portable-comfyui\ComfyUI_windows_portable\ComfyUI\comfy\model_base.py", line 41, in <module>
  [ComfyUI]     import comfy.ldm.cosmos.model
  [ComfyUI]     import comfy.ldm.cosmos.model
  [ComfyUI]   File "D:\a\comfy-gpu-ci\comfy-gpu-ci\test_workspaces\Sharp-2117\portable-comfyui\ComfyUI_windows_portable\ComfyUI\comfy\ldm\cosmos\model.py", line 25, in <module>
  [ComfyUI]   File "D:\a\comfy-gpu-ci\comfy-gpu-ci\test_workspaces\Sharp-2117\portable-comfyui\ComfyUI_windows_portable\ComfyUI\comfy\ldm\cosmos\model.py", line 25, in <module>
  [ComfyUI]     from torchvision import transforms
  [ComfyUI]     from torchvision import transforms
  [ComfyUI] ModuleNotFoundError: No module named 'torchvision'
  [ComfyUI] ModuleNotFoundError: No module named 'torchvision'
  [ComfyUI] 
  [ComfyUI] 
  [ComfyUI] [1m[31m[ERROR][0m Traceback (most recent call last):
  [ComfyUI] [1m[31m[ERROR][0m Traceback (most recent call last):
  [ComfyUI]   File "D:\a\comfy-gpu-ci\comfy-gpu-ci\test_workspaces\Sharp-2117\portable-comfyui\ComfyUI_windows_portable\ComfyUI\execution.py", line 536, in execute
  [ComfyUI]   File "D:\a\comfy-gpu-ci\comfy-gpu-ci\test_workspaces\Sharp-2117\portable-comfyui\ComfyUI_windows_portable\ComfyUI\execution.py", line 536, in execute
  [ComfyUI]     output_data, output_ui, has_subgraph, has_pending_tasks = await get_output_data(prompt_id, unique_id, obj, input_data_all, execution_block_cb=execution_block_cb, pre_execute_cb=pre_execute_cb, v3_data=v3_data)
  [ComfyUI]     output_data, output_ui, has_subgraph, has_pending_tasks = await get_output_data(prompt_id, unique_id, obj, input_data_all, execution_block_cb=execution_block_cb, pre_execute_cb=pre_execute_cb, v3_data=v3_data)
  [ComfyUI]                                                               ^^^^^^^^^^^^^^^^^^^^^^^^^^^^^^^^^^^^^^^^^^^^^^^^^^^^^^^^^^^^^^^^^^^^^^^^^^^^^^^^^^^^^^^^^^^^^^^^^^^^^^^^^^^^^^^^^^^^^^^^^^^^^^^^^^^^^^^^^^^^^^^^^^^^^^^
  [ComfyUI]                                                               ^^^^^^^^^^^^^^^^^^^^^^^^^^^^^^^^^^^^^^^^^^^^^^^^^^^^^^^^^^^^^^^^^^^^^^^^^^^^^^^^^^^^^^^^^^^^^^^^^^^^^^^^^^^^^^^^^^^^^^^^^^^^^^^^^^^^^^^^^^^^^^^^^^^^^^^
  [ComfyUI]   File "D:\a\comfy-gpu-ci\comfy-gpu-ci\test_workspaces\Sharp-2117\portable-comfyui\ComfyUI_windows_portable\ComfyUI\execution.py", line 336, in get_output_data
  [ComfyUI]   File "D:\a\comfy-gpu-ci\comfy-gpu-ci\test_workspaces\Sharp-2117\portable-comfyui\ComfyUI_windows_portable\ComfyUI\execution.py", line 336, in get_output_data
  [ComfyUI]     return_values = await _async_map_node_over_list(prompt_id, unique_id, obj, input_data_all, obj.FUNCTION, allow_interrupt=True, execution_block_cb=execution_block_cb, pre_execute_cb=pre_execute_cb, v3_data=v3_data)
  [ComfyUI]     return_values = await _async_map_node_over_list(prompt_id, unique_id, obj, input_data_all, obj.FUNCTION, allow_interrupt=True, execution_block_cb=execution_block_cb, pre_execute_cb=pre_execute_cb, v3_data=v3_data)
  [ComfyUI]                     ^^^^^^^^^^^^^^^^^^^^^^^^^^^^^^^^^^^^^^^^^^^^^^^^^^^^^^^^^^^^^^^^^^^^^^^^^^^^^^^^^^^^^^^^^^^^^^^^^^^^^^^^^^^^^^^^^^^^^^^^^^^^^^^^^^^^^^^^^^^^^^^^^^^^^^^^^^^^^^^^^^^^^^^^^^^^^^^^^^^^^^^^^^^^^^^^^^^^^
  [ComfyUI]                     ^^^^^^^^^^^^^^^^^^^^^^^^^^^^^^^^^^^^^^^^^^^^^^^^^^^^^^^^^^^^^^^^^^^^^^^^^^^^^^^^^^^^^^^^^^^^^^^^^^^^^^^^^^^^^^^^^^^^^^^^^^^^^^^^^^^^^^^^^^^^^^^^^^^^^^^^^^^^^^^^^^^^^^^^^^^^^^^^^^^^^^^^^^^^^^^^^^^^^
  [ComfyUI]   File "D:\a\comfy-gpu-ci\comfy-gpu-ci\test_workspaces\Sharp-2117\portable-comfyui\ComfyUI_windows_portable\ComfyUI\execution.py", line 310, in _async_map_node_over_list
  [ComfyUI]   File "D:\a\comfy-gpu-ci\comfy-gpu-ci\test_workspaces\Sharp-2117\portable-comfyui\ComfyUI_windows_portable\ComfyUI\execution.py", line 310, in _async_map_node_over_list
  [ComfyUI]     await process_inputs(input_dict, i)
  [ComfyUI]     await process_inputs(input_dict, i)
  [ComfyUI]   File "D:\a\comfy-gpu-ci\comfy-gpu-ci\test_workspaces\Sharp-2117\portable-comfyui\ComfyUI_windows_portable\ComfyUI\execution.py", line 298, in process_inputs
  [ComfyUI]   File "D:\a\comfy-gpu-ci\comfy-gpu-ci\test_workspaces\Sharp-2117\portable-comfyui\ComfyUI_windows_portable\ComfyUI\execution.py", line 298, in process_inputs
  [ComfyUI]     result = f(**inputs)
  [ComfyUI]     result = f(**inputs)
  [ComfyUI]   File "D:\a\comfy-gpu-ci\comfy-gpu-ci\test_workspaces\Sharp-2117\portable-comfyui\ComfyUI_windows_portable\python_embeded\Lib\site-packages\comfy_env\isolation\metadata.py", line 556, in proxy
  [ComfyUI]   File "D:\a\comfy-gpu-ci\comfy-gpu-ci\test_workspaces\Sharp-2117\portable-comfyui\ComfyUI_windows_portable\python_embeded\Lib\site-packages\comfy_env\isolation\metadata.py", line 556, in proxy
  [ComfyUI]     result = worker.call_method(
  [ComfyUI]     result = worker.call_method(
  [ComfyUI]         module_name=mod,
  [ComfyUI]         module_name=mod,
  [ComfyUI]     ...<4 lines>...
  [ComfyUI]     ...<4 lines>...
  [ComfyUI]         timeout=600.0,
  [ComfyUI]         timeout=600.0,
  [ComfyUI]     )
  [ComfyUI]     )
  [ComfyUI]   File "D:\a\comfy-gpu-ci\comfy-gpu-ci\test_workspaces\Sharp-2117\portable-comfyui\ComfyUI_windows_portable\python_embeded\Lib\site-packages\comfy_env\isolation\workers\subprocess.py", line 674, in call_method
  [ComfyUI]   File "D:\a\comfy-gpu-ci\comfy-gpu-ci\test_workspaces\Sharp-2117\portable-comfyui\ComfyUI_windows_portable\python_embeded\Lib\site-packages\comfy_env\isolation\workers\subprocess.py", line 674, in call_method
  [ComfyUI]     raise WorkerError(
  [ComfyUI]     raise WorkerError(
  [ComfyUI]     ...<2 lines>...
  [ComfyUI]     ...<2 lines>...
  [ComfyUI]     )
  [ComfyUI]     )
  [ComfyUI] comfy_env.isolation.workers.base.WorkerError: No module named 'torchvision'
  [ComfyUI] comfy_env.isolation.workers.base.WorkerError: No module named 'torchvision'
  [ComfyUI] 
  [ComfyUI] 
  [ComfyUI] Worker traceback:
  [ComfyUI] Worker traceback:
  [ComfyUI] Traceback (most recent call last):
  [ComfyUI] Traceback (most recent call last):
  [ComfyUI]   File "C:\Users\stduser\AppData\Local\Temp\comfyui_pvenv_6x7ke7_s\persistent_worker.py", line 1762, in main
  [ComfyUI]   File "C:\Users\stduser\AppData\Local\Temp\comfyui_pvenv_6x7ke7_s\persistent_worker.py", line 1762, in main
  [ComfyUI]     result = method(**inputs)
  [ComfyUI]     result = method(**inputs)
  [ComfyUI]   File "D:\a\comfy-gpu-ci\comfy-gpu-ci\test_workspaces\Sharp-2117\portable-comfyui\ComfyUI_windows_portable\ComfyUI\comfy_api\latest\_io.py", line 1880, in EXECUTE_NORMALIZED
  [ComfyUI]   File "D:\a\comfy-gpu-ci\comfy-gpu-ci\test_workspaces\Sharp-2117\portable-comfyui\ComfyUI_windows_portable\ComfyUI\comfy_api\latest\_io.py", line 1880, in EXECUTE_NORMALIZED
  [ComfyUI]     to_return = cls.execute(*args, **kwargs)
  [ComfyUI]     to_return = cls.execute(*args, **kwargs)
  [ComfyUI]   File "C:\Users\stduser\AppData\Local\Programs\comfy-env\.pixi\envs\sharp-nodes\Lib\site-packages\torch\utils\_contextlib.py", line 124, in decorate_context
  [ComfyUI]   File "C:\Users\stduser\AppData\Local\Programs\comfy-env\.pixi\envs\sharp-nodes\Lib\site-packages\torch\utils\_contextlib.py", line 124, in decorate_context
  [ComfyUI]     return func(*args, **kwargs)
  [ComfyUI]     return func(*args, **kwargs)
  [ComfyUI]   File "D:\a\comfy-gpu-ci\comfy-gpu-ci\test_workspaces\Sharp-2117\portable-comfyui\ComfyUI_windows_portable\ComfyUI\custom_nodes\ComfyUI-Sharp\nodes\predict.py", line 127, in execute
  [ComfyUI]   File "D:\a\comfy-gpu-ci\comfy-gpu-ci\test_workspaces\Sharp-2117\portable-comfyui\ComfyUI_windows_portable\ComfyUI\custom_nodes\ComfyUI-Sharp\nodes\predict.py", line 127, in execute
  [ComfyUI]     patcher = _load_sharp_model(model)
  [ComfyUI]     patcher = _load_sharp_model(model)
  [ComfyUI]   File "D:\a\comfy-gpu-ci\comfy-gpu-ci\test_workspaces\Sharp-2117\portable-comfyui\ComfyUI_windows_portable\ComfyUI\custom_nodes\ComfyUI-Sharp\nodes\load_model.py", line 138, in _load_sharp_model
  [ComfyUI]   File "D:\a\comfy-gpu-ci\comfy-gpu-ci\test_workspaces\Sharp-2117\portable-comfyui\ComfyUI_windows_portable\ComfyUI\custom_nodes\ComfyUI-Sharp\nodes\load_model.py", line 138, in _load_sharp_model
  [ComfyUI]     import comfy.model_patcher
  [ComfyUI]     import comfy.model_patcher
  [ComfyUI]   File "D:\a\comfy-gpu-ci\comfy-gpu-ci\test_workspaces\Sharp-2117\portable-comfyui\ComfyUI_windows_portable\ComfyUI\comfy\model_patcher.py", line 32, in <module>
  [ComfyUI]   File "D:\a\comfy-gpu-ci\comfy-gpu-ci\test_workspaces\Sharp-2117\portable-comfyui\ComfyUI_windows_portable\ComfyUI\comfy\model_patcher.py", line 32, in <module>
  [ComfyUI]     import comfy.hooks
  [ComfyUI]     import comfy.hooks
  [ComfyUI]   File "D:\a\comfy-gpu-ci\comfy-gpu-ci\test_workspaces\Sharp-2117\portable-comfyui\ComfyUI_windows_portable\ComfyUI\comfy\hooks.py", line 14, in <module>
  [ComfyUI]   File "D:\a\comfy-gpu-ci\comfy-gpu-ci\test_workspaces\Sharp-2117\portable-comfyui\ComfyUI_windows_portable\ComfyUI\comfy\hooks.py", line 14, in <module>
  [ComfyUI]     import comfy.lora
  [ComfyUI]     import comfy.lora
  [ComfyUI]   File "D:\a\comfy-gpu-ci\comfy-gpu-ci\test_workspaces\Sharp-2117\portable-comfyui\ComfyUI_windows_portable\ComfyUI\comfy\lora.py", line 22, in <module>
  [ComfyUI]   File "D:\a\comfy-gpu-ci\comfy-gpu-ci\test_workspaces\Sharp-2117\portable-comfyui\ComfyUI_windows_portable\ComfyUI\comfy\lora.py", line 22, in <module>
  [ComfyUI]     import comfy.model_base
  [ComfyUI]     import comfy.model_base
  [ComfyUI]   File "D:\a\comfy-gpu-ci\comfy-gpu-ci\test_workspaces\Sharp-2117\portable-comfyui\ComfyUI_windows_portable\ComfyUI\comfy\model_base.py", line 41, in <module>
  [ComfyUI]   File "D:\a\comfy-gpu-ci\comfy-gpu-ci\test_workspaces\Sharp-2117\portable-comfyui\ComfyUI_windows_portable\ComfyUI\comfy\model_base.py", line 41, in <module>
  [ComfyUI]     import comfy.ldm.cosmos.model
  [ComfyUI]     import comfy.ldm.cosmos.model
  [ComfyUI]   File "D:\a\comfy-gpu-ci\comfy-gpu-ci\test_workspaces\Sharp-2117\portable-comfyui\ComfyUI_windows_portable\ComfyUI\comfy\ldm\cosmos\model.py", line 25, in <module>
  [ComfyUI]   File "D:\a\comfy-gpu-ci\comfy-gpu-ci\test_workspaces\Sharp-2117\portable-comfyui\ComfyUI_windows_portable\ComfyUI\comfy\ldm\cosmos\model.py", line 25, in <module>
  [ComfyUI]     from torchvision import transforms
  [ComfyUI]     from torchvision import transforms
  [ComfyUI] ModuleNotFoundError: No module named 'torchvision'
  [ComfyUI] ModuleNotFoundError: No module named 'torchvision'
  [ComfyUI] 
  [ComfyUI] 
  [ComfyUI] 
  [ComfyUI] 
  [ComfyUI] [32m[INFO][0m [32mPrompt executed in 0.29 seconds[0m
  [ComfyUI] [32m[INFO][0m [32mPrompt executed in 0.29 seconds[0m