setup plugin alembic.autogenerate.schemas
setup plugin alembic.autogenerate.tables
setup plugin alembic.autogenerate.types
setup plugin alembic.autogenerate.constraints
setup plugin alembic.autogenerate.defaults
setup plugin alembic.autogenerate.comments
[comfy-env] ComfyUI-Sharp: 1 isolation env(s):
[comfy-env]   nodes -> /home/runner/work/comfy-gpu-ci/comfy-gpu-ci/ComfyUI/custom_nodes/ComfyUI-Sharp/nodes
[comfy-env] prestartup complete
[comfy-env] ComfyUI-GeometryPack: 3 isolation env(s):
[comfy-env]   blender -> /home/runner/work/comfy-gpu-ci/comfy-gpu-ci/ComfyUI/custom_nodes/ComfyUI-GeometryPack/nodes/blender
[comfy-env]   gpu -> /home/runner/work/comfy-gpu-ci/comfy-gpu-ci/ComfyUI/custom_nodes/ComfyUI-GeometryPack/nodes/gpu
[comfy-env]   main -> /home/runner/work/comfy-gpu-ci/comfy-gpu-ci/ComfyUI/custom_nodes/ComfyUI-GeometryPack/nodes/main
[comfy-env] prestartup complete

Prestartup times for custom nodes:
   0.1 seconds: /home/runner/work/comfy-gpu-ci/comfy-gpu-ci/ComfyUI/custom_nodes/ComfyUI-GeometryPack
   0.2 seconds: /home/runner/work/comfy-gpu-ci/comfy-gpu-ci/ComfyUI/custom_nodes/ComfyUI-Sharp

Found comfy_kitchen backend cuda: {'available': False, 'disabled': False, 'unavailable_reason': 'CUDA not available on this system', 'capabilities': []}
Found comfy_kitchen backend triton: {'available': False, 'disabled': True, 'unavailable_reason': 'Neither CUDA nor XPU available on this system', 'capabilities': []}
Found comfy_kitchen backend eager: {'available': True, 'disabled': False, 'unavailable_reason': None, 'capabilities': ['apply_rope', 'apply_rope1', 'dequantize_mxfp8', 'dequantize_nvfp4', 'dequantize_per_tensor_fp8', 'quantize_mxfp8', 'quantize_nvfp4', 'quantize_per_tensor_fp8', 'scaled_mm_mxfp8', 'scaled_mm_nvfp4']}
Checkpoint files will always be loaded safely.
Total VRAM 15994 MB, total RAM 15994 MB
pytorch version: 2.11.0+cu130
Set vram state to: DISABLED
Device: cpu
Using sub quadratic optimization for attention, if you have memory or speed issues try using: --use-split-cross-attention
Python version: 3.12.13 (main, Mar  4 2026, 02:26:36) [GCC 13.3.0]
ComfyUI version: 0.20.1
comfy-aimdo version: 0.3.0
comfy-kitchen version: 0.2.8
****** User settings have been changed to be stored on the server instead of browser storage. ******
****** For multi-user setups add the --multi-user CLI argument to enable multiple user profiles. ******
ComfyUI frontend version: 1.43.17
[Prompt Server] web root: /home/runner/work/comfy-gpu-ci/comfy-gpu-ci/.venv/lib/python3.12/site-packages/comfyui_frontend_package/static
Asset seeder disabled
[comfy-env] Version: 0.3.75
[comfy-env] register_nodes: ComfyUI-Sharp
[comfy-env] ComfyUI source dir: /home/runner/work/comfy-gpu-ci/comfy-gpu-ci/ComfyUI
[comfy-env] Found 1 isolation env(s)
[comfy-env] Scanning nodes metadata (isolation root)...
[comfy-env] Metadata scan: /home/runner/.pixi/bin/pixi run --as-is --manifest-path /home/runner/work/comfy-gpu-ci/comfy-gpu-ci/ComfyUI/.ce/pixi.toml -e sharp-nodes python /tmp/comfy_meta_np6cj2zu.py /home/runner/work/comfy-gpu-ci/comfy-gpu-ci/ComfyUI/custom_nodes/ComfyUI-Sharp nodes
[comfy-env] Scan env PATH for nodes:
[comfy-env]   [0] /opt/hostedtoolcache/Python/3.12.13/x64/bin
[comfy-env]   [1] /opt/hostedtoolcache/Python/3.12.13/x64
[comfy-env]   [2] /snap/bin
[comfy-env]   [3] /home/runner/.local/bin
[comfy-env]   [4] /opt/pipx_bin
[comfy-env]   [5] /home/runner/.cargo/bin
[comfy-env]   [6] /home/runner/.config/composer/vendor/bin
[comfy-env]   [7] /usr/local/.ghcup/bin
[comfy-env]   [8] /home/runner/.dotnet/tools
[comfy-env]   [9] /usr/local/sbin
[comfy-env]   [10] /usr/local/bin
[comfy-env]   [11] /usr/sbin
[comfy-env]   [12] /usr/bin
[comfy-env]   [13] /sbin
[comfy-env]   [14] /bin
[comfy-env]   [15] /usr/games
[comfy-env]   [16] /usr/local/games
[comfy-env]   [17] /snap/bin
[comfy-env] Metadata scan stderr for nodes:
[comfy-env]   [meta-scan] importing nodes from /home/runner/work/comfy-gpu-ci/comfy-gpu-ci/ComfyUI/custom_nodes/ComfyUI-Sharp
[comfy-env]   [meta-scan] import OK
[comfy-env] Scanned nodes: 8 nodes (3.8s)
[comfy-env] Scanned nodes root: 8 nodes (3.8s)
[comfy-env] Imported nodes root: 8 nodes (isolation)
[comfy-env] Registered 8 total nodes
loading...
calling register_nodes
[comfy-env] Version: 0.3.75
[comfy-env] register_nodes: ComfyUI-GeometryPack
[comfy-env] ComfyUI source dir: /home/runner/work/comfy-gpu-ci/comfy-gpu-ci/ComfyUI
[comfy-env] Found 3 isolation env(s)
[comfy-env] Importing nodes (root)...
[comfy-env] Imported nodes root: 0 nodes
[comfy-env] Scanning blender metadata...
[comfy-env] Scanning gpu metadata...
[comfy-env] Scanning main metadata...
[comfy-env] Metadata scan: /home/runner/.pixi/bin/pixi run --as-is --manifest-path /home/runner/work/comfy-gpu-ci/comfy-gpu-ci/ComfyUI/.ce/pixi.toml -e geometrypack-gpu python /tmp/comfy_meta_c2cx_ee2.py /home/runner/work/comfy-gpu-ci/comfy-gpu-ci/ComfyUI/custom_nodes/ComfyUI-GeometryPack nodes.gpu
[comfy-env] Scan env PATH for nodes.gpu:
[comfy-env]   [0] /opt/hostedtoolcache/Python/3.12.13/x64/bin
[comfy-env]   [1] /opt/hostedtoolcache/Python/3.12.13/x64
[comfy-env]   [2] /snap/bin
[comfy-env]   [3] /home/runner/.local/bin
[comfy-env]   [4] /opt/pipx_bin
[comfy-env]   [5] /home/runner/.cargo/bin
[comfy-env]   [6] /home/runner/.config/composer/vendor/bin
[comfy-env]   [7] /usr/local/.ghcup/bin
[comfy-env]   [8] /home/runner/.dotnet/tools
[comfy-env]   [9] /usr/local/sbin
[comfy-env]   [10] /usr/local/bin
[comfy-env]   [11] /usr/sbin
[comfy-env]   [12] /usr/bin
[comfy-env]   [13] /sbin
[comfy-env]   [14] /bin
[comfy-env]   [15] /usr/games
[comfy-env]   [16] /usr/local/games
[comfy-env]   [17] /snap/bin
[comfy-env] Metadata scan: /home/runner/.pixi/bin/pixi run --as-is --manifest-path /home/runner/work/comfy-gpu-ci/comfy-gpu-ci/ComfyUI/.ce/pixi.toml -e geometrypack-blender python /tmp/comfy_meta_ofzglok7.py /home/runner/work/comfy-gpu-ci/comfy-gpu-ci/ComfyUI/custom_nodes/ComfyUI-GeometryPack nodes.blender
[comfy-env] Scan env PATH for nodes.blender:
[comfy-env]   [0] /opt/hostedtoolcache/Python/3.12.13/x64/bin
[comfy-env]   [1] /opt/hostedtoolcache/Python/3.12.13/x64
[comfy-env]   [2] /snap/bin
[comfy-env]   [3] /home/runner/.local/bin
[comfy-env]   [4] /opt/pipx_bin
[comfy-env]   [5] /home/runner/.cargo/bin
[comfy-env]   [6] /home/runner/.config/composer/vendor/bin
[comfy-env]   [7] /usr/local/.ghcup/bin
[comfy-env]   [8] /home/runner/.dotnet/tools
[comfy-env]   [9] /usr/local/sbin
[comfy-env]   [10] /usr/local/bin
[comfy-env]   [11] /usr/sbin
[comfy-env]   [12] /usr/bin
[comfy-env]   [13] /sbin
[comfy-env]   [14] /bin
[comfy-env]   [15] /usr/games
[comfy-env]   [16] /usr/local/games
[comfy-env]   [17] /snap/bin
[comfy-env] Metadata scan: /home/runner/.pixi/bin/pixi run --as-is --manifest-path /home/runner/work/comfy-gpu-ci/comfy-gpu-ci/ComfyUI/.ce/pixi.toml -e geometrypack-main python /tmp/comfy_meta_60pivzqx.py /home/runner/work/comfy-gpu-ci/comfy-gpu-ci/ComfyUI/custom_nodes/ComfyUI-GeometryPack nodes.main
[comfy-env] Scan env PATH for nodes.main:
[comfy-env]   [0] /opt/hostedtoolcache/Python/3.12.13/x64/bin
[comfy-env]   [1] /opt/hostedtoolcache/Python/3.12.13/x64
[comfy-env]   [2] /snap/bin
[comfy-env]   [3] /home/runner/.local/bin
[comfy-env]   [4] /opt/pipx_bin
[comfy-env]   [5] /home/runner/.cargo/bin
[comfy-env]   [6] /home/runner/.config/composer/vendor/bin
[comfy-env]   [7] /usr/local/.ghcup/bin
[comfy-env]   [8] /home/runner/.dotnet/tools
[comfy-env]   [9] /usr/local/sbin
[comfy-env]   [10] /usr/local/bin
[comfy-env]   [11] /usr/sbin
[comfy-env]   [12] /usr/bin
[comfy-env]   [13] /sbin
[comfy-env]   [14] /bin
[comfy-env]   [15] /usr/games
[comfy-env]   [16] /usr/local/games
[comfy-env]   [17] /snap/bin
[comfy-env] Metadata scan stderr for nodes.gpu:
[comfy-env]   [meta-scan] importing nodes.gpu from /home/runner/work/comfy-gpu-ci/comfy-gpu-ci/ComfyUI/custom_nodes/ComfyUI-GeometryPack
[comfy-env]   [meta-scan] import OK
[comfy-env] Scanned nodes.gpu: 3 nodes (6.2s)
[comfy-env] Scanned gpu: 3 nodes (6.2s)
[comfy-env] Registered 3 isolation nodes from gpu
[comfy-env] Metadata scan stderr for nodes.blender:
[comfy-env]   [meta-scan] importing nodes.blender from /home/runner/work/comfy-gpu-ci/comfy-gpu-ci/ComfyUI/custom_nodes/ComfyUI-GeometryPack
[comfy-env]   [meta-scan] import OK
[comfy-env] Scanned nodes.blender: 12 nodes (7.7s)
[comfy-env] Scanned blender: 12 nodes (7.7s)
[comfy-env] Registered 12 isolation nodes from blender
[comfy-env] Metadata scan stderr for nodes.main:
[comfy-env]   [meta-scan] importing nodes.main from /home/runner/work/comfy-gpu-ci/comfy-gpu-ci/ComfyUI/custom_nodes/ComfyUI-GeometryPack
[comfy-env]   [meta-scan] import OK
[comfy-env] Scanned nodes.main: 110 nodes (10.8s)
[comfy-env] Scanned main: 110 nodes (10.8s)
[comfy-env] Registered 110 isolation nodes from main
[comfy-env] Registered 125 total nodes

Import times for custom nodes:
   0.0 seconds: /home/runner/work/comfy-gpu-ci/comfy-gpu-ci/ComfyUI/custom_nodes/websocket_image_save.py
   0.0 seconds: /home/runner/work/comfy-gpu-ci/comfy-gpu-ci/ComfyUI/custom_nodes/ComfyUI-validate-endpoint
   4.2 seconds: /home/runner/work/comfy-gpu-ci/comfy-gpu-ci/ComfyUI/custom_nodes/ComfyUI-Sharp
  10.9 seconds: /home/runner/work/comfy-gpu-ci/comfy-gpu-ci/ComfyUI/custom_nodes/ComfyUI-GeometryPack

Context impl SQLiteImpl.
Will assume non-transactional DDL.
Context impl SQLiteImpl.
Will assume non-transactional DDL.
Running upgrade  -> 0001_assets, Initial assets schema
Revision ID: 0001_assets
Revises: None
Create Date: 2025-12-10 00:00:00
Running upgrade 0001_assets -> 0002_merge_to_asset_references, Merge AssetInfo and AssetCacheState into unified asset_references table.
Running upgrade 0002_merge_to_asset_references -> 0003_add_metadata_job_id, Add system_metadata and job_id columns to asset_references.
Change preview_id FK from assets.id to asset_references.id.
Database upgraded from None to 0003_add_metadata_job_id
Starting server

To see the GUI go to: http://127.0.0.1:8188
=== /validate endpoint called ===
Received JSON with keys: ['prompt']
Prompt has 4 nodes
  Node 1: LoadImage
    Inputs: {"image": "beach.jpg"}
  Node 2: LoadSharpModel
    Inputs: {"precision": "auto"}
  Node 4: GeomPackPreviewGaussian
    Inputs: {"preview_gaussian": "", "ply_path": ["5", 0], "extrinsics": ["5", 1], "intrinsics": ["5", 2]}
  Node 5: SharpPredict
    Inputs: {"focal_length_mm": 30, "output_prefix": "sharp", "model": ["2", 0], "image": ["1", 0]}
Generated prompt_id: c679bb9f-4ee5-425f-b174-7d73cacb4d84
Calling execution.validate_prompt()...
Validation result: valid=True
=== Validation PASSED ===
got prompt
[comfy-env] Running LoadSharpModel: precision: 'auto'
[comfy-env] SubprocessWorker: /home/runner/work/comfy-gpu-ci/comfy-gpu-ci/ComfyUI/.ce/.pixi/envs/sharp-nodes/bin/python
[comfy-env] env_vars: {'COMFYUI_BASE': '/home/runner/work/comfy-gpu-ci/comfy-gpu-ci/ComfyUI'}
[SubprocessWorker] call_method: nodes.load_model.LoadSharpModel.EXECUTE_NORMALIZED
[SubprocessWorker] acquired lock, ensuring started...
[ComfyUI-Sharp] python: /home/runner/work/comfy-gpu-ci/comfy-gpu-ci/ComfyUI/.ce/.pixi/envs/sharp-nodes/bin/python
[ComfyUI-Sharp] sys_path sent to worker: ['/home/runner/work/comfy-gpu-ci/comfy-gpu-ci/ComfyUI', '/home/runner/work/comfy-gpu-ci/comfy-gpu-ci/ComfyUI/custom_nodes/ComfyUI-Sharp', '/home/runner/work/comfy-gpu-ci/comfy-gpu-ci/ComfyUI/.ce/.pixi/envs/sharp-nodes/lib/python3.12/site-packages', '/home/runner/work/comfy-gpu-ci/comfy-gpu-ci/ComfyUI/custom_nodes/ComfyUI-Sharp']
[SubprocessWorker] is_pixi=True, python=/home/runner/work/comfy-gpu-ci/comfy-gpu-ci/ComfyUI/.ce/.pixi/envs/sharp-nodes/bin/python
[SubprocessWorker] launching cmd=['/home/runner/.pixi/bin/pixi', 'run', '--as-is', '--manifest-path', '/home/runner/work/comfy-gpu-ci/comfy-gpu-ci/ComfyUI/.ce/pixi.toml', '-e', 'sharp-nodes', 'python', '/tmp/comfyui_pvenv_2ftyqg39/persistent_worker.py', 'abstract://comfy_worker_10eb7fd2fa26']...
[SubprocessWorker] socket_addr=abstract://comfy_worker_10eb7fd2fa26 (abstract, no filesystem path)
[SubprocessWorker] worker started/confirmed
[SubprocessWorker] serializing kwargs to shm...
[SubprocessWorker] created 0 shm blocks
[SubprocessWorker] sending request via socket...
[SubprocessWorker] call_id=1 sending call_method
Warning: You are sending unauthenticated requests to the HF Hub. Please set a HF_TOKEN to enable higher rate limits and faster downloads.
[worker:ComfyUI-Sharp] WARNING: Warning: You are sending unauthenticated requests to the HF Hub. Please set a HF_TOKEN to enable higher rate limits and faster downloads.
[SubprocessWorker] got response: ok
[comfy-env] LoadSharpModel done (18.18s): result: NodeOutput
[comfy-env] Running SharpPredict: focal_length_mm: 30.0, output_prefix: 'sharp', model: dict, image: torch.float32 [1,1024,1536,3] cpu
[SubprocessWorker] call_method: nodes.predict.SharpPredict.EXECUTE_NORMALIZED
[SubprocessWorker] acquired lock, ensuring started...
[ComfyUI-Sharp] Health check: ping (timeout=5.0s)...
[ComfyUI-Sharp] Health check: ok
[SubprocessWorker] worker started/confirmed
[comfy-env] PRE-SERIALIZE 'image' shape: torch.Size([1, 1024, 1536, 3])
[SubprocessWorker] serializing kwargs to shm...
[SubprocessWorker] created 0 shm blocks
[SubprocessWorker] sending request via socket...
[SubprocessWorker] call_id=2 sending call_method
[worker:ComfyUI-Sharp] [comfy-env] _from_shm got dict with keys: ['__type__', 'strategy', 'parent_pid', 'fd', 'storage_size']
[worker:ComfyUI-Sharp] [comfy-env] DESERIALIZE TensorRef: tensor_size=[1, 1024, 1536, 3]
[worker:ComfyUI-Sharp] [comfy-env] DESERIALIZED tensor shape: torch.Size([1, 1024, 1536, 3])
[SubprocessWorker] callback 'request_vram_budget' from call_id=2
[comfy-env] VRAM request: 2.81GB, free before eviction: 11.42GB
[comfy-env] VRAM after eviction: 11.42GB
[worker:ComfyUI-Sharp] WARNING: [SPN] start: 0.00 GB, input=[1, 3, 1536, 1536]
[worker:ComfyUI-Sharp] WARNING: [SPN] patches: 0.00 GB, x0=25 x1=9 x2=1 total=35
[worker:ComfyUI-Sharp] WARNING: [SPN] after first chunk (4/35): 0.00 GB, chunk_size=4
[worker:ComfyUI-Sharp] 
=== WATCHDOG TICK 1 ===
[worker:ComfyUI-Sharp] Thread 0x00007f2ce7b176c0 (most recent call first):
  File "/home/runner/work/comfy-gpu-ci/comfy-gpu-ci/ComfyUI/.ce/.pixi/envs/sharp-nodes/lib/python3.12/threading.py", line 359 in wait
  File "/home/runner/work/comfy-gpu-ci/comfy-gpu-ci/ComfyUI/.ce/.pixi/envs/sharp-nodes/lib/python3.12/threading.py", line 655 in wait
  File "/home/runner/work/comfy-gpu-ci/comfy-gpu-ci/ComfyUI/.ce/.pixi/envs/sharp-nodes/lib/python3.12/site-packages/tqdm/_monitor.py", line 60 in run
  File "/home/runner/work/comfy-gpu-ci/comfy-gpu-ci/ComfyUI/.ce/.pixi/envs/sharp-nodes/lib/python3.12/threading.py", line 1075 in _bootstrap_inner
  File "/home/runner/work/comfy-gpu-ci/comfy-gpu-ci/ComfyUI/.ce/.pixi/envs/sharp-nodes/lib/python3.12/threading.py", line 1032 in _bootstrap

Current thread 0x00007f2ce8b186c0 (most recent call first):
  File "/tmp/comfyui_pvenv_2ftyqg39/persistent_worker.py", line 52 in _watchdog
  File "/home/runner/work/comfy-gpu-ci/comfy-gpu-ci/ComfyUI/.ce/.pixi/envs/sharp-nodes/lib/python3.12/threading.py", line 1012 in run
  File "/home/runner/work/comfy-gpu-ci/comfy-gpu-ci/ComfyUI/.ce/.pixi/envs/sharp-nodes/lib/python3.12/threading.py", line 1075 in _bootstrap_inner
  File "/home/runner/work/comfy-gpu-ci/comfy-gpu-ci/ComfyUI/.ce/.pixi/envs/sharp-nodes/lib/python3.12/threading.py", line 1032 in _bootstrap

Thread 0x00007f2ce9621740 (most recent call first):
  File "/home/runner/work/comfy-gpu-ci/comfy-gpu-ci/ComfyUI/.ce/.pixi/envs/sharp-nodes/lib/python3.12/site-packages/torch/nn/modules/linear.py", line 134 in forward
  File "/home/runner/work/comfy-gpu-ci/comfy-gpu-ci/ComfyUI/comfy/ops.py", line 484 in forward
  File "/home/runner/work/comfy-gpu-ci/comfy-gpu-ci/ComfyUI/.ce/.pixi/envs/sharp-nodes/lib/python3.12/site-packages/torch/nn/modules/module.py", line 1790 in _call_impl
  File "/home/runner/work/comfy-gpu-ci/comfy-gpu-ci/ComfyUI/.ce/.pixi/envs/sharp-nodes/lib/python3.12/site-packages/torch/nn/modules/module.py", line 1779 in _wrapped_call_impl
  File "/home/runner/work/comfy-gpu-ci/comfy-gpu-ci/ComfyUI/custom_nodes/ComfyUI-Sharp/nodes/sharp/model.py", line 232 in forward
  File "/home/runner/work/comfy-gpu-ci/comfy-gpu-ci/ComfyUI/.ce/.pixi/envs/sharp-nodes/lib/python3.12/site-packages/torch/nn/modules/module.py", line 1790 in _call_impl
  File "/home/runner/work/comfy-gpu-ci/comfy-gpu-ci/ComfyUI/.ce/.pixi/envs/sharp-nodes/lib/python3.12/site-packages/torch/nn/modules/module.py", line 1779 in _wrapped_call_impl
  File "/home/runner/work/comfy-gpu-ci/comfy-gpu-ci/ComfyUI/custom_nodes/ComfyUI-Sharp/nodes/sharp/model.py", line 309 in forward
  File "/home/runner/work/comfy-gpu-ci/comfy-gpu-ci/ComfyUI/.ce/.pixi/envs/sharp-nodes/lib/python3.12/site-packages/torch/nn/modules/module.py", line 1790 in _call_impl
  File "/home/runner/work/comfy-gpu-ci/comfy-gpu-ci/ComfyUI/.ce/.pixi/envs/sharp-nodes/lib/python3.12/site-packages/torch/nn/modules/module.py", line 1779 in _wrapped_call_impl
  File "/home/runner/work/comfy-gpu-ci/comfy-gpu-ci/ComfyUI/custom_nodes/ComfyUI-Sharp/nodes/sharp/model.py", line 412 in forward
  File "/home/runner/work/comfy-gpu-ci/comfy-gpu-ci/ComfyUI/.ce/.pixi/envs/sharp-nodes/lib/python3.12/site-packages/torch/nn/modules/module.py", line 1790 in _call_impl
  File "/home/runner/work/comfy-gpu-ci/comfy-gpu-ci/ComfyUI/.ce/.pixi/envs/sharp-nodes/lib/python3.12/site-packages/torch/nn/modules/module.py", line 1779 in _wrapped_call_impl
  File "/home/runner/work/comfy-gpu-ci/comfy-gpu-ci/ComfyUI/custom_nodes/ComfyUI-Sharp/nodes/sharp/model.py", line 685 in forward
  File "/home/runner/work/comfy-gpu-ci/comfy-gpu-ci/ComfyUI/.ce/.pixi/envs/sharp-nodes/lib/python3.12/site-packages/torch/nn/modules/module.py", line 1790 in _call_impl
  File "/home/runner/work/comfy-gpu-ci/comfy-gpu-ci/ComfyUI/.ce/.pixi/envs/sharp-nodes/lib/python3.12/site-packages/torch/nn/modules/module.py", line 1779 in _wrapped_call_impl
  File "/home/runner/work/comfy-gpu-ci/comfy-gpu-ci/ComfyUI/custom_nodes/ComfyUI-Sharp/nodes/sharp/model.py", line 1109 in forward
  File "/home/runner/work/comfy-gpu-ci/comfy-gpu-ci/ComfyUI/.ce/.pixi/envs/sharp-nodes/lib/python3.12/site-packages/torch/nn/modules/module.py", line 1790 in _call_impl
  File "/home/runner/work/comfy-gpu-ci/comfy-gpu-ci/ComfyUI/.ce/.pixi/envs/sharp-nodes/lib/python3.12/site-packages/torch/nn/modules/module.py", line 1779 in _wrapped_call_impl
  File "/home/runner/work/comfy-gpu-ci/comfy-gpu-ci/ComfyUI/custom_nodes/ComfyUI-Sharp/nodes/sharp/model.py", line 2006 in encode
  File "/home/runner/work/comfy-gpu-ci/comfy-gpu-ci/ComfyUI/custom_nodes/ComfyUI-Sharp/nodes/predict.py", line 287 in _predict_image_cached
  File "/home/runner/work/comfy-gpu-ci/comfy-gpu-ci/ComfyUI/custom_nodes/ComfyUI-Sharp/nodes/predict.py", line 184 in execute
  File "/home/runner/work/comfy-gpu-ci/comfy-gpu-ci/ComfyUI/.ce/.pixi/envs/sharp-nodes/lib/python3.12/site-packages/torch/utils/_contextlib.py", line 124 in decorate_context
  File "/home/runner/work/comfy-gpu-ci/comfy-gpu-ci/ComfyUI/comfy_api/latest/_io.py", line 1833 in EXECUTE_NORMALIZED
  File "/tmp/comfyui_pvenv_2ftyqg39/persistent_worker.py", line 1762 in main
  File "/tmp/comfyui_pvenv_2ftyqg39/persistent_worker.py", line 1807 in <module>

[worker:ComfyUI-Sharp] === END ===

[worker:ComfyUI-Sharp] 
=== WATCHDOG TICK 2 ===
[worker:ComfyUI-Sharp] Thread 0x00007f2ce7b176c0 (most recent call first):
  File "/home/runner/work/comfy-gpu-ci/comfy-gpu-ci/ComfyUI/.ce/.pixi/envs/sharp-nodes/lib/python3.12/threading.py", line 359 in wait
  File "/home/runner/work/comfy-gpu-ci/comfy-gpu-ci/ComfyUI/.ce/.pixi/envs/sharp-nodes/lib/python3.12/threading.py", line 655 in wait
  File "/home/runner/work/comfy-gpu-ci/comfy-gpu-ci/ComfyUI/.ce/.pixi/envs/sharp-nodes/lib/python3.12/site-packages/tqdm/_monitor.py", line 60 in run
  File "/home/runner/work/comfy-gpu-ci/comfy-gpu-ci/ComfyUI/.ce/.pixi/envs/sharp-nodes/lib/python3.12/threading.py", line 1075 in _bootstrap_inner
  File "/home/runner/work/comfy-gpu-ci/comfy-gpu-ci/ComfyUI/.ce/.pixi/envs/sharp-nodes/lib/python3.12/threading.py", line 1032 in _bootstrap

Current thread 0x00007f2ce8b186c0 (most recent call first):
  File "/tmp/comfyui_pvenv_2ftyqg39/persistent_worker.py", line 52 in _watchdog
  File "/home/runner/work/comfy-gpu-ci/comfy-gpu-ci/ComfyUI/.ce/.pixi/envs/sharp-nodes/lib/python3.12/threading.py", line 1012 in run
  File "/home/runner/work/comfy-gpu-ci/comfy-gpu-ci/ComfyUI/.ce/.pixi/envs/sharp-nodes/lib/python3.12/threading.py", line 1075 in _bootstrap_inner
  File "/home/runner/work/comfy-gpu-ci/comfy-gpu-ci/ComfyUI/.ce/.pixi/envs/sharp-nodes/lib/python3.12/threading.py", line 1032 in _bootstrap

Thread 0x00007f2ce9621740 (most recent call first):
  File "/home/runner/work/comfy-gpu-ci/comfy-gpu-ci/ComfyUI/.ce/.pixi/envs/sharp-nodes/lib/python3.12/site-packages/torch/nn/modules/linear.py", line 134 in forward
  File "/home/runner/work/comfy-gpu-ci/comfy-gpu-ci/ComfyUI/comfy/ops.py", line 484 in forward
  File "/home/runner/work/comfy-gpu-ci/comfy-gpu-ci/ComfyUI/.ce/.pixi/envs/sharp-nodes/lib/python3.12/site-packages/torch/nn/modules/module.py", line 1790 in _call_impl
  File "/home/runner/work/comfy-gpu-ci/comfy-gpu-ci/ComfyUI/.ce/.pixi/envs/sharp-nodes/lib/python3.12/site-packages/torch/nn/modules/module.py", line 1779 in _wrapped_call_impl
  File "/home/runner/work/comfy-gpu-ci/comfy-gpu-ci/ComfyUI/custom_nodes/ComfyUI-Sharp/nodes/sharp/model.py", line 232 in forward
  File "/home/runner/work/comfy-gpu-ci/comfy-gpu-ci/ComfyUI/.ce/.pixi/envs/sharp-nodes/lib/python3.12/site-packages/torch/nn/modules/module.py", line 1790 in _call_impl
  File "/home/runner/work/comfy-gpu-ci/comfy-gpu-ci/ComfyUI/.ce/.pixi/envs/sharp-nodes/lib/python3.12/site-packages/torch/nn/modules/module.py", line 1779 in _wrapped_call_impl
  File "/home/runner/work/comfy-gpu-ci/comfy-gpu-ci/ComfyUI/custom_nodes/ComfyUI-Sharp/nodes/sharp/model.py", line 309 in forward
  File "/home/runner/work/comfy-gpu-ci/comfy-gpu-ci/ComfyUI/.ce/.pixi/envs/sharp-nodes/lib/python3.12/site-packages/torch/nn/modules/module.py", line 1790 in _call_impl
  File "/home/runner/work/comfy-gpu-ci/comfy-gpu-ci/ComfyUI/.ce/.pixi/envs/sharp-nodes/lib/python3.12/site-packages/torch/nn/modules/module.py", line 1779 in _wrapped_call_impl
  File "/home/runner/work/comfy-gpu-ci/comfy-gpu-ci/ComfyUI/custom_nodes/ComfyUI-Sharp/nodes/sharp/model.py", line 412 in forward
  File "/home/runner/work/comfy-gpu-ci/comfy-gpu-ci/ComfyUI/.ce/.pixi/envs/sharp-nodes/lib/python3.12/site-packages/torch/nn/modules/module.py", line 1790 in _call_impl
  File "/home/runner/work/comfy-gpu-ci/comfy-gpu-ci/ComfyUI/.ce/.pixi/envs/sharp-nodes/lib/python3.12/site-packages/torch/nn/modules/module.py", line 1779 in _wrapped_call_impl
  File "/home/runner/work/comfy-gpu-ci/comfy-gpu-ci/ComfyUI/custom_nodes/ComfyUI-Sharp/nodes/sharp/model.py", line 685 in forward
  File "/home/runner/work/comfy-gpu-ci/comfy-gpu-ci/ComfyUI/.ce/.pixi/envs/sharp-nodes/lib/python3.12/site-packages/torch/nn/modules/module.py", line 1790 in _call_impl
  File "/home/runner/work/comfy-gpu-ci/comfy-gpu-ci/ComfyUI/.ce/.pixi/envs/sharp-nodes/lib/python3.12/site-packages/torch/nn/modules/module.py", line 1779 in _wrapped_call_impl
  File "/home/runner/work/comfy-gpu-ci/comfy-gpu-ci/ComfyUI/custom_nodes/ComfyUI-Sharp/nodes/sharp/model.py", line 1109 in forward
  File "/home/runner/work/comfy-gpu-ci/comfy-gpu-ci/ComfyUI/.ce/.pixi/envs/sharp-nodes/lib/python3.12/site-packages/torch/nn/modules/module.py", line 1790 in _call_impl
  File "/home/runner/work/comfy-gpu-ci/comfy-gpu-ci/ComfyUI/.ce/.pixi/envs/sharp-nodes/lib/python3.12/site-packages/torch/nn/modules/module.py", line 1779 in _wrapped_call_impl
  File "/home/runner/work/comfy-gpu-ci/comfy-gpu-ci/ComfyUI/custom_nodes/ComfyUI-Sharp/nodes/sharp/model.py", line 2006 in encode
  File "/home/runner/work/comfy-gpu-ci/comfy-gpu-ci/ComfyUI/custom_nodes/ComfyUI-Sharp/nodes/predict.py", line 287 in _predict_image_cached
  File "/home/runner/work/comfy-gpu-ci/comfy-gpu-ci/ComfyUI/custom_nodes/ComfyUI-Sharp/nodes/predict.py", line 184 in execute
  File "/home/runner/work/comfy-gpu-ci/comfy-gpu-ci/ComfyUI/.ce/.pixi/envs/sharp-nodes/lib/python3.12/site-packages/torch/utils/_contextlib.py", line 124 in decorate_context
  File "/home/runner/work/comfy-gpu-ci/comfy-gpu-ci/ComfyUI/comfy_api/latest/_io.py", line 1833 in EXECUTE_NORMALIZED
  File "/tmp/comfyui_pvenv_2ftyqg39/persistent_worker.py", line 1762 in main
  File "/tmp/comfyui_pvenv_2ftyqg39/persistent_worker.py", line 1807 in <module>

[worker:ComfyUI-Sharp] === END ===

[worker:ComfyUI-Sharp] 
=== WATCHDOG TICK 3 ===
[worker:ComfyUI-Sharp] Thread 0x00007f2ce7b176c0 (most recent call first):
  File "/home/runner/work/comfy-gpu-ci/comfy-gpu-ci/ComfyUI/.ce/.pixi/envs/sharp-nodes/lib/python3.12/threading.py", line 359 in wait
  File "/home/runner/work/comfy-gpu-ci/comfy-gpu-ci/ComfyUI/.ce/.pixi/envs/sharp-nodes/lib/python3.12/threading.py", line 655 in wait
  File "/home/runner/work/comfy-gpu-ci/comfy-gpu-ci/ComfyUI/.ce/.pixi/envs/sharp-nodes/lib/python3.12/site-packages/tqdm/_monitor.py", line 60 in run
  File "/home/runner/work/comfy-gpu-ci/comfy-gpu-ci/ComfyUI/.ce/.pixi/envs/sharp-nodes/lib/python3.12/threading.py", line 1075 in _bootstrap_inner
  File "/home/runner/work/comfy-gpu-ci/comfy-gpu-ci/ComfyUI/.ce/.pixi/envs/sharp-nodes/lib/python3.12/threading.py", line 1032 in _bootstrap

Current thread 0x00007f2ce8b186c0 (most recent call first):
  File "/tmp/comfyui_pvenv_2ftyqg39/persistent_worker.py", line 52 in _watchdog
  File "/home/runner/work/comfy-gpu-ci/comfy-gpu-ci/ComfyUI/.ce/.pixi/envs/sharp-nodes/lib/python3.12/threading.py", line 1012 in run
  File "/home/runner/work/comfy-gpu-ci/comfy-gpu-ci/ComfyUI/.ce/.pixi/envs/sharp-nodes/lib/python3.12/threading.py", line 1075 in _bootstrap_inner
  File "/home/runner/work/comfy-gpu-ci/comfy-gpu-ci/ComfyUI/.ce/.pixi/envs/sharp-nodes/lib/python3.12/threading.py", line 1032 in _bootstrap

Thread 0x00007f2ce9621740 (most recent call first):
  File "/home/runner/work/comfy-gpu-ci/comfy-gpu-ci/ComfyUI/comfy/ldm/modules/sub_quadratic_attention.py", line 159 in _get_attention_scores_no_kv_chunking
  File "/home/runner/work/comfy-gpu-ci/comfy-gpu-ci/ComfyUI/comfy/ldm/modules/sub_quadratic_attention.py", line 259 in efficient_dot_product_attention
  File "/home/runner/work/comfy-gpu-ci/comfy-gpu-ci/ComfyUI/comfy/ldm/modules/attention.py", line 275 in attention_sub_quad
  File "/home/runner/work/comfy-gpu-ci/comfy-gpu-ci/ComfyUI/comfy/ldm/modules/attention.py", line 139 in wrapper
  File "/home/runner/work/comfy-gpu-ci/comfy-gpu-ci/ComfyUI/custom_nodes/ComfyUI-Sharp/nodes/sharp/model.py", line 234 in forward
  File "/home/runner/work/comfy-gpu-ci/comfy-gpu-ci/ComfyUI/.ce/.pixi/envs/sharp-nodes/lib/python3.12/site-packages/torch/nn/modules/module.py", line 1790 in _call_impl
  File "/home/runner/work/comfy-gpu-ci/comfy-gpu-ci/ComfyUI/.ce/.pixi/envs/sharp-nodes/lib/python3.12/site-packages/torch/nn/modules/module.py", line 1779 in _wrapped_call_impl
  File "/home/runner/work/comfy-gpu-ci/comfy-gpu-ci/ComfyUI/custom_nodes/ComfyUI-Sharp/nodes/sharp/model.py", line 309 in forward
  File "/home/runner/work/comfy-gpu-ci/comfy-gpu-ci/ComfyUI/.ce/.pixi/envs/sharp-nodes/lib/python3.12/site-packages/torch/nn/modules/module.py", line 1790 in _call_impl
  File "/home/runner/work/comfy-gpu-ci/comfy-gpu-ci/ComfyUI/.ce/.pixi/envs/sharp-nodes/lib/python3.12/site-packages/torch/nn/modules/module.py", line 1779 in _wrapped_call_impl
  File "/home/runner/work/comfy-gpu-ci/comfy-gpu-ci/ComfyUI/custom_nodes/ComfyUI-Sharp/nodes/sharp/model.py", line 412 in forward
  File "/home/runner/work/comfy-gpu-ci/comfy-gpu-ci/ComfyUI/.ce/.pixi/envs/sharp-nodes/lib/python3.12/site-packages/torch/nn/modules/module.py", line 1790 in _call_impl
  File "/home/runner/work/comfy-gpu-ci/comfy-gpu-ci/ComfyUI/.ce/.pixi/envs/sharp-nodes/lib/python3.12/site-packages/torch/nn/modules/module.py", line 1779 in _wrapped_call_impl
  File "/home/runner/work/comfy-gpu-ci/comfy-gpu-ci/ComfyUI/custom_nodes/ComfyUI-Sharp/nodes/sharp/model.py", line 685 in forward
  File "/home/runner/work/comfy-gpu-ci/comfy-gpu-ci/ComfyUI/.ce/.pixi/envs/sharp-nodes/lib/python3.12/site-packages/torch/nn/modules/module.py", line 1790 in _call_impl
  File "/home/runner/work/comfy-gpu-ci/comfy-gpu-ci/ComfyUI/.ce/.pixi/envs/sharp-nodes/lib/python3.12/site-packages/torch/nn/modules/module.py", line 1779 in _wrapped_call_impl
  File "/home/runner/work/comfy-gpu-ci/comfy-gpu-ci/ComfyUI/custom_nodes/ComfyUI-Sharp/nodes/sharp/model.py", line 1109 in forward
  File "/home/runner/work/comfy-gpu-ci/comfy-gpu-ci/ComfyUI/.ce/.pixi/envs/sharp-nodes/lib/python3.12/site-packages/torch/nn/modules/module.py", line 1790 in _call_impl
  File "/home/runner/work/comfy-gpu-ci/comfy-gpu-ci/ComfyUI/.ce/.pixi/envs/sharp-nodes/lib/python3.12/site-packages/torch/nn/modules/module.py", line 1779 in _wrapped_call_impl
  File "/home/runner/work/comfy-gpu-ci/comfy-gpu-ci/ComfyUI/custom_nodes/ComfyUI-Sharp/nodes/sharp/model.py", line 2006 in encode
  File "/home/runner/work/comfy-gpu-ci/comfy-gpu-ci/ComfyUI/custom_nodes/ComfyUI-Sharp/nodes/predict.py", line 287 in _predict_image_cached
  File "/home/runner/work/comfy-gpu-ci/comfy-gpu-ci/ComfyUI/custom_nodes/ComfyUI-Sharp/nodes/predict.py", line 184 in execute
  File "/home/runner/work/comfy-gpu-ci/comfy-gpu-ci/ComfyUI/.ce/.pixi/envs/sharp-nodes/lib/python3.12/site-packages/torch/utils/_contextlib.py", line 124 in decorate_context
  File "/home/runner/work/comfy-gpu-ci/comfy-gpu-ci/ComfyUI/comfy_api/latest/_io.py", line 1833 in EXECUTE_NORMALIZED
  File "/tmp/comfyui_pvenv_2ftyqg39/persistent_worker.py", line 1762 in main
  File "/tmp/comfyui_pvenv_2ftyqg39/persistent_worker.py", line 1807 in <module>

[worker:ComfyUI-Sharp] === END ===

[worker:ComfyUI-Sharp] WARNING: [SPN] after all chunks + cache clear: 0.00 GB
[worker:ComfyUI-Sharp] WARNING: [SPN] after merge intermediates: 0.00 GB
[worker:ComfyUI-Sharp] WARNING: [SPN] after merge all: 0.00 GB
[worker:ComfyUI-Sharp] WARNING: [SPN] after image_encoder: 0.00 GB
[worker:ComfyUI-Sharp] WARNING: [SPN] after upsample: 0.00 GB
[worker:ComfyUI-Sharp] WARNING: [Monodepth] after SPN encoder + cache clear: 0.00 GB
[worker:ComfyUI-Sharp] 
=== WATCHDOG TICK 4 ===
[worker:ComfyUI-Sharp] Thread 0x00007f2ce7b176c0 (most recent call first):
  File "/home/runner/work/comfy-gpu-ci/comfy-gpu-ci/ComfyUI/.ce/.pixi/envs/sharp-nodes/lib/python3.12/threading.py", line 359 in wait
  File "/home/runner/work/comfy-gpu-ci/comfy-gpu-ci/ComfyUI/.ce/.pixi/envs/sharp-nodes/lib/python3.12/threading.py", line 655 in wait
  File "/home/runner/work/comfy-gpu-ci/comfy-gpu-ci/ComfyUI/.ce/.pixi/envs/sharp-nodes/lib/python3.12/site-packages/tqdm/_monitor.py", line 60 in run
  File "/home/runner/work/comfy-gpu-ci/comfy-gpu-ci/ComfyUI/.ce/.pixi/envs/sharp-nodes/lib/python3.12/threading.py", line 1075 in _bootstrap_inner
  File "/home/runner/work/comfy-gpu-ci/comfy-gpu-ci/ComfyUI/.ce/.pixi/envs/sharp-nodes/lib/python3.12/threading.py", line 1032 in _bootstrap

Current thread 0x00007f2ce8b186c0 (most recent call first):
  File "/tmp/comfyui_pvenv_2ftyqg39/persistent_worker.py", line 52 in _watchdog
  File "/home/runner/work/comfy-gpu-ci/comfy-gpu-ci/ComfyUI/.ce/.pixi/envs/sharp-nodes/lib/python3.12/threading.py", line 1012 in run
  File "/home/runner/work/comfy-gpu-ci/comfy-gpu-ci/ComfyUI/.ce/.pixi/envs/sharp-nodes/lib/python3.12/threading.py", line 1075 in _bootstrap_inner
  File "/home/runner/work/comfy-gpu-ci/comfy-gpu-ci/ComfyUI/.ce/.pixi/envs/sharp-nodes/lib/python3.12/threading.py", line 1032 in _bootstrap

Thread 0x00007f2ce9621740 (most recent call first):
  File "/home/runner/work/comfy-gpu-ci/comfy-gpu-ci/ComfyUI/.ce/.pixi/envs/sharp-nodes/lib/python3.12/site-packages/torch/nn/modules/conv.py", line 548 in _conv_forward
  File "/home/runner/work/comfy-gpu-ci/comfy-gpu-ci/ComfyUI/.ce/.pixi/envs/sharp-nodes/lib/python3.12/site-packages/torch/nn/modules/conv.py", line 553 in forward
  File "/home/runner/work/comfy-gpu-ci/comfy-gpu-ci/ComfyUI/comfy/ops.py", line 518 in forward
  File "/home/runner/work/comfy-gpu-ci/comfy-gpu-ci/ComfyUI/.ce/.pixi/envs/sharp-nodes/lib/python3.12/site-packages/torch/nn/modules/module.py", line 1790 in _call_impl
  File "/home/runner/work/comfy-gpu-ci/comfy-gpu-ci/ComfyUI/.ce/.pixi/envs/sharp-nodes/lib/python3.12/site-packages/torch/nn/modules/module.py", line 1779 in _wrapped_call_impl
  File "/home/runner/work/comfy-gpu-ci/comfy-gpu-ci/ComfyUI/.ce/.pixi/envs/sharp-nodes/lib/python3.12/site-packages/torch/nn/modules/container.py", line 253 in forward
  File "/home/runner/work/comfy-gpu-ci/comfy-gpu-ci/ComfyUI/.ce/.pixi/envs/sharp-nodes/lib/python3.12/site-packages/torch/nn/modules/module.py", line 1790 in _call_impl
  File "/home/runner/work/comfy-gpu-ci/comfy-gpu-ci/ComfyUI/.ce/.pixi/envs/sharp-nodes/lib/python3.12/site-packages/torch/nn/modules/module.py", line 1779 in _wrapped_call_impl
  File "/home/runner/work/comfy-gpu-ci/comfy-gpu-ci/ComfyUI/custom_nodes/ComfyUI-Sharp/nodes/sharp/model.py", line 766 in forward
  File "/home/runner/work/comfy-gpu-ci/comfy-gpu-ci/ComfyUI/.ce/.pixi/envs/sharp-nodes/lib/python3.12/site-packages/torch/nn/modules/module.py", line 1790 in _call_impl
  File "/home/runner/work/comfy-gpu-ci/comfy-gpu-ci/ComfyUI/.ce/.pixi/envs/sharp-nodes/lib/python3.12/site-packages/torch/nn/modules/module.py", line 1779 in _wrapped_call_impl
  File "/home/runner/work/comfy-gpu-ci/comfy-gpu-ci/ComfyUI/custom_nodes/ComfyUI-Sharp/nodes/sharp/model.py", line 858 in forward
  File "/home/runner/work/comfy-gpu-ci/comfy-gpu-ci/ComfyUI/.ce/.pixi/envs/sharp-nodes/lib/python3.12/site-packages/torch/nn/modules/module.py", line 1790 in _call_impl
  File "/home/runner/work/comfy-gpu-ci/comfy-gpu-ci/ComfyUI/.ce/.pixi/envs/sharp-nodes/lib/python3.12/site-packages/torch/nn/modules/module.py", line 1779 in _wrapped_call_impl
  File "/home/runner/work/comfy-gpu-ci/comfy-gpu-ci/ComfyUI/custom_nodes/ComfyUI-Sharp/nodes/sharp/model.py", line 970 in forward
  File "/home/runner/work/comfy-gpu-ci/comfy-gpu-ci/ComfyUI/.ce/.pixi/envs/sharp-nodes/lib/python3.12/site-packages/torch/nn/modules/module.py", line 1790 in _call_impl
  File "/home/runner/work/comfy-gpu-ci/comfy-gpu-ci/ComfyUI/.ce/.pixi/envs/sharp-nodes/lib/python3.12/site-packages/torch/nn/modules/module.py", line 1779 in _wrapped_call_impl
  File "/home/runner/work/comfy-gpu-ci/comfy-gpu-ci/ComfyUI/custom_nodes/ComfyUI-Sharp/nodes/sharp/model.py", line 1118 in forward
  File "/home/runner/work/comfy-gpu-ci/comfy-gpu-ci/ComfyUI/.ce/.pixi/envs/sharp-nodes/lib/python3.12/site-packages/torch/nn/modules/module.py", line 1790 in _call_impl
  File "/home/runner/work/comfy-gpu-ci/comfy-gpu-ci/ComfyUI/.ce/.pixi/envs/sharp-nodes/lib/python3.12/site-packages/torch/nn/modules/module.py", line 1779 in _wrapped_call_impl
  File "/home/runner/work/comfy-gpu-ci/comfy-gpu-ci/ComfyUI/custom_nodes/ComfyUI-Sharp/nodes/sharp/model.py", line 2006 in encode
  File "/home/runner/work/comfy-gpu-ci/comfy-gpu-ci/ComfyUI/custom_nodes/ComfyUI-Sharp/nodes/predict.py", line 287 in _predict_image_cached
  File "/home/runner/work/comfy-gpu-ci/comfy-gpu-ci/ComfyUI/custom_nodes/ComfyUI-Sharp/nodes/predict.py", line 184 in execute
  File "/home/runner/work/comfy-gpu-ci/comfy-gpu-ci/ComfyUI/.ce/.pixi/envs/sharp-nodes/lib/python3.12/site-packages/torch/utils/_contextlib.py", line 124 in decorate_context
  File "/home/runner/work/comfy-gpu-ci/comfy-gpu-ci/ComfyUI/comfy_api/latest/_io.py", line 1833 in EXECUTE_NORMALIZED
  File "/tmp/comfyui_pvenv_2ftyqg39/persistent_worker.py", line 1762 in main
  File "/tmp/comfyui_pvenv_2ftyqg39/persistent_worker.py", line 1807 in <module>

[worker:ComfyUI-Sharp] === END ===

[worker:ComfyUI-Sharp] WARNING: [Monodepth] after decoder: 0.00 GB
[worker:ComfyUI-Sharp] WARNING: [Decode] start: 0.00 GB
[worker:ComfyUI-Sharp] WARNING: [Decode] after depth_alignment: 0.00 GB
[worker:ComfyUI-Sharp] WARNING: [Decode] after init_model: 0.00 GB
[worker:ComfyUI-Sharp] 
=== WATCHDOG TICK 5 ===
[worker:ComfyUI-Sharp] Thread 0x00007f2ce7b176c0 (most recent call first):
  File "/home/runner/work/comfy-gpu-ci/comfy-gpu-ci/ComfyUI/.ce/.pixi/envs/sharp-nodes/lib/python3.12/threading.py", line 359 in wait
  File "/home/runner/work/comfy-gpu-ci/comfy-gpu-ci/ComfyUI/.ce/.pixi/envs/sharp-nodes/lib/python3.12/threading.py", line 655 in wait
  File "/home/runner/work/comfy-gpu-ci/comfy-gpu-ci/ComfyUI/.ce/.pixi/envs/sharp-nodes/lib/python3.12/site-packages/tqdm/_monitor.py", line 60 in run
  File "/home/runner/work/comfy-gpu-ci/comfy-gpu-ci/ComfyUI/.ce/.pixi/envs/sharp-nodes/lib/python3.12/threading.py", line 1075 in _bootstrap_inner
  File "/home/runner/work/comfy-gpu-ci/comfy-gpu-ci/ComfyUI/.ce/.pixi/envs/sharp-nodes/lib/python3.12/threading.py", line 1032 in _bootstrap

Current thread 0x00007f2ce8b186c0 (most recent call first):
  File "/tmp/comfyui_pvenv_2ftyqg39/persistent_worker.py", line 52 in _watchdog
  File "/home/runner/work/comfy-gpu-ci/comfy-gpu-ci/ComfyUI/.ce/.pixi/envs/sharp-nodes/lib/python3.12/threading.py", line 1012 in run
  File "/home/runner/work/comfy-gpu-ci/comfy-gpu-ci/ComfyUI/.ce/.pixi/envs/sharp-nodes/lib/python3.12/threading.py", line 1075 in _bootstrap_inner
  File "/home/runner/work/comfy-gpu-ci/comfy-gpu-ci/ComfyUI/.ce/.pixi/envs/sharp-nodes/lib/python3.12/threading.py", line 1032 in _bootstrap

Thread 0x00007f2ce9621740 (most recent call first):
  File "/home/runner/work/comfy-gpu-ci/comfy-gpu-ci/ComfyUI/.ce/.pixi/envs/sharp-nodes/lib/python3.12/site-packages/torch/nn/functional.py", line 1723 in relu
  File "/home/runner/work/comfy-gpu-ci/comfy-gpu-ci/ComfyUI/.ce/.pixi/envs/sharp-nodes/lib/python3.12/site-packages/torch/nn/modules/activation.py", line 143 in forward
  File "/home/runner/work/comfy-gpu-ci/comfy-gpu-ci/ComfyUI/.ce/.pixi/envs/sharp-nodes/lib/python3.12/site-packages/torch/nn/modules/module.py", line 1790 in _call_impl
  File "/home/runner/work/comfy-gpu-ci/comfy-gpu-ci/ComfyUI/.ce/.pixi/envs/sharp-nodes/lib/python3.12/site-packages/torch/nn/modules/module.py", line 1779 in _wrapped_call_impl
  File "/home/runner/work/comfy-gpu-ci/comfy-gpu-ci/ComfyUI/.ce/.pixi/envs/sharp-nodes/lib/python3.12/site-packages/torch/nn/modules/container.py", line 253 in forward
  File "/home/runner/work/comfy-gpu-ci/comfy-gpu-ci/ComfyUI/.ce/.pixi/envs/sharp-nodes/lib/python3.12/site-packages/torch/nn/modules/module.py", line 1790 in _call_impl
  File "/home/runner/work/comfy-gpu-ci/comfy-gpu-ci/ComfyUI/.ce/.pixi/envs/sharp-nodes/lib/python3.12/site-packages/torch/nn/modules/module.py", line 1779 in _wrapped_call_impl
  File "/home/runner/work/comfy-gpu-ci/comfy-gpu-ci/ComfyUI/custom_nodes/ComfyUI-Sharp/nodes/sharp/model.py", line 766 in forward
  File "/home/runner/work/comfy-gpu-ci/comfy-gpu-ci/ComfyUI/.ce/.pixi/envs/sharp-nodes/lib/python3.12/site-packages/torch/nn/modules/module.py", line 1790 in _call_impl
  File "/home/runner/work/comfy-gpu-ci/comfy-gpu-ci/ComfyUI/.ce/.pixi/envs/sharp-nodes/lib/python3.12/site-packages/torch/nn/modules/module.py", line 1779 in _wrapped_call_impl
  File "/home/runner/work/comfy-gpu-ci/comfy-gpu-ci/ComfyUI/custom_nodes/ComfyUI-Sharp/nodes/sharp/model.py", line 858 in forward
  File "/home/runner/work/comfy-gpu-ci/comfy-gpu-ci/ComfyUI/.ce/.pixi/envs/sharp-nodes/lib/python3.12/site-packages/torch/nn/modules/module.py", line 1790 in _call_impl
  File "/home/runner/work/comfy-gpu-ci/comfy-gpu-ci/ComfyUI/.ce/.pixi/envs/sharp-nodes/lib/python3.12/site-packages/torch/nn/modules/module.py", line 1779 in _wrapped_call_impl
  File "/home/runner/work/comfy-gpu-ci/comfy-gpu-ci/ComfyUI/custom_nodes/ComfyUI-Sharp/nodes/sharp/model.py", line 1352 in forward
  File "/home/runner/work/comfy-gpu-ci/comfy-gpu-ci/ComfyUI/.ce/.pixi/envs/sharp-nodes/lib/python3.12/site-packages/torch/nn/modules/module.py", line 1790 in _call_impl
  File "/home/runner/work/comfy-gpu-ci/comfy-gpu-ci/ComfyUI/.ce/.pixi/envs/sharp-nodes/lib/python3.12/site-packages/torch/nn/modules/module.py", line 1779 in _wrapped_call_impl
  File "/home/runner/work/comfy-gpu-ci/comfy-gpu-ci/ComfyUI/custom_nodes/ComfyUI-Sharp/nodes/sharp/model.py", line 2030 in decode
  File "/home/runner/work/comfy-gpu-ci/comfy-gpu-ci/ComfyUI/custom_nodes/ComfyUI-Sharp/nodes/predict.py", line 303 in _predict_image_cached
  File "/home/runner/work/comfy-gpu-ci/comfy-gpu-ci/ComfyUI/custom_nodes/ComfyUI-Sharp/nodes/predict.py", line 184 in execute
  File "/home/runner/work/comfy-gpu-ci/comfy-gpu-ci/ComfyUI/.ce/.pixi/envs/sharp-nodes/lib/python3.12/site-packages/torch/utils/_contextlib.py", line 124 in decorate_context
  File "/home/runner/work/comfy-gpu-ci/comfy-gpu-ci/ComfyUI/comfy_api/latest/_io.py", line 1833 in EXECUTE_NORMALIZED
  File "/tmp/comfyui_pvenv_2ftyqg39/persistent_worker.py", line 1762 in main
  File "/tmp/comfyui_pvenv_2ftyqg39/persistent_worker.py", line 1807 in <module>

[worker:ComfyUI-Sharp] === END ===

[worker:ComfyUI-Sharp] WARNING: [Decode] after feature_model: 0.00 GB
[worker:ComfyUI-Sharp] WARNING: [Decode] after prediction_head: 0.00 GB
[SubprocessWorker] callback 'report_progress' from call_id=2
[SubprocessWorker] got response: ok
[comfy-env] SharpPredict done (302.90s): result: NodeOutput
[comfy-env] Running GeomPackPreviewGaussian: ply_path: '/home/runner/work/comfy-gpu-ci/comfy-gpu-ci/ComfyUI/outp..., extrinsics: list[4], intrinsics: list[3]
[comfy-env] SubprocessWorker: /home/runner/work/comfy-gpu-ci/comfy-gpu-ci/ComfyUI/.ce/.pixi/envs/geometrypack-main/bin/python
[comfy-env] env_vars: {'KMP_DUPLICATE_LIB_OK': 'TRUE', 'COMFYUI_BASE': '/home/runner/work/comfy-gpu-ci/comfy-gpu-ci/ComfyUI'}
[SubprocessWorker] call_method: nodes.main.visualization.preview_gaussian.PreviewGaussianNode.EXECUTE_NORMALIZED
[SubprocessWorker] acquired lock, ensuring started...
[ComfyUI-GeometryPack] python: /home/runner/work/comfy-gpu-ci/comfy-gpu-ci/ComfyUI/.ce/.pixi/envs/geometrypack-main/bin/python
[ComfyUI-GeometryPack] sys_path sent to worker: ['/home/runner/work/comfy-gpu-ci/comfy-gpu-ci/ComfyUI', '/home/runner/work/comfy-gpu-ci/comfy-gpu-ci/ComfyUI/custom_nodes/ComfyUI-GeometryPack', '/home/runner/work/comfy-gpu-ci/comfy-gpu-ci/ComfyUI/.ce/.pixi/envs/geometrypack-main/lib/python3.12/site-packages', '/home/runner/work/comfy-gpu-ci/comfy-gpu-ci/ComfyUI/custom_nodes/ComfyUI-GeometryPack']
[SubprocessWorker] is_pixi=True, python=/home/runner/work/comfy-gpu-ci/comfy-gpu-ci/ComfyUI/.ce/.pixi/envs/geometrypack-main/bin/python
[SubprocessWorker] launching cmd=['/home/runner/.pixi/bin/pixi', 'run', '--as-is', '--manifest-path', '/home/runner/work/comfy-gpu-ci/comfy-gpu-ci/ComfyUI/.ce/pixi.toml', '-e', 'geometrypack-main', 'python', '/tmp/comfyui_pvenv_fz5f84x_/persistent_worker.py', 'abstract://comfy_worker_1f718cf84972']...
[SubprocessWorker] socket_addr=abstract://comfy_worker_1f718cf84972 (abstract, no filesystem path)
[SubprocessWorker] worker started/confirmed
[SubprocessWorker] serializing kwargs to shm...
[SubprocessWorker] created 0 shm blocks
[SubprocessWorker] sending request via socket...
[SubprocessWorker] call_id=1 sending call_method
[worker:ComfyUI-GeometryPack] INFO: Loading PLY: sharp_1778239134609.ply (63.00 MB)
[SubprocessWorker] got response: ok
[comfy-env] GeomPackPreviewGaussian done (4.43s): result: NodeOutput
Prompt executed in 325.58 seconds
=== /validate endpoint called ===
Received JSON with keys: ['prompt']
Prompt has 4 nodes
  Node 2: LoadSharpModel
    Inputs: {"precision": "auto"}
  Node 7: SharpPredict
    Inputs: {"focal_length_mm": ["9", 2], "output_prefix": "sharp", "model": ["2", 0], "image": ["9", 0]}
  Node 8: GeomPackPreviewGaussian
    Inputs: {"preview_gaussian": "", "ply_path": ["7", 0], "extrinsics": ["7", 1], "intrinsics": ["7", 2]}
  Node 9: LoadImageWithExif
    Inputs: {"image": "eth3d.png", "default_focal_mm": 30}
Generated prompt_id: deeecaaa-3051-44e6-9cc8-03c4c7487809
Calling execution.validate_prompt()...
Validation result: valid=True
=== Validation PASSED ===
got prompt
[comfy-env] Running LoadImageWithExif: image: 'eth3d.png', default_focal_mm: 30.0
[SubprocessWorker] call_method: nodes.load_image_exif.LoadImageWithExif.EXECUTE_NORMALIZED
[SubprocessWorker] acquired lock, ensuring started...
[ComfyUI-Sharp] Health check: ping (timeout=5.0s)...
[ComfyUI-Sharp] Health check: failed
[ComfyUI-Sharp] Socket unhealthy, restarting worker...
[ComfyUI-Sharp] python: /home/runner/work/comfy-gpu-ci/comfy-gpu-ci/ComfyUI/.ce/.pixi/envs/sharp-nodes/bin/python
[ComfyUI-Sharp] sys_path sent to worker: ['/home/runner/work/comfy-gpu-ci/comfy-gpu-ci/ComfyUI', '/home/runner/work/comfy-gpu-ci/comfy-gpu-ci/ComfyUI/custom_nodes/ComfyUI-Sharp', '/home/runner/work/comfy-gpu-ci/comfy-gpu-ci/ComfyUI/.ce/.pixi/envs/sharp-nodes/lib/python3.12/site-packages', '/home/runner/work/comfy-gpu-ci/comfy-gpu-ci/ComfyUI/custom_nodes/ComfyUI-Sharp']
[SubprocessWorker] is_pixi=True, python=/home/runner/work/comfy-gpu-ci/comfy-gpu-ci/ComfyUI/.ce/.pixi/envs/sharp-nodes/bin/python
[SubprocessWorker] launching cmd=['/home/runner/.pixi/bin/pixi', 'run', '--as-is', '--manifest-path', '/home/runner/work/comfy-gpu-ci/comfy-gpu-ci/ComfyUI/.ce/pixi.toml', '-e', 'sharp-nodes', 'python', '/tmp/comfyui_pvenv_2ftyqg39/persistent_worker.py', 'abstract://comfy_worker_83cf6ffadb64']...
[SubprocessWorker] socket_addr=abstract://comfy_worker_83cf6ffadb64 (abstract, no filesystem path)
[SubprocessWorker] worker started/confirmed
[SubprocessWorker] serializing kwargs to shm...
[SubprocessWorker] created 0 shm blocks
[SubprocessWorker] sending request via socket...
[SubprocessWorker] call_id=3 sending call_method
[SubprocessWorker] got response: ok
[comfy-env] LoadImageWithExif done (3.86s): result: NodeOutput
[comfy-env] Running LoadSharpModel: precision: 'auto'
[SubprocessWorker] call_method: nodes.load_model.LoadSharpModel.EXECUTE_NORMALIZED
[SubprocessWorker] acquired lock, ensuring started...
[ComfyUI-Sharp] Health check: ping (timeout=5.0s)...
[ComfyUI-Sharp] Health check: ok
[SubprocessWorker] worker started/confirmed
[SubprocessWorker] serializing kwargs to shm...
[SubprocessWorker] created 0 shm blocks
[SubprocessWorker] sending request via socket...
[SubprocessWorker] call_id=4 sending call_method
Warning: You are sending unauthenticated requests to the HF Hub. Please set a HF_TOKEN to enable higher rate limits and faster downloads.
[worker:ComfyUI-Sharp] WARNING: Warning: You are sending unauthenticated requests to the HF Hub. Please set a HF_TOKEN to enable higher rate limits and faster downloads.
[SubprocessWorker] got response: ok
[comfy-env] LoadSharpModel done (0.19s): result: NodeOutput
[comfy-env] Running SharpPredict: focal_length_mm: 20.0, output_prefix: 'sharp', model: dict, image: torch.float32 [1,2022,3040,3] cpu
[SubprocessWorker] call_method: nodes.predict.SharpPredict.EXECUTE_NORMALIZED
[SubprocessWorker] acquired lock, ensuring started...
[ComfyUI-Sharp] Health check: ping (timeout=5.0s)...
[ComfyUI-Sharp] Health check: ok
[SubprocessWorker] worker started/confirmed
[comfy-env] PRE-SERIALIZE 'image' shape: torch.Size([1, 2022, 3040, 3])
[SubprocessWorker] serializing kwargs to shm...
[SubprocessWorker] created 0 shm blocks
[SubprocessWorker] sending request via socket...
[SubprocessWorker] call_id=5 sending call_method
[worker:ComfyUI-Sharp] [comfy-env] _from_shm got dict with keys: ['__type__', 'strategy', 'parent_pid', 'fd', 'storage_size']
[worker:ComfyUI-Sharp] [comfy-env] DESERIALIZE TensorRef: tensor_size=[1, 2022, 3040, 3]
[worker:ComfyUI-Sharp] [comfy-env] DESERIALIZED tensor shape: torch.Size([1, 2022, 3040, 3])
[SubprocessWorker] callback 'request_vram_budget' from call_id=5
[comfy-env] VRAM request: 2.81GB, free before eviction: 10.91GB
[comfy-env] VRAM after eviction: 10.91GB
[worker:ComfyUI-Sharp] WARNING: [SPN] start: 0.00 GB, input=[1, 3, 1536, 1536]
[worker:ComfyUI-Sharp] WARNING: [SPN] patches: 0.00 GB, x0=25 x1=9 x2=1 total=35
[worker:ComfyUI-Sharp] WARNING: [SPN] after first chunk (4/35): 0.00 GB, chunk_size=4
[worker:ComfyUI-Sharp] 
=== WATCHDOG TICK 1 ===
[worker:ComfyUI-Sharp] Thread 0x00007fe86596e6c0 (most recent call first):
  File "/home/runner/work/comfy-gpu-ci/comfy-gpu-ci/ComfyUI/.ce/.pixi/envs/sharp-nodes/lib/python3.12/socket.py", line 295 in accept
  File "/home/runner/work/comfy-gpu-ci/comfy-gpu-ci/ComfyUI/.ce/.pixi/envs/sharp-nodes/lib/python3.12/multiprocessing/connection.py", line 626 in accept
  File "/home/runner/work/comfy-gpu-ci/comfy-gpu-ci/ComfyUI/.ce/.pixi/envs/sharp-nodes/lib/python3.12/multiprocessing/connection.py", line 480 in accept
  File "/home/runner/work/comfy-gpu-ci/comfy-gpu-ci/ComfyUI/.ce/.pixi/envs/sharp-nodes/lib/python3.12/multiprocessing/resource_sharer.py", line 138 in _serve
  File "/home/runner/work/comfy-gpu-ci/comfy-gpu-ci/ComfyUI/.ce/.pixi/envs/sharp-nodes/lib/python3.12/threading.py", line 1012 in run
  File "/home/runner/work/comfy-gpu-ci/comfy-gpu-ci/ComfyUI/.ce/.pixi/envs/sharp-nodes/lib/python3.12/threading.py", line 1075 in _bootstrap_inner
  File "/home/runner/work/comfy-gpu-ci/comfy-gpu-ci/ComfyUI/.ce/.pixi/envs/sharp-nodes/lib/python3.12/threading.py", line 1032 in _bootstrap

Current thread 0x00007fe8669736c0 (most recent call first):
  File "/tmp/comfyui_pvenv_2ftyqg39/persistent_worker.py", line 52 in _watchdog
  File "/home/runner/work/comfy-gpu-ci/comfy-gpu-ci/ComfyUI/.ce/.pixi/envs/sharp-nodes/lib/python3.12/threading.py", line 1012 in run
  File "/home/runner/work/comfy-gpu-ci/comfy-gpu-ci/ComfyUI/.ce/.pixi/envs/sharp-nodes/lib/python3.12/threading.py", line 1075 in _bootstrap_inner
  File "/home/runner/work/comfy-gpu-ci/comfy-gpu-ci/ComfyUI/.ce/.pixi/envs/sharp-nodes/lib/python3.12/threading.py", line 1032 in _bootstrap

Thread 0x00007fe86746f740 (most recent call first):
  File "/home/runner/work/comfy-gpu-ci/comfy-gpu-ci/ComfyUI/.ce/.pixi/envs/sharp-nodes/lib/python3.12/site-packages/torch/nn/modules/linear.py", line 134 in forward
  File "/home/runner/work/comfy-gpu-ci/comfy-gpu-ci/ComfyUI/comfy/ops.py", line 484 in forward
  File "/home/runner/work/comfy-gpu-ci/comfy-gpu-ci/ComfyUI/.ce/.pixi/envs/sharp-nodes/lib/python3.12/site-packages/torch/nn/modules/module.py", line 1790 in _call_impl
  File "/home/runner/work/comfy-gpu-ci/comfy-gpu-ci/ComfyUI/.ce/.pixi/envs/sharp-nodes/lib/python3.12/site-packages/torch/nn/modules/module.py", line 1779 in _wrapped_call_impl
  File "/home/runner/work/comfy-gpu-ci/comfy-gpu-ci/ComfyUI/custom_nodes/ComfyUI-Sharp/nodes/sharp/model.py", line 274 in forward
  File "/home/runner/work/comfy-gpu-ci/comfy-gpu-ci/ComfyUI/.ce/.pixi/envs/sharp-nodes/lib/python3.12/site-packages/torch/nn/modules/module.py", line 1790 in _call_impl
  File "/home/runner/work/comfy-gpu-ci/comfy-gpu-ci/ComfyUI/.ce/.pixi/envs/sharp-nodes/lib/python3.12/site-packages/torch/nn/modules/module.py", line 1779 in _wrapped_call_impl
  File "/home/runner/work/comfy-gpu-ci/comfy-gpu-ci/ComfyUI/custom_nodes/ComfyUI-Sharp/nodes/sharp/model.py", line 310 in forward
  File "/home/runner/work/comfy-gpu-ci/comfy-gpu-ci/ComfyUI/.ce/.pixi/envs/sharp-nodes/lib/python3.12/site-packages/torch/nn/modules/module.py", line 1790 in _call_impl
  File "/home/runner/work/comfy-gpu-ci/comfy-gpu-ci/ComfyUI/.ce/.pixi/envs/sharp-nodes/lib/python3.12/site-packages/torch/nn/modules/module.py", line 1779 in _wrapped_call_impl
  File "/home/runner/work/comfy-gpu-ci/comfy-gpu-ci/ComfyUI/custom_nodes/ComfyUI-Sharp/nodes/sharp/model.py", line 412 in forward
  File "/home/runner/work/comfy-gpu-ci/comfy-gpu-ci/ComfyUI/.ce/.pixi/envs/sharp-nodes/lib/python3.12/site-packages/torch/nn/modules/module.py", line 1790 in _call_impl
  File "/home/runner/work/comfy-gpu-ci/comfy-gpu-ci/ComfyUI/.ce/.pixi/envs/sharp-nodes/lib/python3.12/site-packages/torch/nn/modules/module.py", line 1779 in _wrapped_call_impl
  File "/home/runner/work/comfy-gpu-ci/comfy-gpu-ci/ComfyUI/custom_nodes/ComfyUI-Sharp/nodes/sharp/model.py", line 685 in forward
  File "/home/runner/work/comfy-gpu-ci/comfy-gpu-ci/ComfyUI/.ce/.pixi/envs/sharp-nodes/lib/python3.12/site-packages/torch/nn/modules/module.py", line 1790 in _call_impl
  File "/home/runner/work/comfy-gpu-ci/comfy-gpu-ci/ComfyUI/.ce/.pixi/envs/sharp-nodes/lib/python3.12/site-packages/torch/nn/modules/module.py", line 1779 in _wrapped_call_impl
  File "/home/runner/work/comfy-gpu-ci/comfy-gpu-ci/ComfyUI/custom_nodes/ComfyUI-Sharp/nodes/sharp/model.py", line 1109 in forward
  File "/home/runner/work/comfy-gpu-ci/comfy-gpu-ci/ComfyUI/.ce/.pixi/envs/sharp-nodes/lib/python3.12/site-packages/torch/nn/modules/module.py", line 1790 in _call_impl
  File "/home/runner/work/comfy-gpu-ci/comfy-gpu-ci/ComfyUI/.ce/.pixi/envs/sharp-nodes/lib/python3.12/site-packages/torch/nn/modules/module.py", line 1779 in _wrapped_call_impl
  File "/home/runner/work/comfy-gpu-ci/comfy-gpu-ci/ComfyUI/custom_nodes/ComfyUI-Sharp/nodes/sharp/model.py", line 2006 in encode
  File "/home/runner/work/comfy-gpu-ci/comfy-gpu-ci/ComfyUI/custom_nodes/ComfyUI-Sharp/nodes/predict.py", line 287 in _predict_image_cached
  File "/home/runner/work/comfy-gpu-ci/comfy-gpu-ci/ComfyUI/custom_nodes/ComfyUI-Sharp/nodes/predict.py", line 184 in execute
  File "/home/runner/work/comfy-gpu-ci/comfy-gpu-ci/ComfyUI/.ce/.pixi/envs/sharp-nodes/lib/python3.12/site-packages/torch/utils/_contextlib.py", line 124 in decorate_context
  File "/home/runner/work/comfy-gpu-ci/comfy-gpu-ci/ComfyUI/comfy_api/latest/_io.py", line 1833 in EXECUTE_NORMALIZED
  File "/tmp/comfyui_pvenv_2ftyqg39/persistent_worker.py", line 1762 in main
  File "/tmp/comfyui_pvenv_2ftyqg39/persistent_worker.py", line 1807 in <module>

[worker:ComfyUI-Sharp] === END ===

[worker:ComfyUI-Sharp] 
=== WATCHDOG TICK 2 ===
[worker:ComfyUI-Sharp] Thread 0x00007fe86596e6c0 (most recent call first):
  File "/home/runner/work/comfy-gpu-ci/comfy-gpu-ci/ComfyUI/.ce/.pixi/envs/sharp-nodes/lib/python3.12/socket.py", line 295 in accept
  File "/home/runner/work/comfy-gpu-ci/comfy-gpu-ci/ComfyUI/.ce/.pixi/envs/sharp-nodes/lib/python3.12/multiprocessing/connection.py", line 626 in accept
  File "/home/runner/work/comfy-gpu-ci/comfy-gpu-ci/ComfyUI/.ce/.pixi/envs/sharp-nodes/lib/python3.12/multiprocessing/connection.py", line 480 in accept
  File "/home/runner/work/comfy-gpu-ci/comfy-gpu-ci/ComfyUI/.ce/.pixi/envs/sharp-nodes/lib/python3.12/multiprocessing/resource_sharer.py", line 138 in _serve
  File "/home/runner/work/comfy-gpu-ci/comfy-gpu-ci/ComfyUI/.ce/.pixi/envs/sharp-nodes/lib/python3.12/threading.py", line 1012 in run
  File "/home/runner/work/comfy-gpu-ci/comfy-gpu-ci/ComfyUI/.ce/.pixi/envs/sharp-nodes/lib/python3.12/threading.py", line 1075 in _bootstrap_inner
  File "/home/runner/work/comfy-gpu-ci/comfy-gpu-ci/ComfyUI/.ce/.pixi/envs/sharp-nodes/lib/python3.12/threading.py", line 1032 in _bootstrap

Current thread 0x00007fe8669736c0 (most recent call first):
  File "/tmp/comfyui_pvenv_2ftyqg39/persistent_worker.py", line 52 in _watchdog
  File "/home/runner/work/comfy-gpu-ci/comfy-gpu-ci/ComfyUI/.ce/.pixi/envs/sharp-nodes/lib/python3.12/threading.py", line 1012 in run
  File "/home/runner/work/comfy-gpu-ci/comfy-gpu-ci/ComfyUI/.ce/.pixi/envs/sharp-nodes/lib/python3.12/threading.py", line 1075 in _bootstrap_inner
  File "/home/runner/work/comfy-gpu-ci/comfy-gpu-ci/ComfyUI/.ce/.pixi/envs/sharp-nodes/lib/python3.12/threading.py", line 1032 in _bootstrap

Thread 0x00007fe86746f740 (most recent call first):
  File "/home/runner/work/comfy-gpu-ci/comfy-gpu-ci/ComfyUI/.ce/.pixi/envs/sharp-nodes/lib/python3.12/site-packages/torch/nn/modules/linear.py", line 134 in forward
  File "/home/runner/work/comfy-gpu-ci/comfy-gpu-ci/ComfyUI/comfy/ops.py", line 484 in forward
  File "/home/runner/work/comfy-gpu-ci/comfy-gpu-ci/ComfyUI/.ce/.pixi/envs/sharp-nodes/lib/python3.12/site-packages/torch/nn/modules/module.py", line 1790 in _call_impl
  File "/home/runner/work/comfy-gpu-ci/comfy-gpu-ci/ComfyUI/.ce/.pixi/envs/sharp-nodes/lib/python3.12/site-packages/torch/nn/modules/module.py", line 1779 in _wrapped_call_impl
  File "/home/runner/work/comfy-gpu-ci/comfy-gpu-ci/ComfyUI/custom_nodes/ComfyUI-Sharp/nodes/sharp/model.py", line 232 in forward
  File "/home/runner/work/comfy-gpu-ci/comfy-gpu-ci/ComfyUI/.ce/.pixi/envs/sharp-nodes/lib/python3.12/site-packages/torch/nn/modules/module.py", line 1790 in _call_impl
  File "/home/runner/work/comfy-gpu-ci/comfy-gpu-ci/ComfyUI/.ce/.pixi/envs/sharp-nodes/lib/python3.12/site-packages/torch/nn/modules/module.py", line 1779 in _wrapped_call_impl
  File "/home/runner/work/comfy-gpu-ci/comfy-gpu-ci/ComfyUI/custom_nodes/ComfyUI-Sharp/nodes/sharp/model.py", line 309 in forward
  File "/home/runner/work/comfy-gpu-ci/comfy-gpu-ci/ComfyUI/.ce/.pixi/envs/sharp-nodes/lib/python3.12/site-packages/torch/nn/modules/module.py", line 1790 in _call_impl
  File "/home/runner/work/comfy-gpu-ci/comfy-gpu-ci/ComfyUI/.ce/.pixi/envs/sharp-nodes/lib/python3.12/site-packages/torch/nn/modules/module.py", line 1779 in _wrapped_call_impl
  File "/home/runner/work/comfy-gpu-ci/comfy-gpu-ci/ComfyUI/custom_nodes/ComfyUI-Sharp/nodes/sharp/model.py", line 412 in forward
  File "/home/runner/work/comfy-gpu-ci/comfy-gpu-ci/ComfyUI/.ce/.pixi/envs/sharp-nodes/lib/python3.12/site-packages/torch/nn/modules/module.py", line 1790 in _call_impl
  File "/home/runner/work/comfy-gpu-ci/comfy-gpu-ci/ComfyUI/.ce/.pixi/envs/sharp-nodes/lib/python3.12/site-packages/torch/nn/modules/module.py", line 1779 in _wrapped_call_impl
  File "/home/runner/work/comfy-gpu-ci/comfy-gpu-ci/ComfyUI/custom_nodes/ComfyUI-Sharp/nodes/sharp/model.py", line 685 in forward
  File "/home/runner/work/comfy-gpu-ci/comfy-gpu-ci/ComfyUI/.ce/.pixi/envs/sharp-nodes/lib/python3.12/site-packages/torch/nn/modules/module.py", line 1790 in _call_impl
  File "/home/runner/work/comfy-gpu-ci/comfy-gpu-ci/ComfyUI/.ce/.pixi/envs/sharp-nodes/lib/python3.12/site-packages/torch/nn/modules/module.py", line 1779 in _wrapped_call_impl
  File "/home/runner/work/comfy-gpu-ci/comfy-gpu-ci/ComfyUI/custom_nodes/ComfyUI-Sharp/nodes/sharp/model.py", line 1109 in forward
  File "/home/runner/work/comfy-gpu-ci/comfy-gpu-ci/ComfyUI/.ce/.pixi/envs/sharp-nodes/lib/python3.12/site-packages/torch/nn/modules/module.py", line 1790 in _call_impl
  File "/home/runner/work/comfy-gpu-ci/comfy-gpu-ci/ComfyUI/.ce/.pixi/envs/sharp-nodes/lib/python3.12/site-packages/torch/nn/modules/module.py", line 1779 in _wrapped_call_impl
  File "/home/runner/work/comfy-gpu-ci/comfy-gpu-ci/ComfyUI/custom_nodes/ComfyUI-Sharp/nodes/sharp/model.py", line 2006 in encode
  File "/home/runner/work/comfy-gpu-ci/comfy-gpu-ci/ComfyUI/custom_nodes/ComfyUI-Sharp/nodes/predict.py", line 287 in _predict_image_cached
  File "/home/runner/work/comfy-gpu-ci/comfy-gpu-ci/ComfyUI/custom_nodes/ComfyUI-Sharp/nodes/predict.py", line 184 in execute
  File "/home/runner/work/comfy-gpu-ci/comfy-gpu-ci/ComfyUI/.ce/.pixi/envs/sharp-nodes/lib/python3.12/site-packages/torch/utils/_contextlib.py", line 124 in decorate_context
  File "/home/runner/work/comfy-gpu-ci/comfy-gpu-ci/ComfyUI/comfy_api/latest/_io.py", line 1833 in EXECUTE_NORMALIZED
  File "/tmp/comfyui_pvenv_2ftyqg39/persistent_worker.py", line 1762 in main
  File "/tmp/comfyui_pvenv_2ftyqg39/persistent_worker.py", line 1807 in <module>

[worker:ComfyUI-Sharp] === END ===

[worker:ComfyUI-Sharp] 
=== WATCHDOG TICK 3 ===
[worker:ComfyUI-Sharp] Thread 0x00007fe86596e6c0 (most recent call first):
  File "/home/runner/work/comfy-gpu-ci/comfy-gpu-ci/ComfyUI/.ce/.pixi/envs/sharp-nodes/lib/python3.12/socket.py", line 295 in accept
  File "/home/runner/work/comfy-gpu-ci/comfy-gpu-ci/ComfyUI/.ce/.pixi/envs/sharp-nodes/lib/python3.12/multiprocessing/connection.py", line 626 in accept
  File "/home/runner/work/comfy-gpu-ci/comfy-gpu-ci/ComfyUI/.ce/.pixi/envs/sharp-nodes/lib/python3.12/multiprocessing/connection.py", line 480 in accept
  File "/home/runner/work/comfy-gpu-ci/comfy-gpu-ci/ComfyUI/.ce/.pixi/envs/sharp-nodes/lib/python3.12/multiprocessing/resource_sharer.py", line 138 in _serve
  File "/home/runner/work/comfy-gpu-ci/comfy-gpu-ci/ComfyUI/.ce/.pixi/envs/sharp-nodes/lib/python3.12/threading.py", line 1012 in run
  File "/home/runner/work/comfy-gpu-ci/comfy-gpu-ci/ComfyUI/.ce/.pixi/envs/sharp-nodes/lib/python3.12/threading.py", line 1075 in _bootstrap_inner
  File "/home/runner/work/comfy-gpu-ci/comfy-gpu-ci/ComfyUI/.ce/.pixi/envs/sharp-nodes/lib/python3.12/threading.py", line 1032 in _bootstrap

Current thread 0x00007fe8669736c0 (most recent call first):
  File "/tmp/comfyui_pvenv_2ftyqg39/persistent_worker.py", line 52 in _watchdog
  File "/home/runner/work/comfy-gpu-ci/comfy-gpu-ci/ComfyUI/.ce/.pixi/envs/sharp-nodes/lib/python3.12/threading.py", line 1012 in run
  File "/home/runner/work/comfy-gpu-ci/comfy-gpu-ci/ComfyUI/.ce/.pixi/envs/sharp-nodes/lib/python3.12/threading.py", line 1075 in _bootstrap_inner
  File "/home/runner/work/comfy-gpu-ci/comfy-gpu-ci/ComfyUI/.ce/.pixi/envs/sharp-nodes/lib/python3.12/threading.py", line 1032 in _bootstrap

Thread 0x00007fe86746f740 (most recent call first):
  File "/home/runner/work/comfy-gpu-ci/comfy-gpu-ci/ComfyUI/.ce/.pixi/envs/sharp-nodes/lib/python3.12/site-packages/torch/nn/modules/linear.py", line 134 in forward
  File "/home/runner/work/comfy-gpu-ci/comfy-gpu-ci/ComfyUI/comfy/ops.py", line 484 in forward
  File "/home/runner/work/comfy-gpu-ci/comfy-gpu-ci/ComfyUI/.ce/.pixi/envs/sharp-nodes/lib/python3.12/site-packages/torch/nn/modules/module.py", line 1790 in _call_impl
  File "/home/runner/work/comfy-gpu-ci/comfy-gpu-ci/ComfyUI/.ce/.pixi/envs/sharp-nodes/lib/python3.12/site-packages/torch/nn/modules/module.py", line 1779 in _wrapped_call_impl
  File "/home/runner/work/comfy-gpu-ci/comfy-gpu-ci/ComfyUI/custom_nodes/ComfyUI-Sharp/nodes/sharp/model.py", line 268 in forward
  File "/home/runner/work/comfy-gpu-ci/comfy-gpu-ci/ComfyUI/.ce/.pixi/envs/sharp-nodes/lib/python3.12/site-packages/torch/nn/modules/module.py", line 1790 in _call_impl
  File "/home/runner/work/comfy-gpu-ci/comfy-gpu-ci/ComfyUI/.ce/.pixi/envs/sharp-nodes/lib/python3.12/site-packages/torch/nn/modules/module.py", line 1779 in _wrapped_call_impl
  File "/home/runner/work/comfy-gpu-ci/comfy-gpu-ci/ComfyUI/custom_nodes/ComfyUI-Sharp/nodes/sharp/model.py", line 310 in forward
  File "/home/runner/work/comfy-gpu-ci/comfy-gpu-ci/ComfyUI/.ce/.pixi/envs/sharp-nodes/lib/python3.12/site-packages/torch/nn/modules/module.py", line 1790 in _call_impl
  File "/home/runner/work/comfy-gpu-ci/comfy-gpu-ci/ComfyUI/.ce/.pixi/envs/sharp-nodes/lib/python3.12/site-packages/torch/nn/modules/module.py", line 1779 in _wrapped_call_impl
  File "/home/runner/work/comfy-gpu-ci/comfy-gpu-ci/ComfyUI/custom_nodes/ComfyUI-Sharp/nodes/sharp/model.py", line 412 in forward
  File "/home/runner/work/comfy-gpu-ci/comfy-gpu-ci/ComfyUI/.ce/.pixi/envs/sharp-nodes/lib/python3.12/site-packages/torch/nn/modules/module.py", line 1790 in _call_impl
  File "/home/runner/work/comfy-gpu-ci/comfy-gpu-ci/ComfyUI/.ce/.pixi/envs/sharp-nodes/lib/python3.12/site-packages/torch/nn/modules/module.py", line 1779 in _wrapped_call_impl
  File "/home/runner/work/comfy-gpu-ci/comfy-gpu-ci/ComfyUI/custom_nodes/ComfyUI-Sharp/nodes/sharp/model.py", line 685 in forward
  File "/home/runner/work/comfy-gpu-ci/comfy-gpu-ci/ComfyUI/.ce/.pixi/envs/sharp-nodes/lib/python3.12/site-packages/torch/nn/modules/module.py", line 1790 in _call_impl
  File "/home/runner/work/comfy-gpu-ci/comfy-gpu-ci/ComfyUI/.ce/.pixi/envs/sharp-nodes/lib/python3.12/site-packages/torch/nn/modules/module.py", line 1779 in _wrapped_call_impl
  File "/home/runner/work/comfy-gpu-ci/comfy-gpu-ci/ComfyUI/custom_nodes/ComfyUI-Sharp/nodes/sharp/model.py", line 1109 in forward
  File "/home/runner/work/comfy-gpu-ci/comfy-gpu-ci/ComfyUI/.ce/.pixi/envs/sharp-nodes/lib/python3.12/site-packages/torch/nn/modules/module.py", line 1790 in _call_impl
  File "/home/runner/work/comfy-gpu-ci/comfy-gpu-ci/ComfyUI/.ce/.pixi/envs/sharp-nodes/lib/python3.12/site-packages/torch/nn/modules/module.py", line 1779 in _wrapped_call_impl
  File "/home/runner/work/comfy-gpu-ci/comfy-gpu-ci/ComfyUI/custom_nodes/ComfyUI-Sharp/nodes/sharp/model.py", line 2006 in encode
  File "/home/runner/work/comfy-gpu-ci/comfy-gpu-ci/ComfyUI/custom_nodes/ComfyUI-Sharp/nodes/predict.py", line 287 in _predict_image_cached
  File "/home/runner/work/comfy-gpu-ci/comfy-gpu-ci/ComfyUI/custom_nodes/ComfyUI-Sharp/nodes/predict.py", line 184 in execute
  File "/home/runner/work/comfy-gpu-ci/comfy-gpu-ci/ComfyUI/.ce/.pixi/envs/sharp-nodes/lib/python3.12/site-packages/torch/utils/_contextlib.py", line 124 in decorate_context
  File "/home/runner/work/comfy-gpu-ci/comfy-gpu-ci/ComfyUI/comfy_api/latest/_io.py", line 1833 in EXECUTE_NORMALIZED
  File "/tmp/comfyui_pvenv_2ftyqg39/persistent_worker.py", line 1762 in main
  File "/tmp/comfyui_pvenv_2ftyqg39/persistent_worker.py", line 1807 in <module>

[worker:ComfyUI-Sharp] === END ===

[worker:ComfyUI-Sharp] WARNING: [SPN] after all chunks + cache clear: 0.00 GB
[worker:ComfyUI-Sharp] WARNING: [SPN] after merge intermediates: 0.00 GB
[worker:ComfyUI-Sharp] WARNING: [SPN] after merge all: 0.00 GB
[worker:ComfyUI-Sharp] WARNING: [SPN] after image_encoder: 0.00 GB
[worker:ComfyUI-Sharp] WARNING: [SPN] after upsample: 0.00 GB
[worker:ComfyUI-Sharp] WARNING: [Monodepth] after SPN encoder + cache clear: 0.00 GB
[worker:ComfyUI-Sharp] 
=== WATCHDOG TICK 4 ===
[worker:ComfyUI-Sharp] Thread 0x00007fe86596e6c0 (most recent call first):
  File "/home/runner/work/comfy-gpu-ci/comfy-gpu-ci/ComfyUI/.ce/.pixi/envs/sharp-nodes/lib/python3.12/socket.py", line 295 in accept
  File "/home/runner/work/comfy-gpu-ci/comfy-gpu-ci/ComfyUI/.ce/.pixi/envs/sharp-nodes/lib/python3.12/multiprocessing/connection.py", line 626 in accept
  File "/home/runner/work/comfy-gpu-ci/comfy-gpu-ci/ComfyUI/.ce/.pixi/envs/sharp-nodes/lib/python3.12/multiprocessing/connection.py", line 480 in accept
  File "/home/runner/work/comfy-gpu-ci/comfy-gpu-ci/ComfyUI/.ce/.pixi/envs/sharp-nodes/lib/python3.12/multiprocessing/resource_sharer.py", line 138 in _serve
  File "/home/runner/work/comfy-gpu-ci/comfy-gpu-ci/ComfyUI/.ce/.pixi/envs/sharp-nodes/lib/python3.12/threading.py", line 1012 in run
  File "/home/runner/work/comfy-gpu-ci/comfy-gpu-ci/ComfyUI/.ce/.pixi/envs/sharp-nodes/lib/python3.12/threading.py", line 1075 in _bootstrap_inner
  File "/home/runner/work/comfy-gpu-ci/comfy-gpu-ci/ComfyUI/.ce/.pixi/envs/sharp-nodes/lib/python3.12/threading.py", line 1032 in _bootstrap

Current thread 0x00007fe8669736c0 (most recent call first):
  File "/tmp/comfyui_pvenv_2ftyqg39/persistent_worker.py", line 52 in _watchdog
  File "/home/runner/work/comfy-gpu-ci/comfy-gpu-ci/ComfyUI/.ce/.pixi/envs/sharp-nodes/lib/python3.12/threading.py", line 1012 in run
  File "/home/runner/work/comfy-gpu-ci/comfy-gpu-ci/ComfyUI/.ce/.pixi/envs/sharp-nodes/lib/python3.12/threading.py", line 1075 in _bootstrap_inner
  File "/home/runner/work/comfy-gpu-ci/comfy-gpu-ci/ComfyUI/.ce/.pixi/envs/sharp-nodes/lib/python3.12/threading.py", line 1032 in _bootstrap

Thread 0x00007fe86746f740 (most recent call first):
  File "/home/runner/work/comfy-gpu-ci/comfy-gpu-ci/ComfyUI/.ce/.pixi/envs/sharp-nodes/lib/python3.12/site-packages/torch/nn/modules/conv.py", line 548 in _conv_forward
  File "/home/runner/work/comfy-gpu-ci/comfy-gpu-ci/ComfyUI/.ce/.pixi/envs/sharp-nodes/lib/python3.12/site-packages/torch/nn/modules/conv.py", line 553 in forward
  File "/home/runner/work/comfy-gpu-ci/comfy-gpu-ci/ComfyUI/comfy/ops.py", line 518 in forward
  File "/home/runner/work/comfy-gpu-ci/comfy-gpu-ci/ComfyUI/.ce/.pixi/envs/sharp-nodes/lib/python3.12/site-packages/torch/nn/modules/module.py", line 1790 in _call_impl
  File "/home/runner/work/comfy-gpu-ci/comfy-gpu-ci/ComfyUI/.ce/.pixi/envs/sharp-nodes/lib/python3.12/site-packages/torch/nn/modules/module.py", line 1779 in _wrapped_call_impl
  File "/home/runner/work/comfy-gpu-ci/comfy-gpu-ci/ComfyUI/.ce/.pixi/envs/sharp-nodes/lib/python3.12/site-packages/torch/nn/modules/container.py", line 253 in forward
  File "/home/runner/work/comfy-gpu-ci/comfy-gpu-ci/ComfyUI/.ce/.pixi/envs/sharp-nodes/lib/python3.12/site-packages/torch/nn/modules/module.py", line 1790 in _call_impl
  File "/home/runner/work/comfy-gpu-ci/comfy-gpu-ci/ComfyUI/.ce/.pixi/envs/sharp-nodes/lib/python3.12/site-packages/torch/nn/modules/module.py", line 1779 in _wrapped_call_impl
  File "/home/runner/work/comfy-gpu-ci/comfy-gpu-ci/ComfyUI/custom_nodes/ComfyUI-Sharp/nodes/sharp/model.py", line 766 in forward
  File "/home/runner/work/comfy-gpu-ci/comfy-gpu-ci/ComfyUI/.ce/.pixi/envs/sharp-nodes/lib/python3.12/site-packages/torch/nn/modules/module.py", line 1790 in _call_impl
  File "/home/runner/work/comfy-gpu-ci/comfy-gpu-ci/ComfyUI/.ce/.pixi/envs/sharp-nodes/lib/python3.12/site-packages/torch/nn/modules/module.py", line 1779 in _wrapped_call_impl
  File "/home/runner/work/comfy-gpu-ci/comfy-gpu-ci/ComfyUI/custom_nodes/ComfyUI-Sharp/nodes/sharp/model.py", line 860 in forward
  File "/home/runner/work/comfy-gpu-ci/comfy-gpu-ci/ComfyUI/.ce/.pixi/envs/sharp-nodes/lib/python3.12/site-packages/torch/nn/modules/module.py", line 1790 in _call_impl
  File "/home/runner/work/comfy-gpu-ci/comfy-gpu-ci/ComfyUI/.ce/.pixi/envs/sharp-nodes/lib/python3.12/site-packages/torch/nn/modules/module.py", line 1779 in _wrapped_call_impl
  File "/home/runner/work/comfy-gpu-ci/comfy-gpu-ci/ComfyUI/custom_nodes/ComfyUI-Sharp/nodes/sharp/model.py", line 970 in forward
  File "/home/runner/work/comfy-gpu-ci/comfy-gpu-ci/ComfyUI/.ce/.pixi/envs/sharp-nodes/lib/python3.12/site-packages/torch/nn/modules/module.py", line 1790 in _call_impl
  File "/home/runner/work/comfy-gpu-ci/comfy-gpu-ci/ComfyUI/.ce/.pixi/envs/sharp-nodes/lib/python3.12/site-packages/torch/nn/modules/module.py", line 1779 in _wrapped_call_impl
  File "/home/runner/work/comfy-gpu-ci/comfy-gpu-ci/ComfyUI/custom_nodes/ComfyUI-Sharp/nodes/sharp/model.py", line 1118 in forward
  File "/home/runner/work/comfy-gpu-ci/comfy-gpu-ci/ComfyUI/.ce/.pixi/envs/sharp-nodes/lib/python3.12/site-packages/torch/nn/modules/module.py", line 1790 in _call_impl
  File "/home/runner/work/comfy-gpu-ci/comfy-gpu-ci/ComfyUI/.ce/.pixi/envs/sharp-nodes/lib/python3.12/site-packages/torch/nn/modules/module.py", line 1779 in _wrapped_call_impl
  File "/home/runner/work/comfy-gpu-ci/comfy-gpu-ci/ComfyUI/custom_nodes/ComfyUI-Sharp/nodes/sharp/model.py", line 2006 in encode
  File "/home/runner/work/comfy-gpu-ci/comfy-gpu-ci/ComfyUI/custom_nodes/ComfyUI-Sharp/nodes/predict.py", line 287 in _predict_image_cached
  File "/home/runner/work/comfy-gpu-ci/comfy-gpu-ci/ComfyUI/custom_nodes/ComfyUI-Sharp/nodes/predict.py", line 184 in execute
  File "/home/runner/work/comfy-gpu-ci/comfy-gpu-ci/ComfyUI/.ce/.pixi/envs/sharp-nodes/lib/python3.12/site-packages/torch/utils/_contextlib.py", line 124 in decorate_context
  File "/home/runner/work/comfy-gpu-ci/comfy-gpu-ci/ComfyUI/comfy_api/latest/_io.py", line 1833 in EXECUTE_NORMALIZED
  File "/tmp/comfyui_pvenv_2ftyqg39/persistent_worker.py", line 1762 in main
  File "/tmp/comfyui_pvenv_2ftyqg39/persistent_worker.py", line 1807 in <module>

[worker:ComfyUI-Sharp] === END ===

[worker:ComfyUI-Sharp] WARNING: [Monodepth] after decoder: 0.00 GB
[worker:ComfyUI-Sharp] WARNING: [Decode] start: 0.00 GB
[worker:ComfyUI-Sharp] WARNING: [Decode] after depth_alignment: 0.00 GB
[worker:ComfyUI-Sharp] WARNING: [Decode] after init_model: 0.00 GB
[worker:ComfyUI-Sharp] 
=== WATCHDOG TICK 5 ===
[worker:ComfyUI-Sharp] Thread 0x00007fe86596e6c0 (most recent call first):
  File "/home/runner/work/comfy-gpu-ci/comfy-gpu-ci/ComfyUI/.ce/.pixi/envs/sharp-nodes/lib/python3.12/socket.py", line 295 in accept
  File "/home/runner/work/comfy-gpu-ci/comfy-gpu-ci/ComfyUI/.ce/.pixi/envs/sharp-nodes/lib/python3.12/multiprocessing/connection.py", line 626 in accept
  File "/home/runner/work/comfy-gpu-ci/comfy-gpu-ci/ComfyUI/.ce/.pixi/envs/sharp-nodes/lib/python3.12/multiprocessing/connection.py", line 480 in accept
  File "/home/runner/work/comfy-gpu-ci/comfy-gpu-ci/ComfyUI/.ce/.pixi/envs/sharp-nodes/lib/python3.12/multiprocessing/resource_sharer.py", line 138 in _serve
  File "/home/runner/work/comfy-gpu-ci/comfy-gpu-ci/ComfyUI/.ce/.pixi/envs/sharp-nodes/lib/python3.12/threading.py", line 1012 in run
  File "/home/runner/work/comfy-gpu-ci/comfy-gpu-ci/ComfyUI/.ce/.pixi/envs/sharp-nodes/lib/python3.12/threading.py", line 1075 in _bootstrap_inner
  File "/home/runner/work/comfy-gpu-ci/comfy-gpu-ci/ComfyUI/.ce/.pixi/envs/sharp-nodes/lib/python3.12/threading.py", line 1032 in _bootstrap

Current thread 0x00007fe8669736c0 (most recent call first):
  File "/tmp/comfyui_pvenv_2ftyqg39/persistent_worker.py", line 52 in _watchdog
  File "/home/runner/work/comfy-gpu-ci/comfy-gpu-ci/ComfyUI/.ce/.pixi/envs/sharp-nodes/lib/python3.12/threading.py", line 1012 in run
  File "/home/runner/work/comfy-gpu-ci/comfy-gpu-ci/ComfyUI/.ce/.pixi/envs/sharp-nodes/lib/python3.12/threading.py", line 1075 in _bootstrap_inner
  File "/home/runner/work/comfy-gpu-ci/comfy-gpu-ci/ComfyUI/.ce/.pixi/envs/sharp-nodes/lib/python3.12/threading.py", line 1032 in _bootstrap

Thread 0x00007fe86746f740 (most recent call first):
  File "/home/runner/work/comfy-gpu-ci/comfy-gpu-ci/ComfyUI/.ce/.pixi/envs/sharp-nodes/lib/python3.12/site-packages/torch/nn/modules/conv.py", line 548 in _conv_forward
  File "/home/runner/work/comfy-gpu-ci/comfy-gpu-ci/ComfyUI/.ce/.pixi/envs/sharp-nodes/lib/python3.12/site-packages/torch/nn/modules/conv.py", line 553 in forward
  File "/home/runner/work/comfy-gpu-ci/comfy-gpu-ci/ComfyUI/comfy/ops.py", line 518 in forward
  File "/home/runner/work/comfy-gpu-ci/comfy-gpu-ci/ComfyUI/.ce/.pixi/envs/sharp-nodes/lib/python3.12/site-packages/torch/nn/modules/module.py", line 1790 in _call_impl
  File "/home/runner/work/comfy-gpu-ci/comfy-gpu-ci/ComfyUI/.ce/.pixi/envs/sharp-nodes/lib/python3.12/site-packages/torch/nn/modules/module.py", line 1779 in _wrapped_call_impl
  File "/home/runner/work/comfy-gpu-ci/comfy-gpu-ci/ComfyUI/.ce/.pixi/envs/sharp-nodes/lib/python3.12/site-packages/torch/nn/modules/container.py", line 253 in forward
  File "/home/runner/work/comfy-gpu-ci/comfy-gpu-ci/ComfyUI/.ce/.pixi/envs/sharp-nodes/lib/python3.12/site-packages/torch/nn/modules/module.py", line 1790 in _call_impl
  File "/home/runner/work/comfy-gpu-ci/comfy-gpu-ci/ComfyUI/.ce/.pixi/envs/sharp-nodes/lib/python3.12/site-packages/torch/nn/modules/module.py", line 1779 in _wrapped_call_impl
  File "/home/runner/work/comfy-gpu-ci/comfy-gpu-ci/ComfyUI/custom_nodes/ComfyUI-Sharp/nodes/sharp/model.py", line 766 in forward
  File "/home/runner/work/comfy-gpu-ci/comfy-gpu-ci/ComfyUI/.ce/.pixi/envs/sharp-nodes/lib/python3.12/site-packages/torch/nn/modules/module.py", line 1790 in _call_impl
  File "/home/runner/work/comfy-gpu-ci/comfy-gpu-ci/ComfyUI/.ce/.pixi/envs/sharp-nodes/lib/python3.12/site-packages/torch/nn/modules/module.py", line 1779 in _wrapped_call_impl
  File "/home/runner/work/comfy-gpu-ci/comfy-gpu-ci/ComfyUI/.ce/.pixi/envs/sharp-nodes/lib/python3.12/site-packages/torch/nn/modules/container.py", line 253 in forward
  File "/home/runner/work/comfy-gpu-ci/comfy-gpu-ci/ComfyUI/.ce/.pixi/envs/sharp-nodes/lib/python3.12/site-packages/torch/nn/modules/module.py", line 1790 in _call_impl
  File "/home/runner/work/comfy-gpu-ci/comfy-gpu-ci/ComfyUI/.ce/.pixi/envs/sharp-nodes/lib/python3.12/site-packages/torch/nn/modules/module.py", line 1779 in _wrapped_call_impl
  File "/home/runner/work/comfy-gpu-ci/comfy-gpu-ci/ComfyUI/custom_nodes/ComfyUI-Sharp/nodes/sharp/model.py", line 1355 in forward
  File "/home/runner/work/comfy-gpu-ci/comfy-gpu-ci/ComfyUI/.ce/.pixi/envs/sharp-nodes/lib/python3.12/site-packages/torch/nn/modules/module.py", line 1790 in _call_impl
  File "/home/runner/work/comfy-gpu-ci/comfy-gpu-ci/ComfyUI/.ce/.pixi/envs/sharp-nodes/lib/python3.12/site-packages/torch/nn/modules/module.py", line 1779 in _wrapped_call_impl
  File "/home/runner/work/comfy-gpu-ci/comfy-gpu-ci/ComfyUI/custom_nodes/ComfyUI-Sharp/nodes/sharp/model.py", line 2030 in decode
  File "/home/runner/work/comfy-gpu-ci/comfy-gpu-ci/ComfyUI/custom_nodes/ComfyUI-Sharp/nodes/predict.py", line 303 in _predict_image_cached
  File "/home/runner/work/comfy-gpu-ci/comfy-gpu-ci/ComfyUI/custom_nodes/ComfyUI-Sharp/nodes/predict.py", line 184 in execute
  File "/home/runner/work/comfy-gpu-ci/comfy-gpu-ci/ComfyUI/.ce/.pixi/envs/sharp-nodes/lib/python3.12/site-packages/torch/utils/_contextlib.py", line 124 in decorate_context
  File "/home/runner/work/comfy-gpu-ci/comfy-gpu-ci/ComfyUI/comfy_api/latest/_io.py", line 1833 in EXECUTE_NORMALIZED
  File "/tmp/comfyui_pvenv_2ftyqg39/persistent_worker.py", line 1762 in main
  File "/tmp/comfyui_pvenv_2ftyqg39/persistent_worker.py", line 1807 in <module>

[worker:ComfyUI-Sharp] === END ===

[worker:ComfyUI-Sharp] WARNING: [Decode] after feature_model: 0.00 GB
[worker:ComfyUI-Sharp] WARNING: [Decode] after prediction_head: 0.00 GB
[SubprocessWorker] callback 'report_progress' from call_id=5
[SubprocessWorker] got response: ok
[comfy-env] SharpPredict done (303.36s): result: NodeOutput
[comfy-env] Running GeomPackPreviewGaussian: ply_path: '/home/runner/work/comfy-gpu-ci/comfy-gpu-ci/ComfyUI/outp..., extrinsics: list[4], intrinsics: list[3]
[SubprocessWorker] call_method: nodes.main.visualization.preview_gaussian.PreviewGaussianNode.EXECUTE_NORMALIZED
[SubprocessWorker] acquired lock, ensuring started...
[ComfyUI-GeometryPack] Health check: ping (timeout=5.0s)...
[ComfyUI-GeometryPack] Health check: failed
[ComfyUI-GeometryPack] Socket unhealthy, restarting worker...
[ComfyUI-GeometryPack] python: /home/runner/work/comfy-gpu-ci/comfy-gpu-ci/ComfyUI/.ce/.pixi/envs/geometrypack-main/bin/python
[ComfyUI-GeometryPack] sys_path sent to worker: ['/home/runner/work/comfy-gpu-ci/comfy-gpu-ci/ComfyUI', '/home/runner/work/comfy-gpu-ci/comfy-gpu-ci/ComfyUI/custom_nodes/ComfyUI-GeometryPack', '/home/runner/work/comfy-gpu-ci/comfy-gpu-ci/ComfyUI/.ce/.pixi/envs/geometrypack-main/lib/python3.12/site-packages', '/home/runner/work/comfy-gpu-ci/comfy-gpu-ci/ComfyUI/custom_nodes/ComfyUI-GeometryPack']
[SubprocessWorker] is_pixi=True, python=/home/runner/work/comfy-gpu-ci/comfy-gpu-ci/ComfyUI/.ce/.pixi/envs/geometrypack-main/bin/python
[SubprocessWorker] launching cmd=['/home/runner/.pixi/bin/pixi', 'run', '--as-is', '--manifest-path', '/home/runner/work/comfy-gpu-ci/comfy-gpu-ci/ComfyUI/.ce/pixi.toml', '-e', 'geometrypack-main', 'python', '/tmp/comfyui_pvenv_fz5f84x_/persistent_worker.py', 'abstract://comfy_worker_c565e1794a86']...
[SubprocessWorker] socket_addr=abstract://comfy_worker_c565e1794a86 (abstract, no filesystem path)
[SubprocessWorker] worker started/confirmed
[SubprocessWorker] serializing kwargs to shm...
[SubprocessWorker] created 0 shm blocks
[SubprocessWorker] sending request via socket...
[SubprocessWorker] call_id=2 sending call_method
[worker:ComfyUI-GeometryPack] INFO: Loading PLY: sharp_1778239501586.ply (63.00 MB)
[SubprocessWorker] got response: ok
[comfy-env] GeomPackPreviewGaussian done (4.14s): result: NodeOutput
Prompt executed in 311.55 seconds
