[00:00] Crash dump logging enabled: C:\logs\Sharp-1517\dev\windows-portable-gpu\crash_dump.log
[00:00] 
[00:00] [1/5] SYNTAX
[00:00] ----------------------------------------
[00:00] 
[DEBUG] server=None, server_url=None, api=None
[00:00] Found pyproject.toml (modern format)
[00:00] Found requirements.txt (legacy format)
[00:00] Unicode check: OK (all characters cp1252-safe)
[00:00] Forbidden patterns check: OK
[00:00] [SYNTAX] PASSED
[00:00] 
[00:00] [2/5] INSTALL
[00:00] ----------------------------------------
[00:00] 
[DEBUG] server=None, server_url=None, api=None
[00:00] 
Setting up ComfyUI...
[00:00] Fetching latest release version...
[00:00] Latest version: v0.20.1
[00:00] Downloading portable ComfyUI from https://github.com/comfyanonymous/ComfyUI/releases/download/v0.20.1/ComfyUI_windows_portable_nvidia.7z...
[00:04]   Downloaded: 10%
[00:08]   Downloaded: 20%
[00:12]   Downloaded: 30%
[00:16]   Downloaded: 40%
[00:20]   Downloaded: 50%
[00:23]   Downloaded: 60%
[00:27]   Downloaded: 70%
[00:32]   Downloaded: 80%
[00:37]   Downloaded: 90%
[00:41]   Downloaded: 100%
[00:41] Downloaded to C:\Users\ContainerAdministrator\.comfy-test\cache\portable\ComfyUI_portable_v0.20.1.7z
[00:41] Extracting to cache: C:\Users\ContainerAdministrator\.comfy-test\cache\portable\ComfyUI_portable_v0.20.1
[00:41] Extracting ComfyUI_portable_v0.20.1.7z...
[00:41] Using 7z: C:\Program Files\7-Zip\7z.exe
[02:16] Extracted to C:\Users\ContainerAdministrator\.comfy-test\cache\portable\ComfyUI_portable_v0.20.1
[02:16] Copying from cache to: C:\workspaces\Sharp-1517\portable-comfyui
[02:31] Installing uv into embedded Python...
[02:31] Running: C:\workspaces\Sharp-1517\portable-comfyui\ComfyUI_windows_portable\python_embeded\python.exe -m pip install uv
[02:36] Installing ComfyUI requirements...
[02:36] Running: C:\workspaces\Sharp-1517\portable-comfyui\ComfyUI_windows_portable\python_embeded\python.exe -m uv pip install -r C:\workspaces\Sharp-1517\portable-comfyui\ComfyUI_windows_portable\ComfyUI\requirements.txt
[02:38] 
Installing custom node...
[02:38] Copying ComfyUI-Sharp to custom_nodes/...
[02:38] Installing node requirements...
[02:38] Running: C:\workspaces\Sharp-1517\portable-comfyui\ComfyUI_windows_portable\python_embeded\python.exe -m pip install -r C:\workspaces\Sharp-1517\portable-comfyui\ComfyUI_windows_portable\ComfyUI\custom_nodes\ComfyUI-Sharp\requirements.txt
[02:43] 
Running install.py...
[02:43] Running: C:\workspaces\Sharp-1517\portable-comfyui\ComfyUI_windows_portable\python_embeded\python.exe C:\workspaces\Sharp-1517\portable-comfyui\ComfyUI_windows_portable\ComfyUI\custom_nodes\ComfyUI-Sharp\install.py
[02:44]   [comfy-env] Enabled Windows long path support
[02:44]   
[02:44]   Installing 1 node dependencies...
[02:44]     Cloning ComfyUI-GeometryPack...
[02:48]     Installing requirements for ComfyUI-GeometryPack...
[02:49]     Running install.py for ComfyUI-GeometryPack...
[02:50]   [comfy-env] Enabled Windows long path support
[02:52]   [comfy-env] Workspace: C:\workspaces\Sharp-1517\portable-comfyui\ComfyUI_windows_portable\ComfyUI\.ce
[02:52]   [comfy-env] ComfyUI: C:\workspaces\Sharp-1517\portable-comfyui\ComfyUI_windows_portable\ComfyUI
[02:52]   [comfy-env] Found 4 node config(s):
[02:52]     - geometrypack-blender <- custom_nodes\ComfyUI-GeometryPack\nodes\blender\comfy-env.toml (python=3.11)
[02:52]     - geometrypack-gpu <- custom_nodes\ComfyUI-GeometryPack\nodes\gpu\comfy-env.toml (python=host)
[02:52]     - geometrypack-main <- custom_nodes\ComfyUI-GeometryPack\nodes\main\comfy-env.toml (python=host)
[02:52]     - sharp-nodes <- custom_nodes\ComfyUI-Sharp\nodes\comfy-env.toml (python=host)
[02:53]   [comfy-env] Bootstrap interpreter has python 3.13 + torch 2.11.0 (cu130). Looking for cuda-only wheels matching cu130/torch2.11/cp313.
[02:53]   [comfy-env] GPU: Detection: smi
[02:53]   Driver: 581.57
[02:53]   CUDA: 13.0
[02:53]   Recommended: CUDA 13.0
[02:53]   
[02:53]     GPU 0: NVIDIA GeForce RTX 3060 (sm_86) [Ampere] 12288MB
[02:53]   [comfy-env] Comfyui feature -> torch 2.11.0 from https://download.pytorch.org/whl/cu130 (CUDA 13.0 via bootstrap torch)
[02:53]   [comfy-env] cuda-wheels: 1 package(s) need a matched (cuda, torch, python) combo: ['cumesh']
[02:53]   [comfy-env] cuda-wheels tier 1 (bootstrap): probing cu13.0/torch2.11/cp313
[02:53]   [cuda-wheels] Looking up cumesh: cu130 torch2.11 cp313 win_amd64
[02:54]   [cuda-wheels]   Found: cumesh-0.0.1+cu130torch2.11-cp313-cp313-win_amd64.whl
[02:54]   [comfy-env] cuda-wheels combo: cu13.0/torch2.11 (bootstrap matches; per-node envs will pin to this)
[02:54]   [comfy-env] Root conda deps from ComfyUI-GeometryPack: ['av', 'ffmpeg']
[02:54]   [comfy-env] Root conda deps from ComfyUI-Sharp: ['av', 'ffmpeg']
[02:54]   [comfy-env] Comfyui feature pin: torch ==2.11.0, torchvision ==0.26.*, torchaudio ==2.11.*
[02:54]   [comfy-env] Root conda deps: ['av', 'ffmpeg']
[02:54]   [comfy-env] comfyui313: python 3.13, torch from https://download.pytorch.org/whl/cu130
[02:54]   [comfy-env] comfyui311: python 3.11, torch from https://download.pytorch.org/whl/cu130
[02:54]   [comfy-env] cuda-wheels combo: per-node cuda features will pin ['torch', 'torchaudio', 'torchvision'] via pypi-options.dependency-overrides (https://download.pytorch.org/whl/cu130)
[02:54]   [cuda-wheels] Looking up cumesh: cu130 torch2.11 cp313 win_amd64
[02:54]   [cuda-wheels]   Found: cumesh-0.0.1+cu130torch2.11-cp313-cp313-win_amd64.whl
[02:54]   [comfy-env] geometrypack-gpu: cuda-wheels deferred for post-pixi install (cumesh)
[02:54]   [comfy-env] geometrypack-gpu: torch override -> torch==2.11.0, torchvision==0.26.*, torchaudio==2.11.* from https://download.pytorch.org/whl/cu130
[02:54]   Generated C:\workspaces\Sharp-1517\portable-comfyui\ComfyUI_windows_portable\ComfyUI\.ce\pixi.toml
[02:54]   [comfy-env] Installing 4 environment(s):
[02:54]     - geometrypack-blender (python=3.11, 2 pypi deps)
[02:54]     - geometrypack-gpu (python=host, 2 pypi deps, 1 cuda wheels)
[02:54]     - geometrypack-main (python=host, 12 pypi deps)
[02:54]     - sharp-nodes (python=host, 4 pypi deps)
[02:54]   [comfy-env] Running `pixi install --all`...
[02:58]      WARN The package `trimesh==4.12.2` does not have an extra named `easy`
[03:10]      WARN Skipped running the post-link scripts because `run-post-link-scripts` = `false`
[03:10]     	- Scripts/.librsvg-pre-unlink.bat
[03:10]     To enable them, run:
[03:10]     	pixi config set --local run-post-link-scripts insecure
[03:10]     More info:
[03:10]     	https://pixi.sh/latest/reference/pixi_configuration/#run-post-link-scripts
[03:13]      WARN Skipped running the post-link scripts because `run-post-link-scripts` = `false`
[03:13]     	- Scripts/.librsvg-pre-unlink.bat
[03:13]     To enable them, run:
[03:13]     	pixi config set --local run-post-link-scripts insecure
[03:13]     More info:
[03:13]     	https://pixi.sh/latest/reference/pixi_configuration/#run-post-link-scripts
[04:00]      WARN Skipped running the post-link scripts because `run-post-link-scripts` = `false`
[04:00]     	- Scripts/.librsvg-pre-unlink.bat
[04:00]     To enable them, run:
[04:00]     	pixi config set --local run-post-link-scripts insecure
[04:00]     More info:
[04:00]     	https://pixi.sh/latest/reference/pixi_configuration/#run-post-link-scripts
[04:07]      WARN Skipped running the post-link scripts because `run-post-link-scripts` = `false`
[04:07]     	- Scripts/.librsvg-pre-unlink.bat
[04:07]     To enable them, run:
[04:07]     	pixi config set --local run-post-link-scripts insecure
[04:07]     More info:
[04:07]     	https://pixi.sh/latest/reference/pixi_configuration/#run-post-link-scripts
[04:10]      WARN Skipped running the post-link scripts because `run-post-link-scripts` = `false`
[04:10]     	- Scripts/.librsvg-pre-unlink.bat
[04:10]     To enable them, run:
[04:10]     	pixi config set --local run-post-link-scripts insecure
[04:10]     More info:
[04:10]     	https://pixi.sh/latest/reference/pixi_configuration/#run-post-link-scripts
[04:58]     The following environments have been installed: default, comfyui, geometrypack-blender, geometrypack-gpu, geometrypack-main, sharp-nodes.
[04:58]   [comfy-env] Note: env `default` is on disk but no node declares it in this run. Leaving as-is. Remove via `pixi clean --environment default` if intended.
[04:58]   [comfy-env] geometrypack-gpu: installing cuda-wheels with --no-deps (cumesh)
[04:58]     Using Python 3.13.13 environment at: .pixi\envs\geometrypack-gpu
[04:59]     Resolved 1 package in 456ms
[04:59]     Downloading cumesh (3.8MiB)
[04:59]      Downloaded cumesh
[04:59]     Prepared 1 package in 85ms
[04:59]     Installed 1 package in 11ms
[04:59]      + cumesh==0.0.1+cu130torch2.11 (from https://github.com/PozzettiAndrea/cuda-wheels/releases/download/cumesh-latest/cumesh-0.0.1%2Bcu130torch2.11-cp313-cp313-win_amd64.whl)
[04:59]   [comfy-env] Install log: C:\workspaces\Sharp-1517\portable-comfyui\ComfyUI_windows_portable\ComfyUI\.ce\install.log
[04:59]   
[04:59]   Installation complete!
[04:59]   
[04:59]   [requirements] Re-installing main package requirements...
[04:59]     Installing requirements for ComfyUI-Sharp...
[04:59]   [comfy-env] Workspace: C:\workspaces\Sharp-1517\portable-comfyui\ComfyUI_windows_portable\ComfyUI\.ce
[04:59]   [comfy-env] ComfyUI: C:\workspaces\Sharp-1517\portable-comfyui\ComfyUI_windows_portable\ComfyUI
[04:59]   [comfy-env] Found 4 node config(s):
[04:59]     - geometrypack-blender <- custom_nodes\ComfyUI-GeometryPack\nodes\blender\comfy-env.toml (python=3.11)
[04:59]     - geometrypack-gpu <- custom_nodes\ComfyUI-GeometryPack\nodes\gpu\comfy-env.toml (python=host)
[04:59]     - geometrypack-main <- custom_nodes\ComfyUI-GeometryPack\nodes\main\comfy-env.toml (python=host)
[04:59]     - sharp-nodes <- custom_nodes\ComfyUI-Sharp\nodes\comfy-env.toml (python=host)
[04:59]   [comfy-env] Bootstrap interpreter has python 3.13 + torch 2.11.0 (cu130). Looking for cuda-only wheels matching cu130/torch2.11/cp313.
[05:00]   [comfy-env] GPU: Detection: smi
[05:00]   Driver: 581.57
[05:00]   CUDA: 13.0
[05:00]   Recommended: CUDA 13.0
[05:00]   
[05:00]     GPU 0: NVIDIA GeForce RTX 3060 (sm_86) [Ampere] 12288MB
[05:00]   [comfy-env] Comfyui feature -> torch 2.11.0 from https://download.pytorch.org/whl/cu130 (CUDA 13.0 via bootstrap torch)
[05:00]   [comfy-env] cuda-wheels: 1 package(s) need a matched (cuda, torch, python) combo: ['cumesh']
[05:00]   [comfy-env] cuda-wheels tier 1 (bootstrap): probing cu13.0/torch2.11/cp313
[05:00]   [cuda-wheels] Looking up cumesh: cu130 torch2.11 cp313 win_amd64
[05:00]   [cuda-wheels]   Found: cumesh-0.0.1+cu130torch2.11-cp313-cp313-win_amd64.whl
[05:00]   [comfy-env] cuda-wheels combo: cu13.0/torch2.11 (bootstrap matches; per-node envs will pin to this)
[05:00]   [comfy-env] Root conda deps from ComfyUI-GeometryPack: ['av', 'ffmpeg']
[05:00]   [comfy-env] Root conda deps from ComfyUI-Sharp: ['av', 'ffmpeg']
[05:00]   [comfy-env] Comfyui feature pin: torch ==2.11.0, torchvision ==0.26.*, torchaudio ==2.11.*
[05:00]   [comfy-env] Root conda deps: ['av', 'ffmpeg']
[05:00]   [comfy-env] comfyui313: python 3.13, torch from https://download.pytorch.org/whl/cu130
[05:00]   [comfy-env] comfyui311: python 3.11, torch from https://download.pytorch.org/whl/cu130
[05:00]   [comfy-env] cuda-wheels combo: per-node cuda features will pin ['torch', 'torchaudio', 'torchvision'] via pypi-options.dependency-overrides (https://download.pytorch.org/whl/cu130)
[05:00]   [cuda-wheels] Looking up cumesh: cu130 torch2.11 cp313 win_amd64
[05:01]   [cuda-wheels]   Found: cumesh-0.0.1+cu130torch2.11-cp313-cp313-win_amd64.whl
[05:01]   [comfy-env] geometrypack-gpu: cuda-wheels deferred for post-pixi install (cumesh)
[05:01]   [comfy-env] geometrypack-gpu: torch override -> torch==2.11.0, torchvision==0.26.*, torchaudio==2.11.* from https://download.pytorch.org/whl/cu130
[05:01]   Generated C:\workspaces\Sharp-1517\portable-comfyui\ComfyUI_windows_portable\ComfyUI\.ce\pixi.toml
[05:01]   [comfy-env] Installing 4 environment(s):
[05:01]     - geometrypack-blender (python=3.11, 2 pypi deps)
[05:01]     - geometrypack-gpu (python=host, 2 pypi deps, 1 cuda wheels)
[05:01]     - geometrypack-main (python=host, 12 pypi deps)
[05:01]     - sharp-nodes (python=host, 4 pypi deps)
[05:01]   [comfy-env] Running `pixi install --all`...
[05:01]     The following environments have been installed: default, comfyui, geometrypack-blender, geometrypack-gpu, geometrypack-main, sharp-nodes.
[05:01]   [comfy-env] Note: env `default` is on disk but no node declares it in this run. Leaving as-is. Remove via `pixi clean --environment default` if intended.
[05:01]   [comfy-env] geometrypack-gpu: installing cuda-wheels with --no-deps (cumesh)
[05:01]     Using Python 3.13.13 environment at: .pixi\envs\geometrypack-gpu
[05:01]     Checked 1 package in 185ms
[05:01]   [comfy-env] Install log: C:\workspaces\Sharp-1517\portable-comfyui\ComfyUI_windows_portable\ComfyUI\.ce\install.log
[05:01]   
[05:01]   Installation complete!
[05:01] Installing 1 node dependency(ies)...
[05:01]   ComfyUI-GeometryPack from PozzettiAndrea/ComfyUI-GeometryPack
[05:01]   ComfyUI-GeometryPack already exists, skipping...
[05:01] Installing validation endpoint...
[05:01]   Cloning PozzettiAndrea/ComfyUI-validate-endpoint...
[05:01] Running: git clone --depth 1 https://github.com/PozzettiAndrea/ComfyUI-validate-endpoint.git C:\workspaces\Sharp-1517\portable-comfyui\ComfyUI_windows_portable\ComfyUI\custom_nodes\ComfyUI-validate-endpoint
[05:02] [INSTALL] PASSED
[05:02] 
[05:02] [3/5] REGISTRATION
[05:02] ----------------------------------------
[05:02] 
[DEBUG] server=None, server_url=None, api=None
[05:02] 
Starting ComfyUI server...
[05:02] Starting ComfyUI server on port 41881...
[05:02] Starting ComfyUI server on port 41881...
[05:02] Waiting for server to be ready (timeout: 600s)...
[05:03]   [ComfyUI] setup plugin alembic.autogenerate.schemas
[05:03]   [ComfyUI] setup plugin alembic.autogenerate.tables
[05:03]   [ComfyUI] setup plugin alembic.autogenerate.types
[05:03]   [ComfyUI] setup plugin alembic.autogenerate.constraints
[05:03]   [ComfyUI] setup plugin alembic.autogenerate.defaults
[05:03]   [ComfyUI] setup plugin alembic.autogenerate.comments
[05:04]   [ComfyUI] [comfy-env] ComfyUI-GeometryPack: 3 isolation env(s):
[05:04]   [ComfyUI] [comfy-env]   blender -> C:\workspaces\Sharp-1517\portable-comfyui\ComfyUI_windows_portable\ComfyUI\custom_nodes\ComfyUI-GeometryPack\nodes\blender
[05:04]   [ComfyUI] [comfy-env]   gpu -> C:\workspaces\Sharp-1517\portable-comfyui\ComfyUI_windows_portable\ComfyUI\custom_nodes\ComfyUI-GeometryPack\nodes\gpu
[05:04]   [ComfyUI] [comfy-env]   main -> C:\workspaces\Sharp-1517\portable-comfyui\ComfyUI_windows_portable\ComfyUI\custom_nodes\ComfyUI-GeometryPack\nodes\main
[05:04]   [ComfyUI] [comfy-env] prestartup complete
[05:04]   [ComfyUI] [comfy-env] ComfyUI-Sharp: 1 isolation env(s):
[05:04]   [ComfyUI] [comfy-env]   nodes -> C:\workspaces\Sharp-1517\portable-comfyui\ComfyUI_windows_portable\ComfyUI\custom_nodes\ComfyUI-Sharp\nodes
[05:04]   [ComfyUI] [comfy-env] prestartup complete
[05:04]   [ComfyUI] 
[05:04]   [ComfyUI] Prestartup times for custom nodes:
[05:04]   [ComfyUI]    0.0 seconds: C:\workspaces\Sharp-1517\portable-comfyui\ComfyUI_windows_portable\ComfyUI\custom_nodes\ComfyUI-Sharp
[05:04]   [ComfyUI]    0.5 seconds: C:\workspaces\Sharp-1517\portable-comfyui\ComfyUI_windows_portable\ComfyUI\custom_nodes\ComfyUI-GeometryPack
[05:04]   [ComfyUI] 
[05:32]   [ComfyUI] Found comfy_kitchen backend cuda: {'available': True, 'disabled': False, 'unavailable_reason': None, 'capabilities': ['apply_rope', 'apply_rope1', 'dequantize_nvfp4', 'dequantize_per_tensor_fp8', 'quantize_mxfp8', 'quantize_nvfp4', 'quantize_per_tensor_fp8', 'scaled_mm_nvfp4']}
[05:32]   [ComfyUI] Found comfy_kitchen backend triton: {'available': False, 'disabled': True, 'unavailable_reason': "ImportError: No module named 'triton'", 'capabilities': []}
[05:32]   [ComfyUI] Found comfy_kitchen backend eager: {'available': True, 'disabled': False, 'unavailable_reason': None, 'capabilities': ['apply_rope', 'apply_rope1', 'dequantize_mxfp8', 'dequantize_nvfp4', 'dequantize_per_tensor_fp8', 'quantize_mxfp8', 'quantize_nvfp4', 'quantize_per_tensor_fp8', 'scaled_mm_mxfp8', 'scaled_mm_nvfp4']}
[05:32]   [ComfyUI] Checkpoint files will always be loaded safely.
[05:32]   [ComfyUI] Total VRAM 12287 MB, total RAM 32672 MB
[05:32]   [ComfyUI] pytorch version: 2.11.0+cu130
[05:32]   [ComfyUI] Set vram state to: NORMAL_VRAM
[05:32]   [ComfyUI] Device: cuda:0 NVIDIA GeForce RTX 3060 : cudaMallocAsync
[05:32]   [ComfyUI] Using async weight offloading with 2 streams
[05:32]   [ComfyUI] Enabled pinned memory 13068.0
[05:33]   [ComfyUI] Using pytorch attention
[05:42]   [ComfyUI] aimdo: src-win/cuda-detour.c:77:INFO:aimdo_setup_hooks: found driver at 00007FFE77060000, installing 4 hooks
[05:42]   [ComfyUI] aimdo: src-win/cuda-detour.c:61:DEBUG:install_hook_entrys: hooks successfully installed
[05:42]   [ComfyUI] aimdo: src/control.c:69:INFO:comfy-aimdo inited for GPU: NVIDIA GeForce RTX 3060 (VRAM: 12287 MB)
[05:42]   [ComfyUI] DynamicVRAM support detected and enabled
[05:42]   [ComfyUI] Python version: 3.13.12 (tags/v3.13.12:1cbe481, Feb  3 2026, 18:22:25) [MSC v.1944 64 bit (AMD64)]
[05:42]   [ComfyUI] ComfyUI version: 0.20.1
[05:42]   [ComfyUI] comfy-aimdo version: 0.2.14
[05:42]   [ComfyUI] comfy-kitchen version: 0.2.8
[05:42]   [ComfyUI] ****** User settings have been changed to be stored on the server instead of browser storage. ******
[05:42]   [ComfyUI] ****** For multi-user setups add the --multi-user CLI argument to enable multiple user profiles. ******
[05:42]   [ComfyUI] ComfyUI frontend version: 1.42.15
[05:42]   [ComfyUI] [Prompt Server] web root: C:\workspaces\Sharp-1517\portable-comfyui\ComfyUI_windows_portable\python_embeded\Lib\site-packages\comfyui_frontend_package\static
[05:42]   [ComfyUI] Asset seeder disabled
[05:45]   [ComfyUI] loading...
[05:45]   [ComfyUI] calling register_nodes
[05:45]   [ComfyUI] [comfy-env] Version: 0.3.77
[05:46]   [ComfyUI] [comfy-env] register_nodes: ComfyUI-GeometryPack
[05:46]   [ComfyUI] [comfy-env] ComfyUI source dir: C:\workspaces\Sharp-1517\portable-comfyui\ComfyUI_windows_portable\ComfyUI
[05:46]   [ComfyUI] [comfy-env] Found 3 isolation env(s)
[05:46]   [ComfyUI] [comfy-env] Importing nodes (root)...
[05:46]   [ComfyUI] [comfy-env] Imported nodes root: 0 nodes
[05:46]   [ComfyUI] [comfy-env] Scanning blender metadata...
[05:46]   [ComfyUI] [comfy-env] Scanning gpu metadata...
[05:46]   [ComfyUI] [comfy-env] Scanning main metadata...
[05:46]   [ComfyUI] [comfy-env] geometrypack-gpu: Library/bin has 235 DLLs
[05:46]   [ComfyUI] [comfy-env] Metadata scan: C:\Users\ContainerAdministrator\.pixi\bin\pixi.exe run --as-is --manifest-path C:\workspaces\Sharp-1517\portable-comfyui\ComfyUI_windows_portable\ComfyUI\.ce\pixi.toml -e geometrypack-gpu python C:\Users\ContainerAdministrator\AppData\Local\Temp\comfy_meta_f4ufk7ge.py C:\workspaces\Sharp-1517\portable-comfyui\ComfyUI_windows_portable\ComfyUI\custom_nodes\ComfyUI-GeometryPack nodes.gpu
[05:46]   [ComfyUI] [comfy-env] Scan env PATH for nodes.gpu:
[05:46]   [ComfyUI] [comfy-env]   [0] C:\workspaces\Sharp-1517\portable-comfyui\ComfyUI_windows_portable\ComfyUI\.ce\.pixi\envs\geometrypack-gpu
[05:46]   [ComfyUI] [comfy-env]   [1] C:\workspaces\Sharp-1517\portable-comfyui\ComfyUI_windows_portable\ComfyUI\.ce\.pixi\envs\geometrypack-gpu\Library\bin
[05:46]   [ComfyUI] [comfy-env]   [2] C:\workspaces\Sharp-1517\portable-comfyui\ComfyUI_windows_portable\ComfyUI\.ce\.pixi\envs\geometrypack-gpu\Scripts
[05:46]   [ComfyUI] [comfy-env]   [3] C:\workspaces\Sharp-1517\portable-comfyui\ComfyUI_windows_portable\ComfyUI\.ce\.pixi\envs\geometrypack-gpu\Lib\site-packages\bpy
[05:46]   [ComfyUI] [comfy-env]   [4] C:\Windows\System32
[05:46]   [ComfyUI] [comfy-env]   [5] C:\Windows
[05:46]   [ComfyUI] [comfy-env]   [6] C:\Windows\System32\Wbem
[05:46]   [ComfyUI] [comfy-env] geometrypack-blender: Library/bin has 234 DLLs
[05:46]   [ComfyUI] [comfy-env] Metadata scan: C:\Users\ContainerAdministrator\.pixi\bin\pixi.exe run --as-is --manifest-path C:\workspaces\Sharp-1517\portable-comfyui\ComfyUI_windows_portable\ComfyUI\.ce\pixi.toml -e geometrypack-blender python C:\Users\ContainerAdministrator\AppData\Local\Temp\comfy_meta_akdc54df.py C:\workspaces\Sharp-1517\portable-comfyui\ComfyUI_windows_portable\ComfyUI\custom_nodes\ComfyUI-GeometryPack nodes.blender
[05:46]   [ComfyUI] [comfy-env] Scan env PATH for nodes.blender:
[05:46]   [ComfyUI] [comfy-env]   [0] C:\workspaces\Sharp-1517\portable-comfyui\ComfyUI_windows_portable\ComfyUI\.ce\.pixi\envs\geometrypack-blender
[05:46]   [ComfyUI] [comfy-env]   [1] C:\workspaces\Sharp-1517\portable-comfyui\ComfyUI_windows_portable\ComfyUI\.ce\.pixi\envs\geometrypack-blender\Library\bin
[05:46]   [ComfyUI] [comfy-env]   [2] C:\workspaces\Sharp-1517\portable-comfyui\ComfyUI_windows_portable\ComfyUI\.ce\.pixi\envs\geometrypack-blender\Scripts
[05:46]   [ComfyUI] [comfy-env]   [3] C:\workspaces\Sharp-1517\portable-comfyui\ComfyUI_windows_portable\ComfyUI\.ce\.pixi\envs\geometrypack-blender\Lib\site-packages\bpy
[05:46]   [ComfyUI] [comfy-env]   [4] C:\Windows\System32
[05:46]   [ComfyUI] [comfy-env]   [5] C:\Windows
[05:46]   [ComfyUI] [comfy-env]   [6] C:\Windows\System32\Wbem
[05:46]   [ComfyUI] [comfy-env] geometrypack-main: Library/bin has 610 DLLs
[05:46]   [ComfyUI] [comfy-env] Metadata scan: C:\Users\ContainerAdministrator\.pixi\bin\pixi.exe run --as-is --manifest-path C:\workspaces\Sharp-1517\portable-comfyui\ComfyUI_windows_portable\ComfyUI\.ce\pixi.toml -e geometrypack-main python C:\Users\ContainerAdministrator\AppData\Local\Temp\comfy_meta_qa9n2o85.py C:\workspaces\Sharp-1517\portable-comfyui\ComfyUI_windows_portable\ComfyUI\custom_nodes\ComfyUI-GeometryPack nodes.main
[05:46]   [ComfyUI] [comfy-env] Scan env PATH for nodes.main:
[05:46]   [ComfyUI] [comfy-env]   [0] C:\workspaces\Sharp-1517\portable-comfyui\ComfyUI_windows_portable\ComfyUI\.ce\.pixi\envs\geometrypack-main
[05:46]   [ComfyUI] [comfy-env]   [1] C:\workspaces\Sharp-1517\portable-comfyui\ComfyUI_windows_portable\ComfyUI\.ce\.pixi\envs\geometrypack-main\Library\bin
[05:46]   [ComfyUI] [comfy-env]   [2] C:\workspaces\Sharp-1517\portable-comfyui\ComfyUI_windows_portable\ComfyUI\.ce\.pixi\envs\geometrypack-main\Scripts
[05:46]   [ComfyUI] [comfy-env]   [3] C:\workspaces\Sharp-1517\portable-comfyui\ComfyUI_windows_portable\ComfyUI\.ce\.pixi\envs\geometrypack-main\Lib\site-packages\bpy
[05:46]   [ComfyUI] [comfy-env]   [4] C:\Windows\System32
[05:46]   [ComfyUI] [comfy-env]   [5] C:\Windows
[05:46]   [ComfyUI] [comfy-env]   [6] C:\Windows\System32\Wbem
[06:26]   [ComfyUI] [comfy-env] Metadata scan stderr for nodes.gpu:
[06:26]   [ComfyUI] [comfy-env]   [meta-scan] importing nodes.gpu from C:\workspaces\Sharp-1517\portable-comfyui\ComfyUI_windows_portable\ComfyUI\custom_nodes\ComfyUI-GeometryPack
[06:26]   [ComfyUI] [comfy-env]   [meta-scan] import OK
[06:26]   [ComfyUI] [comfy-env] Scanned nodes.gpu: 3 nodes (40.8s)
[06:26]   [ComfyUI] [comfy-env] Scanned gpu: 3 nodes (40.8s)
[06:26]   [ComfyUI] [comfy-env] Registered 3 isolation nodes from gpu
[06:31]   [ComfyUI] [comfy-env] Metadata scan stderr for nodes.blender:
[06:31]   [ComfyUI] [comfy-env]   [meta-scan] importing nodes.blender from C:\workspaces\Sharp-1517\portable-comfyui\ComfyUI_windows_portable\ComfyUI\custom_nodes\ComfyUI-GeometryPack
[06:31]   [ComfyUI] [comfy-env]   [meta-scan] import OK
[06:31]   [ComfyUI] [comfy-env] Scanned nodes.blender: 12 nodes (45.1s)
[06:31]   [ComfyUI] [comfy-env] Scanned blender: 12 nodes (45.1s)
[06:31]   [ComfyUI] [comfy-env] Registered 12 isolation nodes from blender
[06:34]   [ComfyUI] [comfy-env] Metadata scan stderr for nodes.main:
[06:34]   [ComfyUI] [comfy-env]   [meta-scan] importing nodes.main from C:\workspaces\Sharp-1517\portable-comfyui\ComfyUI_windows_portable\ComfyUI\custom_nodes\ComfyUI-GeometryPack
[06:34]   [ComfyUI] [comfy-env]   [meta-scan] import OK
[06:34]   [ComfyUI] [comfy-env] Scanned nodes.main: 110 nodes (48.7s)
[06:34]   [ComfyUI] [comfy-env] Scanned main: 110 nodes (48.7s)
[06:34]   [ComfyUI] [comfy-env] Registered 110 isolation nodes from main
[06:34]   [ComfyUI] [comfy-env] Registered 125 total nodes
[06:34]   [ComfyUI] [comfy-env] Version: 0.3.77
[06:34]   [ComfyUI] [comfy-env] register_nodes: ComfyUI-Sharp
[06:34]   [ComfyUI] [comfy-env] ComfyUI source dir: C:\workspaces\Sharp-1517\portable-comfyui\ComfyUI_windows_portable\ComfyUI
[06:34]   [ComfyUI] [comfy-env] Found 1 isolation env(s)
[06:34]   [ComfyUI] [comfy-env] Scanning nodes metadata (isolation root)...
[06:34]   [ComfyUI] [comfy-env] sharp-nodes: Library/bin has 235 DLLs
[06:34]   [ComfyUI] [comfy-env] Metadata scan: C:\Users\ContainerAdministrator\.pixi\bin\pixi.exe run --as-is --manifest-path C:\workspaces\Sharp-1517\portable-comfyui\ComfyUI_windows_portable\ComfyUI\.ce\pixi.toml -e sharp-nodes python C:\Users\ContainerAdministrator\AppData\Local\Temp\comfy_meta_ov1zg7dc.py C:\workspaces\Sharp-1517\portable-comfyui\ComfyUI_windows_portable\ComfyUI\custom_nodes\ComfyUI-Sharp nodes
[06:34]   [ComfyUI] [comfy-env] Scan env PATH for nodes:
[06:34]   [ComfyUI] [comfy-env]   [0] C:\workspaces\Sharp-1517\portable-comfyui\ComfyUI_windows_portable\ComfyUI\.ce\.pixi\envs\sharp-nodes
[06:34]   [ComfyUI] [comfy-env]   [1] C:\workspaces\Sharp-1517\portable-comfyui\ComfyUI_windows_portable\ComfyUI\.ce\.pixi\envs\sharp-nodes\Library\bin
[06:34]   [ComfyUI] [comfy-env]   [2] C:\workspaces\Sharp-1517\portable-comfyui\ComfyUI_windows_portable\ComfyUI\.ce\.pixi\envs\sharp-nodes\Scripts
[06:34]   [ComfyUI] [comfy-env]   [3] C:\workspaces\Sharp-1517\portable-comfyui\ComfyUI_windows_portable\ComfyUI\.ce\.pixi\envs\sharp-nodes\Lib\site-packages\bpy
[06:34]   [ComfyUI] [comfy-env]   [4] C:\Windows\System32
[06:34]   [ComfyUI] [comfy-env]   [5] C:\Windows
[06:34]   [ComfyUI] [comfy-env]   [6] C:\Windows\System32\Wbem
[06:43]   [ComfyUI] [comfy-env] Metadata scan stderr for nodes:
[06:43]   [ComfyUI] [comfy-env]   [meta-scan] importing nodes from C:\workspaces\Sharp-1517\portable-comfyui\ComfyUI_windows_portable\ComfyUI\custom_nodes\ComfyUI-Sharp
[06:43]   [ComfyUI] [comfy-env]   [meta-scan] import OK
[06:43]   [ComfyUI] [comfy-env] Scanned nodes: 8 nodes (9.0s)
[06:43]   [ComfyUI] [comfy-env] Scanned nodes root: 8 nodes (9.0s)
[06:43]   [ComfyUI] [comfy-env] Imported nodes root: 8 nodes (isolation)
[06:43]   [ComfyUI] [comfy-env] Registered 8 total nodes
[06:43]   [ComfyUI] 
[06:43]   [ComfyUI] Import times for custom nodes:
[06:43]   [ComfyUI]    0.0 seconds: C:\workspaces\Sharp-1517\portable-comfyui\ComfyUI_windows_portable\ComfyUI\custom_nodes\websocket_image_save.py
[06:43]   [ComfyUI]    0.0 seconds: C:\workspaces\Sharp-1517\portable-comfyui\ComfyUI_windows_portable\ComfyUI\custom_nodes\ComfyUI-validate-endpoint
[06:43]   [ComfyUI]    9.1 seconds: C:\workspaces\Sharp-1517\portable-comfyui\ComfyUI_windows_portable\ComfyUI\custom_nodes\ComfyUI-Sharp
[06:43]   [ComfyUI]   49.6 seconds: C:\workspaces\Sharp-1517\portable-comfyui\ComfyUI_windows_portable\ComfyUI\custom_nodes\ComfyUI-GeometryPack
[06:43]   [ComfyUI] 
[06:43]   [ComfyUI] Context impl SQLiteImpl.
[06:43]   [ComfyUI] Will assume non-transactional DDL.
[06:43]   [ComfyUI] Context impl SQLiteImpl.
[06:43]   [ComfyUI] Will assume non-transactional DDL.
[06:43]   [ComfyUI] Running upgrade  -> 0001_assets, Initial assets schema
[06:43]   [ComfyUI] Revision ID: 0001_assets
[06:43]   [ComfyUI] Revises: None
[06:43]   [ComfyUI] Create Date: 2025-12-10 00:00:00
[06:44]   [ComfyUI] Running upgrade 0001_assets -> 0002_merge_to_asset_references, Merge AssetInfo and AssetCacheState into unified asset_references table.
[06:44]   [ComfyUI] Running upgrade 0002_merge_to_asset_references -> 0003_add_metadata_job_id, Add system_metadata and job_id columns to asset_references.
[06:44]   [ComfyUI] Change preview_id FK from assets.id to asset_references.id.
[06:44]   [ComfyUI] Database upgraded from None to 0003_add_metadata_job_id
[06:44]   [ComfyUI] Starting server
[06:44]   [ComfyUI] 
[06:44]   [ComfyUI] To see the GUI go to: http://127.0.0.1:41881
[06:44] Server responding, waiting for nodes to load...
[07:04] Server is ready!
[07:04] Checking for import errors in server logs...
[07:04] No import errors detected
[07:05] Found 822 registered nodes
[07:05] [REGISTRATION] PASSED
[07:05] 
[07:05] [4/5] INSTANTIATION
[07:05] ----------------------------------------
[07:05] 
[DEBUG] server=<comfy_test.comfyui.server.ComfyUIServer object at 0x000001E65EFE58A0>, server_url=None, api=<comfy_test.comfyui.api.ComfyUIAPI object at 0x000001E65EFE6A10>
[07:05] Testing node constructors...
[07:05] All 8 node(s) instantiated successfully!
[07:05] [INSTANTIATION] PASSED
[07:05] 
[07:05] [5/5] EXECUTION
[07:05] ----------------------------------------
[07:05] 
[DEBUG] server=<comfy_test.comfyui.server.ComfyUIServer object at 0x000001E65EFE58A0>, server_url=None, api=<comfy_test.comfyui.api.ComfyUIAPI object at 0x000001E65EFE6A10>
[07:05] GPU runner - will execute 2 workflow(s)
[07:05] Running 3 workflow(s) (all with videos)...
[07:05] Installing screenshot dependencies (playwright, pillow)...
[07:07]   Packages installed, downloading chromium browser...
[07:24]   Screenshot dependencies installed successfully
[07:25] Starting headless browser...
[07:26]   GPU detected (no Vulkan) — using ANGLE/OpenGL rendering
[07:30]   [1/3] SKIPPED (not in gpu list) pano.json
[07:31] Capturing execution frames: sharp_basic.json
[07:38]   Frame 1 saved (frame_000.jpg, t=0.0s)
[07:38]   Validating workflow...
[07:38]   [ComfyUI] === /validate endpoint called ===
[07:38]   [ComfyUI] Received JSON with keys: ['prompt']
[07:38]   Queuing workflow for execution...
[07:38]   [ComfyUI] Prompt has 4 nodes
[07:38]   [ComfyUI]   Node 1: LoadImage
[07:38]   [ComfyUI]     Inputs: {"image": "beach.jpg"}
[07:38]   [ComfyUI]   Node 2: LoadSharpModel
[07:38]   [ComfyUI]     Inputs: {"precision": "auto"}
[07:38]   [ComfyUI]   Node 4: GeomPackPreviewGaussian
[07:38]   [ComfyUI]     Inputs: {"preview_gaussian": "", "ply_path": ["5", 0], "extrinsics": ["5", 1], "intrinsics": ["5", 2]}
[07:38]   [ComfyUI]   Node 5: SharpPredict
[07:38]   [ComfyUI]     Inputs: {"focal_length_mm": 30, "output_prefix": "sharp", "model": ["2", 0], "image": ["1", 0]}
[07:38]   [ComfyUI] Generated prompt_id: 0a1e6472-1de7-45e7-8a1b-ada15adca9b9
[07:38]   [ComfyUI] Calling execution.validate_prompt()...
[07:38]   [ComfyUI] Validation result: valid=True
[07:38]   [ComfyUI] === Validation PASSED ===
[07:38]   [ComfyUI] got prompt
[07:38]   [ComfyUI] [comfy-env] Running LoadSharpModel: precision: 'auto'
[07:38]   [ComfyUI] [comfy-env] SubprocessWorker: C:\workspaces\Sharp-1517\portable-comfyui\ComfyUI_windows_portable\ComfyUI\.ce\.pixi\envs\sharp-nodes\python.exe
[07:38]   [ComfyUI] [VRAM] Before LoadSharpModel: 1042 / 12287 MB
[07:38]   [ComfyUI] [comfy-env] env_vars: {'COMFYUI_BASE': 'C:\\workspaces\\Sharp-1517\\portable-comfyui\\ComfyUI_windows_portable\\ComfyUI'}
[07:38]   [ComfyUI] [SubprocessWorker] call_method: nodes.load_model.LoadSharpModel.EXECUTE_NORMALIZED
[07:38]   [ComfyUI] [ComfyUI-Sharp] python: C:\workspaces\Sharp-1517\portable-comfyui\ComfyUI_windows_portable\ComfyUI\.ce\.pixi\envs\sharp-nodes\python.exe
[07:38]   [ComfyUI] [SubprocessWorker] acquired lock, ensuring started...
[07:38]   [ComfyUI] [ComfyUI-Sharp] sys_path sent to worker: ['C:\\workspaces\\Sharp-1517\\portable-comfyui\\ComfyUI_windows_portable\\ComfyUI', 'C:\\workspaces\\Sharp-1517\\portable-comfyui\\ComfyUI_windows_portable\\ComfyUI\\custom_nodes\\ComfyUI-Sharp', 'C:\\workspaces\\Sharp-1517\\portable-comfyui\\ComfyUI_windows_portable\\ComfyUI\\.ce\\.pixi\\envs\\sharp-nodes\\Lib\\site-packages', 'C:\\workspaces\\Sharp-1517\\portable-comfyui\\ComfyUI_windows_portable\\ComfyUI\\custom_nodes\\ComfyUI-Sharp']
[07:38]   [ComfyUI] [comfy-env] sharp-nodes: Library/bin has 235 DLLs
[07:38]   [ComfyUI] [SubprocessWorker] is_pixi=True, python=C:\workspaces\Sharp-1517\portable-comfyui\ComfyUI_windows_portable\ComfyUI\.ce\.pixi\envs\sharp-nodes\python.exe
[07:38]   [ComfyUI] [SubprocessWorker] launching cmd=['C:\\Users\\ContainerAdministrator\\.pixi\\bin\\pixi.exe', 'run', '--as-is', '--manifest-path', 'C:\\workspaces\\Sharp-1517\\portable-comfyui\\ComfyUI_windows_portable\\ComfyUI\\.ce\\pixi.toml', '-e', 'sharp-nodes', 'python', 'C:\\Users\\ContainerAdministrator\\AppData\\Local\\Temp\\comfyui_pvenv_sw5kgrd7\\persistent_worker.py', 'tcp://127.0.0.1:49188']...
[07:41]   Frame 2 saved (frame_001.jpg, t=2.3s)
[07:41]   [capture-periodic] freeze=4ms shot=141ms unfreeze=5ms saved=True
[07:43]   Frame 3 saved (frame_002.jpg, t=4.6s)
[07:43]   [capture-periodic] freeze=3ms shot=129ms unfreeze=3ms saved=True
[07:45]   [capture-loop] iter=50 t=6.1s state={'complete': False, 'error': None, 'executedCount': 0, 'wsState': 1} eval_ms=3 ram=9.3/31.9GB (29%) swap=0.3/12.3GB (2%) cpu=7% browser_rss=0.62GB
[07:49]   [ComfyUI] [SubprocessWorker] worker started/confirmed
[07:49]   [ComfyUI] [SubprocessWorker] serializing kwargs to shm...
[07:49]   [ComfyUI] [SubprocessWorker] created 0 shm blocks
[07:49]   [ComfyUI] [SubprocessWorker] sending request via socket...
[07:49]   [ComfyUI] [SubprocessWorker] call_id=1 sending call_method
[07:50]   [ComfyUI] 
[07:51]   [capture-loop] iter=100 t=12.5s state={'complete': False, 'error': None, 'executedCount': 0, 'wsState': 1} eval_ms=4 ram=9.5/31.9GB (30%) swap=0.3/12.3GB (2%) cpu=7% browser_rss=0.63GB
[07:54]   [ComfyUI] sharp_2572gikvuh.pt:   0%|          | 0.00/2.81G [00:00<?, ?B/s]
[07:54]   [ComfyUI] sharp_2572gikvuh.pt:   2%|▏         | 67.1M/2.81G [00:04<02:54, 15.7MB/s][SubprocessWorker] callback 'report_progress' from call_id=1
[07:55]   [ComfyUI] 
[07:55]   [ComfyUI] sharp_2572gikvuh.pt:   6%|▌         | 158M/2.81G [00:04<01:02, 42.7MB/s] [SubprocessWorker] callback 'report_progress' from call_id=1
[07:55]   [ComfyUI] 
[07:55]   [ComfyUI] sharp_2572gikvuh.pt:   9%|▉         | 256M/2.81G [00:04<00:33, 77.3MB/s][SubprocessWorker] callback 'report_progress' from call_id=1
[07:55]   [ComfyUI] 
[07:55]   [ComfyUI] sharp_2572gikvuh.pt:  10%|█         | 292M/2.81G [00:05<00:29, 85.8MB/s][SubprocessWorker] callback 'report_progress' from call_id=1
[07:56]   Frame 4 saved (frame_003.jpg, t=17.7s)
[07:56]   [capture-periodic] freeze=5ms shot=163ms unfreeze=4ms saved=True
[07:57]   [capture-loop] iter=150 t=19.0s state={'complete': False, 'error': None, 'executedCount': 0, 'wsState': 1} eval_ms=5 ram=10.0/31.9GB (31%) swap=0.3/12.3GB (2%) cpu=21% browser_rss=0.63GB
[07:58]   [ComfyUI] 
[07:58]   [ComfyUI] sharp_2572gikvuh.pt:  13%|█▎        | 359M/2.81G [00:07<00:50, 48.1MB/s][SubprocessWorker] callback 'report_progress' from call_id=1
[07:58]   Frame 5 saved (frame_004.jpg, t=20.0s)
[07:58]   [capture-periodic] freeze=4ms shot=138ms unfreeze=4ms saved=True
[08:02]   [ComfyUI] 
[08:02]   [ComfyUI] sharp_2572gikvuh.pt:  15%|█▌        | 427M/2.81G [00:11<01:20, 29.5MB/s][SubprocessWorker] callback 'report_progress' from call_id=1
[08:03]   Frame 6 saved (frame_005.jpg, t=24.5s)
[08:03]   [capture-periodic] freeze=4ms shot=169ms unfreeze=5ms saved=True
[08:04]   [capture-loop] iter=200 t=25.4s state={'complete': False, 'error': None, 'executedCount': 0, 'wsState': 1} eval_ms=4 ram=10.5/31.9GB (33%) swap=0.3/12.3GB (2%) cpu=22% browser_rss=0.57GB
[08:04]   [ComfyUI] 
[08:04]   [ComfyUI] sharp_2572gikvuh.pt:  18%|█▊        | 494M/2.81G [00:13<01:15, 30.7MB/s][SubprocessWorker] callback 'report_progress' from call_id=1
[08:05]   Frame 7 saved (frame_006.jpg, t=26.7s)
[08:05]   [capture-periodic] freeze=4ms shot=148ms unfreeze=5ms saved=True
[08:06]   [ComfyUI] 
[08:06]   [ComfyUI] sharp_2572gikvuh.pt:  20%|█▉        | 561M/2.81G [00:16<01:19, 28.4MB/s][SubprocessWorker] callback 'report_progress' from call_id=1
[08:07]   [ComfyUI] 
[08:07]   [ComfyUI] sharp_2572gikvuh.pt:  25%|██▍       | 695M/2.81G [00:16<00:40, 51.6MB/s][SubprocessWorker] callback 'report_progress' from call_id=1
[08:07]   [ComfyUI] 
[08:07]   [ComfyUI] sharp_2572gikvuh.pt:  32%|███▏      | 896M/2.81G [00:16<00:19, 97.8MB/s][SubprocessWorker] callback 'report_progress' from call_id=1
[08:07]   [ComfyUI] 
[08:07]   [ComfyUI] sharp_2572gikvuh.pt:  37%|███▋      | 1.03G/2.81G [00:17<00:13, 133MB/s][SubprocessWorker] callback 'report_progress' from call_id=1
[08:07]   Frame 8 saved (frame_007.jpg, t=29.0s)
[08:07]   [capture-periodic] freeze=6ms shot=147ms unfreeze=5ms saved=True
[08:10]   Frame 9 saved (frame_008.jpg, t=31.3s)
[08:10]   [capture-periodic] freeze=4ms shot=136ms unfreeze=4ms saved=True
[08:10]   [capture-loop] iter=250 t=31.9s state={'complete': False, 'error': None, 'executedCount': 0, 'wsState': 1} eval_ms=4 ram=10.9/31.9GB (34%) swap=0.3/12.3GB (2%) cpu=23% browser_rss=0.58GB
[08:11]   [ComfyUI] 
[08:11]   [ComfyUI] sharp_2572gikvuh.pt:  41%|████▏     | 1.16G/2.81G [00:20<00:22, 74.6MB/s][SubprocessWorker] callback 'report_progress' from call_id=1
[08:12]   [ComfyUI] 
[08:12]   [ComfyUI] sharp_2572gikvuh.pt:  46%|████▌     | 1.30G/2.81G [00:21<00:17, 86.6MB/s][SubprocessWorker] callback 'report_progress' from call_id=1
[08:12]   Frame 10 saved (frame_009.jpg, t=33.5s)
[08:12]   [capture-periodic] freeze=4ms shot=157ms unfreeze=5ms saved=True
[08:12]   [ComfyUI] 
[08:12]   [ComfyUI] sharp_2572gikvuh.pt:  53%|█████▎    | 1.50G/2.81G [00:21<00:09, 135MB/s] [SubprocessWorker] callback 'report_progress' from call_id=1
[08:12]   [ComfyUI] 
[08:12]   [ComfyUI] sharp_2572gikvuh.pt:  58%|█████▊    | 1.63G/2.81G [00:22<00:06, 170MB/s][SubprocessWorker] callback 'report_progress' from call_id=1
[08:13]   [ComfyUI] 
[08:13]   [ComfyUI] sharp_2572gikvuh.pt:  63%|██████▎   | 1.77G/2.81G [00:22<00:05, 190MB/s][SubprocessWorker] callback 'report_progress' from call_id=1
[08:13]   [ComfyUI] 
[08:13]   [ComfyUI] sharp_2572gikvuh.pt:  68%|██████▊   | 1.90G/2.81G [00:23<00:04, 186MB/s][SubprocessWorker] callback 'report_progress' from call_id=1
[08:14]   [ComfyUI] 
[08:14]   [ComfyUI] sharp_2572gikvuh.pt:  75%|███████▍  | 2.10G/2.81G [00:23<00:02, 264MB/s][SubprocessWorker] callback 'report_progress' from call_id=1
[08:14]   [ComfyUI] 
[08:14]   [ComfyUI] sharp_2572gikvuh.pt:  82%|████████▏ | 2.30G/2.81G [00:23<00:01, 343MB/s][SubprocessWorker] callback 'report_progress' from call_id=1
[08:14]   Frame 11 saved (frame_010.jpg, t=35.7s)
[08:14]   [capture-periodic] freeze=3ms shot=131ms unfreeze=3ms saved=True
[08:14]   [ComfyUI] 
[08:14]   [ComfyUI] sharp_2572gikvuh.pt:  89%|████████▉ | 2.51G/2.81G [00:24<00:00, 427MB/s][SubprocessWorker] callback 'report_progress' from call_id=1
[08:14]   [ComfyUI] 
[08:14]   [ComfyUI] sharp_2572gikvuh.pt:  96%|█████████▋| 2.71G/2.81G [00:24<00:00, 501MB/s][SubprocessWorker] callback 'report_progress' from call_id=1
[08:15]   [ComfyUI] 
[08:15]   [ComfyUI] sharp_2572gikvuh.pt: 100%|██████████| 2.81G/2.81G [00:24<00:00, 544MB/s][SubprocessWorker] callback 'report_progress' from call_id=1
[08:15]   [ComfyUI] 
[08:15]   [ComfyUI] sharp_2572gikvuh.pt: 100%|██████████| 2.81G/2.81G [00:24<00:00, 115MB/s]
[08:15]   [ComfyUI] [SubprocessWorker] got response: ok
[08:15]   [ComfyUI] [comfy-env] LoadSharpModel done (36.09s): result: NodeOutput
[08:15]   [ComfyUI] [VRAM] After LoadSharpModel: 1042 / 12287 MB
[08:15]   [ComfyUI] [comfy-env] Running SharpPredict: focal_length_mm: 30.0, output_prefix: 'sharp', model: dict, image: torch.float32 [1,1024,1536,3] cpu
[08:15]   [ComfyUI] [VRAM] Before SharpPredict: 1042 / 12287 MB
[08:15]   [ComfyUI] [SubprocessWorker] call_method: nodes.predict.SharpPredict.EXECUTE_NORMALIZED
[08:15]   [ComfyUI] [SubprocessWorker] acquired lock, ensuring started...
[08:15]   [ComfyUI] [ComfyUI-Sharp] Health check: ping (timeout=5.0s)...
[08:15]   [ComfyUI] [ComfyUI-Sharp] Health check: ok
[08:15]   [ComfyUI] [SubprocessWorker] worker started/confirmed
[08:15]   [ComfyUI] [comfy-env] PRE-SERIALIZE 'image' shape: torch.Size([1, 1024, 1536, 3])
[08:15]   [ComfyUI] [SubprocessWorker] serializing kwargs to shm...
[08:15]   [ComfyUI] [SubprocessWorker] created 0 shm blocks
[08:15]   [ComfyUI] [SubprocessWorker] sending request via socket...
[08:15]   [ComfyUI] [SubprocessWorker] call_id=2 sending call_method
[08:15]   [ComfyUI] [worker:ComfyUI-Sharp] [comfy-env] _from_shm got dict with keys: ['__type__', 'strategy', 'manager_path', 'storage_key', 'storage_size']
[08:15]   [ComfyUI] [worker:ComfyUI-Sharp] [comfy-env] DESERIALIZE TensorRef: tensor_size=[1, 1024, 1536, 3]
[08:15]   [ComfyUI] [worker:ComfyUI-Sharp] [comfy-env] DESERIALIZED tensor shape: torch.Size([1, 1024, 1536, 3])
[08:16]   Frame 12 saved (frame_011.jpg, t=37.9s)
[08:16]   [capture-periodic] freeze=4ms shot=115ms unfreeze=3ms saved=True
[08:16]   [capture-loop] iter=300 t=38.3s state={'complete': False, 'error': None, 'executedCount': 0, 'wsState': 1} eval_ms=4 ram=10.0/31.9GB (31%) swap=0.3/12.3GB (2%) cpu=16% browser_rss=0.57GB
[08:19]   [ComfyUI] [SubprocessWorker] callback 'request_vram_budget' from call_id=2
[08:19]   [ComfyUI] [comfy-env] VRAM request: 2.81GB, free before eviction: 11.79GB
[08:19]   [ComfyUI] [comfy-env] VRAM after eviction: 11.79GB
[08:20]   [ComfyUI] [worker:ComfyUI-Sharp] WARNING: [SPN] start: 0.07 GB, input=[1, 3, 1536, 1536]
[08:20]   [ComfyUI] [worker:ComfyUI-Sharp] WARNING: [SPN] patches: 0.13 GB, x0=25 x1=9 x2=1 total=35
[08:20]   [ComfyUI] [worker:ComfyUI-Sharp] [VRAM] +207MB (now 207MB) reserved=256MB peak=207MB
[08:20]   [ComfyUI] [worker:ComfyUI-Sharp] WARNING: [SPN] after first chunk (4/35): 0.56 GB, chunk_size=4
[08:21]   [ComfyUI] [worker:ComfyUI-Sharp] [VRAM] +414MB (now 622MB) reserved=832MB peak=658MB
[08:22]   [capture-loop] iter=350 t=44.1s state={'complete': False, 'error': None, 'executedCount': 0, 'wsState': 1} eval_ms=3 ram=12.7/31.9GB (40%) swap=0.3/12.3GB (2%) cpu=7% browser_rss=0.58GB
[08:23]   [ComfyUI] [worker:ComfyUI-Sharp] WARNING: [SPN] after all chunks + cache clear: 0.50 GB
[08:23]   [ComfyUI] [worker:ComfyUI-Sharp] WARNING: [SPN] after merge intermediates: 0.27 GB
[08:23]   [ComfyUI] [worker:ComfyUI-Sharp] WARNING: [SPN] after merge all: 0.31 GB
[08:23]   [ComfyUI] [worker:ComfyUI-Sharp] [VRAM] -301MB (now 321MB) reserved=704MB peak=694MB
[08:24]   [ComfyUI] [worker:ComfyUI-Sharp] WARNING: [SPN] after image_encoder: 0.31 GB
[08:24]   [ComfyUI] [worker:ComfyUI-Sharp] WARNING: [SPN] after upsample: 1.02 GB
[08:24]   [ComfyUI] [worker:ComfyUI-Sharp] WARNING: [Monodepth] after SPN encoder + cache clear: 0.93 GB
[08:24]   [ComfyUI] [worker:ComfyUI-Sharp] WARNING: [Monodepth] after decoder: 1.49 GB
[08:24]   [ComfyUI] [worker:ComfyUI-Sharp] [VRAM] +1195MB (now 1517MB) reserved=5088MB peak=4408MB
[08:25]   [ComfyUI] [worker:ComfyUI-Sharp] WARNING: [Decode] start: 1.48 GB
[08:25]   [ComfyUI] [worker:ComfyUI-Sharp] WARNING: [Decode] after depth_alignment: 1.52 GB
[08:25]   [ComfyUI] [worker:ComfyUI-Sharp] WARNING: [Decode] after init_model: 1.59 GB
[08:25]   [ComfyUI] [worker:ComfyUI-Sharp] [VRAM] +976MB (now 2493MB) reserved=4352MB peak=4408MB
[08:26]   [ComfyUI] [worker:ComfyUI-Sharp] WARNING: [Decode] after feature_model: 1.73 GB
[08:26]   [ComfyUI] [worker:ComfyUI-Sharp] WARNING: [Decode] after prediction_head: 1.79 GB
[08:26]   [ComfyUI] [worker:ComfyUI-Sharp] [VRAM] -761MB (now 1733MB) reserved=4352MB peak=4408MB
[08:27]   [ComfyUI] [SubprocessWorker] callback 'report_progress' from call_id=2
[08:27]   [ComfyUI] [SubprocessWorker] got response: ok
[08:27]   [ComfyUI] [comfy-env] SubprocessWorker: C:\workspaces\Sharp-1517\portable-comfyui\ComfyUI_windows_portable\ComfyUI\.ce\.pixi\envs\geometrypack-main\python.exe
[08:27]   [ComfyUI] [comfy-env] SharpPredict done (12.87s): result: NodeOutput
[08:27]   [ComfyUI] [comfy-env] env_vars: {'KMP_DUPLICATE_LIB_OK': 'TRUE', 'COMFYUI_BASE': 'C:\\workspaces\\Sharp-1517\\portable-comfyui\\ComfyUI_windows_portable\\ComfyUI'}
[08:27]   [ComfyUI] [VRAM] After SharpPredict: 1042 / 12287 MB
[08:27]   [ComfyUI] [comfy-env] Running GeomPackPreviewGaussian: ply_path: 'C:\\workspaces\\Sharp-1517\\portable-comfyui\\ComfyUI_wi..., extrinsics: list[4], intrinsics: list[3]
[08:27]   [ComfyUI] [VRAM] Before GeomPackPreviewGaussian: 1042 / 12287 MB
[08:27]   [ComfyUI] [SubprocessWorker] call_method: nodes.main.visualization.preview_gaussian.PreviewGaussianNode.EXECUTE_NORMALIZED
[08:27]   [ComfyUI] [SubprocessWorker] acquired lock, ensuring started...
[08:27]   [ComfyUI] [ComfyUI-GeometryPack] python: C:\workspaces\Sharp-1517\portable-comfyui\ComfyUI_windows_portable\ComfyUI\.ce\.pixi\envs\geometrypack-main\python.exe
[08:27]   [ComfyUI] [comfy-env] geometrypack-main: Library/bin has 610 DLLs
[08:27]   [ComfyUI] [ComfyUI-GeometryPack] sys_path sent to worker: ['C:\\workspaces\\Sharp-1517\\portable-comfyui\\ComfyUI_windows_portable\\ComfyUI', 'C:\\workspaces\\Sharp-1517\\portable-comfyui\\ComfyUI_windows_portable\\ComfyUI\\custom_nodes\\ComfyUI-GeometryPack', 'C:\\workspaces\\Sharp-1517\\portable-comfyui\\ComfyUI_windows_portable\\ComfyUI\\.ce\\.pixi\\envs\\geometrypack-main\\Lib\\site-packages', 'C:\\workspaces\\Sharp-1517\\portable-comfyui\\ComfyUI_windows_portable\\ComfyUI\\custom_nodes\\ComfyUI-GeometryPack']
[08:27]   [ComfyUI] [SubprocessWorker] is_pixi=True, python=C:\workspaces\Sharp-1517\portable-comfyui\ComfyUI_windows_portable\ComfyUI\.ce\.pixi\envs\geometrypack-main\python.exe
[08:27]   [ComfyUI] [SubprocessWorker] launching cmd=['C:\\Users\\ContainerAdministrator\\.pixi\\bin\\pixi.exe', 'run', '--as-is', '--manifest-path', 'C:\\workspaces\\Sharp-1517\\portable-comfyui\\ComfyUI_windows_portable\\ComfyUI\\.ce\\pixi.toml', '-e', 'geometrypack-main', 'python', 'C:\\Users\\ContainerAdministrator\\AppData\\Local\\Temp\\comfyui_pvenv_oyo6ls_4\\persistent_worker.py', 'tcp://127.0.0.1:63741']...
[08:28]   [capture-loop] iter=400 t=49.9s state={'complete': False, 'error': None, 'executedCount': 0, 'wsState': 1} eval_ms=4 ram=15.6/31.9GB (49%) swap=0.3/12.3GB (2%) cpu=5% browser_rss=0.58GB
[08:30]   Frame 13 saved (frame_012.jpg, t=51.2s)
[08:30]   [capture-periodic] freeze=3ms shot=123ms unfreeze=4ms saved=True
[08:32]   [ComfyUI] [SubprocessWorker] worker started/confirmed
[08:32]   [ComfyUI] [SubprocessWorker] serializing kwargs to shm...
[08:32]   [ComfyUI] [SubprocessWorker] created 0 shm blocks
[08:32]   [ComfyUI] [SubprocessWorker] sending request via socket...
[08:32]   [ComfyUI] [SubprocessWorker] call_id=1 sending call_method
[08:34]   [capture-loop] iter=450 t=55.6s state={'complete': False, 'error': None, 'executedCount': 0, 'wsState': 1} eval_ms=4 ram=16.0/31.9GB (50%) swap=0.3/12.3GB (2%) cpu=5% browser_rss=0.57GB
[08:34]   [ComfyUI] [worker:ComfyUI-GeometryPack] INFO: Loading PLY: sharp_1778333166057.ply (63.00 MB)
[08:34]   [ComfyUI] [SubprocessWorker] got response: ok
[08:34]   [ComfyUI] [comfy-env] GeomPackPreviewGaussian done (6.43s): result: NodeOutput
[08:34]   [ComfyUI] [VRAM] After GeomPackPreviewGaussian: 1042 / 12287 MB
[08:34]   [ComfyUI] Prompt executed in 55.46 seconds
[08:34]   Node executed (1 total), capturing...
[08:34]   Frame 14 saved (frame_013.jpg, t=56.0s)
[08:34]   [capture-node] freeze=7ms shot=150ms unfreeze=0ms saved=True
[08:34]   Execution complete (t=56.1s)
[08:36]   [3d-wait] Phase 1: Waiting for 'Loading 3D Model' text to disappear...
[08:36]   [3d-wait] Phase 1 done in 0.2s
[08:36]   [3d-wait] Phase 2: iframes=1
[08:36]   [3d-wait] iframe viewer_ready=True (matched 1 console logs)
[08:36]   [3d-wait] Unfrozen in 0.003s, rendering for 5s...
[08:41]   [3d-wait] JS halted via CDP after 5.0s
[08:42]   [3d-wait] Re-frozen in 6.0s
[08:42]   [3d-wait] Total 3D wait: 6.3s
[08:42]   Captured 14 unique frames over 63.77s
[08:42]   [debug] iframes: 1
[08:42]   [debug]   iframe[0]: src=http://127.0.0.1:41881/extensions/ComfyUI-GeometryPack/viewer_gaussian.html?v=17, canvas=1536x1024, rafFrozen=True
[08:42]   [timing] trigger_3d_previews: 0.0s
[08:44]   Saved high-quality screenshot: sharp_basic_executed.png
[08:44]   [timing] final_screenshot: 0.4s
[08:45] Capturing execution frames: sharp_exif.json
[08:51]   Frame 1 saved (frame_000.jpg, t=0.0s)
[08:51]   Validating workflow...
[08:51]   [ComfyUI] === /validate endpoint called ===
[08:51]   Queuing workflow for execution...
[08:51]   [ComfyUI] Received JSON with keys: ['prompt']
[08:51]   [ComfyUI] Prompt has 4 nodes
[08:51]   [ComfyUI]   Node 2: LoadSharpModel
[08:51]   [ComfyUI]     Inputs: {"precision": "auto"}
[08:51]   [ComfyUI]   Node 7: SharpPredict
[08:51]   [ComfyUI]     Inputs: {"focal_length_mm": ["9", 2], "output_prefix": "sharp", "model": ["2", 0], "image": ["9", 0]}
[08:51]   [ComfyUI]   Node 8: GeomPackPreviewGaussian
[08:51]   [ComfyUI]     Inputs: {"preview_gaussian": "", "ply_path": ["7", 0], "extrinsics": ["7", 1], "intrinsics": ["7", 2]}
[08:51]   [ComfyUI]   Node 9: LoadImageWithExif
[08:51]   [ComfyUI]     Inputs: {"image": "eth3d.png", "default_focal_mm": 30}
[08:51]   [ComfyUI] [ComfyUI-Sharp] python: C:\workspaces\Sharp-1517\portable-comfyui\ComfyUI_windows_portable\ComfyUI\.ce\.pixi\envs\sharp-nodes\python.exe
[08:51]   [ComfyUI] Generated prompt_id: f0953aad-6d19-4ba1-8cc9-2c51ddd06f14
[08:51]   [ComfyUI] [ComfyUI-Sharp] sys_path sent to worker: ['C:\\workspaces\\Sharp-1517\\portable-comfyui\\ComfyUI_windows_portable\\ComfyUI', 'C:\\workspaces\\Sharp-1517\\portable-comfyui\\ComfyUI_windows_portable\\ComfyUI\\custom_nodes\\ComfyUI-Sharp', 'C:\\workspaces\\Sharp-1517\\portable-comfyui\\ComfyUI_windows_portable\\ComfyUI\\.ce\\.pixi\\envs\\sharp-nodes\\Lib\\site-packages', 'C:\\workspaces\\Sharp-1517\\portable-comfyui\\ComfyUI_windows_portable\\ComfyUI\\custom_nodes\\ComfyUI-Sharp']
[08:51]   [ComfyUI] Calling execution.validate_prompt()...
[08:51]   [ComfyUI] [SubprocessWorker] is_pixi=True, python=C:\workspaces\Sharp-1517\portable-comfyui\ComfyUI_windows_portable\ComfyUI\.ce\.pixi\envs\sharp-nodes\python.exe
[08:51]   [ComfyUI] Validation result: valid=True
[08:51]   [ComfyUI] [SubprocessWorker] launching cmd=['C:\\Users\\ContainerAdministrator\\.pixi\\bin\\pixi.exe', 'run', '--as-is', '--manifest-path', 'C:\\workspaces\\Sharp-1517\\portable-comfyui\\ComfyUI_windows_portable\\ComfyUI\\.ce\\pixi.toml', '-e', 'sharp-nodes', 'python', 'C:\\Users\\ContainerAdministrator\\AppData\\Local\\Temp\\comfyui_pvenv_sw5kgrd7\\persistent_worker.py', 'tcp://127.0.0.1:57249']...
[08:51]   [ComfyUI] === Validation PASSED ===
[08:51]   [ComfyUI] got prompt
[08:51]   [ComfyUI] [comfy-env] Running LoadImageWithExif: image: 'eth3d.png', default_focal_mm: 30.0
[08:51]   [ComfyUI] [VRAM] Before LoadImageWithExif: 1042 / 12287 MB
[08:51]   [ComfyUI] [SubprocessWorker] call_method: nodes.load_image_exif.LoadImageWithExif.EXECUTE_NORMALIZED
[08:51]   [ComfyUI] [SubprocessWorker] acquired lock, ensuring started...
[08:51]   [ComfyUI] [ComfyUI-Sharp] Health check: ping (timeout=5.0s)...
[08:51]   [ComfyUI] [ComfyUI-Sharp] Health check: failed
[08:51]   [ComfyUI] [ComfyUI-Sharp] Socket unhealthy, restarting worker...
[08:51]   [ComfyUI] [comfy-env] sharp-nodes: Library/bin has 235 DLLs
[08:53]   Frame 2 saved (frame_001.jpg, t=2.3s)
[08:53]   [capture-periodic] freeze=3ms shot=142ms unfreeze=4ms saved=True
[08:56]   Frame 3 saved (frame_002.jpg, t=4.6s)
[08:56]   [capture-periodic] freeze=3ms shot=130ms unfreeze=3ms saved=True
[08:56]   [ComfyUI] [SubprocessWorker] worker started/confirmed
[08:56]   [ComfyUI] [SubprocessWorker] serializing kwargs to shm...
[08:56]   [ComfyUI] [SubprocessWorker] created 0 shm blocks
[08:56]   [ComfyUI] [SubprocessWorker] sending request via socket...
[08:56]   [ComfyUI] [SubprocessWorker] call_id=3 sending call_method
[08:57]   [ComfyUI] [SubprocessWorker] got response: ok
[08:57]   [ComfyUI] [comfy-env] LoadImageWithExif done (5.89s): result: NodeOutput
[08:57]   [ComfyUI] [VRAM] After LoadImageWithExif: 1042 / 12287 MB
[08:57]   [ComfyUI] [comfy-env] Running LoadSharpModel: precision: 'auto'
[08:57]   [ComfyUI] [VRAM] Before LoadSharpModel: 1042 / 12287 MB
[08:57]   [capture-loop] iter=50 t=6.1s state={'complete': False, 'error': None, 'executedCount': 0, 'wsState': 1} eval_ms=12 ram=10.1/31.9GB (32%) swap=0.3/12.3GB (2%) cpu=4% browser_rss=0.68GB
[08:57]   [ComfyUI] [SubprocessWorker] call_method: nodes.load_model.LoadSharpModel.EXECUTE_NORMALIZED
[08:57]   [ComfyUI] [SubprocessWorker] acquired lock, ensuring started...
[08:57]   [ComfyUI] [ComfyUI-Sharp] Health check: ping (timeout=5.0s)...
[08:57]   [ComfyUI] [ComfyUI-Sharp] Health check: ok
[08:57]   [ComfyUI] [SubprocessWorker] worker started/confirmed
[08:57]   [ComfyUI] [SubprocessWorker] serializing kwargs to shm...
[08:57]   [ComfyUI] [SubprocessWorker] created 0 shm blocks
[08:57]   [ComfyUI] [SubprocessWorker] sending request via socket...
[08:57]   [ComfyUI] [SubprocessWorker] call_id=4 sending call_method
[08:57]   [ComfyUI] Warning: You are sending unauthenticated requests to the HF Hub. Please set a HF_TOKEN to enable higher rate limits and faster downloads.
[08:57]   [ComfyUI] [worker:ComfyUI-Sharp] WARNING: Warning: You are sending unauthenticated requests to the HF Hub. Please set a HF_TOKEN to enable higher rate limits and faster downloads.
[08:57]   [ComfyUI] [SubprocessWorker] got response: ok
[08:57]   [ComfyUI] [comfy-env] LoadSharpModel done (0.37s): result: NodeOutput
[08:57]   [ComfyUI] [VRAM] After LoadSharpModel: 1042 / 12287 MB
[08:57]   [ComfyUI] [comfy-env] Running SharpPredict: focal_length_mm: 20.0, output_prefix: 'sharp', model: dict, image: torch.float32 [1,2022,3040,3] cpu
[08:57]   [ComfyUI] [VRAM] Before SharpPredict: 1042 / 12287 MB
[08:57]   [ComfyUI] [SubprocessWorker] call_method: nodes.predict.SharpPredict.EXECUTE_NORMALIZED
[08:57]   [ComfyUI] [SubprocessWorker] acquired lock, ensuring started...
[08:57]   [ComfyUI] [ComfyUI-Sharp] Health check: ping (timeout=5.0s)...
[08:57]   [ComfyUI] [ComfyUI-Sharp] Health check: ok
[08:57]   [ComfyUI] [SubprocessWorker] worker started/confirmed
[08:57]   [ComfyUI] [comfy-env] PRE-SERIALIZE 'image' shape: torch.Size([1, 2022, 3040, 3])
[08:57]   [ComfyUI] [SubprocessWorker] serializing kwargs to shm...
[08:57]   [ComfyUI] [SubprocessWorker] created 0 shm blocks
[08:57]   [ComfyUI] [SubprocessWorker] sending request via socket...
[08:57]   [ComfyUI] [SubprocessWorker] call_id=5 sending call_method
[08:57]   [ComfyUI] [worker:ComfyUI-Sharp] [comfy-env] _from_shm got dict with keys: ['__type__', 'strategy', 'manager_path', 'storage_key', 'storage_size']
[08:57]   [ComfyUI] [worker:ComfyUI-Sharp] [comfy-env] DESERIALIZE TensorRef: tensor_size=[1, 2022, 3040, 3]
[08:57]   [ComfyUI] [worker:ComfyUI-Sharp] [comfy-env] DESERIALIZED tensor shape: torch.Size([1, 2022, 3040, 3])
[08:58]   Frame 4 saved (frame_003.jpg, t=6.8s)
[08:58]   [capture-periodic] freeze=3ms shot=129ms unfreeze=4ms saved=True
[09:01]   [ComfyUI] [SubprocessWorker] callback 'request_vram_budget' from call_id=5
[09:01]   [ComfyUI] [comfy-env] VRAM request: 2.81GB, free before eviction: 11.79GB
[09:01]   [ComfyUI] [comfy-env] VRAM after eviction: 11.79GB
[09:01]   [ComfyUI] [worker:ComfyUI-Sharp] WARNING: [SPN] start: 0.12 GB, input=[1, 3, 1536, 1536]
[09:01]   [ComfyUI] [worker:ComfyUI-Sharp] WARNING: [SPN] patches: 0.18 GB, x0=25 x1=9 x2=1 total=35
[09:01]   [ComfyUI] [worker:ComfyUI-Sharp] [VRAM] +251MB (now 251MB) reserved=320MB peak=251MB
[09:02]   [ComfyUI] [worker:ComfyUI-Sharp] WARNING: [SPN] after first chunk (4/35): 0.61 GB, chunk_size=4
[09:02]   [ComfyUI] [worker:ComfyUI-Sharp] [VRAM] +414MB (now 665MB) reserved=896MB peak=674MB
[09:03]   [capture-loop] iter=100 t=12.4s state={'complete': False, 'error': None, 'executedCount': 0, 'wsState': 1} eval_ms=4 ram=12.9/31.9GB (41%) swap=0.3/12.3GB (2%) cpu=11% browser_rss=0.61GB
[09:05]   [ComfyUI] [worker:ComfyUI-Sharp] WARNING: [SPN] after all chunks + cache clear: 0.55 GB
[09:05]   [ComfyUI] [worker:ComfyUI-Sharp] WARNING: [SPN] after merge intermediates: 0.32 GB
[09:05]   [ComfyUI] [worker:ComfyUI-Sharp] WARNING: [SPN] after merge all: 0.36 GB
[09:05]   [ComfyUI] [worker:ComfyUI-Sharp] [VRAM] -292MB (now 374MB) reserved=736MB peak=710MB
[09:05]   [ComfyUI] [worker:ComfyUI-Sharp] WARNING: [SPN] after image_encoder: 0.36 GB
[09:05]   [ComfyUI] [worker:ComfyUI-Sharp] WARNING: [SPN] after upsample: 1.07 GB
[09:05]   [ComfyUI] [worker:ComfyUI-Sharp] WARNING: [Monodepth] after SPN encoder + cache clear: 0.98 GB
[09:05]   [ComfyUI] [worker:ComfyUI-Sharp] WARNING: [Monodepth] after decoder: 1.54 GB
[09:06]   [ComfyUI] [worker:ComfyUI-Sharp] [VRAM] +1195MB (now 1569MB) reserved=5120MB peak=4460MB
[09:06]   [ComfyUI] [worker:ComfyUI-Sharp] WARNING: [Decode] start: 1.53 GB
[09:06]   [ComfyUI] [worker:ComfyUI-Sharp] WARNING: [Decode] after depth_alignment: 1.57 GB
[09:06]   [ComfyUI] [worker:ComfyUI-Sharp] WARNING: [Decode] after init_model: 1.64 GB
[09:07]   [ComfyUI] [worker:ComfyUI-Sharp] WARNING: [Decode] after feature_model: 1.78 GB
[09:07]   [ComfyUI] [worker:ComfyUI-Sharp] WARNING: [Decode] after prediction_head: 1.84 GB
[09:07]   [ComfyUI] [worker:ComfyUI-Sharp] [VRAM] +360MB (now 1929MB) reserved=4480MB peak=4460MB
[09:08]   [ComfyUI] [worker:ComfyUI-Sharp] [VRAM] -1731MB (now 198MB) reserved=4480MB peak=4460MB
[09:08]   [ComfyUI] [SubprocessWorker] callback 'report_progress' from call_id=5
[09:08]   [ComfyUI] [SubprocessWorker] got response: ok
[09:08]   [ComfyUI] [comfy-env] SharpPredict done (11.17s): result: NodeOutput
[09:08]   [ComfyUI] [VRAM] After SharpPredict: 1042 / 12287 MB
[09:08]   [ComfyUI] [comfy-env] Running GeomPackPreviewGaussian: ply_path: 'C:\\workspaces\\Sharp-1517\\portable-comfyui\\ComfyUI_wi..., extrinsics: list[4], intrinsics: list[3]
[09:08]   [ComfyUI] [VRAM] Before GeomPackPreviewGaussian: 1042 / 12287 MB
[09:08]   [ComfyUI] [SubprocessWorker] call_method: nodes.main.visualization.preview_gaussian.PreviewGaussianNode.EXECUTE_NORMALIZED
[09:08]   [ComfyUI] [SubprocessWorker] acquired lock, ensuring started...
[09:08]   [ComfyUI] [ComfyUI-GeometryPack] Health check: ping (timeout=5.0s)...
[09:08]   [ComfyUI] [ComfyUI-GeometryPack] Health check: ok
[09:08]   [ComfyUI] [SubprocessWorker] worker started/confirmed
[09:08]   [ComfyUI] [SubprocessWorker] serializing kwargs to shm...
[09:08]   [ComfyUI] [SubprocessWorker] created 0 shm blocks
[09:08]   [ComfyUI] [SubprocessWorker] sending request via socket...
[09:08]   [ComfyUI] [SubprocessWorker] call_id=2 sending call_method
[09:08]   [ComfyUI] [worker:ComfyUI-GeometryPack] INFO: Loading PLY: sharp_1778333207594.ply (63.00 MB)
[09:08]   [ComfyUI] [SubprocessWorker] got response: ok
[09:08]   [ComfyUI] [comfy-env] GeomPackPreviewGaussian done (0.06s): result: NodeOutput
[09:08]   [ComfyUI] [VRAM] After GeomPackPreviewGaussian: 1042 / 12287 MB
[09:09]   [ComfyUI] Prompt executed in 17.51 seconds
[09:09]   Node executed (1 total), capturing...
[09:09]   Frame 5 saved (frame_004.jpg, t=17.9s)
[09:09]   [capture-node] freeze=4ms shot=127ms unfreeze=0ms saved=True
[09:09]   Execution complete (t=17.9s)
[09:09]   [3d-wait] Phase 1: Waiting for 'Loading 3D Model' text to disappear...
[09:09]   [3d-wait] Phase 1 done in 0.0s
[09:09]   [3d-wait] Phase 2: iframes=1
[09:09]   [3d-wait] iframe viewer_ready=False (matched 0 console logs)
[09:09]   [3d-wait] Waiting for 'Loaded successfully' console message (timeout=60s)...
[09:10]   [3d-wait] Got 'Loaded successfully' after 1.3s
[09:10]   [3d-wait] Unfrozen in 0.182s, rendering for 5s...
[09:15]   [3d-wait] JS halted via CDP after 5.2s
[09:16]   [3d-wait] Re-frozen in 6.2s
[09:16]   [3d-wait] Total 3D wait: 7.5s
[09:16]   Captured 5 unique frames over 25.63s
[09:16]   [debug] iframes: 1
[09:16]   [debug]   iframe[0]: src=http://127.0.0.1:41881/extensions/ComfyUI-GeometryPack/viewer_gaussian.html?v=17, canvas=3040x2022, rafFrozen=True
[09:16]   [timing] trigger_3d_previews: 0.0s
[09:19]   Saved high-quality screenshot: sharp_exif_executed.png
[09:19]   [timing] final_screenshot: 0.3s
[09:19] Results saved to C:\logs\Sharp-1517\dev\windows-portable-gpu\results.json
[09:19] Model report: 12 files, 2.6 GB -> C:\logs\Sharp-1517\dev\windows-portable-gpu\models.json
[09:19] Saved: C:\logs\Sharp-1517\dev\windows-portable-gpu\index.html
[09:19] [EXECUTION] PASSED
[09:19] 
windows_portable: PASSED
[09:19] Stopping ComfyUI server...
