[00:00] Crash dump logging enabled: C:\logs\Sharp-1754\dev\windows-gpu\crash_dump.log
[00:00] 
[00:00] [1/5] SYNTAX
[00:00] ----------------------------------------
[00:00] 
[DEBUG] server=None, api=None
[00:00] Found pyproject.toml (modern format)
[00:00] Found requirements.txt (legacy format)
[00:00] Unicode check: OK (all characters cp1252-safe)
[00:00] Forbidden patterns check: OK
[00:00] [SYNTAX] PASSED
[00:00] 
[00:00] [2/5] INSTALL
[00:00] ----------------------------------------
[00:00] 
[DEBUG] server=None, api=None
[00:00] 
Setting up ComfyUI...
[00:00] Creating virtual environment at C:\workspaces\Sharp-1754\.venv...
[00:00] Running: uv venv C:\workspaces\Sharp-1754\.venv --python 3.12
[00:00] torch_version='2.10.0' -> pinning torch==2.10.0 torchvision==0.25.0 torchaudio==2.10.0
[00:00] Cloning ComfyUI (latest) to C:\workspaces\Sharp-1754\ComfyUI...
[00:00] Running: git clone --depth 1 https://github.com/comfyanonymous/ComfyUI.git C:\workspaces\Sharp-1754\ComfyUI
[00:02] Pinning torch family from https://download.pytorch.org/whl/cu128: torch==2.10.0 torchvision==0.25.0 torchaudio==2.10.0
[00:02] Running: uv pip install --python C:\workspaces\Sharp-1754\.venv\Scripts\python.exe --index-url https://download.pytorch.org/whl/cu128 --extra-index-url https://pypi.org/simple --index-strategy unsafe-best-match torch==2.10.0 torchvision==0.25.0 torchaudio==2.10.0
[00:35] Installing ComfyUI requirements into C:\workspaces\Sharp-1754\.venv...
[00:35]     comfyui-frontend-package==1.43.18
[00:35]     comfyui-workflow-templates==0.9.77
[00:35]     comfyui-embedded-docs==0.5.0
[00:35]     torch
[00:35]     torchsde
[00:35]     torchvision
[00:35]     torchaudio
[00:35]     numpy>=1.25.0
[00:35]     einops
[00:35]     transformers>=4.50.3
[00:35]     tokenizers>=0.13.3
[00:35]     sentencepiece
[00:35]     safetensors>=0.4.2
[00:35]     aiohttp>=3.11.8
[00:35]     yarl>=1.18.0
[00:35]     pyyaml
[00:35]     Pillow
[00:35]     scipy
[00:35]     tqdm
[00:35]     psutil
[00:35]     alembic
[00:35]     SQLAlchemy>=2.0.0
[00:35]     filelock
[00:35]     av>=14.2.0
[00:35]     comfy-kitchen>=0.2.8
[00:35]     comfy-aimdo==0.3.0
[00:35]     requests
[00:35]     simpleeval>=1.0.0
[00:35]     blake3
[00:35]     
[00:35]     #non essential dependencies:
[00:35]     kornia>=0.7.1
[00:35]     spandrel
[00:35]     pydantic~=2.0
[00:35]     pydantic-settings~=2.0
[00:35]     PyOpenGL
[00:35]     glfw
[00:35] Running: uv pip install --python C:\workspaces\Sharp-1754\.venv\Scripts\python.exe --index-url https://download.pytorch.org/whl/cu128 --extra-index-url https://pypi.org/simple --index-strategy unsafe-best-match -r C:\workspaces\Sharp-1754\ComfyUI\requirements.txt
[00:46] 
Installing custom node...
[00:46] Copying ComfyUI-Sharp to C:\workspaces\Sharp-1754\ComfyUI\custom_nodes\ComfyUI-Sharp...
[00:46] Installing node requirements...
[00:46]     comfy-env==0.3.89
[00:46]     comfy-3d-viewers==0.2.44
[00:46] Running: uv pip install --python C:\workspaces\Sharp-1754\.venv\Scripts\python.exe --index-url https://download.pytorch.org/whl/cu128 --extra-index-url https://pypi.org/simple --index-strategy unsafe-best-match -r C:\workspaces\Sharp-1754\ComfyUI\custom_nodes\ComfyUI-Sharp\requirements.txt
[00:49] 
Running install.py...
[00:49] Running: C:\workspaces\Sharp-1754\.venv\Scripts\python.exe C:\workspaces\Sharp-1754\ComfyUI\custom_nodes\ComfyUI-Sharp\install.py
[00:50]   
[00:50]   Installing 1 node dependencies...
[00:50]     Cloning ComfyUI-GeometryPack...
[00:55]     Installing requirements for ComfyUI-GeometryPack...
[00:56]     Running install.py for ComfyUI-GeometryPack...
[00:59]   [comfy-env] _discover: scanning C:\workspaces\Sharp-1754\ComfyUI\custom_nodes
[00:59]   [comfy-env] _discover: ComfyUI-GeometryPack -> geometrypack-nodes (custom_nodes\ComfyUI-GeometryPack\nodes\comfy-env.toml)
[00:59]   [comfy-env] _discover: ComfyUI-Sharp -> sharp-nodes (custom_nodes\ComfyUI-Sharp\nodes\comfy-env.toml)
[00:59]   [comfy-env] Workspace: C:\Users\ContainerUser\AppData\Local\Programs\comfy-env
[00:59]   [comfy-env] ComfyUI: C:\workspaces\Sharp-1754\ComfyUI
[00:59]   [comfy-env] Found 2 node config(s):
[00:59]     - geometrypack-nodes <- custom_nodes\ComfyUI-GeometryPack\nodes\comfy-env.toml (python=host)
[00:59]     - sharp-nodes <- custom_nodes\ComfyUI-Sharp\nodes\comfy-env.toml (python=host)
[00:59]   [comfy-env] Bootstrap interpreter has python 3.12 + torch 2.10.0 (cu128). Looking for cuda-only wheels matching cu128/torch2.10/cp312.
[01:33]   [comfy-env] GPU: Detection: torch
[01:33]   Recommended: CUDA 13.1
[01:33]   
[01:33]     GPU 0: NVIDIA GeForce RTX 4060 Ti (sm_89) [Ada] 16379MB
[01:33]   [comfy-env] Comfyui feature -> torch 2.10.0 from https://download.pytorch.org/whl/cu128 (CUDA 12.8 via bootstrap torch)
[01:33]   [comfy-env] cuda-wheels: 1 package(s) need a matched (cuda, torch, python) combo: ['cumesh']
[01:33]   [comfy-env] cuda-wheels tier 1 (bootstrap): probing cu12.8/torch2.10/cp312
[01:33]   [cuda-wheels] Looking up cumesh: cu128 torch2.10 cp312 win_amd64
[01:33]   [cuda-wheels]   Found: cumesh-0.0.1+cu128torch2.10-cp312-cp312-win_amd64.whl
[01:33]   [comfy-env] cuda-wheels combo: cu12.8/torch2.10 (bootstrap matches; per-node envs will pin to this)
[01:33]   [cuda-wheels] Looking up cumesh: cu128 torch2.10 cp312 win_amd64
[01:33]   [cuda-wheels]   Found: cumesh-0.0.1+cu128torch2.10-cp312-cp312-win_amd64.whl
[01:33]   [comfy-env] geometrypack-nodes: cuda-wheels deferred for post-pixi install (cumesh)
[01:33]   Generated C:\Users\ContainerUser\AppData\Local\Programs\comfy-env\pixi.toml
[01:33]   [comfy-env] Patched C:\Users\ContainerUser\AppData\Roaming\uv\python\cpython-3.10-windows-x86_64-none\Lib\platform.py for conda-forge compat
[01:33]   [comfy-env] Patched C:\Users\ContainerUser\AppData\Roaming\uv\python\cpython-3.10.20-windows-x86_64-none\Lib\platform.py for conda-forge compat
[01:33]   [comfy-env] Patched C:\Users\ContainerUser\AppData\Roaming\uv\python\cpython-3.11-windows-x86_64-none\Lib\platform.py for conda-forge compat
[01:33]   [comfy-env] Patched C:\Users\ContainerUser\AppData\Roaming\uv\python\cpython-3.11.15-windows-x86_64-none\Lib\platform.py for conda-forge compat
[01:33]   [comfy-env] Patched C:\Users\ContainerUser\AppData\Roaming\uv\python\cpython-3.12-windows-x86_64-none\Lib\platform.py for conda-forge compat
[01:33]   [comfy-env] Patched C:\Users\ContainerUser\AppData\Roaming\uv\python\cpython-3.12.13-windows-x86_64-none\Lib\platform.py for conda-forge compat
[01:33]   [comfy-env] Patched C:\Users\ContainerUser\AppData\Roaming\uv\python\cpython-3.13-windows-x86_64-none\Lib\platform.py for conda-forge compat
[01:33]   [comfy-env] Patched C:\Users\ContainerUser\AppData\Roaming\uv\python\cpython-3.13.13-windows-x86_64-none\Lib\platform.py for conda-forge compat
[01:33]   [comfy-env] Installing 2 environment(s):
[01:33]     - geometrypack-nodes (python=host, 14 pypi deps, 1 cuda wheels)
[01:33]     - sharp-nodes (python=host, 10 pypi deps)
[01:33]   [comfy-env] Running `pixi install -e geometrypack-nodes -e sharp-nodes`...
[02:49]      WARN Skipped running the post-link scripts because `run-post-link-scripts` = `false`
[02:49]     	- Scripts/.librsvg-pre-unlink.bat
[02:49]     To enable them, run:
[02:49]     	pixi config set --local run-post-link-scripts insecure
[02:49]     More info:
[02:49]     	https://pixi.sh/latest/reference/pixi_configuration/#run-post-link-scripts
[02:53]      WARN Skipped running the post-link scripts because `run-post-link-scripts` = `false`
[02:53]     	- Scripts/.librsvg-pre-unlink.bat
[02:53]     To enable them, run:
[02:53]     	pixi config set --local run-post-link-scripts insecure
[02:53]     More info:
[02:53]     	https://pixi.sh/latest/reference/pixi_configuration/#run-post-link-scripts
[03:48]     The following environments have been installed: geometrypack-nodes, sharp-nodes.
[03:48]   [comfy-env] geometrypack-nodes: installing cuda-wheels with --no-deps (cumesh)
[03:49]     Using Python 3.12.13 environment at: .pixi\envs\geometrypack-nodes
[03:50]     Resolved 1 package in 772ms
[03:50]     Downloading cumesh (10.2MiB)
[03:50]      Downloaded cumesh
[03:50]     Prepared 1 package in 275ms
[03:50]     Installed 1 package in 5ms
[03:50]      + cumesh==0.0.1+cu128torch2.10 (from https://github.com/PozzettiAndrea/cuda-wheels/releases/download/cumesh-latest/cumesh-0.0.1%2Bcu128torch2.10-cp312-cp312-win_amd64.whl)
[03:50]   [comfy-env] Recorded install hash 289ba018900b -> C:\Users\ContainerUser\AppData\Local\Programs\comfy-env\install.hash
[03:50]   [comfy-env] Install log: C:\Users\ContainerUser\AppData\Local\Programs\comfy-env\install.log
[03:50]   
[03:50]   Installation complete!
[03:50]   
[03:50]   [requirements] Re-installing main package requirements...
[03:50]     Installing requirements for ComfyUI-Sharp...
[03:50]   [comfy-env] _discover: scanning C:\workspaces\Sharp-1754\ComfyUI\custom_nodes
[03:50]   [comfy-env] _discover: ComfyUI-GeometryPack -> geometrypack-nodes (custom_nodes\ComfyUI-GeometryPack\nodes\comfy-env.toml)
[03:50]   [comfy-env] _discover: ComfyUI-Sharp -> sharp-nodes (custom_nodes\ComfyUI-Sharp\nodes\comfy-env.toml)
[03:50]   [comfy-env] Workspace inputs unchanged (hash 289ba018900b) -- skipping install. Delete C:\Users\ContainerUser\AppData\Local\Programs\comfy-env\install.hash to force.
[03:50]   
[03:50]   Installation complete!
[03:50] Installing 1 node dependency(ies)...
[03:50]   ComfyUI-GeometryPack from PozzettiAndrea/ComfyUI-GeometryPack
[03:50]   ComfyUI-GeometryPack already exists, skipping...
[03:50] Installing validation endpoint...
[03:50]   Cloning PozzettiAndrea/ComfyUI-validate-endpoint...
[03:50] Running: git clone --depth 1 https://x-access-token:***@github.com/PozzettiAndrea/ComfyUI-validate-endpoint.git C:\workspaces\Sharp-1754\ComfyUI\custom_nodes\ComfyUI-validate-endpoint
[03:51] [INSTALL] PASSED
[03:51] 
[03:51] [3/5] REGISTRATION
[03:51] ----------------------------------------
[03:51] 
[DEBUG] server=None, api=None
[03:51] 
Starting ComfyUI server...
[03:51] Starting ComfyUI server on port 41891...
[03:51] Starting ComfyUI server on port 41891...
[03:51] Waiting for server to be ready (timeout: 600s)...
[03:53]   [ComfyUI] setup plugin alembic.autogenerate.schemas
[03:53]   [ComfyUI] setup plugin alembic.autogenerate.tables
[03:53]   [ComfyUI] setup plugin alembic.autogenerate.types
[03:53]   [ComfyUI] setup plugin alembic.autogenerate.constraints
[03:53]   [ComfyUI] setup plugin alembic.autogenerate.defaults
[03:53]   [ComfyUI] setup plugin alembic.autogenerate.comments
[03:53]   [ComfyUI] [comfy-env] ComfyUI-GeometryPack: 1 isolation env(s):
[03:53]   [ComfyUI] [comfy-env]   nodes -> C:\workspaces\Sharp-1754\ComfyUI\custom_nodes\ComfyUI-GeometryPack\nodes
[03:53]   [ComfyUI] [comfy-env] Workspace: C:\Users\ContainerUser\AppData\Local\Programs\comfy-env
[03:53]   [ComfyUI] [comfy-env]     env: C:\Users\ContainerUser\AppData\Local\Programs\comfy-env\.pixi\envs\geometrypack-nodes  [OK]
[03:53]   [ComfyUI] [comfy-env] prestartup complete
[03:53]   [ComfyUI] [comfy-env] ComfyUI-Sharp: 1 isolation env(s):
[03:53]   [ComfyUI] [comfy-env]   nodes -> C:\workspaces\Sharp-1754\ComfyUI\custom_nodes\ComfyUI-Sharp\nodes
[03:53]   [ComfyUI] [comfy-env]     env: C:\Users\ContainerUser\AppData\Local\Programs\comfy-env\.pixi\envs\sharp-nodes  [OK]
[03:53]   [ComfyUI] [comfy-env] prestartup complete
[03:53]   [ComfyUI] 
[03:53]   [ComfyUI] Prestartup times for custom nodes:
[03:53]   [ComfyUI]    0.0 seconds: C:\workspaces\Sharp-1754\ComfyUI\custom_nodes\ComfyUI-Sharp
[03:53]   [ComfyUI]    0.3 seconds: C:\workspaces\Sharp-1754\ComfyUI\custom_nodes\ComfyUI-GeometryPack
[03:53]   [ComfyUI] 
[03:58]   [ComfyUI] WARNING: You need pytorch with cu130 or higher to use optimized CUDA operations.
[03:58]   [ComfyUI] Found comfy_kitchen backend cuda: {'available': True, 'disabled': True, 'unavailable_reason': None, 'capabilities': ['apply_rope', 'apply_rope1', 'dequantize_nvfp4', 'dequantize_per_tensor_fp8', 'quantize_mxfp8', 'quantize_nvfp4', 'quantize_per_tensor_fp8']}
[03:58]   [ComfyUI] Found comfy_kitchen backend eager: {'available': True, 'disabled': False, 'unavailable_reason': None, 'capabilities': ['apply_rope', 'apply_rope1', 'dequantize_mxfp8', 'dequantize_nvfp4', 'dequantize_per_tensor_fp8', 'quantize_mxfp8', 'quantize_nvfp4', 'quantize_per_tensor_fp8', 'scaled_mm_mxfp8', 'scaled_mm_nvfp4']}
[03:58]   [ComfyUI] Found comfy_kitchen backend triton: {'available': False, 'disabled': True, 'unavailable_reason': "ImportError: No module named 'triton'", 'capabilities': []}
[03:58]   [ComfyUI] Checkpoint files will always be loaded safely.
[03:58]   [ComfyUI] Total VRAM 16380 MB, total RAM 32694 MB
[03:58]   [ComfyUI] pytorch version: 2.10.0+cu128
[03:58]   [ComfyUI] Set vram state to: NORMAL_VRAM
[03:58]   [ComfyUI] Device: cuda:0 NVIDIA GeForce RTX 4060 Ti : cudaMallocAsync
[03:58]   [ComfyUI] Using async weight offloading with 2 streams
[03:58]   [ComfyUI] Enabled pinned memory 13077.0
[03:58]   [ComfyUI] working around nvidia conv3d memory bug.
[04:00]   [ComfyUI] Using pytorch attention
[04:07]   [ComfyUI] aimdo: src-win/cuda-detour.c:38:INFO:aimdo_setup_hooks: installing 6 hooks
[04:07]   [ComfyUI] aimdo: src-win/cuda-detour.c:28:DEBUG:install_hook_entries: hooks successfully installed
[04:07]   [ComfyUI] aimdo: src-win/shmem-detect.c:80:INFO:comfy-aimdo WDDM adapter match: NVIDIA GeForce RTX 4060 Ti runtime_luid=00000000:00620661 dxgi_luid=00000000:00620661
[04:07]   [ComfyUI] aimdo: src/control.c:152:INFO:comfy-aimdo inited for GPU: NVIDIA GeForce RTX 4060 Ti (VRAM: 16379 MB)
[04:07]   [ComfyUI] DynamicVRAM support detected and enabled
[04:07]   [ComfyUI] Python version: 3.12.13 (main, May 10 2026, 19:35:37) [MSC v.1944 64 bit (AMD64)]
[04:07]   [ComfyUI] ComfyUI version: 0.21.1
[04:07]   [ComfyUI] comfy-aimdo version: 0.3.0
[04:07]   [ComfyUI] comfy-kitchen version: 0.2.8
[04:07]   [ComfyUI] ****** User settings have been changed to be stored on the server instead of browser storage. ******
[04:07]   [ComfyUI] ****** For multi-user setups add the --multi-user CLI argument to enable multiple user profiles. ******
[04:07]   [ComfyUI] comfyui-frontend-package version: 1.43.18
[04:07]   [ComfyUI] comfyui-workflow-templates version: 0.9.77
[04:07]   [ComfyUI] comfyui-embedded-docs version: 0.5.0
[04:07]   [ComfyUI] comfy-kitchen version: 0.2.8
[04:07]   [ComfyUI] comfy-aimdo version: 0.3.0
[04:07]   [ComfyUI] [Prompt Server] web root: C:\workspaces\Sharp-1754\.venv\Lib\site-packages\comfyui_frontend_package\static
[04:07]   [ComfyUI] Asset seeder disabled
[04:09]   [ComfyUI] loading...
[04:09]   [ComfyUI] calling register_nodes
[04:09]   [ComfyUI] [comfy-env] Version: 0.3.89
[04:10]   [ComfyUI] [comfy-env] register_nodes: ComfyUI-GeometryPack
[04:10]   [ComfyUI] [comfy-env] ComfyUI source dir: C:\workspaces\Sharp-1754\ComfyUI
[04:10]   [ComfyUI] [comfy-env] Found 1 isolation env(s)
[04:10]   [ComfyUI] [comfy-env] Scanning nodes metadata (isolation root)...
[04:10]   [ComfyUI] [comfy-env] geometrypack-nodes: Library/bin has 611 DLLs
[04:10]   [ComfyUI] [comfy-env] Metadata scan: C:\Users\ContainerUser\.pixi\bin\pixi.exe run --as-is --manifest-path C:\Users\ContainerUser\AppData\Local\Programs\comfy-env\pixi.toml -e geometrypack-nodes python C:\Users\ContainerUser\AppData\Local\Temp\comfy_meta_3r0pt08b.py C:\workspaces\Sharp-1754\ComfyUI\custom_nodes\ComfyUI-GeometryPack nodes C:\Users\ContainerUser\AppData\Local\Temp\comfy_meta_out_7eu4_vkq.pkl
[04:10]   [ComfyUI] [comfy-env] Scan env PATH for nodes:
[04:10]   [ComfyUI] [comfy-env]   [0] C:\Users\ContainerUser\AppData\Local\Programs\comfy-env\.pixi\envs\geometrypack-nodes
[04:10]   [ComfyUI] [comfy-env]   [1] C:\Users\ContainerUser\AppData\Local\Programs\comfy-env\.pixi\envs\geometrypack-nodes\Library\bin
[04:10]   [ComfyUI] [comfy-env]   [2] C:\Users\ContainerUser\AppData\Local\Programs\comfy-env\.pixi\envs\geometrypack-nodes\Scripts
[04:10]   [ComfyUI] [comfy-env]   [3] C:\Users\ContainerUser\AppData\Local\Programs\comfy-env\.pixi\envs\geometrypack-nodes\Lib\site-packages\bpy
[04:10]   [ComfyUI] [comfy-env]   [4] C:\Windows\System32
[04:10]   [ComfyUI] [comfy-env]   [5] C:\Windows
[04:10]   [ComfyUI] [comfy-env]   [6] C:\Windows\System32\Wbem
[04:52]   [ComfyUI] [comfy-env] Metadata scan stderr for nodes:
[04:52]   [ComfyUI] [comfy-env]   [meta-scan] importing nodes from C:\workspaces\Sharp-1754\ComfyUI\custom_nodes\ComfyUI-GeometryPack
[04:52]   [ComfyUI] [comfy-env]   ERROR:root:Failed to import comfy_kitchen, Error: No module named 'comfy_kitchen', fp8 and fp4 support will not be available.
[04:52]   [ComfyUI] [comfy-env]   [meta-scan] import OK
[04:52]   [ComfyUI] [comfy-env] Scanned nodes: 125 nodes (42.1s)
[04:52]   [ComfyUI] [comfy-env] Scanned nodes root: 125 nodes (42.2s)
[04:52]   [ComfyUI] [comfy-env] Imported nodes root: 125 nodes (isolation)
[04:52]   [ComfyUI] [comfy-env] Registered 125 total nodes
[04:52]   [ComfyUI] [comfy-env] Version: 0.3.89
[04:52]   [ComfyUI] [comfy-env] register_nodes: ComfyUI-Sharp
[04:52]   [ComfyUI] [comfy-env] ComfyUI source dir: C:\workspaces\Sharp-1754\ComfyUI
[04:52]   [ComfyUI] [comfy-env] Found 1 isolation env(s)
[04:52]   [ComfyUI] [comfy-env] Scanning nodes metadata (isolation root)...
[04:52]   [ComfyUI] [comfy-env] sharp-nodes: Library/bin has 236 DLLs
[04:52]   [ComfyUI] [comfy-env] Metadata scan: C:\Users\ContainerUser\.pixi\bin\pixi.exe run --as-is --manifest-path C:\Users\ContainerUser\AppData\Local\Programs\comfy-env\pixi.toml -e sharp-nodes python C:\Users\ContainerUser\AppData\Local\Temp\comfy_meta_42exrhiv.py C:\workspaces\Sharp-1754\ComfyUI\custom_nodes\ComfyUI-Sharp nodes C:\Users\ContainerUser\AppData\Local\Temp\comfy_meta_out_diwmtjt9.pkl
[04:52]   [ComfyUI] [comfy-env] Scan env PATH for nodes:
[04:52]   [ComfyUI] [comfy-env]   [0] C:\Users\ContainerUser\AppData\Local\Programs\comfy-env\.pixi\envs\sharp-nodes
[04:52]   [ComfyUI] [comfy-env]   [1] C:\Users\ContainerUser\AppData\Local\Programs\comfy-env\.pixi\envs\sharp-nodes\Library\bin
[04:52]   [ComfyUI] [comfy-env]   [2] C:\Users\ContainerUser\AppData\Local\Programs\comfy-env\.pixi\envs\sharp-nodes\Scripts
[04:52]   [ComfyUI] [comfy-env]   [3] C:\Users\ContainerUser\AppData\Local\Programs\comfy-env\.pixi\envs\sharp-nodes\Lib\site-packages\bpy
[04:52]   [ComfyUI] [comfy-env]   [4] C:\Windows\System32
[04:52]   [ComfyUI] [comfy-env]   [5] C:\Windows
[04:52]   [ComfyUI] [comfy-env]   [6] C:\Windows\System32\Wbem
[04:57]   [ComfyUI] [comfy-env] Metadata scan stderr for nodes:
[04:57]   [ComfyUI] [comfy-env]   [meta-scan] importing nodes from C:\workspaces\Sharp-1754\ComfyUI\custom_nodes\ComfyUI-Sharp
[04:57]   [ComfyUI] [comfy-env]   [meta-scan] import OK
[04:57]   [ComfyUI] [comfy-env] Scanned nodes: 8 nodes (5.5s)
[04:57]   [ComfyUI] [comfy-env] Scanned nodes root: 8 nodes (5.5s)
[04:57]   [ComfyUI] [comfy-env] Imported nodes root: 8 nodes (isolation)
[04:57]   [ComfyUI] [comfy-env] Registered 8 total nodes
[04:57]   [ComfyUI] 
[04:57]   [ComfyUI] Import times for custom nodes:
[04:57]   [ComfyUI]    0.0 seconds: C:\workspaces\Sharp-1754\ComfyUI\custom_nodes\websocket_image_save.py
[04:57]   [ComfyUI]    0.0 seconds: C:\workspaces\Sharp-1754\ComfyUI\custom_nodes\ComfyUI-validate-endpoint
[04:57]   [ComfyUI]    5.5 seconds: C:\workspaces\Sharp-1754\ComfyUI\custom_nodes\ComfyUI-Sharp
[04:57]   [ComfyUI]   42.6 seconds: C:\workspaces\Sharp-1754\ComfyUI\custom_nodes\ComfyUI-GeometryPack
[04:57]   [ComfyUI] 
[04:57]   [ComfyUI] Context impl SQLiteImpl.
[04:57]   [ComfyUI] Will assume non-transactional DDL.
[04:57]   [ComfyUI] Context impl SQLiteImpl.
[04:57]   [ComfyUI] Will assume non-transactional DDL.
[04:57]   [ComfyUI] Running upgrade  -> 0001_assets, Initial assets schema
[04:57]   [ComfyUI] Revision ID: 0001_assets
[04:57]   [ComfyUI] Revises: None
[04:57]   [ComfyUI] Create Date: 2025-12-10 00:00:00
[04:57]   [ComfyUI] Running upgrade 0001_assets -> 0002_merge_to_asset_references, Merge AssetInfo and AssetCacheState into unified asset_references table.
[04:57]   [ComfyUI] Running upgrade 0002_merge_to_asset_references -> 0003_add_metadata_job_id, Add system_metadata and job_id columns to asset_references.
[04:57]   [ComfyUI] Change preview_id FK from assets.id to asset_references.id.
[04:57]   [ComfyUI] Database upgraded from None to 0003_add_metadata_job_id
[04:58]   [ComfyUI] Starting server
[04:58]   [ComfyUI] 
[04:58]   [ComfyUI] To see the GUI go to: http://127.0.0.1:41891
[04:58] Server responding, waiting for nodes to load...
[05:18] Server is ready!
[05:18] Checking for import errors in server logs...
[05:18] No import errors detected
[05:18] Found 854 registered nodes
[05:18] [REGISTRATION] PASSED
[05:18] 
[05:18] [4/5] INSTANTIATION
[05:18] ----------------------------------------
[05:18] 
[DEBUG] server=<comfy_test.comfyui.server.ComfyUIServer object at 0x000001BC72205A90>, api=<comfy_test.comfyui.api.ComfyUIAPI object at 0x000001BC72206120>
[05:18] Testing node constructors...
[05:18] All 8 node(s) instantiated successfully!
[05:18] [INSTANTIATION] PASSED
[05:18] 
[05:18] [5/5] EXECUTION
[05:18] ----------------------------------------
[05:18] 
[DEBUG] server=<comfy_test.comfyui.server.ComfyUIServer object at 0x000001BC72205A90>, api=<comfy_test.comfyui.api.ComfyUIAPI object at 0x000001BC72206120>
[05:18] GPU runner - will execute 2 workflow(s)
[05:18] Running 3 workflow(s) (all with videos)...
[05:19] Installing screenshot dependencies (playwright, pillow)...
[05:20]   Packages installed, downloading chromium browser...
[05:34]   Screenshot dependencies installed successfully
[05:35] Starting headless browser...
[05:35]   Downloading Mesa llvmpipe for Windows...
[05:35]   Mesa download error: <urlopen error [SSL: CERTIFICATE_VERIFY_FAILED] certificate verify failed: unable to get local issuer certificate (_ssl.c:1032)>
[05:35]   Mesa unavailable -- falling back to SwiftShader
[05:37]   [1/3] SKIPPED (not in gpu list) pano.json
[05:37] Capturing execution frames: sharp_basic.json
[05:44]   Frame 1 saved (frame_000.jpg, t=0.0s)
[05:44]   Validating workflow...
[05:44]   [ComfyUI] === /validate endpoint called ===
[05:44]   [ComfyUI] Received JSON with keys: ['prompt']
[05:44]   Queuing workflow for execution...
[05:44]   [ComfyUI] Prompt has 4 nodes
[05:44]   [ComfyUI]   Node 1: LoadImage
[05:44]   [ComfyUI]     Inputs: {"image": "beach.jpg"}
[05:44]   [ComfyUI]   Node 2: LoadSharpModel
[05:44]   [ComfyUI]     Inputs: {"precision": "auto"}
[05:44]   [ComfyUI]   Node 4: GeomPackPreviewGaussian
[05:44]   [ComfyUI]     Inputs: {"preview_gaussian": "", "ply_path": ["5", 0], "extrinsics": ["5", 1], "intrinsics": ["5", 2]}
[05:44]   [ComfyUI]   Node 5: SharpPredict
[05:44]   [ComfyUI]     Inputs: {"focal_length_mm": 30, "output_prefix": "sharp", "model": ["2", 0], "image": ["1", 0]}
[05:44]   [ComfyUI] Generated prompt_id: e642fa26-bbff-45e1-8c6e-b346f575683a
[05:44]   [ComfyUI] Calling execution.validate_prompt()...
[05:44]   [ComfyUI] Validation result: valid=True
[05:44]   [ComfyUI] === Validation PASSED ===
[05:44]   [ComfyUI] got prompt
[05:44]   [ComfyUI] [comfy-env] Running LoadSharpModel: precision: 'auto'
[05:44]   [ComfyUI] [comfy-env] SubprocessWorker: C:\Users\ContainerUser\AppData\Local\Programs\comfy-env\.pixi\envs\sharp-nodes\python.exe
[05:44]   [ComfyUI] [VRAM] Before LoadSharpModel: 1156 / 16379 MB
[05:44]   [ComfyUI] [comfy-env] env_vars: {'COMFYUI_BASE': 'C:\\workspaces\\Sharp-1754\\ComfyUI'}
[05:44]   [ComfyUI] [SubprocessWorker] call_method: nodes.load_model.LoadSharpModel.EXECUTE_NORMALIZED
[05:44]   [ComfyUI] [SubprocessWorker] acquired lock, ensuring started...
[05:44]   [ComfyUI] [comfy-env] sharp-nodes: Library/bin has 236 DLLs
[05:44]   [ComfyUI] [ComfyUI-Sharp] python: C:\Users\ContainerUser\AppData\Local\Programs\comfy-env\.pixi\envs\sharp-nodes\python.exe
[05:44]   [ComfyUI] [ComfyUI-Sharp] sys_path sent to worker: ['C:\\workspaces\\Sharp-1754\\ComfyUI', 'C:\\workspaces\\Sharp-1754\\ComfyUI\\custom_nodes\\ComfyUI-Sharp', 'C:\\Users\\ContainerUser\\AppData\\Local\\Programs\\comfy-env\\.pixi\\envs\\sharp-nodes\\Lib\\site-packages', 'C:\\workspaces\\Sharp-1754\\ComfyUI\\custom_nodes\\ComfyUI-Sharp']
[05:44]   [ComfyUI] [SubprocessWorker] is_pixi=True, python=C:\Users\ContainerUser\AppData\Local\Programs\comfy-env\.pixi\envs\sharp-nodes\python.exe
[05:44]   [ComfyUI] [SubprocessWorker] launching cmd=['C:\\Users\\ContainerUser\\.pixi\\bin\\pixi.exe', 'run', '--as-is', '--manifest-path', 'C:\\Users\\ContainerUser\\AppData\\Local\\Programs\\comfy-env\\pixi.toml', '-e', 'sharp-nodes', 'python', 'C:\\Users\\ContainerUser\\AppData\\Local\\Temp\\comfyui_pvenv_rkfwosns\\persistent_worker.py', 'tcp://127.0.0.1:57943']...
[05:46]   Frame 2 saved (frame_001.jpg, t=2.3s)
[05:46]   [capture-periodic] freeze=2ms shot=87ms unfreeze=2ms saved=True
[05:46]   [ComfyUI] [worker:ComfyUI-Sharp] ERROR: Failed to import comfy_kitchen, Error: No module named 'comfy_kitchen', fp8 and fp4 support will not be available.
[05:47]   [ComfyUI] [SubprocessWorker] worker started/confirmed
[05:47]   [ComfyUI] [SubprocessWorker] serializing kwargs to shm...
[05:47]   [ComfyUI] [SubprocessWorker] created 0 shm blocks
[05:47]   [ComfyUI] [SubprocessWorker] sending request via socket...
[05:47]   [ComfyUI] [SubprocessWorker] call_id=1 sending call_method
[05:47]   [ComfyUI] Warning: You are sending unauthenticated requests to the HF Hub. Please set a HF_TOKEN to enable higher rate limits and faster downloads.
[05:47]   [ComfyUI] [worker:ComfyUI-Sharp] WARNING: Warning: You are sending unauthenticated requests to the HF Hub. Please set a HF_TOKEN to enable higher rate limits and faster downloads.
[05:48]   [ComfyUI] 
[05:48]   Frame 3 saved (frame_002.jpg, t=4.5s)
[05:48]   [capture-periodic] freeze=2ms shot=73ms unfreeze=2ms saved=True
[05:50]   [capture-loop] iter=50 t=5.8s state={'complete': False, 'error': None, 'executedCount': 0, 'wsState': 1} eval_ms=7 ram=9.6/31.9GB (30%) swap=0.0/5.0GB (0%) cpu=21% browser_rss=0.73GB
[05:51]   [ComfyUI] sharp_2572gikvuh.pt:   0%|          | 0.00/2.81G [00:00<?, ?B/s]
[05:51]   [ComfyUI] sharp_2572gikvuh.pt:   3%|▎         | 91.2M/2.81G [00:03<01:51, 24.3MB/s][SubprocessWorker] callback 'report_progress' from call_id=1
[05:53]   Frame 4 saved (frame_003.jpg, t=8.8s)
[05:53]   [capture-periodic] freeze=2ms shot=80ms unfreeze=3ms saved=True
[05:54]   [ComfyUI] 
[05:54]   [ComfyUI] sharp_2572gikvuh.pt:   6%|▌         | 158M/2.81G [00:06<01:38, 26.8MB/s] [SubprocessWorker] callback 'report_progress' from call_id=1
[05:55]   Frame 5 saved (frame_004.jpg, t=11.0s)
[05:55]   [capture-periodic] freeze=3ms shot=84ms unfreeze=3ms saved=True
[05:55]   [ComfyUI] 
[05:55]   [ComfyUI] sharp_2572gikvuh.pt:  10%|█         | 292M/2.81G [00:07<00:54, 45.9MB/s][SubprocessWorker] callback 'report_progress' from call_id=1
[05:56]   [capture-loop] iter=100 t=12.2s state={'complete': False, 'error': None, 'executedCount': 0, 'wsState': 1} eval_ms=4 ram=10.2/31.9GB (32%) swap=0.0/5.0GB (0%) cpu=28% browser_rss=0.73GB
[05:57]   Frame 6 saved (frame_005.jpg, t=13.2s)
[05:57]   [capture-periodic] freeze=3ms shot=92ms unfreeze=4ms saved=True
[06:02]   [capture-loop] iter=150 t=18.0s state={'complete': False, 'error': None, 'executedCount': 0, 'wsState': 1} eval_ms=3 ram=10.8/31.9GB (34%) swap=0.0/5.0GB (0%) cpu=32% browser_rss=0.73GB
[06:02]   [ComfyUI] 
[06:02]   [ComfyUI] sharp_2572gikvuh.pt:  13%|█▎        | 359M/2.81G [00:14<01:56, 21.1MB/s][SubprocessWorker] callback 'report_progress' from call_id=1
[06:03]   Frame 7 saved (frame_006.jpg, t=19.8s)
[06:03]   [capture-periodic] freeze=3ms shot=89ms unfreeze=3ms saved=True
[06:07]   [capture-loop] iter=200 t=23.7s state={'complete': False, 'error': None, 'executedCount': 0, 'wsState': 1} eval_ms=4 ram=11.4/31.9GB (36%) swap=0.0/5.0GB (0%) cpu=33% browser_rss=0.73GB
[06:08]   [ComfyUI] 
[06:08]   [ComfyUI] sharp_2572gikvuh.pt:  22%|██▏       | 628M/2.81G [00:20<01:06, 32.8MB/s][SubprocessWorker] callback 'report_progress' from call_id=1
[06:08]   [ComfyUI] 
[06:08]   [ComfyUI] sharp_2572gikvuh.pt:  32%|███▏      | 896M/2.81G [00:20<00:31, 60.6MB/s][SubprocessWorker] callback 'report_progress' from call_id=1
[06:08]   [ComfyUI] 
[06:08]   [ComfyUI] sharp_2572gikvuh.pt:  37%|███▋      | 1.03G/2.81G [00:20<00:22, 78.2MB/s][SubprocessWorker] callback 'report_progress' from call_id=1
[06:10]   [ComfyUI] 
[06:10]   [ComfyUI] sharp_2572gikvuh.pt:  46%|████▌     | 1.30G/2.81G [00:22<00:15, 98.4MB/s][SubprocessWorker] callback 'report_progress' from call_id=1
[06:10]   Frame 8 saved (frame_007.jpg, t=26.3s)
[06:10]   [capture-periodic] freeze=3ms shot=87ms unfreeze=3ms saved=True
[06:10]   [ComfyUI] 
[06:10]   [ComfyUI] sharp_2572gikvuh.pt:  58%|█████▊    | 1.63G/2.81G [00:22<00:07, 163MB/s] [SubprocessWorker] callback 'report_progress' from call_id=1
[06:11]   [ComfyUI] 
[06:11]   [ComfyUI] sharp_2572gikvuh.pt:  68%|██████▊   | 1.90G/2.81G [00:23<00:04, 199MB/s][SubprocessWorker] callback 'report_progress' from call_id=1
[06:11]   [ComfyUI] 
[06:11]   [ComfyUI] sharp_2572gikvuh.pt:  75%|███████▍  | 2.10G/2.81G [00:23<00:02, 247MB/s][SubprocessWorker] callback 'report_progress' from call_id=1
[06:12]   [ComfyUI] 
[06:12]   [ComfyUI] sharp_2572gikvuh.pt:  87%|████████▋ | 2.44G/2.81G [00:24<00:01, 357MB/s][SubprocessWorker] callback 'report_progress' from call_id=1
[06:12]   [ComfyUI] 
[06:12]   [ComfyUI] sharp_2572gikvuh.pt:  96%|█████████▋| 2.71G/2.81G [00:24<00:00, 448MB/s][SubprocessWorker] callback 'report_progress' from call_id=1
[06:12]   [ComfyUI] [SubprocessWorker] callback 'report_progress' from call_id=1
[06:12]   [ComfyUI] 
[06:12]   [ComfyUI] sharp_2572gikvuh.pt: 100%|██████████| 2.81G/2.81G [00:24<00:00, 116MB/s]
[06:12]   [ComfyUI] [SubprocessWorker] got response: ok
[06:12]   [ComfyUI] [comfy-env] LoadSharpModel done (28.01s): result: NodeOutput
[06:12]   [ComfyUI] [VRAM] After LoadSharpModel: 1156 / 16379 MB
[06:12]   [ComfyUI] [comfy-env] Running SharpPredict: focal_length_mm: 30.0, output_prefix: 'sharp', model: dict, image: torch.float32 [1,1024,1536,3] cpu
[06:12]   [ComfyUI] [VRAM] Before SharpPredict: 1156 / 16379 MB
[06:12]   [ComfyUI] [SubprocessWorker] call_method: nodes.predict.SharpPredict.EXECUTE_NORMALIZED
[06:12]   [ComfyUI] [SubprocessWorker] acquired lock, ensuring started...
[06:12]   [ComfyUI] [ComfyUI-Sharp] Health check: ping (timeout=5.0s)...
[06:12]   [ComfyUI] [ComfyUI-Sharp] Health check: ok
[06:12]   [ComfyUI] [SubprocessWorker] worker started/confirmed
[06:12]   [ComfyUI] [comfy-env] PRE-SERIALIZE 'image' shape: torch.Size([1, 1024, 1536, 3])
[06:12]   [ComfyUI] [SubprocessWorker] serializing kwargs to shm...
[06:12]   [ComfyUI] [SubprocessWorker] created 0 shm blocks
[06:12]   [ComfyUI] [SubprocessWorker] sending request via socket...
[06:12]   [ComfyUI] [SubprocessWorker] call_id=2 sending call_method
[06:12]   [ComfyUI] [worker:ComfyUI-Sharp] [comfy-env] _from_shm got dict with keys: ['__type__', 'strategy', 'manager_path', 'storage_key', 'storage_size']
[06:12]   [ComfyUI] [worker:ComfyUI-Sharp] [comfy-env] DESERIALIZE TensorRef: tensor_size=[1, 1024, 1536, 3]
[06:12]   [ComfyUI] [worker:ComfyUI-Sharp] [comfy-env] DESERIALIZED tensor shape: torch.Size([1, 1024, 1536, 3])
[06:12]   Frame 9 saved (frame_008.jpg, t=28.5s)
[06:12]   [capture-periodic] freeze=2ms shot=68ms unfreeze=2ms saved=True
[06:13]   [ComfyUI] [worker:ComfyUI-Sharp] WARNING: No comfy kitchen, using old apply_rope functions.
[06:13]   [capture-loop] iter=250 t=29.5s state={'complete': False, 'error': None, 'executedCount': 0, 'wsState': 1} eval_ms=3 ram=10.1/31.9GB (32%) swap=0.0/5.0GB (0%) cpu=25% browser_rss=0.67GB
[06:19]   [capture-loop] iter=300 t=35.2s state={'complete': False, 'error': None, 'executedCount': 0, 'wsState': 1} eval_ms=3 ram=10.1/31.9GB (32%) swap=0.0/5.0GB (0%) cpu=13% browser_rss=0.67GB
[06:20]   [ComfyUI] [SubprocessWorker] callback 'request_vram_budget' from call_id=2
[06:20]   [ComfyUI] [comfy-env] VRAM request: 2.81GB, free before eviction: 15.96GB
[06:20]   [ComfyUI] [comfy-env] VRAM after eviction: 15.96GB
[06:20]   [ComfyUI] [worker:ComfyUI-Sharp] [VRAM] +250MB (now 250MB) reserved=256MB peak=250MB
[06:21]   [ComfyUI] [worker:ComfyUI-Sharp] WARNING: [SPN] start: 0.53 GB, input=[1, 3, 1536, 1536]
[06:21]   [ComfyUI] [worker:ComfyUI-Sharp] WARNING: [SPN] patches: 0.59 GB, x0=25 x1=9 x2=1 total=35
[06:21]   [ComfyUI] [worker:ComfyUI-Sharp] WARNING: [SPN] after first chunk (4/35): 1.03 GB, chunk_size=4
[06:21]   [ComfyUI] [worker:ComfyUI-Sharp] [VRAM] +837MB (now 1088MB) reserved=1280MB peak=1088MB
[06:23]   [ComfyUI] [worker:ComfyUI-Sharp] WARNING: [SPN] after all chunks + cache clear: 0.97 GB
[06:23]   [ComfyUI] [worker:ComfyUI-Sharp] WARNING: [SPN] after merge intermediates: 0.73 GB
[06:23]   [ComfyUI] [worker:ComfyUI-Sharp] WARNING: [SPN] after merge all: 0.77 GB
[06:23]   [ComfyUI] [worker:ComfyUI-Sharp] [VRAM] -290MB (now 799MB) reserved=1152MB peak=1124MB
[06:23]   [ComfyUI] [worker:ComfyUI-Sharp] WARNING: [SPN] after image_encoder: 0.78 GB
[06:23]   [ComfyUI] [worker:ComfyUI-Sharp] WARNING: [SPN] after upsample: 1.49 GB
[06:23]   [ComfyUI] [worker:ComfyUI-Sharp] WARNING: [Monodepth] after SPN encoder + cache clear: 1.39 GB
[06:23]   [ComfyUI] [worker:ComfyUI-Sharp] WARNING: [Monodepth] after decoder: 1.95 GB
[06:24]   [ComfyUI] [worker:ComfyUI-Sharp] [VRAM] +1193MB (now 1992MB) reserved=5632MB peak=3459MB
[06:24]   [ComfyUI] [worker:ComfyUI-Sharp] WARNING: [Decode] start: 1.95 GB
[06:24]   [ComfyUI] [worker:ComfyUI-Sharp] WARNING: [Decode] after depth_alignment: 1.98 GB
[06:24]   [ComfyUI] [worker:ComfyUI-Sharp] WARNING: [Decode] after init_model: 2.06 GB
[06:24]   [ComfyUI] [worker:ComfyUI-Sharp] WARNING: [Decode] after feature_model: 2.20 GB
[06:24]   [ComfyUI] [worker:ComfyUI-Sharp] WARNING: [Decode] after prediction_head: 2.26 GB
[06:24]   [capture-loop] iter=350 t=40.8s state={'complete': False, 'error': None, 'executedCount': 0, 'wsState': 1} eval_ms=3 ram=14.9/31.9GB (46%) swap=0.0/5.0GB (0%) cpu=18% browser_rss=0.67GB
[06:25]   [ComfyUI] [worker:ComfyUI-Sharp] [VRAM] +216MB (now 2208MB) reserved=4608MB peak=3459MB
[06:25]   [ComfyUI] [SubprocessWorker] callback 'report_progress' from call_id=2
[06:25]   [ComfyUI] [SubprocessWorker] got response: ok
[06:25]   [ComfyUI] [comfy-env] SubprocessWorker: C:\Users\ContainerUser\AppData\Local\Programs\comfy-env\.pixi\envs\geometrypack-nodes\python.exe
[06:25]   [ComfyUI] [comfy-env] SharpPredict done (13.60s): result: NodeOutput
[06:25]   [ComfyUI] [comfy-env] env_vars: {'KMP_DUPLICATE_LIB_OK': 'TRUE', 'OMP_NUM_THREADS': '1', 'COMFYUI_BASE': 'C:\\workspaces\\Sharp-1754\\ComfyUI'}
[06:25]   [ComfyUI] [VRAM] After SharpPredict: 1156 / 16379 MB
[06:25]   [ComfyUI] [comfy-env] Running GeomPackPreviewGaussian: ply_path: 'C:\\workspaces\\Sharp-1754\\ComfyUI\\output\\sharp_17791..., extrinsics: list[4], intrinsics: list[3]
[06:25]   [ComfyUI] [VRAM] Before GeomPackPreviewGaussian: 1156 / 16379 MB
[06:25]   [ComfyUI] [ComfyUI-GeometryPack] python: C:\Users\ContainerUser\AppData\Local\Programs\comfy-env\.pixi\envs\geometrypack-nodes\python.exe
[06:25]   [ComfyUI] [SubprocessWorker] call_method: nodes.visualization.preview_gaussian.PreviewGaussianNode.EXECUTE_NORMALIZED
[06:25]   [ComfyUI] [ComfyUI-GeometryPack] sys_path sent to worker: ['C:\\workspaces\\Sharp-1754\\ComfyUI', 'C:\\workspaces\\Sharp-1754\\ComfyUI\\custom_nodes\\ComfyUI-GeometryPack', 'C:\\Users\\ContainerUser\\AppData\\Local\\Programs\\comfy-env\\.pixi\\envs\\geometrypack-nodes\\Lib\\site-packages', 'C:\\workspaces\\Sharp-1754\\ComfyUI\\custom_nodes\\ComfyUI-GeometryPack']
[06:25]   [ComfyUI] [SubprocessWorker] acquired lock, ensuring started...
[06:25]   [ComfyUI] [SubprocessWorker] is_pixi=True, python=C:\Users\ContainerUser\AppData\Local\Programs\comfy-env\.pixi\envs\geometrypack-nodes\python.exe
[06:25]   [ComfyUI] [comfy-env] geometrypack-nodes: Library/bin has 611 DLLs
[06:25]   [ComfyUI] [SubprocessWorker] launching cmd=['C:\\Users\\ContainerUser\\.pixi\\bin\\pixi.exe', 'run', '--as-is', '--manifest-path', 'C:\\Users\\ContainerUser\\AppData\\Local\\Programs\\comfy-env\\pixi.toml', '-e', 'geometrypack-nodes', 'python', 'C:\\Users\\ContainerUser\\AppData\\Local\\Temp\\comfyui_pvenv_07jejd5g\\persistent_worker.py', 'tcp://127.0.0.1:62701']...
[06:27]   [ComfyUI] [worker:ComfyUI-GeometryPack] ERROR: Failed to import comfy_kitchen, Error: No module named 'comfy_kitchen', fp8 and fp4 support will not be available.
[06:27]   Frame 10 saved (frame_009.jpg, t=43.6s)
[06:27]   [capture-periodic] freeze=2ms shot=88ms unfreeze=3ms saved=True
[06:27]   [ComfyUI] [SubprocessWorker] worker started/confirmed
[06:27]   [ComfyUI] [SubprocessWorker] serializing kwargs to shm...
[06:27]   [ComfyUI] [SubprocessWorker] created 0 shm blocks
[06:27]   [ComfyUI] [SubprocessWorker] sending request via socket...
[06:27]   [ComfyUI] [SubprocessWorker] call_id=1 sending call_method
[06:28]   [ComfyUI] [worker:ComfyUI-GeometryPack] INFO: Loading PLY: sharp_1779120052120.ply (63.00 MB)
[06:28]   [ComfyUI] [SubprocessWorker] got response: ok
[06:28]   [ComfyUI] [comfy-env] GeomPackPreviewGaussian done (3.03s): result: NodeOutput
[06:28]   [ComfyUI] [VRAM] After GeomPackPreviewGaussian: 1156 / 16379 MB
[06:28]   [ComfyUI] Prompt executed in 44.68 seconds
[06:29]   Node executed (1 total), capturing...
[06:29]   Frame 11 saved (frame_010.jpg, t=45.1s)
[06:29]   [capture-node] freeze=5ms shot=94ms unfreeze=0ms saved=True
[06:29]   Execution complete (t=45.1s)
[06:29]   [3d-wait] Phase 1: Waiting for 'Loading 3D Model' text to disappear...
[06:29]   [3d-wait] Phase 1 done in 0.0s
[06:29]   [3d-wait] Phase 2: iframes=1
[06:29]   [3d-wait] iframe viewer_ready=False (matched 0 console logs)
[06:29]   [3d-wait] Waiting for 'Loaded successfully' console message (timeout=60s)...
[06:29]   [3d-wait] Got 'Loaded successfully' after 0.7s
[06:30]   [3d-wait] Unfrozen in 0.139s, rendering for 5s...
[06:37]   [3d-wait] JS halted via CDP after 7.6s
[07:01]   [3d-wait] Re-frozen in 32.0s
[07:01]   [3d-wait] Total 3D wait: 32.7s
[07:01]   Captured 11 unique frames over 77.88s
[07:01]   [debug] iframes: 1
[07:01]   [debug]   iframe[0]: src=http://127.0.0.1:41891/extensions/ComfyUI-GeometryPack/viewer_gaussian.html?v=17, canvas=1536x1024, rafFrozen=True
[07:01]   [timing] trigger_3d_previews: 0.0s
[07:04]   Saved high-quality screenshot: sharp_basic_executed.png
[07:04]   [timing] final_screenshot: 0.2s
[07:04] Capturing execution frames: sharp_exif.json
[07:09]   Frame 1 saved (frame_000.jpg, t=0.0s)
[07:09]   Validating workflow...
[07:09]   [ComfyUI] === /validate endpoint called ===
[07:09]   [ComfyUI] Received JSON with keys: ['prompt']
[07:09]   Queuing workflow for execution...
[07:09]   [ComfyUI] Prompt has 4 nodes
[07:09]   [ComfyUI]   Node 2: LoadSharpModel
[07:09]   [ComfyUI]     Inputs: {"precision": "auto"}
[07:09]   [ComfyUI]   Node 7: SharpPredict
[07:09]   [ComfyUI]     Inputs: {"focal_length_mm": ["9", 2], "output_prefix": "sharp", "model": ["2", 0], "image": ["9", 0]}
[07:09]   [ComfyUI]   Node 8: GeomPackPreviewGaussian
[07:09]   [ComfyUI]     Inputs: {"preview_gaussian": "", "ply_path": ["7", 0], "extrinsics": ["7", 1], "intrinsics": ["7", 2]}
[07:09]   [ComfyUI]   Node 9: LoadImageWithExif
[07:09]   [ComfyUI]     Inputs: {"image": "eth3d.png", "default_focal_mm": 30}
[07:09]   [ComfyUI] Generated prompt_id: 5c3d4dbe-3dd1-4812-a7e9-59bf895618c9
[07:09]   [ComfyUI] Calling execution.validate_prompt()...
[07:09]   [ComfyUI] Validation result: valid=True
[07:09]   [ComfyUI] === Validation PASSED ===
[07:09]   [ComfyUI] got prompt
[07:09]   [ComfyUI] [comfy-env] Running LoadImageWithExif: image: 'eth3d.png', default_focal_mm: 30.0
[07:09]   [ComfyUI] [ComfyUI-Sharp] python: C:\Users\ContainerUser\AppData\Local\Programs\comfy-env\.pixi\envs\sharp-nodes\python.exe
[07:09]   [ComfyUI] [VRAM] Before LoadImageWithExif: 1156 / 16379 MB
[07:09]   [ComfyUI] [ComfyUI-Sharp] sys_path sent to worker: ['C:\\workspaces\\Sharp-1754\\ComfyUI', 'C:\\workspaces\\Sharp-1754\\ComfyUI\\custom_nodes\\ComfyUI-Sharp', 'C:\\Users\\ContainerUser\\AppData\\Local\\Programs\\comfy-env\\.pixi\\envs\\sharp-nodes\\Lib\\site-packages', 'C:\\workspaces\\Sharp-1754\\ComfyUI\\custom_nodes\\ComfyUI-Sharp']
[07:09]   [ComfyUI] [SubprocessWorker] call_method: nodes.load_image_exif.LoadImageWithExif.EXECUTE_NORMALIZED
[07:09]   [ComfyUI] [SubprocessWorker] is_pixi=True, python=C:\Users\ContainerUser\AppData\Local\Programs\comfy-env\.pixi\envs\sharp-nodes\python.exe
[07:09]   [ComfyUI] [SubprocessWorker] acquired lock, ensuring started...
[07:09]   [ComfyUI] [SubprocessWorker] launching cmd=['C:\\Users\\ContainerUser\\.pixi\\bin\\pixi.exe', 'run', '--as-is', '--manifest-path', 'C:\\Users\\ContainerUser\\AppData\\Local\\Programs\\comfy-env\\pixi.toml', '-e', 'sharp-nodes', 'python', 'C:\\Users\\ContainerUser\\AppData\\Local\\Temp\\comfyui_pvenv_rkfwosns\\persistent_worker.py', 'tcp://127.0.0.1:56379']...
[07:09]   [ComfyUI] [ComfyUI-Sharp] Health check: ping (timeout=5.0s)...
[07:09]   [ComfyUI] [ComfyUI-Sharp] Health check: failed
[07:09]   [ComfyUI] [ComfyUI-Sharp] Socket unhealthy, restarting worker...
[07:09]   [ComfyUI] [comfy-env] sharp-nodes: Library/bin has 236 DLLs
[07:11]   [ComfyUI] [worker:ComfyUI-Sharp] ERROR: Failed to import comfy_kitchen, Error: No module named 'comfy_kitchen', fp8 and fp4 support will not be available.
[07:11]   [ComfyUI] [SubprocessWorker] worker started/confirmed
[07:11]   [ComfyUI] [SubprocessWorker] serializing kwargs to shm...
[07:11]   [ComfyUI] [SubprocessWorker] created 0 shm blocks
[07:11]   [ComfyUI] [SubprocessWorker] sending request via socket...
[07:11]   [ComfyUI] [SubprocessWorker] call_id=3 sending call_method
[07:12]   Frame 2 saved (frame_001.jpg, t=2.3s)
[07:12]   [capture-periodic] freeze=2ms shot=100ms unfreeze=2ms saved=True
[07:12]   [ComfyUI] [SubprocessWorker] got response: ok
[07:12]   [ComfyUI] [comfy-env] LoadImageWithExif done (2.64s): result: NodeOutput
[07:12]   [ComfyUI] [VRAM] After LoadImageWithExif: 1156 / 16379 MB
[07:12]   [ComfyUI] [comfy-env] Running LoadSharpModel: precision: 'auto'
[07:12]   [ComfyUI] [VRAM] Before LoadSharpModel: 1156 / 16379 MB
[07:12]   [ComfyUI] [SubprocessWorker] call_method: nodes.load_model.LoadSharpModel.EXECUTE_NORMALIZED
[07:12]   [ComfyUI] [SubprocessWorker] acquired lock, ensuring started...
[07:12]   [ComfyUI] [ComfyUI-Sharp] Health check: ping (timeout=5.0s)...
[07:12]   [ComfyUI] [ComfyUI-Sharp] Health check: ok
[07:12]   [ComfyUI] [SubprocessWorker] worker started/confirmed
[07:12]   [ComfyUI] [SubprocessWorker] serializing kwargs to shm...
[07:12]   [ComfyUI] [SubprocessWorker] created 0 shm blocks
[07:12]   [ComfyUI] [SubprocessWorker] sending request via socket...
[07:12]   [ComfyUI] [SubprocessWorker] call_id=4 sending call_method
[07:12]   [ComfyUI] Warning: You are sending unauthenticated requests to the HF Hub. Please set a HF_TOKEN to enable higher rate limits and faster downloads.
[07:12]   [ComfyUI] [worker:ComfyUI-Sharp] WARNING: Warning: You are sending unauthenticated requests to the HF Hub. Please set a HF_TOKEN to enable higher rate limits and faster downloads.
[07:12]   [ComfyUI] [SubprocessWorker] got response: ok
[07:12]   [ComfyUI] [comfy-env] LoadSharpModel done (0.28s): result: NodeOutput
[07:12]   [ComfyUI] [VRAM] After LoadSharpModel: 1156 / 16379 MB
[07:12]   [ComfyUI] [comfy-env] Running SharpPredict: focal_length_mm: 20.0, output_prefix: 'sharp', model: dict, image: torch.float32 [1,2022,3040,3] cpu
[07:12]   [ComfyUI] [VRAM] Before SharpPredict: 1156 / 16379 MB
[07:12]   [ComfyUI] [SubprocessWorker] call_method: nodes.predict.SharpPredict.EXECUTE_NORMALIZED
[07:12]   [ComfyUI] [SubprocessWorker] acquired lock, ensuring started...
[07:12]   [ComfyUI] [ComfyUI-Sharp] Health check: ping (timeout=5.0s)...
[07:12]   [ComfyUI] [ComfyUI-Sharp] Health check: ok
[07:12]   [ComfyUI] [SubprocessWorker] worker started/confirmed
[07:12]   [ComfyUI] [comfy-env] PRE-SERIALIZE 'image' shape: torch.Size([1, 2022, 3040, 3])
[07:12]   [ComfyUI] [SubprocessWorker] serializing kwargs to shm...
[07:12]   [ComfyUI] [SubprocessWorker] created 0 shm blocks
[07:12]   [ComfyUI] [SubprocessWorker] sending request via socket...
[07:12]   [ComfyUI] [SubprocessWorker] call_id=5 sending call_method
[07:12]   [ComfyUI] [worker:ComfyUI-Sharp] [comfy-env] _from_shm got dict with keys: ['__type__', 'strategy', 'manager_path', 'storage_key', 'storage_size']
[07:12]   [ComfyUI] [worker:ComfyUI-Sharp] [comfy-env] DESERIALIZE TensorRef: tensor_size=[1, 2022, 3040, 3]
[07:12]   [ComfyUI] [worker:ComfyUI-Sharp] [comfy-env] DESERIALIZED tensor shape: torch.Size([1, 2022, 3040, 3])
[07:13]   [ComfyUI] [worker:ComfyUI-Sharp] WARNING: No comfy kitchen, using old apply_rope functions.
[07:14]   Frame 3 saved (frame_002.jpg, t=4.4s)
[07:14]   [capture-periodic] freeze=2ms shot=85ms unfreeze=2ms saved=True
[07:15]   [capture-loop] iter=50 t=5.7s state={'complete': False, 'error': None, 'executedCount': 0, 'wsState': 1} eval_ms=3 ram=10.3/31.9GB (32%) swap=0.0/5.0GB (0%) cpu=68% browser_rss=0.82GB
[07:16]   [ComfyUI] [SubprocessWorker] callback 'request_vram_budget' from call_id=5
[07:16]   [ComfyUI] [comfy-env] VRAM request: 2.81GB, free before eviction: 15.96GB
[07:16]   [ComfyUI] [comfy-env] VRAM after eviction: 15.96GB
[07:16]   [ComfyUI] [worker:ComfyUI-Sharp] [VRAM] +202MB (now 202MB) reserved=224MB peak=202MB
[07:16]   [ComfyUI] [worker:ComfyUI-Sharp] WARNING: [SPN] start: 0.59 GB, input=[1, 3, 1536, 1536]
[07:16]   [ComfyUI] [worker:ComfyUI-Sharp] WARNING: [SPN] patches: 0.64 GB, x0=25 x1=9 x2=1 total=35
[07:17]   [ComfyUI] [worker:ComfyUI-Sharp] WARNING: [SPN] after first chunk (4/35): 1.08 GB, chunk_size=4
[07:17]   [ComfyUI] [worker:ComfyUI-Sharp] [VRAM] +937MB (now 1140MB) reserved=1344MB peak=1140MB
[07:18]   [ComfyUI] [worker:ComfyUI-Sharp] WARNING: [SPN] after all chunks + cache clear: 1.02 GB
[07:18]   [ComfyUI] [worker:ComfyUI-Sharp] WARNING: [SPN] after merge intermediates: 0.78 GB
[07:18]   [ComfyUI] [worker:ComfyUI-Sharp] WARNING: [SPN] after merge all: 0.82 GB
[07:18]   [ComfyUI] [worker:ComfyUI-Sharp] [VRAM] -290MB (now 851MB) reserved=1248MB peak=1158MB
[07:18]   [ComfyUI] [worker:ComfyUI-Sharp] WARNING: [SPN] after image_encoder: 0.83 GB
[07:18]   [ComfyUI] [worker:ComfyUI-Sharp] WARNING: [SPN] after upsample: 1.54 GB
[07:18]   [ComfyUI] [worker:ComfyUI-Sharp] WARNING: [Monodepth] after SPN encoder + cache clear: 1.44 GB
[07:19]   [ComfyUI] [worker:ComfyUI-Sharp] WARNING: [Monodepth] after decoder: 2.01 GB
[07:19]   [ComfyUI] [worker:ComfyUI-Sharp] [VRAM] +1193MB (now 2044MB) reserved=6880MB peak=3511MB
[07:20]   [ComfyUI] [worker:ComfyUI-Sharp] WARNING: [Decode] start: 2.00 GB
[07:20]   [ComfyUI] [worker:ComfyUI-Sharp] WARNING: [Decode] after depth_alignment: 2.03 GB
[07:20]   [ComfyUI] [worker:ComfyUI-Sharp] WARNING: [Decode] after init_model: 2.11 GB
[07:20]   [ComfyUI] [worker:ComfyUI-Sharp] WARNING: [Decode] after feature_model: 2.25 GB
[07:20]   [ComfyUI] [worker:ComfyUI-Sharp] WARNING: [Decode] after prediction_head: 2.31 GB
[07:20]   [ComfyUI] [worker:ComfyUI-Sharp] [VRAM] +216MB (now 2260MB) reserved=4736MB peak=3511MB
[07:21]   [capture-loop] iter=100 t=11.5s state={'complete': False, 'error': None, 'executedCount': 0, 'wsState': 1} eval_ms=3 ram=15.4/31.9GB (48%) swap=0.0/5.0GB (0%) cpu=19% browser_rss=0.81GB
[07:21]   [ComfyUI] [SubprocessWorker] callback 'report_progress' from call_id=5
[07:21]   [ComfyUI] [SubprocessWorker] got response: ok
[07:21]   [ComfyUI] [comfy-env] SharpPredict done (8.68s): result: NodeOutput
[07:21]   [ComfyUI] [VRAM] After SharpPredict: 1156 / 16379 MB
[07:21]   [ComfyUI] [comfy-env] Running GeomPackPreviewGaussian: ply_path: 'C:\\workspaces\\Sharp-1754\\ComfyUI\\output\\sharp_17791..., extrinsics: list[4], intrinsics: list[3]
[07:21]   [ComfyUI] [VRAM] Before GeomPackPreviewGaussian: 1156 / 16379 MB
[07:21]   [ComfyUI] [SubprocessWorker] call_method: nodes.visualization.preview_gaussian.PreviewGaussianNode.EXECUTE_NORMALIZED
[07:21]   [ComfyUI] [SubprocessWorker] acquired lock, ensuring started...
[07:21]   [ComfyUI] [ComfyUI-GeometryPack] Health check: ping (timeout=5.0s)...
[07:21]   [ComfyUI] [ComfyUI-GeometryPack] Health check: ok
[07:21]   [ComfyUI] [SubprocessWorker] worker started/confirmed
[07:21]   [ComfyUI] [SubprocessWorker] serializing kwargs to shm...
[07:21]   [ComfyUI] [SubprocessWorker] created 0 shm blocks
[07:21]   [ComfyUI] [SubprocessWorker] sending request via socket...
[07:21]   [ComfyUI] [SubprocessWorker] call_id=2 sending call_method
[07:21]   [ComfyUI] [worker:ComfyUI-GeometryPack] INFO: Loading PLY: sharp_1779120107837.ply (63.00 MB)
[07:21]   [ComfyUI] [SubprocessWorker] got response: ok
[07:21]   [ComfyUI] [comfy-env] GeomPackPreviewGaussian done (0.02s): result: NodeOutput
[07:21]   [ComfyUI] [VRAM] After GeomPackPreviewGaussian: 1156 / 16379 MB
[07:21]   [ComfyUI] Prompt executed in 11.62 seconds
[07:21]   Node executed (1 total), capturing...
[07:22]   Frame 4 saved (frame_003.jpg, t=11.9s)
[07:22]   [capture-node] freeze=5ms shot=735ms unfreeze=0ms saved=True
[07:22]   Execution complete (t=11.9s)
[07:22]   [3d-wait] Phase 1: Waiting for 'Loading 3D Model' text to disappear...
[07:22]   [3d-wait] Phase 1 done in 0.0s
[07:22]   [3d-wait] Phase 2: iframes=1
[07:22]   [3d-wait] iframe viewer_ready=True (matched 1 console logs)
[07:22]   [3d-wait] Unfrozen in 0.002s, rendering for 5s...
[07:30]   [3d-wait] JS halted via CDP after 7.8s
[07:53]   [3d-wait] Re-frozen in 31.1s
[07:53]   [3d-wait] Total 3D wait: 31.1s
[07:53]   Captured 4 unique frames over 43.93s
[07:53]   [debug] iframes: 1
[07:53]   [debug]   iframe[0]: src=http://127.0.0.1:41891/extensions/ComfyUI-GeometryPack/viewer_gaussian.html?v=17, canvas=3040x2022, rafFrozen=True
[07:53]   [timing] trigger_3d_previews: 0.0s
[07:55]   Saved high-quality screenshot: sharp_exif_executed.png
[07:55]   [timing] final_screenshot: 0.2s
[07:55] Results saved to C:\logs\Sharp-1754\dev\windows-gpu\results.json
[07:55] Model report: 4 files, 2.6 GB -> C:\logs\Sharp-1754\dev\windows-gpu\models.json
[07:56] Saved: C:\logs\Sharp-1754\dev\windows-gpu\index.html
[07:56] [EXECUTION] PASSED
[07:56] 
windows: PASSED
[07:56] Stopping ComfyUI server...
