Capturing execution frames: sharp_basic.json
  Frame 1 saved (frame_000.jpg, t=0.0s)
  Validating workflow...
  [ComfyUI] === /validate endpoint called ===
  [ComfyUI] === /validate endpoint called ===
  Queuing workflow for execution...
  [ComfyUI] Received JSON with keys: ['prompt']
  [ComfyUI] Received JSON with keys: ['prompt']
  [ComfyUI] Prompt has 4 nodes
  [ComfyUI] Prompt has 4 nodes
  [ComfyUI]   Node 1: LoadImage
  [ComfyUI]   Node 1: LoadImage
  [ComfyUI]     Inputs: {"image": "beach.jpg"}
  [ComfyUI]     Inputs: {"image": "beach.jpg"}
  [ComfyUI]   Node 2: LoadSharpModel
  [ComfyUI]   Node 2: LoadSharpModel
  [ComfyUI]     Inputs: {"precision": "auto"}
  [ComfyUI]     Inputs: {"precision": "auto"}
  [ComfyUI]   Node 4: GeomPackPreviewGaussian
  [ComfyUI]   Node 4: GeomPackPreviewGaussian
  [ComfyUI]     Inputs: {"preview_gaussian": "", "ply_path": ["5", 0], "extrinsics": ["5", 1], "intrinsics": ["5", 2]}
  [ComfyUI]     Inputs: {"preview_gaussian": "", "ply_path": ["5", 0], "extrinsics": ["5", 1], "intrinsics": ["5", 2]}
  [ComfyUI]   Node 5: SharpPredict
  [ComfyUI]   Node 5: SharpPredict
  [ComfyUI]     Inputs: {"focal_length_mm": 30, "output_prefix": "sharp", "model": ["2", 0], "image": ["1", 0]}
  [ComfyUI]     Inputs: {"focal_length_mm": 30, "output_prefix": "sharp", "model": ["2", 0], "image": ["1", 0]}
  [ComfyUI] Generated prompt_id: 0a1e6472-1de7-45e7-8a1b-ada15adca9b9
  [ComfyUI] Generated prompt_id: 0a1e6472-1de7-45e7-8a1b-ada15adca9b9
  [ComfyUI] Calling execution.validate_prompt()...
  [ComfyUI] Calling execution.validate_prompt()...
  [ComfyUI] Validation result: valid=True
  [ComfyUI] Validation result: valid=True
  [ComfyUI] === Validation PASSED ===
  [ComfyUI] === Validation PASSED ===
  [ComfyUI] got prompt
  [ComfyUI] got prompt
  [ComfyUI] [comfy-env] Running LoadSharpModel: precision: 'auto'
  [ComfyUI] [comfy-env] Running LoadSharpModel: precision: 'auto'
  [ComfyUI] [comfy-env] SubprocessWorker: C:\workspaces\Sharp-1517\portable-comfyui\ComfyUI_windows_portable\ComfyUI\.ce\.pixi\envs\sharp-nodes\python.exe
  [ComfyUI] [comfy-env] SubprocessWorker: C:\workspaces\Sharp-1517\portable-comfyui\ComfyUI_windows_portable\ComfyUI\.ce\.pixi\envs\sharp-nodes\python.exe
  [ComfyUI] [VRAM] Before LoadSharpModel: 1042 / 12287 MB
  [ComfyUI] [VRAM] Before LoadSharpModel: 1042 / 12287 MB
  [ComfyUI] [comfy-env] env_vars: {'COMFYUI_BASE': 'C:\\workspaces\\Sharp-1517\\portable-comfyui\\ComfyUI_windows_portable\\ComfyUI'}
  [ComfyUI] [comfy-env] env_vars: {'COMFYUI_BASE': 'C:\\workspaces\\Sharp-1517\\portable-comfyui\\ComfyUI_windows_portable\\ComfyUI'}
  [ComfyUI] [SubprocessWorker] call_method: nodes.load_model.LoadSharpModel.EXECUTE_NORMALIZED
  [ComfyUI] [SubprocessWorker] call_method: nodes.load_model.LoadSharpModel.EXECUTE_NORMALIZED
  [ComfyUI] [ComfyUI-Sharp] python: C:\workspaces\Sharp-1517\portable-comfyui\ComfyUI_windows_portable\ComfyUI\.ce\.pixi\envs\sharp-nodes\python.exe
  [ComfyUI] [ComfyUI-Sharp] python: C:\workspaces\Sharp-1517\portable-comfyui\ComfyUI_windows_portable\ComfyUI\.ce\.pixi\envs\sharp-nodes\python.exe
  [ComfyUI] [SubprocessWorker] acquired lock, ensuring started...
  [ComfyUI] [SubprocessWorker] acquired lock, ensuring started...
  [ComfyUI] [ComfyUI-Sharp] sys_path sent to worker: ['C:\\workspaces\\Sharp-1517\\portable-comfyui\\ComfyUI_windows_portable\\ComfyUI', 'C:\\workspaces\\Sharp-1517\\portable-comfyui\\ComfyUI_windows_portable\\ComfyUI\\custom_nodes\\ComfyUI-Sharp', 'C:\\workspaces\\Sharp-1517\\portable-comfyui\\ComfyUI_windows_portable\\ComfyUI\\.ce\\.pixi\\envs\\sharp-nodes\\Lib\\site-packages', 'C:\\workspaces\\Sharp-1517\\portable-comfyui\\ComfyUI_windows_portable\\ComfyUI\\custom_nodes\\ComfyUI-Sharp']
  [ComfyUI] [ComfyUI-Sharp] sys_path sent to worker: ['C:\\workspaces\\Sharp-1517\\portable-comfyui\\ComfyUI_windows_portable\\ComfyUI', 'C:\\workspaces\\Sharp-1517\\portable-comfyui\\ComfyUI_windows_portable\\ComfyUI\\custom_nodes\\ComfyUI-Sharp', 'C:\\workspaces\\Sharp-1517\\portable-comfyui\\ComfyUI_windows_portable\\ComfyUI\\.ce\\.pixi\\envs\\sharp-nodes\\Lib\\site-packages', 'C:\\workspaces\\Sharp-1517\\portable-comfyui\\ComfyUI_windows_portable\\ComfyUI\\custom_nodes\\ComfyUI-Sharp']
  [ComfyUI] [comfy-env] sharp-nodes: Library/bin has 235 DLLs
  [ComfyUI] [comfy-env] sharp-nodes: Library/bin has 235 DLLs
  [ComfyUI] [SubprocessWorker] is_pixi=True, python=C:\workspaces\Sharp-1517\portable-comfyui\ComfyUI_windows_portable\ComfyUI\.ce\.pixi\envs\sharp-nodes\python.exe
  [ComfyUI] [SubprocessWorker] is_pixi=True, python=C:\workspaces\Sharp-1517\portable-comfyui\ComfyUI_windows_portable\ComfyUI\.ce\.pixi\envs\sharp-nodes\python.exe
  [ComfyUI] [SubprocessWorker] launching cmd=['C:\\Users\\ContainerAdministrator\\.pixi\\bin\\pixi.exe', 'run', '--as-is', '--manifest-path', 'C:\\workspaces\\Sharp-1517\\portable-comfyui\\ComfyUI_windows_portable\\ComfyUI\\.ce\\pixi.toml', '-e', 'sharp-nodes', 'python', 'C:\\Users\\ContainerAdministrator\\AppData\\Local\\Temp\\comfyui_pvenv_sw5kgrd7\\persistent_worker.py', 'tcp://127.0.0.1:49188']...
  [ComfyUI] [SubprocessWorker] launching cmd=['C:\\Users\\ContainerAdministrator\\.pixi\\bin\\pixi.exe', 'run', '--as-is', '--manifest-path', 'C:\\workspaces\\Sharp-1517\\portable-comfyui\\ComfyUI_windows_portable\\ComfyUI\\.ce\\pixi.toml', '-e', 'sharp-nodes', 'python', 'C:\\Users\\ContainerAdministrator\\AppData\\Local\\Temp\\comfyui_pvenv_sw5kgrd7\\persistent_worker.py', 'tcp://127.0.0.1:49188']...
  Frame 2 saved (frame_001.jpg, t=2.3s)
  [capture-periodic] freeze=4ms shot=141ms unfreeze=5ms saved=True
  Frame 3 saved (frame_002.jpg, t=4.6s)
  [capture-periodic] freeze=3ms shot=129ms unfreeze=3ms saved=True
  [capture-loop] iter=50 t=6.1s state={'complete': False, 'error': None, 'executedCount': 0, 'wsState': 1} eval_ms=3 ram=9.3/31.9GB (29%) swap=0.3/12.3GB (2%) cpu=7% browser_rss=0.62GB
  [ComfyUI] [SubprocessWorker] worker started/confirmed
  [ComfyUI] [SubprocessWorker] worker started/confirmed
  [ComfyUI] [SubprocessWorker] serializing kwargs to shm...
  [ComfyUI] [SubprocessWorker] serializing kwargs to shm...
  [ComfyUI] [SubprocessWorker] created 0 shm blocks
  [ComfyUI] [SubprocessWorker] created 0 shm blocks
  [ComfyUI] [SubprocessWorker] sending request via socket...
  [ComfyUI] [SubprocessWorker] sending request via socket...
  [ComfyUI] [SubprocessWorker] call_id=1 sending call_method
  [ComfyUI] [SubprocessWorker] call_id=1 sending call_method
  [ComfyUI] 
  [ComfyUI] 
  [capture-loop] iter=100 t=12.5s state={'complete': False, 'error': None, 'executedCount': 0, 'wsState': 1} eval_ms=4 ram=9.5/31.9GB (30%) swap=0.3/12.3GB (2%) cpu=7% browser_rss=0.63GB
  [ComfyUI] sharp_2572gikvuh.pt:   0%|          | 0.00/2.81G [00:00<?, ?B/s]
  [ComfyUI] sharp_2572gikvuh.pt:   0%|          | 0.00/2.81G [00:00<?, ?B/s]
  [ComfyUI] sharp_2572gikvuh.pt:   2%|▏         | 67.1M/2.81G [00:04<02:54, 15.7MB/s][SubprocessWorker] callback 'report_progress' from call_id=1
  [ComfyUI] sharp_2572gikvuh.pt:   2%|▏         | 67.1M/2.81G [00:04<02:54, 15.7MB/s][SubprocessWorker] callback 'report_progress' from call_id=1
  [ComfyUI] 
  [ComfyUI] 
  [ComfyUI] sharp_2572gikvuh.pt:   6%|▌         | 158M/2.81G [00:04<01:02, 42.7MB/s] [SubprocessWorker] callback 'report_progress' from call_id=1
  [ComfyUI] sharp_2572gikvuh.pt:   6%|▌         | 158M/2.81G [00:04<01:02, 42.7MB/s] [SubprocessWorker] callback 'report_progress' from call_id=1
  [ComfyUI] 
  [ComfyUI] 
  [ComfyUI] sharp_2572gikvuh.pt:   9%|▉         | 256M/2.81G [00:04<00:33, 77.3MB/s][SubprocessWorker] callback 'report_progress' from call_id=1
  [ComfyUI] sharp_2572gikvuh.pt:   9%|▉         | 256M/2.81G [00:04<00:33, 77.3MB/s][SubprocessWorker] callback 'report_progress' from call_id=1
  [ComfyUI] 
  [ComfyUI] 
  [ComfyUI] sharp_2572gikvuh.pt:  10%|█         | 292M/2.81G [00:05<00:29, 85.8MB/s][SubprocessWorker] callback 'report_progress' from call_id=1
  [ComfyUI] sharp_2572gikvuh.pt:  10%|█         | 292M/2.81G [00:05<00:29, 85.8MB/s][SubprocessWorker] callback 'report_progress' from call_id=1
  Frame 4 saved (frame_003.jpg, t=17.7s)
  [capture-periodic] freeze=5ms shot=163ms unfreeze=4ms saved=True
  [capture-loop] iter=150 t=19.0s state={'complete': False, 'error': None, 'executedCount': 0, 'wsState': 1} eval_ms=5 ram=10.0/31.9GB (31%) swap=0.3/12.3GB (2%) cpu=21% browser_rss=0.63GB
  [ComfyUI] 
  [ComfyUI] 
  [ComfyUI] sharp_2572gikvuh.pt:  13%|█▎        | 359M/2.81G [00:07<00:50, 48.1MB/s][SubprocessWorker] callback 'report_progress' from call_id=1
  [ComfyUI] sharp_2572gikvuh.pt:  13%|█▎        | 359M/2.81G [00:07<00:50, 48.1MB/s][SubprocessWorker] callback 'report_progress' from call_id=1
  Frame 5 saved (frame_004.jpg, t=20.0s)
  [capture-periodic] freeze=4ms shot=138ms unfreeze=4ms saved=True
  [ComfyUI] 
  [ComfyUI] 
  [ComfyUI] sharp_2572gikvuh.pt:  15%|█▌        | 427M/2.81G [00:11<01:20, 29.5MB/s][SubprocessWorker] callback 'report_progress' from call_id=1
  [ComfyUI] sharp_2572gikvuh.pt:  15%|█▌        | 427M/2.81G [00:11<01:20, 29.5MB/s][SubprocessWorker] callback 'report_progress' from call_id=1
  Frame 6 saved (frame_005.jpg, t=24.5s)
  [capture-periodic] freeze=4ms shot=169ms unfreeze=5ms saved=True
  [capture-loop] iter=200 t=25.4s state={'complete': False, 'error': None, 'executedCount': 0, 'wsState': 1} eval_ms=4 ram=10.5/31.9GB (33%) swap=0.3/12.3GB (2%) cpu=22% browser_rss=0.57GB
  [ComfyUI] 
  [ComfyUI] 
  [ComfyUI] sharp_2572gikvuh.pt:  18%|█▊        | 494M/2.81G [00:13<01:15, 30.7MB/s][SubprocessWorker] callback 'report_progress' from call_id=1
  [ComfyUI] sharp_2572gikvuh.pt:  18%|█▊        | 494M/2.81G [00:13<01:15, 30.7MB/s][SubprocessWorker] callback 'report_progress' from call_id=1
  Frame 7 saved (frame_006.jpg, t=26.7s)
  [capture-periodic] freeze=4ms shot=148ms unfreeze=5ms saved=True
  [ComfyUI] 
  [ComfyUI] 
  [ComfyUI] sharp_2572gikvuh.pt:  20%|█▉        | 561M/2.81G [00:16<01:19, 28.4MB/s][SubprocessWorker] callback 'report_progress' from call_id=1
  [ComfyUI] sharp_2572gikvuh.pt:  20%|█▉        | 561M/2.81G [00:16<01:19, 28.4MB/s][SubprocessWorker] callback 'report_progress' from call_id=1
  [ComfyUI] 
  [ComfyUI] 
  [ComfyUI] sharp_2572gikvuh.pt:  25%|██▍       | 695M/2.81G [00:16<00:40, 51.6MB/s][SubprocessWorker] callback 'report_progress' from call_id=1
  [ComfyUI] sharp_2572gikvuh.pt:  25%|██▍       | 695M/2.81G [00:16<00:40, 51.6MB/s][SubprocessWorker] callback 'report_progress' from call_id=1
  [ComfyUI] 
  [ComfyUI] 
  [ComfyUI] sharp_2572gikvuh.pt:  32%|███▏      | 896M/2.81G [00:16<00:19, 97.8MB/s][SubprocessWorker] callback 'report_progress' from call_id=1
  [ComfyUI] sharp_2572gikvuh.pt:  32%|███▏      | 896M/2.81G [00:16<00:19, 97.8MB/s][SubprocessWorker] callback 'report_progress' from call_id=1
  [ComfyUI] 
  [ComfyUI] 
  [ComfyUI] sharp_2572gikvuh.pt:  37%|███▋      | 1.03G/2.81G [00:17<00:13, 133MB/s][SubprocessWorker] callback 'report_progress' from call_id=1
  [ComfyUI] sharp_2572gikvuh.pt:  37%|███▋      | 1.03G/2.81G [00:17<00:13, 133MB/s][SubprocessWorker] callback 'report_progress' from call_id=1
  Frame 8 saved (frame_007.jpg, t=29.0s)
  [capture-periodic] freeze=6ms shot=147ms unfreeze=5ms saved=True
  Frame 9 saved (frame_008.jpg, t=31.3s)
  [capture-periodic] freeze=4ms shot=136ms unfreeze=4ms saved=True
  [capture-loop] iter=250 t=31.9s state={'complete': False, 'error': None, 'executedCount': 0, 'wsState': 1} eval_ms=4 ram=10.9/31.9GB (34%) swap=0.3/12.3GB (2%) cpu=23% browser_rss=0.58GB
  [ComfyUI] 
  [ComfyUI] 
  [ComfyUI] sharp_2572gikvuh.pt:  41%|████▏     | 1.16G/2.81G [00:20<00:22, 74.6MB/s][SubprocessWorker] callback 'report_progress' from call_id=1
  [ComfyUI] sharp_2572gikvuh.pt:  41%|████▏     | 1.16G/2.81G [00:20<00:22, 74.6MB/s][SubprocessWorker] callback 'report_progress' from call_id=1
  [ComfyUI] 
  [ComfyUI] 
  [ComfyUI] sharp_2572gikvuh.pt:  46%|████▌     | 1.30G/2.81G [00:21<00:17, 86.6MB/s][SubprocessWorker] callback 'report_progress' from call_id=1
  [ComfyUI] sharp_2572gikvuh.pt:  46%|████▌     | 1.30G/2.81G [00:21<00:17, 86.6MB/s][SubprocessWorker] callback 'report_progress' from call_id=1
  Frame 10 saved (frame_009.jpg, t=33.5s)
  [capture-periodic] freeze=4ms shot=157ms unfreeze=5ms saved=True
  [ComfyUI] 
  [ComfyUI] 
  [ComfyUI] sharp_2572gikvuh.pt:  53%|█████▎    | 1.50G/2.81G [00:21<00:09, 135MB/s] [SubprocessWorker] callback 'report_progress' from call_id=1
  [ComfyUI] sharp_2572gikvuh.pt:  53%|█████▎    | 1.50G/2.81G [00:21<00:09, 135MB/s] [SubprocessWorker] callback 'report_progress' from call_id=1
  [ComfyUI] 
  [ComfyUI] 
  [ComfyUI] sharp_2572gikvuh.pt:  58%|█████▊    | 1.63G/2.81G [00:22<00:06, 170MB/s][SubprocessWorker] callback 'report_progress' from call_id=1
  [ComfyUI] sharp_2572gikvuh.pt:  58%|█████▊    | 1.63G/2.81G [00:22<00:06, 170MB/s][SubprocessWorker] callback 'report_progress' from call_id=1
  [ComfyUI] 
  [ComfyUI] 
  [ComfyUI] sharp_2572gikvuh.pt:  63%|██████▎   | 1.77G/2.81G [00:22<00:05, 190MB/s][SubprocessWorker] callback 'report_progress' from call_id=1
  [ComfyUI] sharp_2572gikvuh.pt:  63%|██████▎   | 1.77G/2.81G [00:22<00:05, 190MB/s][SubprocessWorker] callback 'report_progress' from call_id=1
  [ComfyUI] 
  [ComfyUI] 
  [ComfyUI] sharp_2572gikvuh.pt:  68%|██████▊   | 1.90G/2.81G [00:23<00:04, 186MB/s][SubprocessWorker] callback 'report_progress' from call_id=1
  [ComfyUI] sharp_2572gikvuh.pt:  68%|██████▊   | 1.90G/2.81G [00:23<00:04, 186MB/s][SubprocessWorker] callback 'report_progress' from call_id=1
  [ComfyUI] 
  [ComfyUI] 
  [ComfyUI] sharp_2572gikvuh.pt:  75%|███████▍  | 2.10G/2.81G [00:23<00:02, 264MB/s][SubprocessWorker] callback 'report_progress' from call_id=1
  [ComfyUI] sharp_2572gikvuh.pt:  75%|███████▍  | 2.10G/2.81G [00:23<00:02, 264MB/s][SubprocessWorker] callback 'report_progress' from call_id=1
  [ComfyUI] 
  [ComfyUI] 
  [ComfyUI] sharp_2572gikvuh.pt:  82%|████████▏ | 2.30G/2.81G [00:23<00:01, 343MB/s][SubprocessWorker] callback 'report_progress' from call_id=1
  [ComfyUI] sharp_2572gikvuh.pt:  82%|████████▏ | 2.30G/2.81G [00:23<00:01, 343MB/s][SubprocessWorker] callback 'report_progress' from call_id=1
  Frame 11 saved (frame_010.jpg, t=35.7s)
  [capture-periodic] freeze=3ms shot=131ms unfreeze=3ms saved=True
  [ComfyUI] 
  [ComfyUI] 
  [ComfyUI] sharp_2572gikvuh.pt:  89%|████████▉ | 2.51G/2.81G [00:24<00:00, 427MB/s][SubprocessWorker] callback 'report_progress' from call_id=1
  [ComfyUI] sharp_2572gikvuh.pt:  89%|████████▉ | 2.51G/2.81G [00:24<00:00, 427MB/s][SubprocessWorker] callback 'report_progress' from call_id=1
  [ComfyUI] 
  [ComfyUI] 
  [ComfyUI] sharp_2572gikvuh.pt:  96%|█████████▋| 2.71G/2.81G [00:24<00:00, 501MB/s][SubprocessWorker] callback 'report_progress' from call_id=1
  [ComfyUI] sharp_2572gikvuh.pt:  96%|█████████▋| 2.71G/2.81G [00:24<00:00, 501MB/s][SubprocessWorker] callback 'report_progress' from call_id=1
  [ComfyUI] 
  [ComfyUI] 
  [ComfyUI] sharp_2572gikvuh.pt: 100%|██████████| 2.81G/2.81G [00:24<00:00, 544MB/s][SubprocessWorker] callback 'report_progress' from call_id=1
  [ComfyUI] sharp_2572gikvuh.pt: 100%|██████████| 2.81G/2.81G [00:24<00:00, 544MB/s][SubprocessWorker] callback 'report_progress' from call_id=1
  [ComfyUI] 
  [ComfyUI] 
  [ComfyUI] sharp_2572gikvuh.pt: 100%|██████████| 2.81G/2.81G [00:24<00:00, 115MB/s]
  [ComfyUI] sharp_2572gikvuh.pt: 100%|██████████| 2.81G/2.81G [00:24<00:00, 115MB/s]
  [ComfyUI] [SubprocessWorker] got response: ok
  [ComfyUI] [SubprocessWorker] got response: ok
  [ComfyUI] [comfy-env] LoadSharpModel done (36.09s): result: NodeOutput
  [ComfyUI] [comfy-env] LoadSharpModel done (36.09s): result: NodeOutput
  [ComfyUI] [VRAM] After LoadSharpModel: 1042 / 12287 MB
  [ComfyUI] [VRAM] After LoadSharpModel: 1042 / 12287 MB
  [ComfyUI] [comfy-env] Running SharpPredict: focal_length_mm: 30.0, output_prefix: 'sharp', model: dict, image: torch.float32 [1,1024,1536,3] cpu
  [ComfyUI] [comfy-env] Running SharpPredict: focal_length_mm: 30.0, output_prefix: 'sharp', model: dict, image: torch.float32 [1,1024,1536,3] cpu
  [ComfyUI] [VRAM] Before SharpPredict: 1042 / 12287 MB
  [ComfyUI] [VRAM] Before SharpPredict: 1042 / 12287 MB
  [ComfyUI] [SubprocessWorker] call_method: nodes.predict.SharpPredict.EXECUTE_NORMALIZED
  [ComfyUI] [SubprocessWorker] call_method: nodes.predict.SharpPredict.EXECUTE_NORMALIZED
  [ComfyUI] [SubprocessWorker] acquired lock, ensuring started...
  [ComfyUI] [SubprocessWorker] acquired lock, ensuring started...
  [ComfyUI] [ComfyUI-Sharp] Health check: ping (timeout=5.0s)...
  [ComfyUI] [ComfyUI-Sharp] Health check: ping (timeout=5.0s)...
  [ComfyUI] [ComfyUI-Sharp] Health check: ok
  [ComfyUI] [ComfyUI-Sharp] Health check: ok
  [ComfyUI] [SubprocessWorker] worker started/confirmed
  [ComfyUI] [SubprocessWorker] worker started/confirmed
  [ComfyUI] [comfy-env] PRE-SERIALIZE 'image' shape: torch.Size([1, 1024, 1536, 3])
  [ComfyUI] [comfy-env] PRE-SERIALIZE 'image' shape: torch.Size([1, 1024, 1536, 3])
  [ComfyUI] [SubprocessWorker] serializing kwargs to shm...
  [ComfyUI] [SubprocessWorker] serializing kwargs to shm...
  [ComfyUI] [SubprocessWorker] created 0 shm blocks
  [ComfyUI] [SubprocessWorker] created 0 shm blocks
  [ComfyUI] [SubprocessWorker] sending request via socket...
  [ComfyUI] [SubprocessWorker] sending request via socket...
  [ComfyUI] [SubprocessWorker] call_id=2 sending call_method
  [ComfyUI] [SubprocessWorker] call_id=2 sending call_method
  [ComfyUI] [worker:ComfyUI-Sharp] [comfy-env] _from_shm got dict with keys: ['__type__', 'strategy', 'manager_path', 'storage_key', 'storage_size']
  [ComfyUI] [worker:ComfyUI-Sharp] [comfy-env] _from_shm got dict with keys: ['__type__', 'strategy', 'manager_path', 'storage_key', 'storage_size']
  [ComfyUI] [worker:ComfyUI-Sharp] [comfy-env] DESERIALIZE TensorRef: tensor_size=[1, 1024, 1536, 3]
  [ComfyUI] [worker:ComfyUI-Sharp] [comfy-env] DESERIALIZE TensorRef: tensor_size=[1, 1024, 1536, 3]
  [ComfyUI] [worker:ComfyUI-Sharp] [comfy-env] DESERIALIZED tensor shape: torch.Size([1, 1024, 1536, 3])
  [ComfyUI] [worker:ComfyUI-Sharp] [comfy-env] DESERIALIZED tensor shape: torch.Size([1, 1024, 1536, 3])
  Frame 12 saved (frame_011.jpg, t=37.9s)
  [capture-periodic] freeze=4ms shot=115ms unfreeze=3ms saved=True
  [capture-loop] iter=300 t=38.3s state={'complete': False, 'error': None, 'executedCount': 0, 'wsState': 1} eval_ms=4 ram=10.0/31.9GB (31%) swap=0.3/12.3GB (2%) cpu=16% browser_rss=0.57GB
  [ComfyUI] [SubprocessWorker] callback 'request_vram_budget' from call_id=2
  [ComfyUI] [SubprocessWorker] callback 'request_vram_budget' from call_id=2
  [ComfyUI] [comfy-env] VRAM request: 2.81GB, free before eviction: 11.79GB
  [ComfyUI] [comfy-env] VRAM request: 2.81GB, free before eviction: 11.79GB
  [ComfyUI] [comfy-env] VRAM after eviction: 11.79GB
  [ComfyUI] [comfy-env] VRAM after eviction: 11.79GB
  [ComfyUI] [worker:ComfyUI-Sharp] WARNING: [SPN] start: 0.07 GB, input=[1, 3, 1536, 1536]
  [ComfyUI] [worker:ComfyUI-Sharp] WARNING: [SPN] start: 0.07 GB, input=[1, 3, 1536, 1536]
  [ComfyUI] [worker:ComfyUI-Sharp] WARNING: [SPN] patches: 0.13 GB, x0=25 x1=9 x2=1 total=35
  [ComfyUI] [worker:ComfyUI-Sharp] WARNING: [SPN] patches: 0.13 GB, x0=25 x1=9 x2=1 total=35
  [ComfyUI] [worker:ComfyUI-Sharp] [VRAM] +207MB (now 207MB) reserved=256MB peak=207MB
  [ComfyUI] [worker:ComfyUI-Sharp] [VRAM] +207MB (now 207MB) reserved=256MB peak=207MB
  [ComfyUI] [worker:ComfyUI-Sharp] WARNING: [SPN] after first chunk (4/35): 0.56 GB, chunk_size=4
  [ComfyUI] [worker:ComfyUI-Sharp] WARNING: [SPN] after first chunk (4/35): 0.56 GB, chunk_size=4
  [ComfyUI] [worker:ComfyUI-Sharp] [VRAM] +414MB (now 622MB) reserved=832MB peak=658MB
  [ComfyUI] [worker:ComfyUI-Sharp] [VRAM] +414MB (now 622MB) reserved=832MB peak=658MB
  [capture-loop] iter=350 t=44.1s state={'complete': False, 'error': None, 'executedCount': 0, 'wsState': 1} eval_ms=3 ram=12.7/31.9GB (40%) swap=0.3/12.3GB (2%) cpu=7% browser_rss=0.58GB
  [ComfyUI] [worker:ComfyUI-Sharp] WARNING: [SPN] after all chunks + cache clear: 0.50 GB
  [ComfyUI] [worker:ComfyUI-Sharp] WARNING: [SPN] after all chunks + cache clear: 0.50 GB
  [ComfyUI] [worker:ComfyUI-Sharp] WARNING: [SPN] after merge intermediates: 0.27 GB
  [ComfyUI] [worker:ComfyUI-Sharp] WARNING: [SPN] after merge intermediates: 0.27 GB
  [ComfyUI] [worker:ComfyUI-Sharp] WARNING: [SPN] after merge all: 0.31 GB
  [ComfyUI] [worker:ComfyUI-Sharp] WARNING: [SPN] after merge all: 0.31 GB
  [ComfyUI] [worker:ComfyUI-Sharp] [VRAM] -301MB (now 321MB) reserved=704MB peak=694MB
  [ComfyUI] [worker:ComfyUI-Sharp] [VRAM] -301MB (now 321MB) reserved=704MB peak=694MB
  [ComfyUI] [worker:ComfyUI-Sharp] WARNING: [SPN] after image_encoder: 0.31 GB
  [ComfyUI] [worker:ComfyUI-Sharp] WARNING: [SPN] after image_encoder: 0.31 GB
  [ComfyUI] [worker:ComfyUI-Sharp] WARNING: [SPN] after upsample: 1.02 GB
  [ComfyUI] [worker:ComfyUI-Sharp] WARNING: [SPN] after upsample: 1.02 GB
  [ComfyUI] [worker:ComfyUI-Sharp] WARNING: [Monodepth] after SPN encoder + cache clear: 0.93 GB
  [ComfyUI] [worker:ComfyUI-Sharp] WARNING: [Monodepth] after SPN encoder + cache clear: 0.93 GB
  [ComfyUI] [worker:ComfyUI-Sharp] WARNING: [Monodepth] after decoder: 1.49 GB
  [ComfyUI] [worker:ComfyUI-Sharp] WARNING: [Monodepth] after decoder: 1.49 GB
  [ComfyUI] [worker:ComfyUI-Sharp] [VRAM] +1195MB (now 1517MB) reserved=5088MB peak=4408MB
  [ComfyUI] [worker:ComfyUI-Sharp] [VRAM] +1195MB (now 1517MB) reserved=5088MB peak=4408MB
  [ComfyUI] [worker:ComfyUI-Sharp] WARNING: [Decode] start: 1.48 GB
  [ComfyUI] [worker:ComfyUI-Sharp] WARNING: [Decode] start: 1.48 GB
  [ComfyUI] [worker:ComfyUI-Sharp] WARNING: [Decode] after depth_alignment: 1.52 GB
  [ComfyUI] [worker:ComfyUI-Sharp] WARNING: [Decode] after depth_alignment: 1.52 GB
  [ComfyUI] [worker:ComfyUI-Sharp] WARNING: [Decode] after init_model: 1.59 GB
  [ComfyUI] [worker:ComfyUI-Sharp] WARNING: [Decode] after init_model: 1.59 GB
  [ComfyUI] [worker:ComfyUI-Sharp] [VRAM] +976MB (now 2493MB) reserved=4352MB peak=4408MB
  [ComfyUI] [worker:ComfyUI-Sharp] [VRAM] +976MB (now 2493MB) reserved=4352MB peak=4408MB
  [ComfyUI] [worker:ComfyUI-Sharp] WARNING: [Decode] after feature_model: 1.73 GB
  [ComfyUI] [worker:ComfyUI-Sharp] WARNING: [Decode] after feature_model: 1.73 GB
  [ComfyUI] [worker:ComfyUI-Sharp] WARNING: [Decode] after prediction_head: 1.79 GB
  [ComfyUI] [worker:ComfyUI-Sharp] WARNING: [Decode] after prediction_head: 1.79 GB
  [ComfyUI] [worker:ComfyUI-Sharp] [VRAM] -761MB (now 1733MB) reserved=4352MB peak=4408MB
  [ComfyUI] [worker:ComfyUI-Sharp] [VRAM] -761MB (now 1733MB) reserved=4352MB peak=4408MB
  [ComfyUI] [SubprocessWorker] callback 'report_progress' from call_id=2
  [ComfyUI] [SubprocessWorker] callback 'report_progress' from call_id=2
  [ComfyUI] [SubprocessWorker] got response: ok
  [ComfyUI] [SubprocessWorker] got response: ok
  [ComfyUI] [comfy-env] SubprocessWorker: C:\workspaces\Sharp-1517\portable-comfyui\ComfyUI_windows_portable\ComfyUI\.ce\.pixi\envs\geometrypack-main\python.exe
  [ComfyUI] [comfy-env] SubprocessWorker: C:\workspaces\Sharp-1517\portable-comfyui\ComfyUI_windows_portable\ComfyUI\.ce\.pixi\envs\geometrypack-main\python.exe
  [ComfyUI] [comfy-env] SharpPredict done (12.87s): result: NodeOutput
  [ComfyUI] [comfy-env] SharpPredict done (12.87s): result: NodeOutput
  [ComfyUI] [comfy-env] env_vars: {'KMP_DUPLICATE_LIB_OK': 'TRUE', 'COMFYUI_BASE': 'C:\\workspaces\\Sharp-1517\\portable-comfyui\\ComfyUI_windows_portable\\ComfyUI'}
  [ComfyUI] [comfy-env] env_vars: {'KMP_DUPLICATE_LIB_OK': 'TRUE', 'COMFYUI_BASE': 'C:\\workspaces\\Sharp-1517\\portable-comfyui\\ComfyUI_windows_portable\\ComfyUI'}
  [ComfyUI] [VRAM] After SharpPredict: 1042 / 12287 MB
  [ComfyUI] [VRAM] After SharpPredict: 1042 / 12287 MB
  [ComfyUI] [comfy-env] Running GeomPackPreviewGaussian: ply_path: 'C:\\workspaces\\Sharp-1517\\portable-comfyui\\ComfyUI_wi..., extrinsics: list[4], intrinsics: list[3]
  [ComfyUI] [comfy-env] Running GeomPackPreviewGaussian: ply_path: 'C:\\workspaces\\Sharp-1517\\portable-comfyui\\ComfyUI_wi..., extrinsics: list[4], intrinsics: list[3]
  [ComfyUI] [VRAM] Before GeomPackPreviewGaussian: 1042 / 12287 MB
  [ComfyUI] [VRAM] Before GeomPackPreviewGaussian: 1042 / 12287 MB
  [ComfyUI] [SubprocessWorker] call_method: nodes.main.visualization.preview_gaussian.PreviewGaussianNode.EXECUTE_NORMALIZED
  [ComfyUI] [SubprocessWorker] call_method: nodes.main.visualization.preview_gaussian.PreviewGaussianNode.EXECUTE_NORMALIZED
  [ComfyUI] [SubprocessWorker] acquired lock, ensuring started...
  [ComfyUI] [SubprocessWorker] acquired lock, ensuring started...
  [ComfyUI] [ComfyUI-GeometryPack] python: C:\workspaces\Sharp-1517\portable-comfyui\ComfyUI_windows_portable\ComfyUI\.ce\.pixi\envs\geometrypack-main\python.exe
  [ComfyUI] [ComfyUI-GeometryPack] python: C:\workspaces\Sharp-1517\portable-comfyui\ComfyUI_windows_portable\ComfyUI\.ce\.pixi\envs\geometrypack-main\python.exe
  [ComfyUI] [comfy-env] geometrypack-main: Library/bin has 610 DLLs
  [ComfyUI] [comfy-env] geometrypack-main: Library/bin has 610 DLLs
  [ComfyUI] [ComfyUI-GeometryPack] sys_path sent to worker: ['C:\\workspaces\\Sharp-1517\\portable-comfyui\\ComfyUI_windows_portable\\ComfyUI', 'C:\\workspaces\\Sharp-1517\\portable-comfyui\\ComfyUI_windows_portable\\ComfyUI\\custom_nodes\\ComfyUI-GeometryPack', 'C:\\workspaces\\Sharp-1517\\portable-comfyui\\ComfyUI_windows_portable\\ComfyUI\\.ce\\.pixi\\envs\\geometrypack-main\\Lib\\site-packages', 'C:\\workspaces\\Sharp-1517\\portable-comfyui\\ComfyUI_windows_portable\\ComfyUI\\custom_nodes\\ComfyUI-GeometryPack']
  [ComfyUI] [ComfyUI-GeometryPack] sys_path sent to worker: ['C:\\workspaces\\Sharp-1517\\portable-comfyui\\ComfyUI_windows_portable\\ComfyUI', 'C:\\workspaces\\Sharp-1517\\portable-comfyui\\ComfyUI_windows_portable\\ComfyUI\\custom_nodes\\ComfyUI-GeometryPack', 'C:\\workspaces\\Sharp-1517\\portable-comfyui\\ComfyUI_windows_portable\\ComfyUI\\.ce\\.pixi\\envs\\geometrypack-main\\Lib\\site-packages', 'C:\\workspaces\\Sharp-1517\\portable-comfyui\\ComfyUI_windows_portable\\ComfyUI\\custom_nodes\\ComfyUI-GeometryPack']
  [ComfyUI] [SubprocessWorker] is_pixi=True, python=C:\workspaces\Sharp-1517\portable-comfyui\ComfyUI_windows_portable\ComfyUI\.ce\.pixi\envs\geometrypack-main\python.exe
  [ComfyUI] [SubprocessWorker] is_pixi=True, python=C:\workspaces\Sharp-1517\portable-comfyui\ComfyUI_windows_portable\ComfyUI\.ce\.pixi\envs\geometrypack-main\python.exe
  [ComfyUI] [SubprocessWorker] launching cmd=['C:\\Users\\ContainerAdministrator\\.pixi\\bin\\pixi.exe', 'run', '--as-is', '--manifest-path', 'C:\\workspaces\\Sharp-1517\\portable-comfyui\\ComfyUI_windows_portable\\ComfyUI\\.ce\\pixi.toml', '-e', 'geometrypack-main', 'python', 'C:\\Users\\ContainerAdministrator\\AppData\\Local\\Temp\\comfyui_pvenv_oyo6ls_4\\persistent_worker.py', 'tcp://127.0.0.1:63741']...
  [ComfyUI] [SubprocessWorker] launching cmd=['C:\\Users\\ContainerAdministrator\\.pixi\\bin\\pixi.exe', 'run', '--as-is', '--manifest-path', 'C:\\workspaces\\Sharp-1517\\portable-comfyui\\ComfyUI_windows_portable\\ComfyUI\\.ce\\pixi.toml', '-e', 'geometrypack-main', 'python', 'C:\\Users\\ContainerAdministrator\\AppData\\Local\\Temp\\comfyui_pvenv_oyo6ls_4\\persistent_worker.py', 'tcp://127.0.0.1:63741']...
  [capture-loop] iter=400 t=49.9s state={'complete': False, 'error': None, 'executedCount': 0, 'wsState': 1} eval_ms=4 ram=15.6/31.9GB (49%) swap=0.3/12.3GB (2%) cpu=5% browser_rss=0.58GB
  Frame 13 saved (frame_012.jpg, t=51.2s)
  [capture-periodic] freeze=3ms shot=123ms unfreeze=4ms saved=True
  [ComfyUI] [SubprocessWorker] worker started/confirmed
  [ComfyUI] [SubprocessWorker] worker started/confirmed
  [ComfyUI] [SubprocessWorker] serializing kwargs to shm...
  [ComfyUI] [SubprocessWorker] serializing kwargs to shm...
  [ComfyUI] [SubprocessWorker] created 0 shm blocks
  [ComfyUI] [SubprocessWorker] created 0 shm blocks
  [ComfyUI] [SubprocessWorker] sending request via socket...
  [ComfyUI] [SubprocessWorker] sending request via socket...
  [ComfyUI] [SubprocessWorker] call_id=1 sending call_method
  [ComfyUI] [SubprocessWorker] call_id=1 sending call_method
  [capture-loop] iter=450 t=55.6s state={'complete': False, 'error': None, 'executedCount': 0, 'wsState': 1} eval_ms=4 ram=16.0/31.9GB (50%) swap=0.3/12.3GB (2%) cpu=5% browser_rss=0.57GB
  [ComfyUI] [worker:ComfyUI-GeometryPack] INFO: Loading PLY: sharp_1778333166057.ply (63.00 MB)
  [ComfyUI] [worker:ComfyUI-GeometryPack] INFO: Loading PLY: sharp_1778333166057.ply (63.00 MB)
  [ComfyUI] [SubprocessWorker] got response: ok
  [ComfyUI] [SubprocessWorker] got response: ok
  [ComfyUI] [comfy-env] GeomPackPreviewGaussian done (6.43s): result: NodeOutput
  [ComfyUI] [comfy-env] GeomPackPreviewGaussian done (6.43s): result: NodeOutput
  [ComfyUI] [VRAM] After GeomPackPreviewGaussian: 1042 / 12287 MB
  [ComfyUI] [VRAM] After GeomPackPreviewGaussian: 1042 / 12287 MB
  [ComfyUI] Prompt executed in 55.46 seconds
  [ComfyUI] Prompt executed in 55.46 seconds
  Node executed (1 total), capturing...
  Frame 14 saved (frame_013.jpg, t=56.0s)
  [capture-node] freeze=7ms shot=150ms unfreeze=0ms saved=True
  Execution complete (t=56.1s)
  [3d-wait] Phase 1: Waiting for 'Loading 3D Model' text to disappear...
  [3d-wait] Phase 1 done in 0.2s
  [3d-wait] Phase 2: iframes=1
  [3d-wait] iframe viewer_ready=True (matched 1 console logs)
  [3d-wait] Unfrozen in 0.003s, rendering for 5s...
  [3d-wait] JS halted via CDP after 5.0s
  [3d-wait] Re-frozen in 6.0s
  [3d-wait] Total 3D wait: 6.3s
  Captured 14 unique frames over 63.77s
  [debug] iframes: 1
  [debug]   iframe[0]: src=http://127.0.0.1:41881/extensions/ComfyUI-GeometryPack/viewer_gaussian.html?v=17, canvas=1536x1024, rafFrozen=True
  [timing] trigger_3d_previews: 0.0s
  Saved high-quality screenshot: sharp_basic_executed.png
  [timing] final_screenshot: 0.4s
    Captured 15 video frames