  [ComfyUI] [comfy-env] [VRAM] Before offload 'RGBGaussianPredictor_1' (2679 MB) -> cpu: 1271 / 24575 MB
  [ComfyUI] [comfy-env] [VRAM] Before offload 'RGBGaussianPredictor_1' (2679 MB) -> cpu: 1271 / 24575 MB
Capturing execution frames: sharp_exif.json
  [ComfyUI] [ComfyUI-Sharp] Health check: ping (timeout=5.0s)...
  [ComfyUI] [ComfyUI-Sharp] Health check: ping (timeout=5.0s)...
  [ComfyUI] [ComfyUI-Sharp] Health check: failed
  [ComfyUI] [ComfyUI-Sharp] Health check: failed
  [ComfyUI] [ComfyUI-Sharp] Socket unhealthy, restarting worker...
  [ComfyUI] [ComfyUI-Sharp] Socket unhealthy, restarting worker...
  [ComfyUI] [comfy-env] Invalidated 1 stale model patchers (will be cleaned up during next unload)
  [ComfyUI] [comfy-env] Invalidated 1 stale model patchers (will be cleaned up during next unload)
  [ComfyUI] [comfy-env] sharp-nodes: Library/bin has 235 DLLs
  [ComfyUI] [comfy-env] sharp-nodes: Library/bin has 235 DLLs
  [ComfyUI] [ComfyUI-Sharp] python: C:\ce\.pixi\envs\sharp-nodes\python.exe
  [ComfyUI] [ComfyUI-Sharp] python: C:\ce\.pixi\envs\sharp-nodes\python.exe
  [ComfyUI] [ComfyUI-Sharp] sys_path sent to worker: ['C:\\workspaces\\Sharp-0158\\portable-comfyui\\ComfyUI_windows_portable\\ComfyUI', 'C:\\workspaces\\Sharp-0158\\portable-comfyui\\ComfyUI_windows_portable\\ComfyUI\\custom_nodes\\ComfyUI-Sharp', 'C:\\ce\\.pixi\\envs\\sharp-nodes\\Lib\\site-packages', 'C:\\workspaces\\Sharp-0158\\portable-comfyui\\ComfyUI_windows_portable\\ComfyUI\\custom_nodes\\ComfyUI-Sharp']
  [ComfyUI] [ComfyUI-Sharp] sys_path sent to worker: ['C:\\workspaces\\Sharp-0158\\portable-comfyui\\ComfyUI_windows_portable\\ComfyUI', 'C:\\workspaces\\Sharp-0158\\portable-comfyui\\ComfyUI_windows_portable\\ComfyUI\\custom_nodes\\ComfyUI-Sharp', 'C:\\ce\\.pixi\\envs\\sharp-nodes\\Lib\\site-packages', 'C:\\workspaces\\Sharp-0158\\portable-comfyui\\ComfyUI_windows_portable\\ComfyUI\\custom_nodes\\ComfyUI-Sharp']
  [ComfyUI] [SubprocessWorker] is_pixi=True, python=C:\ce\.pixi\envs\sharp-nodes\python.exe
  [ComfyUI] [SubprocessWorker] is_pixi=True, python=C:\ce\.pixi\envs\sharp-nodes\python.exe
  [ComfyUI] [SubprocessWorker] launching cmd=['C:\\Users\\ContainerAdministrator\\.pixi\\bin\\pixi.exe', 'run', '--as-is', '--manifest-path', 'C:\\ce\\pixi.toml', '-e', 'sharp-nodes', 'python', 'C:\\Users\\ContainerAdministrator\\AppData\\Local\\Temp\\comfyui_pvenv_96hha5yk\\persistent_worker.py', 'tcp://127.0.0.1:53529']...
  [ComfyUI] [SubprocessWorker] launching cmd=['C:\\Users\\ContainerAdministrator\\.pixi\\bin\\pixi.exe', 'run', '--as-is', '--manifest-path', 'C:\\ce\\pixi.toml', '-e', 'sharp-nodes', 'python', 'C:\\Users\\ContainerAdministrator\\AppData\\Local\\Temp\\comfyui_pvenv_96hha5yk\\persistent_worker.py', 'tcp://127.0.0.1:53529']...
  [ComfyUI] [worker:ComfyUI-Sharp] ERROR: Failed to import comfy_kitchen, Error: No module named 'comfy_kitchen', fp8 and fp4 support will not be available.
  [ComfyUI] [worker:ComfyUI-Sharp] ERROR: Failed to import comfy_kitchen, Error: No module named 'comfy_kitchen', fp8 and fp4 support will not be available.
  [ComfyUI] [SubprocessWorker] call_id=3 sending model_to_device
  [ComfyUI] [SubprocessWorker] call_id=3 sending model_to_device
  [ComfyUI] Model 'RGBGaussianPredictor_1' gone from worker (restarted?), treating as offloaded
  [ComfyUI] Model 'RGBGaussianPredictor_1' gone from worker (restarted?), treating as offloaded
  [ComfyUI] [comfy-env] [VRAM] After offload 'RGBGaussianPredictor_1' (2679 MB): 1271 / 24575 MB
  [ComfyUI] [comfy-env] [VRAM] After offload 'RGBGaussianPredictor_1' (2679 MB): 1271 / 24575 MB
  Frame 1 saved (frame_000.jpg, t=0.0s)
  Validating workflow...
  [ComfyUI] === /validate endpoint called ===
  [ComfyUI] === /validate endpoint called ===
  [ComfyUI] Received JSON with keys: ['prompt']
  [ComfyUI] Received JSON with keys: ['prompt']
  Queuing workflow for execution...
  [ComfyUI] Prompt has 4 nodes
  [ComfyUI] Prompt has 4 nodes
  [ComfyUI]   Node 2: LoadSharpModel
  [ComfyUI]   Node 2: LoadSharpModel
  [ComfyUI]     Inputs: {"precision": "auto"}
  [ComfyUI]     Inputs: {"precision": "auto"}
  [ComfyUI]   Node 7: SharpPredict
  [ComfyUI]   Node 7: SharpPredict
  [ComfyUI]     Inputs: {"focal_length_mm": ["9", 2], "output_prefix": "sharp", "model": ["2", 0], "image": ["9", 0]}
  [ComfyUI]     Inputs: {"focal_length_mm": ["9", 2], "output_prefix": "sharp", "model": ["2", 0], "image": ["9", 0]}
  [ComfyUI]   Node 8: GeomPackPreviewGaussian
  [ComfyUI]   Node 8: GeomPackPreviewGaussian
  [ComfyUI]     Inputs: {"preview_gaussian": "", "ply_path": ["7", 0], "extrinsics": ["7", 1], "intrinsics": ["7", 2]}
  [ComfyUI]     Inputs: {"preview_gaussian": "", "ply_path": ["7", 0], "extrinsics": ["7", 1], "intrinsics": ["7", 2]}
  [ComfyUI]   Node 9: LoadImageWithExif
  [ComfyUI]   Node 9: LoadImageWithExif
  [ComfyUI]     Inputs: {"image": "eth3d.png", "default_focal_mm": 30}
  [ComfyUI]     Inputs: {"image": "eth3d.png", "default_focal_mm": 30}
  [ComfyUI] Generated prompt_id: 3abaec8b-862d-48f3-9518-06d01174f733
  [ComfyUI] Generated prompt_id: 3abaec8b-862d-48f3-9518-06d01174f733
  [ComfyUI] Calling execution.validate_prompt()...
  [ComfyUI] Calling execution.validate_prompt()...
  [ComfyUI] Validation result: valid=True
  [ComfyUI] Validation result: valid=True
  [ComfyUI] === Validation PASSED ===
  [ComfyUI] === Validation PASSED ===
  [ComfyUI] got prompt
  [ComfyUI] got prompt
  [ComfyUI] [comfy-env] Running LoadImageWithExif: image: 'eth3d.png', default_focal_mm: 30.0
  [ComfyUI] [comfy-env] Running LoadImageWithExif: image: 'eth3d.png', default_focal_mm: 30.0
  [ComfyUI] [VRAM] Before LoadImageWithExif: 1271 / 24575 MB
  [ComfyUI] [VRAM] Before LoadImageWithExif: 1271 / 24575 MB
  [ComfyUI] [SubprocessWorker] call_method: nodes.load_image_exif.LoadImageWithExif.EXECUTE_NORMALIZED
  [ComfyUI] [SubprocessWorker] call_method: nodes.load_image_exif.LoadImageWithExif.EXECUTE_NORMALIZED
  [ComfyUI] [SubprocessWorker] acquired lock, ensuring started...
  [ComfyUI] [SubprocessWorker] acquired lock, ensuring started...
  [ComfyUI] [ComfyUI-Sharp] Health check: ping (timeout=5.0s)...
  [ComfyUI] [ComfyUI-Sharp] Health check: ping (timeout=5.0s)...
  [ComfyUI] [ComfyUI-Sharp] Health check: ok
  [ComfyUI] [ComfyUI-Sharp] Health check: ok
  [ComfyUI] [SubprocessWorker] worker started/confirmed
  [ComfyUI] [SubprocessWorker] worker started/confirmed
  [ComfyUI] [SubprocessWorker] serializing kwargs to shm...
  [ComfyUI] [SubprocessWorker] serializing kwargs to shm...
  [ComfyUI] [SubprocessWorker] created 0 shm blocks
  [ComfyUI] [SubprocessWorker] created 0 shm blocks
  [ComfyUI] [SubprocessWorker] sending request via socket...
  [ComfyUI] [SubprocessWorker] sending request via socket...
  [ComfyUI] [SubprocessWorker] call_id=4 sending call_method
  [ComfyUI] [SubprocessWorker] call_id=4 sending call_method
  [ComfyUI] [SubprocessWorker] got response: ok
  [ComfyUI] [SubprocessWorker] got response: ok
  [ComfyUI] [comfy-env] [VRAM] Before offload 'RGBGaussianPredictor_1' (2679 MB) -> cpu: 1271 / 24575 MB
  [ComfyUI] [comfy-env] [VRAM] Before offload 'RGBGaussianPredictor_1' (2679 MB) -> cpu: 1271 / 24575 MB
  [ComfyUI] [ComfyUI-Sharp] Health check: ping (timeout=5.0s)...
  [ComfyUI] [ComfyUI-Sharp] Health check: ping (timeout=5.0s)...
  [ComfyUI] [ComfyUI-Sharp] Health check: ok
  [ComfyUI] [ComfyUI-Sharp] Health check: ok
  [ComfyUI] [SubprocessWorker] call_id=5 sending model_to_device
  [ComfyUI] [SubprocessWorker] call_id=5 sending model_to_device
  [ComfyUI] Model 'RGBGaussianPredictor_1' gone from worker (restarted?), treating as offloaded
  [ComfyUI] Model 'RGBGaussianPredictor_1' gone from worker (restarted?), treating as offloaded
  [ComfyUI] [comfy-env] [VRAM] After offload 'RGBGaussianPredictor_1' (2679 MB): 1271 / 24575 MB
  [ComfyUI] [comfy-env] [VRAM] After offload 'RGBGaussianPredictor_1' (2679 MB): 1271 / 24575 MB
  [ComfyUI] [comfy-env] LoadImageWithExif done (0.89s): result: NodeOutput
  [ComfyUI] [comfy-env] LoadImageWithExif done (0.89s): result: NodeOutput
  [ComfyUI] [VRAM] After LoadImageWithExif: 1271 / 24575 MB
  [ComfyUI] [VRAM] After LoadImageWithExif: 1271 / 24575 MB
  [ComfyUI] [comfy-env] Running LoadSharpModel: precision: 'auto'
  [ComfyUI] [comfy-env] Running LoadSharpModel: precision: 'auto'
  [ComfyUI] [VRAM] Before LoadSharpModel: 1271 / 24575 MB
  [ComfyUI] [VRAM] Before LoadSharpModel: 1271 / 24575 MB
  [ComfyUI] [SubprocessWorker] call_method: nodes.load_model.LoadSharpModel.EXECUTE_NORMALIZED
  [ComfyUI] [SubprocessWorker] call_method: nodes.load_model.LoadSharpModel.EXECUTE_NORMALIZED
  [ComfyUI] [SubprocessWorker] acquired lock, ensuring started...
  [ComfyUI] [SubprocessWorker] acquired lock, ensuring started...
  [ComfyUI] [ComfyUI-Sharp] Health check: ping (timeout=5.0s)...
  [ComfyUI] [ComfyUI-Sharp] Health check: ping (timeout=5.0s)...
  [ComfyUI] [ComfyUI-Sharp] Health check: ok
  [ComfyUI] [ComfyUI-Sharp] Health check: ok
  [ComfyUI] [SubprocessWorker] worker started/confirmed
  [ComfyUI] [SubprocessWorker] worker started/confirmed
  [ComfyUI] [SubprocessWorker] serializing kwargs to shm...
  [ComfyUI] [SubprocessWorker] serializing kwargs to shm...
  [ComfyUI] [SubprocessWorker] created 0 shm blocks
  [ComfyUI] [SubprocessWorker] created 0 shm blocks
  [ComfyUI] [SubprocessWorker] sending request via socket...
  [ComfyUI] [SubprocessWorker] sending request via socket...
  [ComfyUI] [SubprocessWorker] call_id=6 sending call_method
  [ComfyUI] [SubprocessWorker] call_id=6 sending call_method
  [ComfyUI] Warning: You are sending unauthenticated requests to the HF Hub. Please set a HF_TOKEN to enable higher rate limits and faster downloads.
  [ComfyUI] Warning: You are sending unauthenticated requests to the HF Hub. Please set a HF_TOKEN to enable higher rate limits and faster downloads.
  [ComfyUI] [worker:ComfyUI-Sharp] WARNING: Warning: You are sending unauthenticated requests to the HF Hub. Please set a HF_TOKEN to enable higher rate limits and faster downloads.
  [ComfyUI] [worker:ComfyUI-Sharp] WARNING: Warning: You are sending unauthenticated requests to the HF Hub. Please set a HF_TOKEN to enable higher rate limits and faster downloads.
  [ComfyUI] [SubprocessWorker] got response: ok
  [ComfyUI] [SubprocessWorker] got response: ok
  [ComfyUI] [comfy-env] LoadSharpModel done (0.36s): result: NodeOutput
  [ComfyUI] [comfy-env] LoadSharpModel done (0.36s): result: NodeOutput
  [ComfyUI] [VRAM] After LoadSharpModel: 1271 / 24575 MB
  [ComfyUI] [VRAM] After LoadSharpModel: 1271 / 24575 MB
  [ComfyUI] [comfy-env] Running SharpPredict: focal_length_mm: 20.0, output_prefix: 'sharp', model: dict, image: torch.float32 [1,2022,3040,3] cpu
  [ComfyUI] [comfy-env] Running SharpPredict: focal_length_mm: 20.0, output_prefix: 'sharp', model: dict, image: torch.float32 [1,2022,3040,3] cpu
  [ComfyUI] [VRAM] Before SharpPredict: 1271 / 24575 MB
  [ComfyUI] [VRAM] Before SharpPredict: 1271 / 24575 MB
  [ComfyUI] [SubprocessWorker] call_method: nodes.predict.SharpPredict.EXECUTE_NORMALIZED
  [ComfyUI] [SubprocessWorker] call_method: nodes.predict.SharpPredict.EXECUTE_NORMALIZED
  [ComfyUI] [SubprocessWorker] acquired lock, ensuring started...
  [ComfyUI] [SubprocessWorker] acquired lock, ensuring started...
  [ComfyUI] [ComfyUI-Sharp] Health check: ping (timeout=5.0s)...
  [ComfyUI] [ComfyUI-Sharp] Health check: ping (timeout=5.0s)...
  [ComfyUI] [ComfyUI-Sharp] Health check: ok
  [ComfyUI] [ComfyUI-Sharp] Health check: ok
  [ComfyUI] [SubprocessWorker] worker started/confirmed
  [ComfyUI] [SubprocessWorker] worker started/confirmed
  [ComfyUI] [comfy-env] PRE-SERIALIZE 'image' shape: torch.Size([1, 2022, 3040, 3])
  [ComfyUI] [comfy-env] PRE-SERIALIZE 'image' shape: torch.Size([1, 2022, 3040, 3])
  [ComfyUI] [SubprocessWorker] serializing kwargs to shm...
  [ComfyUI] [SubprocessWorker] serializing kwargs to shm...
  [ComfyUI] [SubprocessWorker] created 0 shm blocks
  [ComfyUI] [SubprocessWorker] created 0 shm blocks
  [ComfyUI] [SubprocessWorker] sending request via socket...
  [ComfyUI] [SubprocessWorker] sending request via socket...
  [ComfyUI] [SubprocessWorker] call_id=7 sending call_method
  [ComfyUI] [SubprocessWorker] call_id=7 sending call_method
  [ComfyUI] [worker:ComfyUI-Sharp] [comfy-env] _from_shm got dict with keys: ['__type__', 'strategy', 'manager_path', 'storage_key', 'storage_size']
  [ComfyUI] [worker:ComfyUI-Sharp] [comfy-env] _from_shm got dict with keys: ['__type__', 'strategy', 'manager_path', 'storage_key', 'storage_size']
  [ComfyUI] [worker:ComfyUI-Sharp] [comfy-env] DESERIALIZE TensorRef: tensor_size=[1, 2022, 3040, 3]
  [ComfyUI] [worker:ComfyUI-Sharp] [comfy-env] DESERIALIZE TensorRef: tensor_size=[1, 2022, 3040, 3]
  [ComfyUI] [worker:ComfyUI-Sharp] [comfy-env] DESERIALIZED tensor shape: torch.Size([1, 2022, 3040, 3])
  [ComfyUI] [worker:ComfyUI-Sharp] [comfy-env] DESERIALIZED tensor shape: torch.Size([1, 2022, 3040, 3])
  [ComfyUI] [worker:ComfyUI-Sharp] WARNING: No comfy kitchen, using old apply_rope functions.
  [ComfyUI] [worker:ComfyUI-Sharp] WARNING: No comfy kitchen, using old apply_rope functions.
  Frame 2 saved (frame_001.jpg, t=2.3s)
  [capture-periodic] freeze=4ms shot=146ms unfreeze=5ms saved=True
  Frame 3 saved (frame_002.jpg, t=4.5s)
  [capture-periodic] freeze=5ms shot=125ms unfreeze=6ms saved=True
  [ComfyUI] [SubprocessWorker] callback 'request_vram_budget' from call_id=7
  [ComfyUI] [SubprocessWorker] callback 'request_vram_budget' from call_id=7
  [ComfyUI] [comfy-env] VRAM request: 2.81GB, free before eviction: 24.44GB
  [ComfyUI] [comfy-env] VRAM request: 2.81GB, free before eviction: 24.44GB
  [ComfyUI] [comfy-env] VRAM after eviction: 24.44GB
  [ComfyUI] [comfy-env] VRAM after eviction: 24.44GB
  [capture-loop] iter=50 t=6.2s state={'complete': False, 'error': None, 'executedCount': 0, 'wsState': 1} eval_ms=5 ram=12.0/31.9GB (38%) swap=0.4/11.4GB (4%) cpu=28% browser_rss=0.80GB
  [ComfyUI] [worker:ComfyUI-Sharp] [VRAM] +218MB (now 218MB) reserved=224MB peak=218MB
  [ComfyUI] [worker:ComfyUI-Sharp] [VRAM] +218MB (now 218MB) reserved=224MB peak=218MB
  [ComfyUI] [worker:ComfyUI-Sharp] [VRAM] +2176MB (now 2395MB) reserved=2400MB peak=2395MB
  [ComfyUI] [worker:ComfyUI-Sharp] [VRAM] +2176MB (now 2395MB) reserved=2400MB peak=2395MB
  [ComfyUI] [worker:ComfyUI-Sharp] WARNING: [SPN] start: 2.74 GB, input=[1, 3, 1536, 1536]
  [ComfyUI] [worker:ComfyUI-Sharp] WARNING: [SPN] start: 2.74 GB, input=[1, 3, 1536, 1536]
  [ComfyUI] [worker:ComfyUI-Sharp] WARNING: [SPN] patches: 2.80 GB, x0=25 x1=9 x2=1 total=35
  [ComfyUI] [worker:ComfyUI-Sharp] WARNING: [SPN] patches: 2.80 GB, x0=25 x1=9 x2=1 total=35
  [ComfyUI] [worker:ComfyUI-Sharp] WARNING: [SPN] after first chunk (4/35): 3.20 GB, chunk_size=4
  [ComfyUI] [worker:ComfyUI-Sharp] WARNING: [SPN] after first chunk (4/35): 3.20 GB, chunk_size=4
  [ComfyUI] [worker:ComfyUI-Sharp] [VRAM] +943MB (now 3339MB) reserved=3520MB peak=3339MB
  [ComfyUI] [worker:ComfyUI-Sharp] [VRAM] +943MB (now 3339MB) reserved=3520MB peak=3339MB
  [ComfyUI] [worker:ComfyUI-Sharp] WARNING: [SPN] after all chunks + cache clear: 3.14 GB
  [ComfyUI] [worker:ComfyUI-Sharp] WARNING: [SPN] after all chunks + cache clear: 3.14 GB
  [ComfyUI] [worker:ComfyUI-Sharp] WARNING: [SPN] after merge intermediates: 2.90 GB
  [ComfyUI] [worker:ComfyUI-Sharp] WARNING: [SPN] after merge intermediates: 2.90 GB
  [ComfyUI] [worker:ComfyUI-Sharp] WARNING: [SPN] after merge all: 2.95 GB
  [ComfyUI] [worker:ComfyUI-Sharp] WARNING: [SPN] after merge all: 2.95 GB
  [ComfyUI] [worker:ComfyUI-Sharp] WARNING: [SPN] after image_encoder: 2.95 GB
  [ComfyUI] [worker:ComfyUI-Sharp] WARNING: [SPN] after image_encoder: 2.95 GB
  [ComfyUI] [worker:ComfyUI-Sharp] [VRAM] -265MB (now 3075MB) reserved=3392MB peak=3366MB
  [ComfyUI] [worker:ComfyUI-Sharp] [VRAM] -265MB (now 3075MB) reserved=3392MB peak=3366MB
  [ComfyUI] [worker:ComfyUI-Sharp] WARNING: [SPN] after upsample: 3.66 GB
  [ComfyUI] [worker:ComfyUI-Sharp] WARNING: [SPN] after upsample: 3.66 GB
  [ComfyUI] [worker:ComfyUI-Sharp] WARNING: [Monodepth] after SPN encoder + cache clear: 3.56 GB
  [ComfyUI] [worker:ComfyUI-Sharp] WARNING: [Monodepth] after SPN encoder + cache clear: 3.56 GB
  [ComfyUI] [worker:ComfyUI-Sharp] WARNING: [Monodepth] after decoder: 4.13 GB
  [ComfyUI] [worker:ComfyUI-Sharp] WARNING: [Monodepth] after decoder: 4.13 GB
  [ComfyUI] [worker:ComfyUI-Sharp] WARNING: [Decode] start: 4.12 GB
  [ComfyUI] [worker:ComfyUI-Sharp] WARNING: [Decode] start: 4.12 GB
  [ComfyUI] [worker:ComfyUI-Sharp] [VRAM] +1141MB (now 4216MB) reserved=4416MB peak=7105MB
  [ComfyUI] [worker:ComfyUI-Sharp] [VRAM] +1141MB (now 4216MB) reserved=4416MB peak=7105MB
  [ComfyUI] [worker:ComfyUI-Sharp] WARNING: [Decode] after depth_alignment: 4.15 GB
  [ComfyUI] [worker:ComfyUI-Sharp] WARNING: [Decode] after depth_alignment: 4.15 GB
  [ComfyUI] [worker:ComfyUI-Sharp] WARNING: [Decode] after init_model: 4.23 GB
  [ComfyUI] [worker:ComfyUI-Sharp] WARNING: [Decode] after init_model: 4.23 GB
  [ComfyUI] [worker:ComfyUI-Sharp] WARNING: [Decode] after feature_model: 4.37 GB
  [ComfyUI] [worker:ComfyUI-Sharp] WARNING: [Decode] after feature_model: 4.37 GB
  [ComfyUI] [worker:ComfyUI-Sharp] WARNING: [Decode] after prediction_head: 4.43 GB
  [ComfyUI] [worker:ComfyUI-Sharp] WARNING: [Decode] after prediction_head: 4.43 GB
  [ComfyUI] [worker:ComfyUI-Sharp] [VRAM] -1371MB (now 2845MB) reserved=6912MB peak=7105MB
  [ComfyUI] [worker:ComfyUI-Sharp] [VRAM] -1371MB (now 2845MB) reserved=6912MB peak=7105MB
  [ComfyUI] [SubprocessWorker] callback 'report_progress' from call_id=7
  [ComfyUI] [SubprocessWorker] callback 'report_progress' from call_id=7
  [ComfyUI] [SubprocessWorker] got response: ok
  [ComfyUI] [SubprocessWorker] got response: ok
  [ComfyUI] [comfy-env] Created 1 model patchers: ['RGBGaussianPredictor_1']
  [ComfyUI] [comfy-env] Created 1 model patchers: ['RGBGaussianPredictor_1']
  [ComfyUI] [comfy-env] SharpPredict done (10.00s): result: NodeOutput
  [ComfyUI] [comfy-env] SharpPredict done (10.00s): result: NodeOutput
  [ComfyUI] [VRAM] After SharpPredict: 1271 / 24575 MB
  [ComfyUI] [VRAM] After SharpPredict: 1271 / 24575 MB
  [ComfyUI] [VRAM] Loaded: SubprocessModel (2679 MB)
  [ComfyUI] [VRAM] Loaded: SubprocessModel (2679 MB)
  [ComfyUI] [comfy-env] Running GeomPackPreviewGaussian: ply_path: 'C:\\workspaces\\Sharp-0158\\portable-comfyui\\ComfyUI_wi..., extrinsics: list[4], intrinsics: list[3]
  [ComfyUI] [comfy-env] Running GeomPackPreviewGaussian: ply_path: 'C:\\workspaces\\Sharp-0158\\portable-comfyui\\ComfyUI_wi..., extrinsics: list[4], intrinsics: list[3]
  [ComfyUI] [VRAM] Before GeomPackPreviewGaussian: 1271 / 24575 MB
  [ComfyUI] [VRAM] Before GeomPackPreviewGaussian: 1271 / 24575 MB
  [ComfyUI] [VRAM] Loaded: SubprocessModel (2679 MB)
  [ComfyUI] [VRAM] Loaded: SubprocessModel (2679 MB)
  [ComfyUI] [SubprocessWorker] call_method: nodes.visualization.preview_gaussian.PreviewGaussianNode.EXECUTE_NORMALIZED
  [ComfyUI] [SubprocessWorker] call_method: nodes.visualization.preview_gaussian.PreviewGaussianNode.EXECUTE_NORMALIZED
  [ComfyUI] [SubprocessWorker] acquired lock, ensuring started...
  [ComfyUI] [SubprocessWorker] acquired lock, ensuring started...
  [ComfyUI] [ComfyUI-GeometryPack] Health check: ping (timeout=5.0s)...
  [ComfyUI] [ComfyUI-GeometryPack] Health check: ping (timeout=5.0s)...
  [ComfyUI] [ComfyUI-GeometryPack] Health check: failed
  [ComfyUI] [ComfyUI-GeometryPack] Health check: failed
  [ComfyUI] [ComfyUI-GeometryPack] Socket unhealthy, restarting worker...
  [ComfyUI] [ComfyUI-GeometryPack] Socket unhealthy, restarting worker...
  [ComfyUI] [comfy-env] geometrypack-nodes: Library/bin has 611 DLLs
  [ComfyUI] [comfy-env] geometrypack-nodes: Library/bin has 611 DLLs
  [ComfyUI] [ComfyUI-GeometryPack] python: C:\ce\.pixi\envs\geometrypack-nodes\python.exe
  [ComfyUI] [ComfyUI-GeometryPack] python: C:\ce\.pixi\envs\geometrypack-nodes\python.exe
  [ComfyUI] [ComfyUI-GeometryPack] sys_path sent to worker: ['C:\\workspaces\\Sharp-0158\\portable-comfyui\\ComfyUI_windows_portable\\ComfyUI', 'C:\\workspaces\\Sharp-0158\\portable-comfyui\\ComfyUI_windows_portable\\ComfyUI\\custom_nodes\\ComfyUI-GeometryPack', 'C:\\ce\\.pixi\\envs\\geometrypack-nodes\\Lib\\site-packages', 'C:\\workspaces\\Sharp-0158\\portable-comfyui\\ComfyUI_windows_portable\\ComfyUI\\custom_nodes\\ComfyUI-GeometryPack']
  [ComfyUI] [ComfyUI-GeometryPack] sys_path sent to worker: ['C:\\workspaces\\Sharp-0158\\portable-comfyui\\ComfyUI_windows_portable\\ComfyUI', 'C:\\workspaces\\Sharp-0158\\portable-comfyui\\ComfyUI_windows_portable\\ComfyUI\\custom_nodes\\ComfyUI-GeometryPack', 'C:\\ce\\.pixi\\envs\\geometrypack-nodes\\Lib\\site-packages', 'C:\\workspaces\\Sharp-0158\\portable-comfyui\\ComfyUI_windows_portable\\ComfyUI\\custom_nodes\\ComfyUI-GeometryPack']
  [ComfyUI] [SubprocessWorker] is_pixi=True, python=C:\ce\.pixi\envs\geometrypack-nodes\python.exe
  [ComfyUI] [SubprocessWorker] is_pixi=True, python=C:\ce\.pixi\envs\geometrypack-nodes\python.exe
  [ComfyUI] [SubprocessWorker] launching cmd=['C:\\Users\\ContainerAdministrator\\.pixi\\bin\\pixi.exe', 'run', '--as-is', '--manifest-path', 'C:\\ce\\pixi.toml', '-e', 'geometrypack-nodes', 'python', 'C:\\Users\\ContainerAdministrator\\AppData\\Local\\Temp\\comfyui_pvenv_clk10y3h\\persistent_worker.py', 'tcp://127.0.0.1:50221']...
  [ComfyUI] [SubprocessWorker] launching cmd=['C:\\Users\\ContainerAdministrator\\.pixi\\bin\\pixi.exe', 'run', '--as-is', '--manifest-path', 'C:\\ce\\pixi.toml', '-e', 'geometrypack-nodes', 'python', 'C:\\Users\\ContainerAdministrator\\AppData\\Local\\Temp\\comfyui_pvenv_clk10y3h\\persistent_worker.py', 'tcp://127.0.0.1:50221']...
  [capture-loop] iter=100 t=12.5s state={'complete': False, 'error': None, 'executedCount': 0, 'wsState': 1} eval_ms=7 ram=12.2/31.9GB (38%) swap=0.4/11.4GB (4%) cpu=8% browser_rss=0.74GB
  Frame 4 saved (frame_003.jpg, t=13.5s)
  [capture-periodic] freeze=4ms shot=138ms unfreeze=5ms saved=True
  [ComfyUI] [worker:ComfyUI-GeometryPack] ERROR: Failed to import comfy_kitchen, Error: No module named 'comfy_kitchen', fp8 and fp4 support will not be available.
  [ComfyUI] [worker:ComfyUI-GeometryPack] ERROR: Failed to import comfy_kitchen, Error: No module named 'comfy_kitchen', fp8 and fp4 support will not be available.
  [ComfyUI] [SubprocessWorker] worker started/confirmed
  [ComfyUI] [SubprocessWorker] worker started/confirmed
  [ComfyUI] [SubprocessWorker] serializing kwargs to shm...
  [ComfyUI] [SubprocessWorker] serializing kwargs to shm...
  [ComfyUI] [SubprocessWorker] created 0 shm blocks
  [ComfyUI] [SubprocessWorker] created 0 shm blocks
  [ComfyUI] [SubprocessWorker] sending request via socket...
  [ComfyUI] [SubprocessWorker] sending request via socket...
  [ComfyUI] [SubprocessWorker] call_id=2 sending call_method
  [ComfyUI] [SubprocessWorker] call_id=2 sending call_method
  [ComfyUI] [worker:ComfyUI-GeometryPack] INFO: Loading PLY: sharp_1778458083078.ply (63.00 MB)
  [ComfyUI] [worker:ComfyUI-GeometryPack] INFO: Loading PLY: sharp_1778458083078.ply (63.00 MB)
  [ComfyUI] [SubprocessWorker] got response: ok
  [ComfyUI] [SubprocessWorker] got response: ok
  [ComfyUI] [comfy-env] GeomPackPreviewGaussian done (5.20s): result: NodeOutput
  [ComfyUI] [comfy-env] GeomPackPreviewGaussian done (5.20s): result: NodeOutput
  Node executed (1 total), capturing...
  [ComfyUI] [VRAM] After GeomPackPreviewGaussian: 1271 / 24575 MB
  [ComfyUI] [VRAM] After GeomPackPreviewGaussian: 1271 / 24575 MB
  [ComfyUI] [VRAM] Loaded: SubprocessModel (2679 MB)
  [ComfyUI] [VRAM] Loaded: SubprocessModel (2679 MB)
  [ComfyUI] Prompt executed in 16.47 seconds
  [ComfyUI] Prompt executed in 16.47 seconds
  [ComfyUI] [comfy-env] [VRAM] Before offload 'RGBGaussianPredictor_1' (2679 MB) -> cpu: 1271 / 24575 MB
  [ComfyUI] [comfy-env] [VRAM] Before offload 'RGBGaussianPredictor_1' (2679 MB) -> cpu: 1271 / 24575 MB
  [ComfyUI] [ComfyUI-Sharp] Health check: ping (timeout=5.0s)...
  [ComfyUI] [ComfyUI-Sharp] Health check: ping (timeout=5.0s)...
  [ComfyUI] [ComfyUI-Sharp] Health check: ok
  [ComfyUI] [ComfyUI-Sharp] Health check: ok
  [ComfyUI] [SubprocessWorker] call_id=8 sending model_to_device
  [ComfyUI] [SubprocessWorker] call_id=8 sending model_to_device
  [ComfyUI] [worker:ComfyUI-Sharp] [VRAM] -223MB (now 2623MB) reserved=6912MB peak=7105MB
  [ComfyUI] [worker:ComfyUI-Sharp] [VRAM] -223MB (now 2623MB) reserved=6912MB peak=7105MB
  [ComfyUI] [worker:ComfyUI-Sharp] [VRAM] -2142MB (now 482MB) reserved=6912MB peak=7105MB
  [ComfyUI] [worker:ComfyUI-Sharp] [VRAM] -2142MB (now 482MB) reserved=6912MB peak=7105MB
  [ComfyUI] [comfy-env] [VRAM] After offload 'RGBGaussianPredictor_1' (2679 MB): 1271 / 24575 MB
  [ComfyUI] [comfy-env] [VRAM] After offload 'RGBGaussianPredictor_1' (2679 MB): 1271 / 24575 MB
  Frame 5 saved (frame_004.jpg, t=16.8s)
  [capture-node] freeze=41ms shot=1587ms unfreeze=204ms saved=True
  Frame 6 saved (frame_005.jpg, t=35.1s)
  [capture-periodic] freeze=16131ms shot=16370ms unfreeze=5ms saved=True
  Execution complete (t=35.1s)
  [3d-wait] Phase 1: Waiting for 'Loading 3D Model' text to disappear...
  [3d-wait] Phase 1 done in 32.4s
  [3d-wait] Phase 2: iframes=1
  [3d-wait] iframe viewer_ready=True (matched 1 console logs)
  [3d-wait] Unfrozen in 16.214s, rendering for 5s...
  [3d-wait] JS halted via CDP after 32.5s
  [3d-wait] Re-frozen in 81.1s
  [3d-wait] Total 3D wait: 145.7s
  Captured 6 unique frames over 229.52s
  [debug] iframes: 1
  [debug]   iframe[0]: src=http://127.0.0.1:41885/extensions/ComfyUI-GeometryPack/viewer_gaussian.html?v=17, canvas=3040x2022, rafFrozen=True
  [timing] trigger_3d_previews: 0.0s
  Saved high-quality screenshot: sharp_exif_executed.png
  [timing] final_screenshot: 0.3s
    Captured 7 video frames