Capturing execution frames: sharp_exif.json
  Frame 1 saved (frame_000.jpg, t=0.0s)
  Validating workflow...
  Queuing workflow for execution...
  Frame 2 saved (frame_001.jpg, t=2.4s)
  [capture-periodic] freeze=3ms shot=139ms unfreeze=4ms saved=True
  Frame 3 saved (frame_002.jpg, t=4.6s)
  [capture-periodic] freeze=2ms shot=126ms unfreeze=4ms saved=True
  [capture-loop] iter=50 t=6.0s state={'complete': False, 'error': None, 'executedCount': 0, 'wsState': 1} eval_ms=3 ram=3.6/15.6GB (23%) swap=0.0/3.0GB (0%) cpu=78% browser_rss=1.00GB
  [capture-loop] iter=100 t=11.9s state={'complete': False, 'error': None, 'executedCount': 0, 'wsState': 1} eval_ms=6 ram=5.9/15.6GB (38%) swap=0.0/3.0GB (0%) cpu=38% browser_rss=0.92GB
  [capture-loop] iter=150 t=17.5s state={'complete': False, 'error': None, 'executedCount': 0, 'wsState': 1} eval_ms=4 ram=5.8/15.6GB (38%) swap=0.0/3.0GB (0%) cpu=48% browser_rss=0.92GB
  [capture-loop] iter=200 t=23.4s state={'complete': False, 'error': None, 'executedCount': 0, 'wsState': 1} eval_ms=6 ram=5.8/15.6GB (37%) swap=0.0/3.0GB (0%) cpu=48% browser_rss=0.93GB
  [capture-loop] iter=250 t=29.2s state={'complete': False, 'error': None, 'executedCount': 0, 'wsState': 1} eval_ms=5 ram=5.9/15.6GB (38%) swap=0.0/3.0GB (0%) cpu=49% browser_rss=0.93GB
  [capture-loop] iter=300 t=34.9s state={'complete': False, 'error': None, 'executedCount': 0, 'wsState': 1} eval_ms=5 ram=5.9/15.6GB (38%) swap=0.0/3.0GB (0%) cpu=48% browser_rss=0.92GB
  [capture-loop] iter=350 t=40.7s state={'complete': False, 'error': None, 'executedCount': 0, 'wsState': 1} eval_ms=4 ram=5.8/15.6GB (37%) swap=0.0/3.0GB (0%) cpu=49% browser_rss=0.93GB
  [capture-loop] iter=400 t=46.5s state={'complete': False, 'error': None, 'executedCount': 0, 'wsState': 1} eval_ms=3 ram=5.9/15.6GB (38%) swap=0.0/3.0GB (0%) cpu=48% browser_rss=0.93GB
  [capture-loop] iter=450 t=52.1s state={'complete': False, 'error': None, 'executedCount': 0, 'wsState': 1} eval_ms=4 ram=5.8/15.6GB (37%) swap=0.0/3.0GB (0%) cpu=49% browser_rss=0.93GB
  [capture-loop] iter=500 t=58.0s state={'complete': False, 'error': None, 'executedCount': 0, 'wsState': 1} eval_ms=5 ram=5.9/15.6GB (38%) swap=0.0/3.0GB (0%) cpu=49% browser_rss=0.93GB
  [capture-loop] iter=550 t=63.6s state={'complete': False, 'error': None, 'executedCount': 0, 'wsState': 1} eval_ms=5 ram=5.9/15.6GB (38%) swap=0.0/3.0GB (0%) cpu=49% browser_rss=0.93GB
  [capture-loop] iter=600 t=69.4s state={'complete': False, 'error': None, 'executedCount': 0, 'wsState': 1} eval_ms=3 ram=5.9/15.6GB (38%) swap=0.0/3.0GB (0%) cpu=47% browser_rss=0.92GB
  [capture-loop] iter=650 t=75.2s state={'complete': False, 'error': None, 'executedCount': 0, 'wsState': 1} eval_ms=4 ram=5.9/15.6GB (38%) swap=0.0/3.0GB (0%) cpu=48% browser_rss=0.93GB
  [capture-loop] iter=700 t=80.9s state={'complete': False, 'error': None, 'executedCount': 0, 'wsState': 1} eval_ms=5 ram=5.9/15.6GB (38%) swap=0.0/3.0GB (0%) cpu=49% browser_rss=0.93GB
  [capture-loop] iter=750 t=86.7s state={'complete': False, 'error': None, 'executedCount': 0, 'wsState': 1} eval_ms=4 ram=5.9/15.6GB (38%) swap=0.0/3.0GB (0%) cpu=48% browser_rss=0.92GB
  [capture-loop] iter=800 t=92.5s state={'complete': False, 'error': None, 'executedCount': 0, 'wsState': 1} eval_ms=4 ram=5.9/15.6GB (38%) swap=0.0/3.0GB (0%) cpu=48% browser_rss=0.93GB
  [capture-loop] iter=850 t=98.2s state={'complete': False, 'error': None, 'executedCount': 0, 'wsState': 1} eval_ms=4 ram=5.9/15.6GB (38%) swap=0.0/3.0GB (0%) cpu=47% browser_rss=0.93GB
  [capture-loop] iter=900 t=103.9s state={'complete': False, 'error': None, 'executedCount': 0, 'wsState': 1} eval_ms=6 ram=6.0/15.6GB (38%) swap=0.0/3.0GB (0%) cpu=47% browser_rss=0.93GB
  [capture-loop] iter=950 t=109.6s state={'complete': False, 'error': None, 'executedCount': 0, 'wsState': 1} eval_ms=4 ram=6.0/15.6GB (38%) swap=0.0/3.0GB (0%) cpu=47% browser_rss=0.93GB
  [capture-loop] iter=1000 t=115.4s state={'complete': False, 'error': None, 'executedCount': 0, 'wsState': 1} eval_ms=4 ram=6.0/15.6GB (38%) swap=0.0/3.0GB (0%) cpu=48% browser_rss=0.94GB
  [capture-loop] iter=1050 t=121.1s state={'complete': False, 'error': None, 'executedCount': 0, 'wsState': 1} eval_ms=3 ram=6.0/15.6GB (38%) swap=0.0/3.0GB (0%) cpu=49% browser_rss=0.93GB
  [capture-loop] iter=1100 t=126.8s state={'complete': False, 'error': None, 'executedCount': 0, 'wsState': 1} eval_ms=5 ram=6.0/15.6GB (38%) swap=0.0/3.0GB (0%) cpu=47% browser_rss=0.93GB
  [capture-loop] iter=1150 t=132.6s state={'complete': False, 'error': None, 'executedCount': 0, 'wsState': 1} eval_ms=4 ram=6.0/15.6GB (39%) swap=0.0/3.0GB (0%) cpu=48% browser_rss=0.94GB
  [capture-loop] iter=1200 t=138.4s state={'complete': False, 'error': None, 'executedCount': 0, 'wsState': 1} eval_ms=5 ram=6.0/15.6GB (39%) swap=0.0/3.0GB (0%) cpu=48% browser_rss=0.93GB
  [capture-loop] iter=1250 t=144.1s state={'complete': False, 'error': None, 'executedCount': 0, 'wsState': 1} eval_ms=4 ram=6.1/15.6GB (39%) swap=0.0/3.0GB (0%) cpu=48% browser_rss=0.94GB
  [capture-loop] iter=1300 t=149.9s state={'complete': False, 'error': None, 'executedCount': 0, 'wsState': 1} eval_ms=4 ram=6.0/15.6GB (38%) swap=0.0/3.0GB (0%) cpu=48% browser_rss=0.93GB
  [capture-loop] iter=1350 t=155.7s state={'complete': False, 'error': None, 'executedCount': 0, 'wsState': 1} eval_ms=3 ram=6.1/15.6GB (39%) swap=0.0/3.0GB (0%) cpu=48% browser_rss=0.93GB
  [capture-loop] iter=1400 t=161.4s state={'complete': False, 'error': None, 'executedCount': 0, 'wsState': 1} eval_ms=3 ram=6.1/15.6GB (39%) swap=0.0/3.0GB (0%) cpu=49% browser_rss=0.93GB
  [capture-loop] iter=1450 t=167.2s state={'complete': False, 'error': None, 'executedCount': 0, 'wsState': 1} eval_ms=4 ram=6.1/15.6GB (39%) swap=0.0/3.0GB (0%) cpu=48% browser_rss=0.93GB
  [capture-loop] iter=1500 t=172.8s state={'complete': False, 'error': None, 'executedCount': 0, 'wsState': 1} eval_ms=4 ram=6.1/15.6GB (39%) swap=0.0/3.0GB (0%) cpu=48% browser_rss=0.94GB
  [capture-loop] iter=1550 t=178.7s state={'complete': False, 'error': None, 'executedCount': 0, 'wsState': 1} eval_ms=4 ram=6.1/15.6GB (39%) swap=0.0/3.0GB (0%) cpu=48% browser_rss=0.94GB
  [capture-loop] iter=1600 t=184.5s state={'complete': False, 'error': None, 'executedCount': 0, 'wsState': 1} eval_ms=5 ram=6.1/15.6GB (39%) swap=0.0/3.0GB (0%) cpu=49% browser_rss=0.94GB
  [capture-loop] iter=1650 t=190.1s state={'complete': False, 'error': None, 'executedCount': 0, 'wsState': 1} eval_ms=4 ram=6.1/15.6GB (39%) swap=0.0/3.0GB (0%) cpu=47% browser_rss=0.93GB
  [capture-loop] iter=1700 t=195.9s state={'complete': False, 'error': None, 'executedCount': 0, 'wsState': 1} eval_ms=4 ram=6.1/15.6GB (39%) swap=0.0/3.0GB (0%) cpu=47% browser_rss=0.94GB
  [capture-loop] iter=1750 t=201.8s state={'complete': False, 'error': None, 'executedCount': 0, 'wsState': 1} eval_ms=4 ram=6.2/15.6GB (40%) swap=0.0/3.0GB (0%) cpu=54% browser_rss=0.94GB
  [capture-loop] iter=1800 t=207.5s state={'complete': False, 'error': None, 'executedCount': 0, 'wsState': 1} eval_ms=4 ram=6.2/15.6GB (39%) swap=0.0/3.0GB (0%) cpu=58% browser_rss=0.94GB
  [capture-loop] iter=1850 t=213.3s state={'complete': False, 'error': None, 'executedCount': 0, 'wsState': 1} eval_ms=5 ram=6.1/15.6GB (39%) swap=0.0/3.0GB (0%) cpu=50% browser_rss=0.94GB
  [capture-loop] iter=1900 t=219.0s state={'complete': False, 'error': None, 'executedCount': 0, 'wsState': 1} eval_ms=5 ram=5.8/15.6GB (37%) swap=0.0/3.0GB (0%) cpu=47% browser_rss=0.94GB
  [capture-loop] iter=1950 t=224.8s state={'complete': False, 'error': None, 'executedCount': 0, 'wsState': 1} eval_ms=3 ram=6.0/15.6GB (38%) swap=0.0/3.0GB (0%) cpu=48% browser_rss=0.93GB
  [capture-loop] iter=2000 t=230.6s state={'complete': False, 'error': None, 'executedCount': 0, 'wsState': 1} eval_ms=3 ram=6.6/15.6GB (42%) swap=0.0/3.0GB (0%) cpu=48% browser_rss=0.93GB
  [capture-loop] iter=2050 t=236.2s state={'complete': False, 'error': None, 'executedCount': 0, 'wsState': 1} eval_ms=4 ram=6.9/15.6GB (44%) swap=0.0/3.0GB (0%) cpu=48% browser_rss=0.93GB
  [capture-loop] iter=2100 t=242.0s state={'complete': False, 'error': None, 'executedCount': 0, 'wsState': 1} eval_ms=3 ram=7.4/15.6GB (48%) swap=0.0/3.0GB (0%) cpu=51% browser_rss=0.93GB
  [capture-loop] iter=2150 t=247.9s state={'complete': False, 'error': None, 'executedCount': 0, 'wsState': 1} eval_ms=4 ram=8.6/15.6GB (55%) swap=0.0/3.0GB (0%) cpu=51% browser_rss=0.93GB
  [capture-loop] iter=2200 t=253.6s state={'complete': False, 'error': None, 'executedCount': 0, 'wsState': 1} eval_ms=4 ram=7.8/15.6GB (50%) swap=0.0/3.0GB (0%) cpu=50% browser_rss=0.93GB
  [capture-loop] iter=2250 t=259.4s state={'complete': False, 'error': None, 'executedCount': 0, 'wsState': 1} eval_ms=5 ram=7.6/15.6GB (48%) swap=0.0/3.0GB (0%) cpu=50% browser_rss=0.94GB
  [capture-loop] iter=2300 t=265.3s state={'complete': False, 'error': None, 'executedCount': 0, 'wsState': 1} eval_ms=3 ram=8.0/15.6GB (51%) swap=0.0/3.0GB (0%) cpu=50% browser_rss=0.93GB
  [capture-loop] iter=2350 t=271.0s state={'complete': False, 'error': None, 'executedCount': 0, 'wsState': 1} eval_ms=4 ram=9.4/15.6GB (60%) swap=0.0/3.0GB (0%) cpu=50% browser_rss=0.93GB
  [capture-loop] iter=2400 t=276.8s state={'complete': False, 'error': None, 'executedCount': 0, 'wsState': 1} eval_ms=3 ram=9.8/15.6GB (63%) swap=0.0/3.0GB (0%) cpu=50% browser_rss=0.92GB
  [capture-loop] iter=2450 t=282.5s state={'complete': False, 'error': None, 'executedCount': 0, 'wsState': 1} eval_ms=4 ram=9.8/15.6GB (63%) swap=0.0/3.0GB (0%) cpu=49% browser_rss=0.93GB
  [capture-loop] iter=2500 t=288.3s state={'complete': False, 'error': None, 'executedCount': 0, 'wsState': 1} eval_ms=4 ram=8.8/15.6GB (56%) swap=0.0/3.0GB (0%) cpu=48% browser_rss=0.93GB
  [capture-loop] iter=2550 t=294.1s state={'complete': False, 'error': None, 'executedCount': 0, 'wsState': 1} eval_ms=3 ram=8.0/15.6GB (51%) swap=0.0/3.0GB (0%) cpu=48% browser_rss=0.93GB
  [capture-loop] iter=2600 t=299.7s state={'complete': False, 'error': None, 'executedCount': 0, 'wsState': 1} eval_ms=3 ram=9.5/15.6GB (61%) swap=0.0/3.0GB (0%) cpu=52% browser_rss=0.93GB
  [capture-loop] iter=2650 t=305.6s state={'complete': False, 'error': None, 'executedCount': 0, 'wsState': 1} eval_ms=4 ram=7.3/15.6GB (47%) swap=0.0/3.0GB (0%) cpu=50% browser_rss=0.93GB
  [capture-loop] iter=2700 t=311.3s state={'complete': False, 'error': None, 'executedCount': 0, 'wsState': 1} eval_ms=3 ram=8.0/15.6GB (51%) swap=0.0/3.0GB (0%) cpu=47% browser_rss=0.89GB
  [capture-loop] iter=2750 t=317.0s state={'complete': False, 'error': None, 'executedCount': 0, 'wsState': 1} eval_ms=4 ram=8.9/15.6GB (57%) swap=0.0/3.0GB (0%) cpu=48% browser_rss=0.89GB
  [capture-loop] iter=2800 t=322.8s state={'complete': False, 'error': None, 'executedCount': 0, 'wsState': 1} eval_ms=8 ram=8.0/15.6GB (51%) swap=0.0/3.0GB (0%) cpu=47% browser_rss=0.89GB
  [capture-loop] iter=2850 t=328.4s state={'complete': False, 'error': None, 'executedCount': 0, 'wsState': 1} eval_ms=6 ram=8.3/15.6GB (54%) swap=0.0/3.0GB (0%) cpu=47% browser_rss=0.89GB
  [capture-loop] iter=2900 t=334.2s state={'complete': False, 'error': None, 'executedCount': 0, 'wsState': 1} eval_ms=6 ram=8.1/15.6GB (52%) swap=0.0/3.0GB (0%) cpu=50% browser_rss=0.89GB
  [capture-loop] iter=2950 t=340.1s state={'complete': False, 'error': None, 'executedCount': 0, 'wsState': 1} eval_ms=4 ram=7.3/15.6GB (47%) swap=0.0/3.0GB (0%) cpu=49% browser_rss=0.90GB
  Frame 4 saved (frame_003.jpg, t=343.8s)
  [capture-periodic] freeze=5ms shot=135ms unfreeze=6ms saved=True
  Node executed (1 total), capturing...
  Frame 5 saved (frame_004.jpg, t=345.5s)
  [capture-node] freeze=4ms shot=141ms unfreeze=3ms saved=True
  Execution complete (t=345.9s)
  [3d-wait] Phase 1: Waiting for 'Loading 3D Model' text to disappear...
  [3d-wait] Phase 1 done in 1.2s
  [3d-wait] Phase 2: iframes=1
  [3d-wait] iframe viewer_ready=True (matched 1 console logs)
  [3d-wait] Unfrozen in 0.015s, rendering for 5s...
  [3d-wait] JS halted via CDP after 14.2s
  [3d-wait] Re-frozen in 57.1s
  [3d-wait] Total 3D wait: 58.3s
  Captured 5 unique frames over 404.24s
  [debug] iframes: 1
  [debug]   iframe[0]: src=http://127.0.0.1:8188/extensions/ComfyUI-GeometryPack/viewer_gaussian.html?v=177, canvas=3040x2022, rafFrozen=True
  [timing] trigger_3d_previews: 0.0s
  Saved high-quality screenshot: sharp_exif_executed.png
  [timing] final_screenshot: 0.3s
    Captured 6 video frames