  [ComfyUI] [32m[INFO][0m Using RAM pressure cache.
  [ComfyUI] [32m[INFO][0m Using RAM pressure cache.
Capturing execution frames: sharp_basic.json
  [ComfyUI] [32m[INFO][0m Using RAM pressure cache.
  [ComfyUI] [32m[INFO][0m Using RAM pressure cache.
  Frame 1 saved (frame_000.jpg, t=0.0s)
  Validating workflow...
  [ComfyUI] [32m[INFO][0m === /validate endpoint called ===
  [ComfyUI] [32m[INFO][0m === /validate endpoint called ===
  [ComfyUI] [32m[INFO][0m Received JSON with keys: ['prompt']
  [ComfyUI] [32m[INFO][0m Received JSON with keys: ['prompt']
  [ComfyUI] [32m[INFO][0m Prompt has 4 nodes
  [ComfyUI] [32m[INFO][0m Prompt has 4 nodes
  [ComfyUI] [32m[INFO][0m   Node 1: LoadImage
  [ComfyUI] [32m[INFO][0m   Node 1: LoadImage
  [ComfyUI] [32m[INFO][0m     Inputs: {"image": "beach.jpg"}
  [ComfyUI] [32m[INFO][0m     Inputs: {"image": "beach.jpg"}
  [ComfyUI] [32m[INFO][0m   Node 2: LoadSharpModel
  [ComfyUI] [32m[INFO][0m   Node 2: LoadSharpModel
  [ComfyUI] [32m[INFO][0m     Inputs: {"precision": "auto"}
  [ComfyUI] [32m[INFO][0m     Inputs: {"precision": "auto"}
  [ComfyUI] [32m[INFO][0m   Node 5: SharpPredict
  [ComfyUI] [32m[INFO][0m   Node 5: SharpPredict
  [ComfyUI] [32m[INFO][0m     Inputs: {"focal_length_mm": 30, "output_prefix": "sharp", "model": ["2", 0], "image": ["1", 0]}
  [ComfyUI] [32m[INFO][0m     Inputs: {"focal_length_mm": 30, "output_prefix": "sharp", "model": ["2", 0], "image": ["1", 0]}
  [ComfyUI] [32m[INFO][0m   Node 6: PreviewGaussianSharp
  [ComfyUI] [32m[INFO][0m   Node 6: PreviewGaussianSharp
  [ComfyUI] [32m[INFO][0m     Inputs: {"preview_gaussian": "", "ply_path": ["5", 0], "extrinsics": ["5", 1], "intrinsics": ["5", 2]}
  [ComfyUI] [32m[INFO][0m     Inputs: {"preview_gaussian": "", "ply_path": ["5", 0], "extrinsics": ["5", 1], "intrinsics": ["5", 2]}
  [ComfyUI] [32m[INFO][0m Generated prompt_id: 7747a1bb-7ca0-432c-a27a-1539152464d0
  [ComfyUI] [32m[INFO][0m Generated prompt_id: 7747a1bb-7ca0-432c-a27a-1539152464d0
  Queuing workflow for execution...
  [ComfyUI] [32m[INFO][0m Calling execution.validate_prompt()...
  [ComfyUI] [32m[INFO][0m Calling execution.validate_prompt()...
  [ComfyUI] [32m[INFO][0m Validation result: valid=True
  [ComfyUI] [32m[INFO][0m Validation result: valid=True
  [ComfyUI] [32m[INFO][0m === Validation PASSED ===
  [ComfyUI] [32m[INFO][0m === Validation PASSED ===
  [ComfyUI] [32m[INFO][0m got prompt
  [ComfyUI] [32m[INFO][0m got prompt
  [ComfyUI] [comfy-env] Running LoadSharpModel: precision: 'auto'
  [ComfyUI] [comfy-env] Running LoadSharpModel: precision: 'auto'
  [ComfyUI] [comfy-env] SubprocessWorker: /home/runner/.ce/.pixi/envs/sharp-nodes/bin/python
  [ComfyUI] [comfy-env] SubprocessWorker: /home/runner/.ce/.pixi/envs/sharp-nodes/bin/python
  [ComfyUI] [SubprocessWorker] call_method: nodes.load_model.LoadSharpModel.EXECUTE_NORMALIZED
  [ComfyUI] [SubprocessWorker] call_method: nodes.load_model.LoadSharpModel.EXECUTE_NORMALIZED
  [ComfyUI] [comfy-env] env_vars: {'COMFYUI_BASE': '/home/runner/work/comfy-gpu-ci/comfy-gpu-ci/test_workspaces/Sharp-2116/ComfyUI'}
  [ComfyUI] [comfy-env] env_vars: {'COMFYUI_BASE': '/home/runner/work/comfy-gpu-ci/comfy-gpu-ci/test_workspaces/Sharp-2116/ComfyUI'}
  [ComfyUI] [SubprocessWorker] acquired lock, ensuring started...
  [ComfyUI] [SubprocessWorker] acquired lock, ensuring started...
  [ComfyUI] [ComfyUI-Sharp] python: /home/runner/.ce/.pixi/envs/sharp-nodes/bin/python
  [ComfyUI] [ComfyUI-Sharp] python: /home/runner/.ce/.pixi/envs/sharp-nodes/bin/python
  [ComfyUI] [ComfyUI-Sharp] sys_path sent to worker: ['/home/runner/work/comfy-gpu-ci/comfy-gpu-ci/test_workspaces/Sharp-2116/ComfyUI', '/home/runner/work/comfy-gpu-ci/comfy-gpu-ci/test_workspaces/Sharp-2116/ComfyUI/custom_nodes/ComfyUI-Sharp', '/home/runner/.ce/.pixi/envs/sharp-nodes/lib/python3.13/site-packages', '/home/runner/work/comfy-gpu-ci/comfy-gpu-ci/test_workspaces/Sharp-2116/ComfyUI/custom_nodes/ComfyUI-Sharp']
  [ComfyUI] [ComfyUI-Sharp] sys_path sent to worker: ['/home/runner/work/comfy-gpu-ci/comfy-gpu-ci/test_workspaces/Sharp-2116/ComfyUI', '/home/runner/work/comfy-gpu-ci/comfy-gpu-ci/test_workspaces/Sharp-2116/ComfyUI/custom_nodes/ComfyUI-Sharp', '/home/runner/.ce/.pixi/envs/sharp-nodes/lib/python3.13/site-packages', '/home/runner/work/comfy-gpu-ci/comfy-gpu-ci/test_workspaces/Sharp-2116/ComfyUI/custom_nodes/ComfyUI-Sharp']
  [ComfyUI] [SubprocessWorker] is_pixi=True, python=/home/runner/.ce/.pixi/envs/sharp-nodes/bin/python
  [ComfyUI] [SubprocessWorker] is_pixi=True, python=/home/runner/.ce/.pixi/envs/sharp-nodes/bin/python
  [ComfyUI] [SubprocessWorker] launching cmd=['/home/runner/.pixi/bin/pixi', 'run', '--as-is', '--manifest-path', '/home/runner/.ce/pixi.toml', '-e', 'sharp-nodes', 'python', '/tmp/comfyui_pvenv_ajc2vn_r/persistent_worker.py', 'abstract://comfy_worker_b0292b1f9ce8']...
  [ComfyUI] [SubprocessWorker] launching cmd=['/home/runner/.pixi/bin/pixi', 'run', '--as-is', '--manifest-path', '/home/runner/.ce/pixi.toml', '-e', 'sharp-nodes', 'python', '/tmp/comfyui_pvenv_ajc2vn_r/persistent_worker.py', 'abstract://comfy_worker_b0292b1f9ce8']...
  [ComfyUI] [SubprocessWorker] socket_addr=abstract://comfy_worker_b0292b1f9ce8 (abstract, no filesystem path)
  [ComfyUI] [SubprocessWorker] socket_addr=abstract://comfy_worker_b0292b1f9ce8 (abstract, no filesystem path)
  [ComfyUI] [worker:ComfyUI-Sharp] ERROR: Failed to import comfy_kitchen, Error: No module named 'comfy_kitchen', fp8 and fp4 support will not be available.
  [ComfyUI] [worker:ComfyUI-Sharp] ERROR: Failed to import comfy_kitchen, Error: No module named 'comfy_kitchen', fp8 and fp4 support will not be available.
  [ComfyUI] [worker:ComfyUI-Sharp] WARNING: comfy_kitchen does not support stochastic FP8 rounding, please update comfy_kitchen.
  [ComfyUI] [worker:ComfyUI-Sharp] WARNING: comfy_kitchen does not support stochastic FP8 rounding, please update comfy_kitchen.
  [ComfyUI] [SubprocessWorker] worker started/confirmed
  [ComfyUI] [SubprocessWorker] worker started/confirmed
  [ComfyUI] [SubprocessWorker] serializing kwargs to shm...
  [ComfyUI] [SubprocessWorker] serializing kwargs to shm...
  [ComfyUI] [SubprocessWorker] created 0 shm blocks
  [ComfyUI] [SubprocessWorker] created 0 shm blocks
  [ComfyUI] [SubprocessWorker] sending request via socket...
  [ComfyUI] [SubprocessWorker] sending request via socket...
  [ComfyUI] [SubprocessWorker] call_id=1 sending call_method
  [ComfyUI] [SubprocessWorker] call_id=1 sending call_method
  [ComfyUI] [worker:ComfyUI-Sharp] [LoadSharpModel] precision='auto' -> dtype=fp32 (device=cpu)
  [ComfyUI] [worker:ComfyUI-Sharp] [LoadSharpModel] precision='auto' -> dtype=fp32 (device=cpu)
  [ComfyUI] [worker:ComfyUI-Sharp] [LoadSharpModel] checkpoint not found — downloading from HuggingFace repo 'apple/Sharp' file 'sharp_2572gikvuh.pt' -> /home/runner/work/comfy-gpu-ci/comfy-gpu-ci/test_workspaces/Sharp-2116/ComfyUI/models/sharp
  [ComfyUI] [worker:ComfyUI-Sharp] [LoadSharpModel] checkpoint not found — downloading from HuggingFace repo 'apple/Sharp' file 'sharp_2572gikvuh.pt' -> /home/runner/work/comfy-gpu-ci/comfy-gpu-ci/test_workspaces/Sharp-2116/ComfyUI/models/sharp
  Frame 2 saved (frame_001.jpg, t=2.4s)
  [capture-periodic] freeze=4ms shot=146ms unfreeze=5ms saved=True
  [ComfyUI] Warning: You are sending unauthenticated requests to the HF Hub. Please set a HF_TOKEN to enable higher rate limits and faster downloads.
  [ComfyUI] Warning: You are sending unauthenticated requests to the HF Hub. Please set a HF_TOKEN to enable higher rate limits and faster downloads.
  [ComfyUI] [worker:ComfyUI-Sharp] WARNING: Warning: You are sending unauthenticated requests to the HF Hub. Please set a HF_TOKEN to enable higher rate limits and faster downloads.
  [ComfyUI] [worker:ComfyUI-Sharp] WARNING: Warning: You are sending unauthenticated requests to the HF Hub. Please set a HF_TOKEN to enable higher rate limits and faster downloads.
  [ComfyUI] 
  [ComfyUI] 
  [ComfyUI] sharp_2572gikvuh.pt:   0%|          | 0.00/2.81G [00:00<?, ?B/s]
  [ComfyUI] sharp_2572gikvuh.pt:   0%|          | 0.00/2.81G [00:00<?, ?B/s]
  [ComfyUI] sharp_2572gikvuh.pt:   2%|▏         | 67.1M/2.81G [00:01<01:13, 37.5MB/s][SubprocessWorker] callback 'report_progress' from call_id=1
  [ComfyUI] sharp_2572gikvuh.pt:   2%|▏         | 67.1M/2.81G [00:01<01:13, 37.5MB/s][SubprocessWorker] callback 'report_progress' from call_id=1
  [ComfyUI] 
  [ComfyUI] 
  [ComfyUI] sharp_2572gikvuh.pt:  10%|█         | 292M/2.81G [00:02<00:13, 181MB/s]  [SubprocessWorker] callback 'report_progress' from call_id=1
  [ComfyUI] sharp_2572gikvuh.pt:  10%|█         | 292M/2.81G [00:02<00:13, 181MB/s]  [SubprocessWorker] callback 'report_progress' from call_id=1
  Frame 3 saved (frame_002.jpg, t=4.7s)
  [capture-periodic] freeze=18ms shot=282ms unfreeze=12ms saved=True
  [ComfyUI] 
  [ComfyUI] 
  [ComfyUI] sharp_2572gikvuh.pt:  13%|█▎        | 359M/2.81G [00:02<00:17, 143MB/s][SubprocessWorker] callback 'report_progress' from call_id=1
  [ComfyUI] sharp_2572gikvuh.pt:  13%|█▎        | 359M/2.81G [00:02<00:17, 143MB/s][SubprocessWorker] callback 'report_progress' from call_id=1
  [ComfyUI] 
  [ComfyUI] 
  [ComfyUI] sharp_2572gikvuh.pt:  25%|██▍       | 695M/2.81G [00:03<00:08, 257MB/s][SubprocessWorker] callback 'report_progress' from call_id=1
  [ComfyUI] sharp_2572gikvuh.pt:  25%|██▍       | 695M/2.81G [00:03<00:08, 257MB/s][SubprocessWorker] callback 'report_progress' from call_id=1
  [capture-loop] iter=50 t=6.6s state={'complete': False, 'error': None, 'executedCount': 0, 'wsState': 1} eval_ms=6 ram=2.9/15.6GB (18%) swap=0.0/3.0GB (0%) cpu=43% browser_rss=0.92GB
  [ComfyUI] 
  [ComfyUI] 
  [ComfyUI] sharp_2572gikvuh.pt:  37%|███▋      | 1.03G/2.81G [00:04<00:05, 309MB/s][SubprocessWorker] callback 'report_progress' from call_id=1
  [ComfyUI] sharp_2572gikvuh.pt:  37%|███▋      | 1.03G/2.81G [00:04<00:05, 309MB/s][SubprocessWorker] callback 'report_progress' from call_id=1
  [ComfyUI] 
  [ComfyUI] 
  [ComfyUI] sharp_2572gikvuh.pt:  41%|████▏     | 1.16G/2.81G [00:04<00:05, 313MB/s][SubprocessWorker] callback 'report_progress' from call_id=1
  [ComfyUI] sharp_2572gikvuh.pt:  41%|████▏     | 1.16G/2.81G [00:04<00:05, 313MB/s][SubprocessWorker] callback 'report_progress' from call_id=1
  [ComfyUI] 
  [ComfyUI] 
  [ComfyUI] sharp_2572gikvuh.pt:  51%|█████     | 1.43G/2.81G [00:05<00:03, 428MB/s][SubprocessWorker] callback 'report_progress' from call_id=1
  [ComfyUI] sharp_2572gikvuh.pt:  51%|█████     | 1.43G/2.81G [00:05<00:03, 428MB/s][SubprocessWorker] callback 'report_progress' from call_id=1
  Frame 4 saved (frame_003.jpg, t=7.2s)
  [capture-periodic] freeze=12ms shot=807ms unfreeze=54ms saved=True
  [ComfyUI] 
  [ComfyUI] 
  [ComfyUI] sharp_2572gikvuh.pt:  65%|██████▌   | 1.83G/2.81G [00:06<00:02, 418MB/s][SubprocessWorker] callback 'report_progress' from call_id=1
  [ComfyUI] sharp_2572gikvuh.pt:  65%|██████▌   | 1.83G/2.81G [00:06<00:02, 418MB/s][SubprocessWorker] callback 'report_progress' from call_id=1
  [ComfyUI] 
  [ComfyUI] 
  [ComfyUI] sharp_2572gikvuh.pt:  82%|████████▏ | 2.30G/2.81G [00:06<00:01, 487MB/s][SubprocessWorker] callback 'report_progress' from call_id=1
  [ComfyUI] sharp_2572gikvuh.pt:  82%|████████▏ | 2.30G/2.81G [00:06<00:01, 487MB/s][SubprocessWorker] callback 'report_progress' from call_id=1
  Frame 5 saved (frame_004.jpg, t=10.7s)
  [ComfyUI] 
  [ComfyUI] 
  [capture-periodic] freeze=2ms shot=117ms unfreeze=3ms saved=True
  [ComfyUI] sharp_2572gikvuh.pt: 100%|██████████| 2.81G/2.81G [00:08<00:00, 414MB/s][SubprocessWorker] callback 'report_progress' from call_id=1
  [ComfyUI] sharp_2572gikvuh.pt: 100%|██████████| 2.81G/2.81G [00:08<00:00, 414MB/s][SubprocessWorker] callback 'report_progress' from call_id=1
  Frame 6 saved (frame_005.jpg, t=13.7s)
  [capture-periodic] freeze=2ms shot=122ms unfreeze=3ms saved=True
  [capture-loop] iter=100 t=15.1s state={'complete': False, 'error': None, 'executedCount': 0, 'wsState': 1} eval_ms=3 ram=2.2/15.6GB (14%) swap=0.0/3.0GB (0%) cpu=42% browser_rss=0.92GB
  [ComfyUI] 
  [ComfyUI] 
  [ComfyUI] sharp_2572gikvuh.pt: 100%|██████████| 2.81G/2.81G [00:12<00:00, 226MB/s]
  [ComfyUI] sharp_2572gikvuh.pt: 100%|██████████| 2.81G/2.81G [00:12<00:00, 226MB/s]
  [ComfyUI] [worker:ComfyUI-Sharp] [LoadSharpModel] checkpoint ready: /home/runner/work/comfy-gpu-ci/comfy-gpu-ci/test_workspaces/Sharp-2116/ComfyUI/models/sharp/sharp_2572gikvuh.pt (2679.6 MB)
  [ComfyUI] [worker:ComfyUI-Sharp] [LoadSharpModel] checkpoint ready: /home/runner/work/comfy-gpu-ci/comfy-gpu-ci/test_workspaces/Sharp-2116/ComfyUI/models/sharp/sharp_2572gikvuh.pt (2679.6 MB)
  [ComfyUI] [worker:ComfyUI-Sharp] [LoadSharpModel] config: precision=auto -> dtype=fp32
  [ComfyUI] [worker:ComfyUI-Sharp] [LoadSharpModel] config: precision=auto -> dtype=fp32
  [ComfyUI] [SubprocessWorker] got response: ok
  [ComfyUI] [SubprocessWorker] got response: ok
  [ComfyUI] [comfy-env] LoadSharpModel done (15.09s): result: NodeOutput
  [ComfyUI] [comfy-env] LoadSharpModel done (15.09s): result: NodeOutput
  [ComfyUI] [comfy-env] Running SharpPredict: focal_length_mm: 30.0, output_prefix: 'sharp', model: dict, image: torch.float32 [1,1024,1536,3] cpu
  [ComfyUI] [comfy-env] Running SharpPredict: focal_length_mm: 30.0, output_prefix: 'sharp', model: dict, image: torch.float32 [1,1024,1536,3] cpu
  [ComfyUI] [SubprocessWorker] call_method: nodes.predict.SharpPredict.EXECUTE_NORMALIZED
  [ComfyUI] [SubprocessWorker] call_method: nodes.predict.SharpPredict.EXECUTE_NORMALIZED
  [ComfyUI] [SubprocessWorker] acquired lock, ensuring started...
  [ComfyUI] [SubprocessWorker] acquired lock, ensuring started...
  [ComfyUI] [ComfyUI-Sharp] Health check: ping (timeout=5.0s)...
  [ComfyUI] [ComfyUI-Sharp] Health check: ping (timeout=5.0s)...
  [ComfyUI] [ComfyUI-Sharp] Health check: ok
  [ComfyUI] [ComfyUI-Sharp] Health check: ok
  [ComfyUI] [SubprocessWorker] worker started/confirmed
  [ComfyUI] [SubprocessWorker] worker started/confirmed
  [ComfyUI] [comfy-env] PRE-SERIALIZE 'image' shape: torch.Size([1, 1024, 1536, 3])
  [ComfyUI] [comfy-env] PRE-SERIALIZE 'image' shape: torch.Size([1, 1024, 1536, 3])
  [ComfyUI] [SubprocessWorker] serializing kwargs to shm...
  [ComfyUI] [SubprocessWorker] serializing kwargs to shm...
  [ComfyUI] [SubprocessWorker] created 0 shm blocks
  [ComfyUI] [SubprocessWorker] created 0 shm blocks
  [ComfyUI] [SubprocessWorker] sending request via socket...
  [ComfyUI] [SubprocessWorker] sending request via socket...
  [ComfyUI] [SubprocessWorker] call_id=2 sending call_method
  [ComfyUI] [SubprocessWorker] call_id=2 sending call_method
  [ComfyUI] [worker:ComfyUI-Sharp] [comfy-env] _from_shm got dict with keys: ['__type__', 'strategy', 'parent_pid', 'fd', 'storage_size']
  [ComfyUI] [worker:ComfyUI-Sharp] [comfy-env] _from_shm got dict with keys: ['__type__', 'strategy', 'parent_pid', 'fd', 'storage_size']
  [ComfyUI] [worker:ComfyUI-Sharp] [comfy-env] DESERIALIZE TensorRef: tensor_size=[1, 1024, 1536, 3]
  [ComfyUI] [worker:ComfyUI-Sharp] [comfy-env] DESERIALIZE TensorRef: tensor_size=[1, 1024, 1536, 3]
  [ComfyUI] [worker:ComfyUI-Sharp] [comfy-env] DESERIALIZED tensor shape: torch.Size([1, 1024, 1536, 3])
  [ComfyUI] [worker:ComfyUI-Sharp] [comfy-env] DESERIALIZED tensor shape: torch.Size([1, 1024, 1536, 3])
  Frame 7 saved (frame_006.jpg, t=16.1s)
  [capture-periodic] freeze=2ms shot=124ms unfreeze=4ms saved=True
  [capture-loop] iter=150 t=21.1s state={'complete': False, 'error': None, 'executedCount': 0, 'wsState': 1} eval_ms=3 ram=2.3/15.6GB (15%) swap=0.0/3.0GB (0%) cpu=49% browser_rss=0.92GB
  [ComfyUI] [worker:ComfyUI-Sharp] [LoadSharpModel] loading checkpoint from /home/runner/work/comfy-gpu-ci/comfy-gpu-ci/test_workspaces/Sharp-2116/ComfyUI/models/sharp/sharp_2572gikvuh.pt (dtype=fp32)
  [ComfyUI] [worker:ComfyUI-Sharp] [LoadSharpModel] loading checkpoint from /home/runner/work/comfy-gpu-ci/comfy-gpu-ci/test_workspaces/Sharp-2116/ComfyUI/models/sharp/sharp_2572gikvuh.pt (dtype=fp32)
  [ComfyUI] [worker:ComfyUI-Sharp] [LoadSharpModel] initializing model on meta device...
  [ComfyUI] [worker:ComfyUI-Sharp] [LoadSharpModel] initializing model on meta device...
  [ComfyUI] [worker:ComfyUI-Sharp] [LoadSharpModel] model ready (torch.float32)
  [ComfyUI] [worker:ComfyUI-Sharp] [LoadSharpModel] model ready (torch.float32)
  [ComfyUI] [SubprocessWorker] callback 'request_vram_budget' from call_id=2
  [ComfyUI] [SubprocessWorker] callback 'request_vram_budget' from call_id=2
  [ComfyUI] [comfy-env] VRAM request: 2.81GB, free before eviction: 11.49GB
  [ComfyUI] [comfy-env] VRAM request: 2.81GB, free before eviction: 11.49GB
  [ComfyUI] [comfy-env] VRAM after eviction: 11.49GB
  [ComfyUI] [comfy-env] VRAM after eviction: 11.49GB
  [capture-loop] iter=200 t=26.7s state={'complete': False, 'error': None, 'executedCount': 0, 'wsState': 1} eval_ms=5 ram=5.1/15.6GB (33%) swap=0.0/3.0GB (0%) cpu=44% browser_rss=0.85GB
  [capture-loop] iter=250 t=32.3s state={'complete': False, 'error': None, 'executedCount': 0, 'wsState': 1} eval_ms=3 ram=5.1/15.6GB (33%) swap=0.0/3.0GB (0%) cpu=44% browser_rss=0.85GB
  [capture-loop] iter=300 t=38.0s state={'complete': False, 'error': None, 'executedCount': 0, 'wsState': 1} eval_ms=3 ram=5.1/15.6GB (33%) swap=0.0/3.0GB (0%) cpu=46% browser_rss=0.85GB
  [capture-loop] iter=350 t=43.6s state={'complete': False, 'error': None, 'executedCount': 0, 'wsState': 1} eval_ms=5 ram=5.1/15.6GB (33%) swap=0.0/3.0GB (0%) cpu=45% browser_rss=0.85GB
  [capture-loop] iter=400 t=49.3s state={'complete': False, 'error': None, 'executedCount': 0, 'wsState': 1} eval_ms=3 ram=5.1/15.6GB (33%) swap=0.0/3.0GB (0%) cpu=46% browser_rss=0.86GB
  [capture-loop] iter=450 t=54.9s state={'complete': False, 'error': None, 'executedCount': 0, 'wsState': 1} eval_ms=4 ram=5.2/15.6GB (33%) swap=0.0/3.0GB (0%) cpu=45% browser_rss=0.85GB
  [ComfyUI] [worker:ComfyUI-Sharp]
  [ComfyUI] [worker:ComfyUI-Sharp]
  [ComfyUI] === WATCHDOG TICK 1 ===
  [ComfyUI] === WATCHDOG TICK 1 ===
  [ComfyUI] [worker:ComfyUI-Sharp] Thread 0x00007fd2e7a156c0 (most recent call first):
  [ComfyUI] [worker:ComfyUI-Sharp] Thread 0x00007fd2e7a156c0 (most recent call first):
  [ComfyUI]   File "/home/runner/.ce/.pixi/envs/sharp-nodes/lib/python3.13/threading.py", line 363 in wait
  [ComfyUI]   File "/home/runner/.ce/.pixi/envs/sharp-nodes/lib/python3.13/threading.py", line 363 in wait
  [ComfyUI]   File "/home/runner/.ce/.pixi/envs/sharp-nodes/lib/python3.13/threading.py", line 660 in wait
  [ComfyUI]   File "/home/runner/.ce/.pixi/envs/sharp-nodes/lib/python3.13/threading.py", line 660 in wait
  [ComfyUI]   File "/home/runner/.ce/.pixi/envs/sharp-nodes/lib/python3.13/site-packages/tqdm/_monitor.py", line 69 in run
  [ComfyUI]   File "/home/runner/.ce/.pixi/envs/sharp-nodes/lib/python3.13/site-packages/tqdm/_monitor.py", line 69 in run
  [ComfyUI]   File "/home/runner/.ce/.pixi/envs/sharp-nodes/lib/python3.13/threading.py", line 1044 in _bootstrap_inner
  [ComfyUI]   File "/home/runner/.ce/.pixi/envs/sharp-nodes/lib/python3.13/threading.py", line 1044 in _bootstrap_inner
  [ComfyUI]   File "/home/runner/.ce/.pixi/envs/sharp-nodes/lib/python3.13/threading.py", line 1015 in _bootstrap
  [ComfyUI]   File "/home/runner/.ce/.pixi/envs/sharp-nodes/lib/python3.13/threading.py", line 1015 in _bootstrap
  [ComfyUI] 
  [ComfyUI] 
  [ComfyUI] Current thread 0x00007fd327d8c6c0 (most recent call first):
  [ComfyUI] Current thread 0x00007fd327d8c6c0 (most recent call first):
  [ComfyUI]   File "/tmp/comfyui_pvenv_ajc2vn_r/persistent_worker.py", line 52 in _watchdog
  [ComfyUI]   File "/tmp/comfyui_pvenv_ajc2vn_r/persistent_worker.py", line 52 in _watchdog
  [ComfyUI]   File "/home/runner/.ce/.pixi/envs/sharp-nodes/lib/python3.13/threading.py", line 995 in run
  [ComfyUI]   File "/home/runner/.ce/.pixi/envs/sharp-nodes/lib/python3.13/threading.py", line 995 in run
  [ComfyUI]   File "/home/runner/.ce/.pixi/envs/sharp-nodes/lib/python3.13/threading.py", line 1044 in _bootstrap_inner
  [ComfyUI]   File "/home/runner/.ce/.pixi/envs/sharp-nodes/lib/python3.13/threading.py", line 1044 in _bootstrap_inner
  [ComfyUI]   File "/home/runner/.ce/.pixi/envs/sharp-nodes/lib/python3.13/threading.py", line 1015 in _bootstrap
  [ComfyUI]   File "/home/runner/.ce/.pixi/envs/sharp-nodes/lib/python3.13/threading.py", line 1015 in _bootstrap
  [ComfyUI] 
  [ComfyUI] 
  [ComfyUI] Thread 0x00007fd3288b2740 (most recent call first):
  [ComfyUI] Thread 0x00007fd3288b2740 (most recent call first):
  [ComfyUI]   File "/home/runner/.ce/.pixi/envs/sharp-nodes/lib/python3.13/site-packages/torch/nn/modules/linear.py", line 134 in forward
  [ComfyUI]   File "/home/runner/.ce/.pixi/envs/sharp-nodes/lib/python3.13/site-packages/torch/nn/modules/linear.py", line 134 in forward
  [ComfyUI]   File "/home/runner/work/comfy-gpu-ci/comfy-gpu-ci/test_workspaces/Sharp-2116/ComfyUI/comfy/ops.py", line 503 in forward
  [ComfyUI]   File "/home/runner/work/comfy-gpu-ci/comfy-gpu-ci/test_workspaces/Sharp-2116/ComfyUI/comfy/ops.py", line 503 in forward
  [ComfyUI]   File "/home/runner/.ce/.pixi/envs/sharp-nodes/lib/python3.13/site-packages/torch/nn/modules/module.py", line 1787 in _call_impl
  [ComfyUI]   File "/home/runner/.ce/.pixi/envs/sharp-nodes/lib/python3.13/site-packages/torch/nn/modules/module.py", line 1787 in _call_impl
  [ComfyUI]   File "/home/runner/.ce/.pixi/envs/sharp-nodes/lib/python3.13/site-packages/torch/nn/modules/module.py", line 1776 in _wrapped_call_impl
  [ComfyUI]   File "/home/runner/.ce/.pixi/envs/sharp-nodes/lib/python3.13/site-packages/torch/nn/modules/module.py", line 1776 in _wrapped_call_impl
  [ComfyUI]   File "/home/runner/work/comfy-gpu-ci/comfy-gpu-ci/test_workspaces/Sharp-2116/ComfyUI/custom_nodes/ComfyUI-Sharp/nodes/sharp/model.py", line 268 in forward
  [ComfyUI]   File "/home/runner/work/comfy-gpu-ci/comfy-gpu-ci/test_workspaces/Sharp-2116/ComfyUI/custom_nodes/ComfyUI-Sharp/nodes/sharp/model.py", line 268 in forward
  [ComfyUI]   File "/home/runner/.ce/.pixi/envs/sharp-nodes/lib/python3.13/site-packages/torch/nn/modules/module.py", line 1787 in _call_impl
  [ComfyUI]   File "/home/runner/.ce/.pixi/envs/sharp-nodes/lib/python3.13/site-packages/torch/nn/modules/module.py", line 1787 in _call_impl
  [ComfyUI]   File "/home/runner/.ce/.pixi/envs/sharp-nodes/lib/python3.13/site-packages/torch/nn/modules/module.py", line 1776 in _wrapped_call_impl
  [ComfyUI]   File "/home/runner/.ce/.pixi/envs/sharp-nodes/lib/python3.13/site-packages/torch/nn/modules/module.py", line 1776 in _wrapped_call_impl
  [ComfyUI]   File "/home/runner/work/comfy-gpu-ci/comfy-gpu-ci/test_workspaces/Sharp-2116/ComfyUI/custom_nodes/ComfyUI-Sharp/nodes/sharp/model.py", line 310 in forward
  [ComfyUI]   File "/home/runner/work/comfy-gpu-ci/comfy-gpu-ci/test_workspaces/Sharp-2116/ComfyUI/custom_nodes/ComfyUI-Sharp/nodes/sharp/model.py", line 310 in forward
  [ComfyUI]   File "/home/runner/.ce/.pixi/envs/sharp-nodes/lib/python3.13/site-packages/torch/nn/modules/module.py", line 1787 in _call_impl
  [ComfyUI]   File "/home/runner/.ce/.pixi/envs/sharp-nodes/lib/python3.13/site-packages/torch/nn/modules/module.py", line 1787 in _call_impl
  [ComfyUI]   File "/home/runner/.ce/.pixi/envs/sharp-nodes/lib/python3.13/site-packages/torch/nn/modules/module.py", line 1776 in _wrapped_call_impl
  [ComfyUI]   File "/home/runner/.ce/.pixi/envs/sharp-nodes/lib/python3.13/site-packages/torch/nn/modules/module.py", line 1776 in _wrapped_call_impl
  [ComfyUI]   File "/home/runner/work/comfy-gpu-ci/comfy-gpu-ci/test_workspaces/Sharp-2116/ComfyUI/custom_nodes/ComfyUI-Sharp/nodes/sharp/model.py", line 412 in forward
  [ComfyUI]   File "/home/runner/work/comfy-gpu-ci/comfy-gpu-ci/test_workspaces/Sharp-2116/ComfyUI/custom_nodes/ComfyUI-Sharp/nodes/sharp/model.py", line 412 in forward
  [ComfyUI]   File "/home/runner/.ce/.pixi/envs/sharp-nodes/lib/python3.13/site-packages/torch/nn/modules/module.py", line 1787 in _call_impl
  [ComfyUI]   File "/home/runner/.ce/.pixi/envs/sharp-nodes/lib/python3.13/site-packages/torch/nn/modules/module.py", line 1787 in _call_impl
  [ComfyUI]   File "/home/runner/.ce/.pixi/envs/sharp-nodes/lib/python3.13/site-packages/torch/nn/modules/module.py", line 1776 in _wrapped_call_impl
  [ComfyUI]   File "/home/runner/.ce/.pixi/envs/sharp-nodes/lib/python3.13/site-packages/torch/nn/modules/module.py", line 1776 in _wrapped_call_impl
  [ComfyUI]   File "/home/runner/work/comfy-gpu-ci/comfy-gpu-ci/test_workspaces/Sharp-2116/ComfyUI/custom_nodes/ComfyUI-Sharp/nodes/sharp/model.py", line 685 in forward
  [ComfyUI]   File "/home/runner/work/comfy-gpu-ci/comfy-gpu-ci/test_workspaces/Sharp-2116/ComfyUI/custom_nodes/ComfyUI-Sharp/nodes/sharp/model.py", line 685 in forward
  [ComfyUI]   File "/home/runner/.ce/.pixi/envs/sharp-nodes/lib/python3.13/site-packages/torch/nn/modules/module.py", line 1787 in _call_impl
  [ComfyUI]   File "/home/runner/.ce/.pixi/envs/sharp-nodes/lib/python3.13/site-packages/torch/nn/modules/module.py", line 1787 in _call_impl
  [ComfyUI]   File "/home/runner/.ce/.pixi/envs/sharp-nodes/lib/python3.13/site-packages/torch/nn/modules/module.py", line 1776 in _wrapped_call_impl
  [ComfyUI]   File "/home/runner/.ce/.pixi/envs/sharp-nodes/lib/python3.13/site-packages/torch/nn/modules/module.py", line 1776 in _wrapped_call_impl
  [ComfyUI]   File "/home/runner/work/comfy-gpu-ci/comfy-gpu-ci/test_workspaces/Sharp-2116/ComfyUI/custom_nodes/ComfyUI-Sharp/nodes/sharp/model.py", line 1109 in forward
  [ComfyUI]   File "/home/runner/work/comfy-gpu-ci/comfy-gpu-ci/test_workspaces/Sharp-2116/ComfyUI/custom_nodes/ComfyUI-Sharp/nodes/sharp/model.py", line 1109 in forward
  [ComfyUI]   File "/home/runner/.ce/.pixi/envs/sharp-nodes/lib/python3.13/site-packages/torch/nn/modules/module.py", line 1787 in _call_impl
  [ComfyUI]   File "/home/runner/.ce/.pixi/envs/sharp-nodes/lib/python3.13/site-packages/torch/nn/modules/module.py", line 1787 in _call_impl
  [ComfyUI]   File "/home/runner/.ce/.pixi/envs/sharp-nodes/lib/python3.13/site-packages/torch/nn/modules/module.py", line 1776 in _wrapped_call_impl
  [ComfyUI]   File "/home/runner/.ce/.pixi/envs/sharp-nodes/lib/python3.13/site-packages/torch/nn/modules/module.py", line 1776 in _wrapped_call_impl
  [ComfyUI]   File "/home/runner/work/comfy-gpu-ci/comfy-gpu-ci/test_workspaces/Sharp-2116/ComfyUI/custom_nodes/ComfyUI-Sharp/nodes/sharp/model.py", line 2006 in encode
  [ComfyUI]   File "/home/runner/work/comfy-gpu-ci/comfy-gpu-ci/test_workspaces/Sharp-2116/ComfyUI/custom_nodes/ComfyUI-Sharp/nodes/sharp/model.py", line 2006 in encode
  [ComfyUI]   File "/home/runner/work/comfy-gpu-ci/comfy-gpu-ci/test_workspaces/Sharp-2116/ComfyUI/custom_nodes/ComfyUI-Sharp/nodes/predict.py", line 348 in _predict_image_cached
  [ComfyUI]   File "/home/runner/work/comfy-gpu-ci/comfy-gpu-ci/test_workspaces/Sharp-2116/ComfyUI/custom_nodes/ComfyUI-Sharp/nodes/predict.py", line 348 in _predict_image_cached
  [ComfyUI]   File "/home/runner/work/comfy-gpu-ci/comfy-gpu-ci/test_workspaces/Sharp-2116/ComfyUI/custom_nodes/ComfyUI-Sharp/nodes/predict.py", line 239 in execute
  [ComfyUI]   File "/home/runner/work/comfy-gpu-ci/comfy-gpu-ci/test_workspaces/Sharp-2116/ComfyUI/custom_nodes/ComfyUI-Sharp/nodes/predict.py", line 239 in execute
  [ComfyUI]   File "/home/runner/.ce/.pixi/envs/sharp-nodes/lib/python3.13/site-packages/torch/utils/_contextlib.py", line 124 in decorate_context
  [ComfyUI]   File "/home/runner/.ce/.pixi/envs/sharp-nodes/lib/python3.13/site-packages/torch/utils/_contextlib.py", line 124 in decorate_context
  [ComfyUI]   File "/home/runner/work/comfy-gpu-ci/comfy-gpu-ci/test_workspaces/Sharp-2116/ComfyUI/comfy_api/latest/_io.py", line 1892 in EXECUTE_NORMALIZED
  [ComfyUI]   File "/home/runner/work/comfy-gpu-ci/comfy-gpu-ci/test_workspaces/Sharp-2116/ComfyUI/comfy_api/latest/_io.py", line 1892 in EXECUTE_NORMALIZED
  [ComfyUI]   File "/tmp/comfyui_pvenv_ajc2vn_r/persistent_worker.py", line 1762 in main
  [ComfyUI]   File "/tmp/comfyui_pvenv_ajc2vn_r/persistent_worker.py", line 1762 in main
  [ComfyUI]   File "/tmp/comfyui_pvenv_ajc2vn_r/persistent_worker.py", line 1807 in <module>
  [ComfyUI]   File "/tmp/comfyui_pvenv_ajc2vn_r/persistent_worker.py", line 1807 in <module>
  [ComfyUI] 
  [ComfyUI] 
  [ComfyUI] [worker:ComfyUI-Sharp] === END ===
  [ComfyUI] [worker:ComfyUI-Sharp] === END ===
  [ComfyUI] 
  [ComfyUI] 
  [capture-loop] iter=500 t=60.5s state={'complete': False, 'error': None, 'executedCount': 0, 'wsState': 1} eval_ms=3 ram=5.2/15.6GB (33%) swap=0.0/3.0GB (0%) cpu=45% browser_rss=0.85GB
  [capture-loop] iter=550 t=66.1s state={'complete': False, 'error': None, 'executedCount': 0, 'wsState': 1} eval_ms=3 ram=5.2/15.6GB (33%) swap=0.0/3.0GB (0%) cpu=47% browser_rss=0.84GB
  [capture-loop] iter=600 t=71.6s state={'complete': False, 'error': None, 'executedCount': 0, 'wsState': 1} eval_ms=4 ram=5.2/15.6GB (33%) swap=0.0/3.0GB (0%) cpu=44% browser_rss=0.84GB
  [capture-loop] iter=650 t=77.3s state={'complete': False, 'error': None, 'executedCount': 0, 'wsState': 1} eval_ms=2 ram=5.2/15.6GB (33%) swap=0.0/3.0GB (0%) cpu=46% browser_rss=0.84GB
  [capture-loop] iter=700 t=83.0s state={'complete': False, 'error': None, 'executedCount': 0, 'wsState': 1} eval_ms=3 ram=5.5/15.6GB (35%) swap=0.0/3.0GB (0%) cpu=45% browser_rss=0.85GB
  [capture-loop] iter=750 t=88.5s state={'complete': False, 'error': None, 'executedCount': 0, 'wsState': 1} eval_ms=3 ram=5.5/15.6GB (35%) swap=0.0/3.0GB (0%) cpu=44% browser_rss=0.85GB
  [capture-loop] iter=800 t=94.2s state={'complete': False, 'error': None, 'executedCount': 0, 'wsState': 1} eval_ms=3 ram=5.6/15.6GB (36%) swap=0.0/3.0GB (0%) cpu=45% browser_rss=0.85GB
  [capture-loop] iter=850 t=99.8s state={'complete': False, 'error': None, 'executedCount': 0, 'wsState': 1} eval_ms=2 ram=5.6/15.6GB (36%) swap=0.0/3.0GB (0%) cpu=45% browser_rss=0.85GB
  [capture-loop] iter=900 t=105.3s state={'complete': False, 'error': None, 'executedCount': 0, 'wsState': 1} eval_ms=2 ram=5.6/15.6GB (36%) swap=0.0/3.0GB (0%) cpu=45% browser_rss=0.85GB
  [capture-loop] iter=950 t=111.0s state={'complete': False, 'error': None, 'executedCount': 0, 'wsState': 1} eval_ms=3 ram=5.6/15.6GB (36%) swap=0.0/3.0GB (0%) cpu=47% browser_rss=0.85GB
  [capture-loop] iter=1000 t=116.6s state={'complete': False, 'error': None, 'executedCount': 0, 'wsState': 1} eval_ms=4 ram=5.6/15.6GB (36%) swap=0.0/3.0GB (0%) cpu=44% browser_rss=0.86GB
  [ComfyUI] [worker:ComfyUI-Sharp]
  [ComfyUI] [worker:ComfyUI-Sharp]
  [ComfyUI] === WATCHDOG TICK 2 ===
  [ComfyUI] === WATCHDOG TICK 2 ===
  [ComfyUI] [worker:ComfyUI-Sharp] Thread 0x00007fd2e7a156c0 (most recent call first):
  [ComfyUI] [worker:ComfyUI-Sharp] Thread 0x00007fd2e7a156c0 (most recent call first):
  [ComfyUI]   File "/home/runner/.ce/.pixi/envs/sharp-nodes/lib/python3.13/threading.py", line 363 in wait
  [ComfyUI]   File "/home/runner/.ce/.pixi/envs/sharp-nodes/lib/python3.13/threading.py", line 363 in wait
  [ComfyUI]   File "/home/runner/.ce/.pixi/envs/sharp-nodes/lib/python3.13/threading.py", line 660 in wait
  [ComfyUI]   File "/home/runner/.ce/.pixi/envs/sharp-nodes/lib/python3.13/threading.py", line 660 in wait
  [ComfyUI]   File "/home/runner/.ce/.pixi/envs/sharp-nodes/lib/python3.13/site-packages/tqdm/_monitor.py", line 69 in run
  [ComfyUI]   File "/home/runner/.ce/.pixi/envs/sharp-nodes/lib/python3.13/site-packages/tqdm/_monitor.py", line 69 in run
  [ComfyUI]   File "/home/runner/.ce/.pixi/envs/sharp-nodes/lib/python3.13/threading.py", line 1044 in _bootstrap_inner
  [ComfyUI]   File "/home/runner/.ce/.pixi/envs/sharp-nodes/lib/python3.13/threading.py", line 1044 in _bootstrap_inner
  [ComfyUI]   File "/home/runner/.ce/.pixi/envs/sharp-nodes/lib/python3.13/threading.py", line 1015 in _bootstrap
  [ComfyUI]   File "/home/runner/.ce/.pixi/envs/sharp-nodes/lib/python3.13/threading.py", line 1015 in _bootstrap
  [ComfyUI] 
  [ComfyUI] 
  [ComfyUI] Current thread 0x00007fd327d8c6c0 (most recent call first):
  [ComfyUI] Current thread 0x00007fd327d8c6c0 (most recent call first):
  [ComfyUI]   File "/tmp/comfyui_pvenv_ajc2vn_r/persistent_worker.py", line 52 in _watchdog
  [ComfyUI]   File "/tmp/comfyui_pvenv_ajc2vn_r/persistent_worker.py", line 52 in _watchdog
  [ComfyUI]   File "/home/runner/.ce/.pixi/envs/sharp-nodes/lib/python3.13/threading.py", line 995 in run
  [ComfyUI]   File "/home/runner/.ce/.pixi/envs/sharp-nodes/lib/python3.13/threading.py", line 995 in run
  [ComfyUI]   File "/home/runner/.ce/.pixi/envs/sharp-nodes/lib/python3.13/threading.py", line 1044 in _bootstrap_inner
  [ComfyUI]   File "/home/runner/.ce/.pixi/envs/sharp-nodes/lib/python3.13/threading.py", line 1044 in _bootstrap_inner
  [ComfyUI]   File "/home/runner/.ce/.pixi/envs/sharp-nodes/lib/python3.13/threading.py", line 1015 in _bootstrap
  [ComfyUI]   File "/home/runner/.ce/.pixi/envs/sharp-nodes/lib/python3.13/threading.py", line 1015 in _bootstrap
  [ComfyUI] 
  [ComfyUI] 
  [ComfyUI] Thread 0x00007fd3288b2740 (most recent call first):
  [ComfyUI] Thread 0x00007fd3288b2740 (most recent call first):
  [ComfyUI]   File "/home/runner/work/comfy-gpu-ci/comfy-gpu-ci/test_workspaces/Sharp-2116/ComfyUI/comfy/ldm/modules/sub_quadratic_attention.py", line 181 in _get_attention_scores_no_kv_chunking
  [ComfyUI]   File "/home/runner/work/comfy-gpu-ci/comfy-gpu-ci/test_workspaces/Sharp-2116/ComfyUI/comfy/ldm/modules/sub_quadratic_attention.py", line 181 in _get_attention_scores_no_kv_chunking
  [ComfyUI]   File "/home/runner/work/comfy-gpu-ci/comfy-gpu-ci/test_workspaces/Sharp-2116/ComfyUI/comfy/ldm/modules/sub_quadratic_attention.py", line 259 in efficient_dot_product_attention
  [ComfyUI]   File "/home/runner/work/comfy-gpu-ci/comfy-gpu-ci/test_workspaces/Sharp-2116/ComfyUI/comfy/ldm/modules/sub_quadratic_attention.py", line 259 in efficient_dot_product_attention
  [ComfyUI]   File "/home/runner/work/comfy-gpu-ci/comfy-gpu-ci/test_workspaces/Sharp-2116/ComfyUI/comfy/ldm/modules/attention.py", line 275 in attention_sub_quad
  [ComfyUI]   File "/home/runner/work/comfy-gpu-ci/comfy-gpu-ci/test_workspaces/Sharp-2116/ComfyUI/comfy/ldm/modules/attention.py", line 275 in attention_sub_quad
  [ComfyUI]   File "/home/runner/work/comfy-gpu-ci/comfy-gpu-ci/test_workspaces/Sharp-2116/ComfyUI/comfy/ldm/modules/attention.py", line 139 in wrapper
  [ComfyUI]   File "/home/runner/work/comfy-gpu-ci/comfy-gpu-ci/test_workspaces/Sharp-2116/ComfyUI/comfy/ldm/modules/attention.py", line 139 in wrapper
  [ComfyUI]   File "/home/runner/work/comfy-gpu-ci/comfy-gpu-ci/test_workspaces/Sharp-2116/ComfyUI/custom_nodes/ComfyUI-Sharp/nodes/sharp/model.py", line 234 in forward
  [ComfyUI]   File "/home/runner/work/comfy-gpu-ci/comfy-gpu-ci/test_workspaces/Sharp-2116/ComfyUI/custom_nodes/ComfyUI-Sharp/nodes/sharp/model.py", line 234 in forward
  [ComfyUI]   File "/home/runner/.ce/.pixi/envs/sharp-nodes/lib/python3.13/site-packages/torch/nn/modules/module.py", line 1787 in _call_impl
  [ComfyUI]   File "/home/runner/.ce/.pixi/envs/sharp-nodes/lib/python3.13/site-packages/torch/nn/modules/module.py", line 1787 in _call_impl
  [ComfyUI]   File "/home/runner/.ce/.pixi/envs/sharp-nodes/lib/python3.13/site-packages/torch/nn/modules/module.py", line 1776 in _wrapped_call_impl
  [ComfyUI]   File "/home/runner/.ce/.pixi/envs/sharp-nodes/lib/python3.13/site-packages/torch/nn/modules/module.py", line 1776 in _wrapped_call_impl
  [ComfyUI]   File "/home/runner/work/comfy-gpu-ci/comfy-gpu-ci/test_workspaces/Sharp-2116/ComfyUI/custom_nodes/ComfyUI-Sharp/nodes/sharp/model.py", line 309 in forward
  [ComfyUI]   File "/home/runner/work/comfy-gpu-ci/comfy-gpu-ci/test_workspaces/Sharp-2116/ComfyUI/custom_nodes/ComfyUI-Sharp/nodes/sharp/model.py", line 309 in forward
  [ComfyUI]   File "/home/runner/.ce/.pixi/envs/sharp-nodes/lib/python3.13/site-packages/torch/nn/modules/module.py", line 1787 in _call_impl
  [ComfyUI]   File "/home/runner/.ce/.pixi/envs/sharp-nodes/lib/python3.13/site-packages/torch/nn/modules/module.py", line 1787 in _call_impl
  [ComfyUI]   File "/home/runner/.ce/.pixi/envs/sharp-nodes/lib/python3.13/site-packages/torch/nn/modules/module.py", line 1776 in _wrapped_call_impl
  [ComfyUI]   File "/home/runner/.ce/.pixi/envs/sharp-nodes/lib/python3.13/site-packages/torch/nn/modules/module.py", line 1776 in _wrapped_call_impl
  [ComfyUI]   File "/home/runner/work/comfy-gpu-ci/comfy-gpu-ci/test_workspaces/Sharp-2116/ComfyUI/custom_nodes/ComfyUI-Sharp/nodes/sharp/model.py", line 412 in forward
  [ComfyUI]   File "/home/runner/work/comfy-gpu-ci/comfy-gpu-ci/test_workspaces/Sharp-2116/ComfyUI/custom_nodes/ComfyUI-Sharp/nodes/sharp/model.py", line 412 in forward
  [ComfyUI]   File "/home/runner/.ce/.pixi/envs/sharp-nodes/lib/python3.13/site-packages/torch/nn/modules/module.py", line 1787 in _call_impl
  [ComfyUI]   File "/home/runner/.ce/.pixi/envs/sharp-nodes/lib/python3.13/site-packages/torch/nn/modules/module.py", line 1787 in _call_impl
  [ComfyUI]   File "/home/runner/.ce/.pixi/envs/sharp-nodes/lib/python3.13/site-packages/torch/nn/modules/module.py", line 1776 in _wrapped_call_impl
  [ComfyUI]   File "/home/runner/.ce/.pixi/envs/sharp-nodes/lib/python3.13/site-packages/torch/nn/modules/module.py", line 1776 in _wrapped_call_impl
  [ComfyUI]   File "/home/runner/work/comfy-gpu-ci/comfy-gpu-ci/test_workspaces/Sharp-2116/ComfyUI/custom_nodes/ComfyUI-Sharp/nodes/sharp/model.py", line 685 in forward
  [ComfyUI]   File "/home/runner/work/comfy-gpu-ci/comfy-gpu-ci/test_workspaces/Sharp-2116/ComfyUI/custom_nodes/ComfyUI-Sharp/nodes/sharp/model.py", line 685 in forward
  [ComfyUI]   File "/home/runner/.ce/.pixi/envs/sharp-nodes/lib/python3.13/site-packages/torch/nn/modules/module.py", line 1787 in _call_impl
  [ComfyUI]   File "/home/runner/.ce/.pixi/envs/sharp-nodes/lib/python3.13/site-packages/torch/nn/modules/module.py", line 1787 in _call_impl
  [ComfyUI]   File "/home/runner/.ce/.pixi/envs/sharp-nodes/lib/python3.13/site-packages/torch/nn/modules/module.py", line 1776 in _wrapped_call_impl
  [ComfyUI]   File "/home/runner/.ce/.pixi/envs/sharp-nodes/lib/python3.13/site-packages/torch/nn/modules/module.py", line 1776 in _wrapped_call_impl
  [ComfyUI]   File "/home/runner/work/comfy-gpu-ci/comfy-gpu-ci/test_workspaces/Sharp-2116/ComfyUI/custom_nodes/ComfyUI-Sharp/nodes/sharp/model.py", line 1109 in forward
  [ComfyUI]   File "/home/runner/work/comfy-gpu-ci/comfy-gpu-ci/test_workspaces/Sharp-2116/ComfyUI/custom_nodes/ComfyUI-Sharp/nodes/sharp/model.py", line 1109 in forward
  [ComfyUI]   File "/home/runner/.ce/.pixi/envs/sharp-nodes/lib/python3.13/site-packages/torch/nn/modules/module.py", line 1787 in _call_impl
  [ComfyUI]   File "/home/runner/.ce/.pixi/envs/sharp-nodes/lib/python3.13/site-packages/torch/nn/modules/module.py", line 1787 in _call_impl
  [ComfyUI]   File "/home/runner/.ce/.pixi/envs/sharp-nodes/lib/python3.13/site-packages/torch/nn/modules/module.py", line 1776 in _wrapped_call_impl
  [ComfyUI]   File "/home/runner/.ce/.pixi/envs/sharp-nodes/lib/python3.13/site-packages/torch/nn/modules/module.py", line 1776 in _wrapped_call_impl
  [ComfyUI]   File "/home/runner/work/comfy-gpu-ci/comfy-gpu-ci/test_workspaces/Sharp-2116/ComfyUI/custom_nodes/ComfyUI-Sharp/nodes/sharp/model.py", line 2006 in encode
  [ComfyUI]   File "/home/runner/work/comfy-gpu-ci/comfy-gpu-ci/test_workspaces/Sharp-2116/ComfyUI/custom_nodes/ComfyUI-Sharp/nodes/sharp/model.py", line 2006 in encode
  [ComfyUI]   File "/home/runner/work/comfy-gpu-ci/comfy-gpu-ci/test_workspaces/Sharp-2116/ComfyUI/custom_nodes/ComfyUI-Sharp/nodes/predict.py", line 348 in _predict_image_cached
  [ComfyUI]   File "/home/runner/work/comfy-gpu-ci/comfy-gpu-ci/test_workspaces/Sharp-2116/ComfyUI/custom_nodes/ComfyUI-Sharp/nodes/predict.py", line 348 in _predict_image_cached
  [ComfyUI]   File "/home/runner/work/comfy-gpu-ci/comfy-gpu-ci/test_workspaces/Sharp-2116/ComfyUI/custom_nodes/ComfyUI-Sharp/nodes/predict.py", line 239 in execute
  [ComfyUI]   File "/home/runner/work/comfy-gpu-ci/comfy-gpu-ci/test_workspaces/Sharp-2116/ComfyUI/custom_nodes/ComfyUI-Sharp/nodes/predict.py", line 239 in execute
  [ComfyUI]   File "/home/runner/.ce/.pixi/envs/sharp-nodes/lib/python3.13/site-packages/torch/utils/_contextlib.py", line 124 in decorate_context
  [ComfyUI]   File "/home/runner/.ce/.pixi/envs/sharp-nodes/lib/python3.13/site-packages/torch/utils/_contextlib.py", line 124 in decorate_context
  [ComfyUI]   File "/home/runner/work/comfy-gpu-ci/comfy-gpu-ci/test_workspaces/Sharp-2116/ComfyUI/comfy_api/latest/_io.py", line 1892 in EXECUTE_NORMALIZED
  [ComfyUI]   File "/home/runner/work/comfy-gpu-ci/comfy-gpu-ci/test_workspaces/Sharp-2116/ComfyUI/comfy_api/latest/_io.py", line 1892 in EXECUTE_NORMALIZED
  [ComfyUI]   File "/tmp/comfyui_pvenv_ajc2vn_r/persistent_worker.py", line 1762 in main
  [ComfyUI]   File "/tmp/comfyui_pvenv_ajc2vn_r/persistent_worker.py", line 1762 in main
  [ComfyUI]   File "/tmp/comfyui_pvenv_ajc2vn_r/persistent_worker.py", line 1807 in <module>
  [ComfyUI]   File "/tmp/comfyui_pvenv_ajc2vn_r/persistent_worker.py", line 1807 in <module>
  [ComfyUI] 
  [ComfyUI] 
  [ComfyUI] [worker:ComfyUI-Sharp] === END ===
  [ComfyUI] [worker:ComfyUI-Sharp] === END ===
  [ComfyUI] 
  [ComfyUI] 
  [capture-loop] iter=1050 t=122.3s state={'complete': False, 'error': None, 'executedCount': 0, 'wsState': 1} eval_ms=4 ram=5.6/15.6GB (36%) swap=0.0/3.0GB (0%) cpu=48% browser_rss=0.86GB
  [capture-loop] iter=1100 t=128.0s state={'complete': False, 'error': None, 'executedCount': 0, 'wsState': 1} eval_ms=3 ram=5.3/15.6GB (34%) swap=0.0/3.0GB (0%) cpu=46% browser_rss=0.86GB
  [capture-loop] iter=1150 t=133.5s state={'complete': False, 'error': None, 'executedCount': 0, 'wsState': 1} eval_ms=3 ram=5.6/15.6GB (36%) swap=0.0/3.0GB (0%) cpu=45% browser_rss=0.86GB
  [capture-loop] iter=1200 t=139.2s state={'complete': False, 'error': None, 'executedCount': 0, 'wsState': 1} eval_ms=3 ram=5.7/15.6GB (37%) swap=0.0/3.0GB (0%) cpu=44% browser_rss=0.86GB
  [capture-loop] iter=1250 t=144.9s state={'complete': False, 'error': None, 'executedCount': 0, 'wsState': 1} eval_ms=5 ram=5.3/15.6GB (34%) swap=0.0/3.0GB (0%) cpu=48% browser_rss=0.86GB
  [capture-loop] iter=1300 t=150.4s state={'complete': False, 'error': None, 'executedCount': 0, 'wsState': 1} eval_ms=2 ram=5.4/15.6GB (34%) swap=0.0/3.0GB (0%) cpu=44% browser_rss=0.86GB
  [capture-loop] iter=1350 t=156.1s state={'complete': False, 'error': None, 'executedCount': 0, 'wsState': 1} eval_ms=3 ram=5.3/15.6GB (34%) swap=0.0/3.0GB (0%) cpu=45% browser_rss=0.86GB
  [capture-loop] iter=1400 t=161.6s state={'complete': False, 'error': None, 'executedCount': 0, 'wsState': 1} eval_ms=2 ram=5.4/15.6GB (34%) swap=0.0/3.0GB (0%) cpu=44% browser_rss=0.86GB
  [capture-loop] iter=1450 t=167.3s state={'complete': False, 'error': None, 'executedCount': 0, 'wsState': 1} eval_ms=3 ram=5.4/15.6GB (34%) swap=0.0/3.0GB (0%) cpu=45% browser_rss=0.86GB
  [capture-loop] iter=1500 t=173.0s state={'complete': False, 'error': None, 'executedCount': 0, 'wsState': 1} eval_ms=5 ram=5.6/15.6GB (36%) swap=0.0/3.0GB (0%) cpu=47% browser_rss=0.86GB
  [capture-loop] iter=1550 t=178.5s state={'complete': False, 'error': None, 'executedCount': 0, 'wsState': 1} eval_ms=3 ram=5.7/15.6GB (36%) swap=0.0/3.0GB (0%) cpu=44% browser_rss=0.86GB
  [ComfyUI] [worker:ComfyUI-Sharp]
  [ComfyUI] [worker:ComfyUI-Sharp]
  [ComfyUI] === WATCHDOG TICK 3 ===
  [ComfyUI] === WATCHDOG TICK 3 ===
  [ComfyUI] [worker:ComfyUI-Sharp] Thread 0x00007fd2e7a156c0 (most recent call first):
  [ComfyUI] [worker:ComfyUI-Sharp] Thread 0x00007fd2e7a156c0 (most recent call first):
  [ComfyUI]   File "/home/runner/.ce/.pixi/envs/sharp-nodes/lib/python3.13/threading.py", line 363 in wait
  [ComfyUI]   File "/home/runner/.ce/.pixi/envs/sharp-nodes/lib/python3.13/threading.py", line 363 in wait
  [ComfyUI]   File "/home/runner/.ce/.pixi/envs/sharp-nodes/lib/python3.13/threading.py", line 660 in wait
  [ComfyUI]   File "/home/runner/.ce/.pixi/envs/sharp-nodes/lib/python3.13/threading.py", line 660 in wait
  [ComfyUI]   File "/home/runner/.ce/.pixi/envs/sharp-nodes/lib/python3.13/site-packages/tqdm/_monitor.py", line 69 in run
  [ComfyUI]   File "/home/runner/.ce/.pixi/envs/sharp-nodes/lib/python3.13/site-packages/tqdm/_monitor.py", line 69 in run
  [ComfyUI]   File "/home/runner/.ce/.pixi/envs/sharp-nodes/lib/python3.13/threading.py", line 1044 in _bootstrap_inner
  [ComfyUI]   File "/home/runner/.ce/.pixi/envs/sharp-nodes/lib/python3.13/threading.py", line 1044 in _bootstrap_inner
  [ComfyUI]   File "/home/runner/.ce/.pixi/envs/sharp-nodes/lib/python3.13/threading.py", line 1015 in _bootstrap
  [ComfyUI]   File "/home/runner/.ce/.pixi/envs/sharp-nodes/lib/python3.13/threading.py", line 1015 in _bootstrap
  [ComfyUI] 
  [ComfyUI] 
  [ComfyUI] Current thread 0x00007fd327d8c6c0 (most recent call first):
  [ComfyUI] Current thread 0x00007fd327d8c6c0 (most recent call first):
  [ComfyUI]   File "/tmp/comfyui_pvenv_ajc2vn_r/persistent_worker.py", line 52 in _watchdog
  [ComfyUI]   File "/tmp/comfyui_pvenv_ajc2vn_r/persistent_worker.py", line 52 in _watchdog
  [ComfyUI]   File "/home/runner/.ce/.pixi/envs/sharp-nodes/lib/python3.13/threading.py", line 995 in run
  [ComfyUI]   File "/home/runner/.ce/.pixi/envs/sharp-nodes/lib/python3.13/threading.py", line 995 in run
  [ComfyUI]   File "/home/runner/.ce/.pixi/envs/sharp-nodes/lib/python3.13/threading.py", line 1044 in _bootstrap_inner
  [ComfyUI]   File "/home/runner/.ce/.pixi/envs/sharp-nodes/lib/python3.13/threading.py", line 1044 in _bootstrap_inner
  [ComfyUI]   File "/home/runner/.ce/.pixi/envs/sharp-nodes/lib/python3.13/threading.py", line 1015 in _bootstrap
  [ComfyUI]   File "/home/runner/.ce/.pixi/envs/sharp-nodes/lib/python3.13/threading.py", line 1015 in _bootstrap
  [ComfyUI] 
  [ComfyUI] 
  [ComfyUI] Thread 0x00007fd3288b2740 (most recent call first):
  [ComfyUI] Thread 0x00007fd3288b2740 (most recent call first):
  [ComfyUI]   File "/home/runner/work/comfy-gpu-ci/comfy-gpu-ci/test_workspaces/Sharp-2116/ComfyUI/comfy/ldm/modules/sub_quadratic_attention.py", line 159 in _get_attention_scores_no_kv_chunking
  [ComfyUI]   File "/home/runner/work/comfy-gpu-ci/comfy-gpu-ci/test_workspaces/Sharp-2116/ComfyUI/comfy/ldm/modules/sub_quadratic_attention.py", line 159 in _get_attention_scores_no_kv_chunking
  [ComfyUI]   File "/home/runner/work/comfy-gpu-ci/comfy-gpu-ci/test_workspaces/Sharp-2116/ComfyUI/comfy/ldm/modules/sub_quadratic_attention.py", line 259 in efficient_dot_product_attention
  [ComfyUI]   File "/home/runner/work/comfy-gpu-ci/comfy-gpu-ci/test_workspaces/Sharp-2116/ComfyUI/comfy/ldm/modules/sub_quadratic_attention.py", line 259 in efficient_dot_product_attention
  [ComfyUI]   File "/home/runner/work/comfy-gpu-ci/comfy-gpu-ci/test_workspaces/Sharp-2116/ComfyUI/comfy/ldm/modules/attention.py", line 275 in attention_sub_quad
  [ComfyUI]   File "/home/runner/work/comfy-gpu-ci/comfy-gpu-ci/test_workspaces/Sharp-2116/ComfyUI/comfy/ldm/modules/attention.py", line 275 in attention_sub_quad
  [ComfyUI]   File "/home/runner/work/comfy-gpu-ci/comfy-gpu-ci/test_workspaces/Sharp-2116/ComfyUI/comfy/ldm/modules/attention.py", line 139 in wrapper
  [ComfyUI]   File "/home/runner/work/comfy-gpu-ci/comfy-gpu-ci/test_workspaces/Sharp-2116/ComfyUI/comfy/ldm/modules/attention.py", line 139 in wrapper
  [ComfyUI]   File "/home/runner/work/comfy-gpu-ci/comfy-gpu-ci/test_workspaces/Sharp-2116/ComfyUI/custom_nodes/ComfyUI-Sharp/nodes/sharp/model.py", line 234 in forward
  [ComfyUI]   File "/home/runner/work/comfy-gpu-ci/comfy-gpu-ci/test_workspaces/Sharp-2116/ComfyUI/custom_nodes/ComfyUI-Sharp/nodes/sharp/model.py", line 234 in forward
  [ComfyUI]   File "/home/runner/.ce/.pixi/envs/sharp-nodes/lib/python3.13/site-packages/torch/nn/modules/module.py", line 1787 in _call_impl
  [ComfyUI]   File "/home/runner/.ce/.pixi/envs/sharp-nodes/lib/python3.13/site-packages/torch/nn/modules/module.py", line 1787 in _call_impl
  [ComfyUI]   File "/home/runner/.ce/.pixi/envs/sharp-nodes/lib/python3.13/site-packages/torch/nn/modules/module.py", line 1776 in _wrapped_call_impl
  [ComfyUI]   File "/home/runner/.ce/.pixi/envs/sharp-nodes/lib/python3.13/site-packages/torch/nn/modules/module.py", line 1776 in _wrapped_call_impl
  [ComfyUI]   File "/home/runner/work/comfy-gpu-ci/comfy-gpu-ci/test_workspaces/Sharp-2116/ComfyUI/custom_nodes/ComfyUI-Sharp/nodes/sharp/model.py", line 309 in forward
  [ComfyUI]   File "/home/runner/work/comfy-gpu-ci/comfy-gpu-ci/test_workspaces/Sharp-2116/ComfyUI/custom_nodes/ComfyUI-Sharp/nodes/sharp/model.py", line 309 in forward
  [ComfyUI]   File "/home/runner/.ce/.pixi/envs/sharp-nodes/lib/python3.13/site-packages/torch/nn/modules/module.py", line 1787 in _call_impl
  [ComfyUI]   File "/home/runner/.ce/.pixi/envs/sharp-nodes/lib/python3.13/site-packages/torch/nn/modules/module.py", line 1787 in _call_impl
  [ComfyUI]   File "/home/runner/.ce/.pixi/envs/sharp-nodes/lib/python3.13/site-packages/torch/nn/modules/module.py", line 1776 in _wrapped_call_impl
  [ComfyUI]   File "/home/runner/.ce/.pixi/envs/sharp-nodes/lib/python3.13/site-packages/torch/nn/modules/module.py", line 1776 in _wrapped_call_impl
  [ComfyUI]   File "/home/runner/work/comfy-gpu-ci/comfy-gpu-ci/test_workspaces/Sharp-2116/ComfyUI/custom_nodes/ComfyUI-Sharp/nodes/sharp/model.py", line 412 in forward
  [ComfyUI]   File "/home/runner/work/comfy-gpu-ci/comfy-gpu-ci/test_workspaces/Sharp-2116/ComfyUI/custom_nodes/ComfyUI-Sharp/nodes/sharp/model.py", line 412 in forward
  [ComfyUI]   File "/home/runner/.ce/.pixi/envs/sharp-nodes/lib/python3.13/site-packages/torch/nn/modules/module.py", line 1787 in _call_impl
  [ComfyUI]   File "/home/runner/.ce/.pixi/envs/sharp-nodes/lib/python3.13/site-packages/torch/nn/modules/module.py", line 1787 in _call_impl
  [ComfyUI]   File "/home/runner/.ce/.pixi/envs/sharp-nodes/lib/python3.13/site-packages/torch/nn/modules/module.py", line 1776 in _wrapped_call_impl
  [ComfyUI]   File "/home/runner/.ce/.pixi/envs/sharp-nodes/lib/python3.13/site-packages/torch/nn/modules/module.py", line 1776 in _wrapped_call_impl
  [ComfyUI]   File "/home/runner/work/comfy-gpu-ci/comfy-gpu-ci/test_workspaces/Sharp-2116/ComfyUI/custom_nodes/ComfyUI-Sharp/nodes/sharp/model.py", line 685 in forward
  [ComfyUI]   File "/home/runner/work/comfy-gpu-ci/comfy-gpu-ci/test_workspaces/Sharp-2116/ComfyUI/custom_nodes/ComfyUI-Sharp/nodes/sharp/model.py", line 685 in forward
  [ComfyUI]   File "/home/runner/.ce/.pixi/envs/sharp-nodes/lib/python3.13/site-packages/torch/nn/modules/module.py", line 1787 in _call_impl
  [ComfyUI]   File "/home/runner/.ce/.pixi/envs/sharp-nodes/lib/python3.13/site-packages/torch/nn/modules/module.py", line 1787 in _call_impl
  [ComfyUI]   File "/home/runner/.ce/.pixi/envs/sharp-nodes/lib/python3.13/site-packages/torch/nn/modules/module.py", line 1776 in _wrapped_call_impl
  [ComfyUI]   File "/home/runner/.ce/.pixi/envs/sharp-nodes/lib/python3.13/site-packages/torch/nn/modules/module.py", line 1776 in _wrapped_call_impl
  [ComfyUI]   File "/home/runner/work/comfy-gpu-ci/comfy-gpu-ci/test_workspaces/Sharp-2116/ComfyUI/custom_nodes/ComfyUI-Sharp/nodes/sharp/model.py", line 1109 in forward
  [ComfyUI]   File "/home/runner/work/comfy-gpu-ci/comfy-gpu-ci/test_workspaces/Sharp-2116/ComfyUI/custom_nodes/ComfyUI-Sharp/nodes/sharp/model.py", line 1109 in forward
  [ComfyUI]   File "/home/runner/.ce/.pixi/envs/sharp-nodes/lib/python3.13/site-packages/torch/nn/modules/module.py", line 1787 in _call_impl
  [ComfyUI]   File "/home/runner/.ce/.pixi/envs/sharp-nodes/lib/python3.13/site-packages/torch/nn/modules/module.py", line 1787 in _call_impl
  [ComfyUI]   File "/home/runner/.ce/.pixi/envs/sharp-nodes/lib/python3.13/site-packages/torch/nn/modules/module.py", line 1776 in _wrapped_call_impl
  [ComfyUI]   File "/home/runner/.ce/.pixi/envs/sharp-nodes/lib/python3.13/site-packages/torch/nn/modules/module.py", line 1776 in _wrapped_call_impl
  [ComfyUI]   File "/home/runner/work/comfy-gpu-ci/comfy-gpu-ci/test_workspaces/Sharp-2116/ComfyUI/custom_nodes/ComfyUI-Sharp/nodes/sharp/model.py", line 2006 in encode
  [ComfyUI]   File "/home/runner/work/comfy-gpu-ci/comfy-gpu-ci/test_workspaces/Sharp-2116/ComfyUI/custom_nodes/ComfyUI-Sharp/nodes/sharp/model.py", line 2006 in encode
  [ComfyUI]   File "/home/runner/work/comfy-gpu-ci/comfy-gpu-ci/test_workspaces/Sharp-2116/ComfyUI/custom_nodes/ComfyUI-Sharp/nodes/predict.py", line 348 in _predict_image_cached
  [ComfyUI]   File "/home/runner/work/comfy-gpu-ci/comfy-gpu-ci/test_workspaces/Sharp-2116/ComfyUI/custom_nodes/ComfyUI-Sharp/nodes/predict.py", line 348 in _predict_image_cached
  [ComfyUI]   File "/home/runner/work/comfy-gpu-ci/comfy-gpu-ci/test_workspaces/Sharp-2116/ComfyUI/custom_nodes/ComfyUI-Sharp/nodes/predict.py", line 239 in execute
  [ComfyUI]   File "/home/runner/work/comfy-gpu-ci/comfy-gpu-ci/test_workspaces/Sharp-2116/ComfyUI/custom_nodes/ComfyUI-Sharp/nodes/predict.py", line 239 in execute
  [ComfyUI]   File "/home/runner/.ce/.pixi/envs/sharp-nodes/lib/python3.13/site-packages/torch/utils/_contextlib.py", line 124 in decorate_context
  [ComfyUI]   File "/home/runner/.ce/.pixi/envs/sharp-nodes/lib/python3.13/site-packages/torch/utils/_contextlib.py", line 124 in decorate_context
  [ComfyUI]   File "/home/runner/work/comfy-gpu-ci/comfy-gpu-ci/test_workspaces/Sharp-2116/ComfyUI/comfy_api/latest/_io.py", line 1892 in EXECUTE_NORMALIZED
  [ComfyUI]   File "/home/runner/work/comfy-gpu-ci/comfy-gpu-ci/test_workspaces/Sharp-2116/ComfyUI/comfy_api/latest/_io.py", line 1892 in EXECUTE_NORMALIZED
  [ComfyUI]   File "/tmp/comfyui_pvenv_ajc2vn_r/persistent_worker.py", line 1762 in main
  [ComfyUI]   File "/tmp/comfyui_pvenv_ajc2vn_r/persistent_worker.py", line 1762 in main
  [ComfyUI]   File "/tmp/comfyui_pvenv_ajc2vn_r/persistent_worker.py", line 1807 in <module>
  [ComfyUI]   File "/tmp/comfyui_pvenv_ajc2vn_r/persistent_worker.py", line 1807 in <module>
  [ComfyUI] 
  [ComfyUI] 
  [ComfyUI] [worker:ComfyUI-Sharp] === END ===
  [ComfyUI] [worker:ComfyUI-Sharp] === END ===
  [ComfyUI] 
  [ComfyUI] 
  [capture-loop] iter=1600 t=184.2s state={'complete': False, 'error': None, 'executedCount': 0, 'wsState': 1} eval_ms=2 ram=5.7/15.6GB (36%) swap=0.0/3.0GB (0%) cpu=45% browser_rss=0.86GB
  [capture-loop] iter=1650 t=189.8s state={'complete': False, 'error': None, 'executedCount': 0, 'wsState': 1} eval_ms=2 ram=5.7/15.6GB (37%) swap=0.0/3.0GB (0%) cpu=45% browser_rss=0.86GB
  [capture-loop] iter=1700 t=195.4s state={'complete': False, 'error': None, 'executedCount': 0, 'wsState': 1} eval_ms=2 ram=5.7/15.6GB (37%) swap=0.0/3.0GB (0%) cpu=47% browser_rss=0.86GB
  [capture-loop] iter=1750 t=201.1s state={'complete': False, 'error': None, 'executedCount': 0, 'wsState': 1} eval_ms=2 ram=5.8/15.6GB (37%) swap=0.0/3.0GB (0%) cpu=44% browser_rss=0.86GB
  [capture-loop] iter=1800 t=206.7s state={'complete': False, 'error': None, 'executedCount': 0, 'wsState': 1} eval_ms=6 ram=5.7/15.6GB (37%) swap=0.0/3.0GB (0%) cpu=48% browser_rss=0.86GB
  [capture-loop] iter=1850 t=212.3s state={'complete': False, 'error': None, 'executedCount': 0, 'wsState': 1} eval_ms=3 ram=5.8/15.6GB (37%) swap=0.0/3.0GB (0%) cpu=46% browser_rss=0.86GB
  [capture-loop] iter=1900 t=218.0s state={'complete': False, 'error': None, 'executedCount': 0, 'wsState': 1} eval_ms=2 ram=5.8/15.6GB (37%) swap=0.0/3.0GB (0%) cpu=44% browser_rss=0.86GB
  [capture-loop] iter=1950 t=223.5s state={'complete': False, 'error': None, 'executedCount': 0, 'wsState': 1} eval_ms=5 ram=5.7/15.6GB (37%) swap=0.0/3.0GB (0%) cpu=43% browser_rss=0.86GB
  [capture-loop] iter=2000 t=229.2s state={'complete': False, 'error': None, 'executedCount': 0, 'wsState': 1} eval_ms=4 ram=5.8/15.6GB (37%) swap=0.0/3.0GB (0%) cpu=46% browser_rss=0.86GB
  [capture-loop] iter=2050 t=234.9s state={'complete': False, 'error': None, 'executedCount': 0, 'wsState': 1} eval_ms=3 ram=5.7/15.6GB (37%) swap=0.0/3.0GB (0%) cpu=45% browser_rss=0.86GB
  [capture-loop] iter=2100 t=240.4s state={'complete': False, 'error': None, 'executedCount': 0, 'wsState': 1} eval_ms=3 ram=5.9/15.6GB (38%) swap=0.0/3.0GB (0%) cpu=44% browser_rss=0.86GB
  [ComfyUI] [worker:ComfyUI-Sharp]
  [ComfyUI] [worker:ComfyUI-Sharp]
  [ComfyUI] === WATCHDOG TICK 4 ===
  [ComfyUI] === WATCHDOG TICK 4 ===
  [ComfyUI] [worker:ComfyUI-Sharp] Thread 0x00007fd2e7a156c0 (most recent call first):
  [ComfyUI] [worker:ComfyUI-Sharp] Thread 0x00007fd2e7a156c0 (most recent call first):
  [ComfyUI]   File "/home/runner/.ce/.pixi/envs/sharp-nodes/lib/python3.13/threading.py", line 363 in wait
  [ComfyUI]   File "/home/runner/.ce/.pixi/envs/sharp-nodes/lib/python3.13/threading.py", line 363 in wait
  [ComfyUI]   File "/home/runner/.ce/.pixi/envs/sharp-nodes/lib/python3.13/threading.py", line 660 in wait
  [ComfyUI]   File "/home/runner/.ce/.pixi/envs/sharp-nodes/lib/python3.13/threading.py", line 660 in wait
  [ComfyUI]   File "/home/runner/.ce/.pixi/envs/sharp-nodes/lib/python3.13/site-packages/tqdm/_monitor.py", line 69 in run
  [ComfyUI]   File "/home/runner/.ce/.pixi/envs/sharp-nodes/lib/python3.13/site-packages/tqdm/_monitor.py", line 69 in run
  [ComfyUI]   File "/home/runner/.ce/.pixi/envs/sharp-nodes/lib/python3.13/threading.py", line 1044 in _bootstrap_inner
  [ComfyUI]   File "/home/runner/.ce/.pixi/envs/sharp-nodes/lib/python3.13/threading.py", line 1044 in _bootstrap_inner
  [ComfyUI]   File "/home/runner/.ce/.pixi/envs/sharp-nodes/lib/python3.13/threading.py", line 1015 in _bootstrap
  [ComfyUI]   File "/home/runner/.ce/.pixi/envs/sharp-nodes/lib/python3.13/threading.py", line 1015 in _bootstrap
  [ComfyUI] 
  [ComfyUI] 
  [ComfyUI] Current thread 0x00007fd327d8c6c0 (most recent call first):
  [ComfyUI] Current thread 0x00007fd327d8c6c0 (most recent call first):
  [ComfyUI]   File "/tmp/comfyui_pvenv_ajc2vn_r/persistent_worker.py", line 52 in _watchdog
  [ComfyUI]   File "/tmp/comfyui_pvenv_ajc2vn_r/persistent_worker.py", line 52 in _watchdog
  [ComfyUI]   File "/home/runner/.ce/.pixi/envs/sharp-nodes/lib/python3.13/threading.py", line 995 in run
  [ComfyUI]   File "/home/runner/.ce/.pixi/envs/sharp-nodes/lib/python3.13/threading.py", line 995 in run
  [ComfyUI]   File "/home/runner/.ce/.pixi/envs/sharp-nodes/lib/python3.13/threading.py", line 1044 in _bootstrap_inner
  [ComfyUI]   File "/home/runner/.ce/.pixi/envs/sharp-nodes/lib/python3.13/threading.py", line 1044 in _bootstrap_inner
  [ComfyUI]   File "/home/runner/.ce/.pixi/envs/sharp-nodes/lib/python3.13/threading.py", line 1015 in _bootstrap
  [ComfyUI]   File "/home/runner/.ce/.pixi/envs/sharp-nodes/lib/python3.13/threading.py", line 1015 in _bootstrap
  [ComfyUI] 
  [ComfyUI] 
  [ComfyUI] Thread 0x00007fd3288b2740 (most recent call first):
  [ComfyUI] Thread 0x00007fd3288b2740 (most recent call first):
  [ComfyUI]   File "/home/runner/work/comfy-gpu-ci/comfy-gpu-ci/test_workspaces/Sharp-2116/ComfyUI/comfy/ldm/modules/sub_quadratic_attention.py", line 181 in _get_attention_scores_no_kv_chunking
  [ComfyUI]   File "/home/runner/work/comfy-gpu-ci/comfy-gpu-ci/test_workspaces/Sharp-2116/ComfyUI/comfy/ldm/modules/sub_quadratic_attention.py", line 181 in _get_attention_scores_no_kv_chunking
  [ComfyUI]   File "/home/runner/work/comfy-gpu-ci/comfy-gpu-ci/test_workspaces/Sharp-2116/ComfyUI/comfy/ldm/modules/sub_quadratic_attention.py", line 259 in efficient_dot_product_attention
  [ComfyUI]   File "/home/runner/work/comfy-gpu-ci/comfy-gpu-ci/test_workspaces/Sharp-2116/ComfyUI/comfy/ldm/modules/sub_quadratic_attention.py", line 259 in efficient_dot_product_attention
  [ComfyUI]   File "/home/runner/work/comfy-gpu-ci/comfy-gpu-ci/test_workspaces/Sharp-2116/ComfyUI/comfy/ldm/modules/attention.py", line 275 in attention_sub_quad
  [ComfyUI]   File "/home/runner/work/comfy-gpu-ci/comfy-gpu-ci/test_workspaces/Sharp-2116/ComfyUI/comfy/ldm/modules/attention.py", line 275 in attention_sub_quad
  [ComfyUI]   File "/home/runner/work/comfy-gpu-ci/comfy-gpu-ci/test_workspaces/Sharp-2116/ComfyUI/comfy/ldm/modules/attention.py", line 139 in wrapper
  [ComfyUI]   File "/home/runner/work/comfy-gpu-ci/comfy-gpu-ci/test_workspaces/Sharp-2116/ComfyUI/comfy/ldm/modules/attention.py", line 139 in wrapper
  [ComfyUI]   File "/home/runner/work/comfy-gpu-ci/comfy-gpu-ci/test_workspaces/Sharp-2116/ComfyUI/custom_nodes/ComfyUI-Sharp/nodes/sharp/model.py", line 234 in forward
  [ComfyUI]   File "/home/runner/work/comfy-gpu-ci/comfy-gpu-ci/test_workspaces/Sharp-2116/ComfyUI/custom_nodes/ComfyUI-Sharp/nodes/sharp/model.py", line 234 in forward
  [ComfyUI]   File "/home/runner/.ce/.pixi/envs/sharp-nodes/lib/python3.13/site-packages/torch/nn/modules/module.py", line 1787 in _call_impl
  [ComfyUI]   File "/home/runner/.ce/.pixi/envs/sharp-nodes/lib/python3.13/site-packages/torch/nn/modules/module.py", line 1787 in _call_impl
  [ComfyUI]   File "/home/runner/.ce/.pixi/envs/sharp-nodes/lib/python3.13/site-packages/torch/nn/modules/module.py", line 1776 in _wrapped_call_impl
  [ComfyUI]   File "/home/runner/.ce/.pixi/envs/sharp-nodes/lib/python3.13/site-packages/torch/nn/modules/module.py", line 1776 in _wrapped_call_impl
  [ComfyUI]   File "/home/runner/work/comfy-gpu-ci/comfy-gpu-ci/test_workspaces/Sharp-2116/ComfyUI/custom_nodes/ComfyUI-Sharp/nodes/sharp/model.py", line 309 in forward
  [ComfyUI]   File "/home/runner/work/comfy-gpu-ci/comfy-gpu-ci/test_workspaces/Sharp-2116/ComfyUI/custom_nodes/ComfyUI-Sharp/nodes/sharp/model.py", line 309 in forward
  [ComfyUI]   File "/home/runner/.ce/.pixi/envs/sharp-nodes/lib/python3.13/site-packages/torch/nn/modules/module.py", line 1787 in _call_impl
  [ComfyUI]   File "/home/runner/.ce/.pixi/envs/sharp-nodes/lib/python3.13/site-packages/torch/nn/modules/module.py", line 1787 in _call_impl
  [ComfyUI]   File "/home/runner/.ce/.pixi/envs/sharp-nodes/lib/python3.13/site-packages/torch/nn/modules/module.py", line 1776 in _wrapped_call_impl
  [ComfyUI]   File "/home/runner/.ce/.pixi/envs/sharp-nodes/lib/python3.13/site-packages/torch/nn/modules/module.py", line 1776 in _wrapped_call_impl
  [ComfyUI]   File "/home/runner/work/comfy-gpu-ci/comfy-gpu-ci/test_workspaces/Sharp-2116/ComfyUI/custom_nodes/ComfyUI-Sharp/nodes/sharp/model.py", line 412 in forward
  [ComfyUI]   File "/home/runner/work/comfy-gpu-ci/comfy-gpu-ci/test_workspaces/Sharp-2116/ComfyUI/custom_nodes/ComfyUI-Sharp/nodes/sharp/model.py", line 412 in forward
  [ComfyUI]   File "/home/runner/.ce/.pixi/envs/sharp-nodes/lib/python3.13/site-packages/torch/nn/modules/module.py", line 1787 in _call_impl
  [ComfyUI]   File "/home/runner/.ce/.pixi/envs/sharp-nodes/lib/python3.13/site-packages/torch/nn/modules/module.py", line 1787 in _call_impl
  [ComfyUI]   File "/home/runner/.ce/.pixi/envs/sharp-nodes/lib/python3.13/site-packages/torch/nn/modules/module.py", line 1776 in _wrapped_call_impl
  [ComfyUI]   File "/home/runner/.ce/.pixi/envs/sharp-nodes/lib/python3.13/site-packages/torch/nn/modules/module.py", line 1776 in _wrapped_call_impl
  [ComfyUI]   File "/home/runner/work/comfy-gpu-ci/comfy-gpu-ci/test_workspaces/Sharp-2116/ComfyUI/custom_nodes/ComfyUI-Sharp/nodes/sharp/model.py", line 685 in forward
  [ComfyUI]   File "/home/runner/work/comfy-gpu-ci/comfy-gpu-ci/test_workspaces/Sharp-2116/ComfyUI/custom_nodes/ComfyUI-Sharp/nodes/sharp/model.py", line 685 in forward
  [ComfyUI]   File "/home/runner/.ce/.pixi/envs/sharp-nodes/lib/python3.13/site-packages/torch/nn/modules/module.py", line 1787 in _call_impl
  [ComfyUI]   File "/home/runner/.ce/.pixi/envs/sharp-nodes/lib/python3.13/site-packages/torch/nn/modules/module.py", line 1787 in _call_impl
  [ComfyUI]   File "/home/runner/.ce/.pixi/envs/sharp-nodes/lib/python3.13/site-packages/torch/nn/modules/module.py", line 1776 in _wrapped_call_impl
  [ComfyUI]   File "/home/runner/.ce/.pixi/envs/sharp-nodes/lib/python3.13/site-packages/torch/nn/modules/module.py", line 1776 in _wrapped_call_impl
  [ComfyUI]   File "/home/runner/work/comfy-gpu-ci/comfy-gpu-ci/test_workspaces/Sharp-2116/ComfyUI/custom_nodes/ComfyUI-Sharp/nodes/sharp/model.py", line 1109 in forward
  [ComfyUI]   File "/home/runner/work/comfy-gpu-ci/comfy-gpu-ci/test_workspaces/Sharp-2116/ComfyUI/custom_nodes/ComfyUI-Sharp/nodes/sharp/model.py", line 1109 in forward
  [ComfyUI]   File "/home/runner/.ce/.pixi/envs/sharp-nodes/lib/python3.13/site-packages/torch/nn/modules/module.py", line 1787 in _call_impl
  [ComfyUI]   File "/home/runner/.ce/.pixi/envs/sharp-nodes/lib/python3.13/site-packages/torch/nn/modules/module.py", line 1787 in _call_impl
  [ComfyUI]   File "/home/runner/.ce/.pixi/envs/sharp-nodes/lib/python3.13/site-packages/torch/nn/modules/module.py", line 1776 in _wrapped_call_impl
  [ComfyUI]   File "/home/runner/.ce/.pixi/envs/sharp-nodes/lib/python3.13/site-packages/torch/nn/modules/module.py", line 1776 in _wrapped_call_impl
  [ComfyUI]   File "/home/runner/work/comfy-gpu-ci/comfy-gpu-ci/test_workspaces/Sharp-2116/ComfyUI/custom_nodes/ComfyUI-Sharp/nodes/sharp/model.py", line 2006 in encode
  [ComfyUI]   File "/home/runner/work/comfy-gpu-ci/comfy-gpu-ci/test_workspaces/Sharp-2116/ComfyUI/custom_nodes/ComfyUI-Sharp/nodes/sharp/model.py", line 2006 in encode
  [ComfyUI]   File "/home/runner/work/comfy-gpu-ci/comfy-gpu-ci/test_workspaces/Sharp-2116/ComfyUI/custom_nodes/ComfyUI-Sharp/nodes/predict.py", line 348 in _predict_image_cached
  [ComfyUI]   File "/home/runner/work/comfy-gpu-ci/comfy-gpu-ci/test_workspaces/Sharp-2116/ComfyUI/custom_nodes/ComfyUI-Sharp/nodes/predict.py", line 348 in _predict_image_cached
  [ComfyUI]   File "/home/runner/work/comfy-gpu-ci/comfy-gpu-ci/test_workspaces/Sharp-2116/ComfyUI/custom_nodes/ComfyUI-Sharp/nodes/predict.py", line 239 in execute
  [ComfyUI]   File "/home/runner/work/comfy-gpu-ci/comfy-gpu-ci/test_workspaces/Sharp-2116/ComfyUI/custom_nodes/ComfyUI-Sharp/nodes/predict.py", line 239 in execute
  [ComfyUI]   File "/home/runner/.ce/.pixi/envs/sharp-nodes/lib/python3.13/site-packages/torch/utils/_contextlib.py", line 124 in decorate_context
  [ComfyUI]   File "/home/runner/.ce/.pixi/envs/sharp-nodes/lib/python3.13/site-packages/torch/utils/_contextlib.py", line 124 in decorate_context
  [ComfyUI]   File "/home/runner/work/comfy-gpu-ci/comfy-gpu-ci/test_workspaces/Sharp-2116/ComfyUI/comfy_api/latest/_io.py", line 1892 in EXECUTE_NORMALIZED
  [ComfyUI]   File "/home/runner/work/comfy-gpu-ci/comfy-gpu-ci/test_workspaces/Sharp-2116/ComfyUI/comfy_api/latest/_io.py", line 1892 in EXECUTE_NORMALIZED
  [ComfyUI]   File "/tmp/comfyui_pvenv_ajc2vn_r/persistent_worker.py", line 1762 in main
  [ComfyUI]   File "/tmp/comfyui_pvenv_ajc2vn_r/persistent_worker.py", line 1762 in main
  [ComfyUI]   File "/tmp/comfyui_pvenv_ajc2vn_r/persistent_worker.py", line 1807 in <module>
  [ComfyUI]   File "/tmp/comfyui_pvenv_ajc2vn_r/persistent_worker.py", line 1807 in <module>
  [ComfyUI] 
  [ComfyUI] 
  [ComfyUI] [worker:ComfyUI-Sharp] === END ===
  [ComfyUI] [worker:ComfyUI-Sharp] === END ===
  [ComfyUI] 
  [ComfyUI] 
  [capture-loop] iter=2150 t=246.1s state={'complete': False, 'error': None, 'executedCount': 0, 'wsState': 1} eval_ms=3 ram=5.9/15.6GB (38%) swap=0.0/3.0GB (0%) cpu=46% browser_rss=0.86GB
  [capture-loop] iter=2200 t=251.8s state={'complete': False, 'error': None, 'executedCount': 0, 'wsState': 1} eval_ms=3 ram=5.8/15.6GB (37%) swap=0.0/3.0GB (0%) cpu=46% browser_rss=0.86GB
  [capture-loop] iter=2250 t=257.3s state={'complete': False, 'error': None, 'executedCount': 0, 'wsState': 1} eval_ms=2 ram=5.5/15.6GB (35%) swap=0.0/3.0GB (0%) cpu=43% browser_rss=0.86GB
  [capture-loop] iter=2300 t=262.9s state={'complete': False, 'error': None, 'executedCount': 0, 'wsState': 1} eval_ms=3 ram=5.9/15.6GB (38%) swap=0.0/3.0GB (0%) cpu=46% browser_rss=0.86GB
  [capture-loop] iter=2350 t=268.5s state={'complete': False, 'error': None, 'executedCount': 0, 'wsState': 1} eval_ms=2 ram=6.0/15.6GB (39%) swap=0.0/3.0GB (0%) cpu=46% browser_rss=0.86GB
  [capture-loop] iter=2400 t=274.1s state={'complete': False, 'error': None, 'executedCount': 0, 'wsState': 1} eval_ms=3 ram=6.4/15.6GB (41%) swap=0.0/3.0GB (0%) cpu=45% browser_rss=0.86GB
  [capture-loop] iter=2450 t=279.8s state={'complete': False, 'error': None, 'executedCount': 0, 'wsState': 1} eval_ms=3 ram=6.9/15.6GB (44%) swap=0.0/3.0GB (0%) cpu=45% browser_rss=0.86GB
  [capture-loop] iter=2500 t=285.3s state={'complete': False, 'error': None, 'executedCount': 0, 'wsState': 1} eval_ms=3 ram=8.1/15.6GB (52%) swap=0.0/3.0GB (0%) cpu=46% browser_rss=0.86GB
  [capture-loop] iter=2550 t=291.0s state={'complete': False, 'error': None, 'executedCount': 0, 'wsState': 1} eval_ms=6 ram=7.3/15.6GB (47%) swap=0.0/3.0GB (0%) cpu=44% browser_rss=0.86GB
  [capture-loop] iter=2600 t=296.7s state={'complete': False, 'error': None, 'executedCount': 0, 'wsState': 1} eval_ms=2 ram=7.1/15.6GB (45%) swap=0.0/3.0GB (0%) cpu=45% browser_rss=0.86GB
  [ComfyUI] [worker:ComfyUI-Sharp]
  [ComfyUI] [worker:ComfyUI-Sharp]
  [ComfyUI] === WATCHDOG TICK 5 ===
  [ComfyUI] === WATCHDOG TICK 5 ===
  [ComfyUI] [worker:ComfyUI-Sharp] Thread 0x00007fd2e7a156c0 (most recent call first):
  [ComfyUI] [worker:ComfyUI-Sharp] Thread 0x00007fd2e7a156c0 (most recent call first):
  [ComfyUI]   File "/home/runner/.ce/.pixi/envs/sharp-nodes/lib/python3.13/threading.py", line 363 in wait
  [ComfyUI]   File "/home/runner/.ce/.pixi/envs/sharp-nodes/lib/python3.13/threading.py", line 363 in wait
  [ComfyUI]   File "/home/runner/.ce/.pixi/envs/sharp-nodes/lib/python3.13/threading.py", line 660 in wait
  [ComfyUI]   File "/home/runner/.ce/.pixi/envs/sharp-nodes/lib/python3.13/threading.py", line 660 in wait
  [ComfyUI]   File "/home/runner/.ce/.pixi/envs/sharp-nodes/lib/python3.13/site-packages/tqdm/_monitor.py", line 69 in run
  [ComfyUI]   File "/home/runner/.ce/.pixi/envs/sharp-nodes/lib/python3.13/site-packages/tqdm/_monitor.py", line 69 in run
  [ComfyUI]   File "/home/runner/.ce/.pixi/envs/sharp-nodes/lib/python3.13/threading.py", line 1044 in _bootstrap_inner
  [ComfyUI]   File "/home/runner/.ce/.pixi/envs/sharp-nodes/lib/python3.13/threading.py", line 1044 in _bootstrap_inner
  [ComfyUI]   File "/home/runner/.ce/.pixi/envs/sharp-nodes/lib/python3.13/threading.py", line 1015 in _bootstrap
  [ComfyUI]   File "/home/runner/.ce/.pixi/envs/sharp-nodes/lib/python3.13/threading.py", line 1015 in _bootstrap
  [ComfyUI] 
  [ComfyUI] 
  [ComfyUI] Current thread 0x00007fd327d8c6c0 (most recent call first):
  [ComfyUI] Current thread 0x00007fd327d8c6c0 (most recent call first):
  [ComfyUI]   File "/tmp/comfyui_pvenv_ajc2vn_r/persistent_worker.py", line 52 in _watchdog
  [ComfyUI]   File "/tmp/comfyui_pvenv_ajc2vn_r/persistent_worker.py", line 52 in _watchdog
  [ComfyUI]   File "/home/runner/.ce/.pixi/envs/sharp-nodes/lib/python3.13/threading.py", line 995 in run
  [ComfyUI]   File "/home/runner/.ce/.pixi/envs/sharp-nodes/lib/python3.13/threading.py", line 995 in run
  [ComfyUI]   File "/home/runner/.ce/.pixi/envs/sharp-nodes/lib/python3.13/threading.py", line 1044 in _bootstrap_inner
  [ComfyUI]   File "/home/runner/.ce/.pixi/envs/sharp-nodes/lib/python3.13/threading.py", line 1044 in _bootstrap_inner
  [ComfyUI]   File "/home/runner/.ce/.pixi/envs/sharp-nodes/lib/python3.13/threading.py", line 1015 in _bootstrap
  [ComfyUI]   File "/home/runner/.ce/.pixi/envs/sharp-nodes/lib/python3.13/threading.py", line 1015 in _bootstrap
  [ComfyUI] 
  [ComfyUI] 
  [ComfyUI] Thread 0x00007fd3288b2740 (most recent call first):
  [ComfyUI] Thread 0x00007fd3288b2740 (most recent call first):
  [ComfyUI]   File "/home/runner/.ce/.pixi/envs/sharp-nodes/lib/python3.13/site-packages/torch/nn/modules/conv.py", line 548 in _conv_forward
  [ComfyUI]   File "/home/runner/.ce/.pixi/envs/sharp-nodes/lib/python3.13/site-packages/torch/nn/modules/conv.py", line 548 in _conv_forward
  [ComfyUI]   File "/home/runner/.ce/.pixi/envs/sharp-nodes/lib/python3.13/site-packages/torch/nn/modules/conv.py", line 553 in forward
  [ComfyUI]   File "/home/runner/.ce/.pixi/envs/sharp-nodes/lib/python3.13/site-packages/torch/nn/modules/conv.py", line 553 in forward
  [ComfyUI]   File "/home/runner/work/comfy-gpu-ci/comfy-gpu-ci/test_workspaces/Sharp-2116/ComfyUI/comfy/ops.py", line 537 in forward
  [ComfyUI]   File "/home/runner/work/comfy-gpu-ci/comfy-gpu-ci/test_workspaces/Sharp-2116/ComfyUI/comfy/ops.py", line 537 in forward
  [ComfyUI]   File "/home/runner/.ce/.pixi/envs/sharp-nodes/lib/python3.13/site-packages/torch/nn/modules/module.py", line 1787 in _call_impl
  [ComfyUI]   File "/home/runner/.ce/.pixi/envs/sharp-nodes/lib/python3.13/site-packages/torch/nn/modules/module.py", line 1787 in _call_impl
  [ComfyUI]   File "/home/runner/.ce/.pixi/envs/sharp-nodes/lib/python3.13/site-packages/torch/nn/modules/module.py", line 1776 in _wrapped_call_impl
  [ComfyUI]   File "/home/runner/.ce/.pixi/envs/sharp-nodes/lib/python3.13/site-packages/torch/nn/modules/module.py", line 1776 in _wrapped_call_impl
  [ComfyUI]   File "/home/runner/.ce/.pixi/envs/sharp-nodes/lib/python3.13/site-packages/torch/nn/modules/container.py", line 253 in forward
  [ComfyUI]   File "/home/runner/.ce/.pixi/envs/sharp-nodes/lib/python3.13/site-packages/torch/nn/modules/container.py", line 253 in forward
  [ComfyUI]   File "/home/runner/.ce/.pixi/envs/sharp-nodes/lib/python3.13/site-packages/torch/nn/modules/module.py", line 1787 in _call_impl
  [ComfyUI]   File "/home/runner/.ce/.pixi/envs/sharp-nodes/lib/python3.13/site-packages/torch/nn/modules/module.py", line 1787 in _call_impl
  [ComfyUI]   File "/home/runner/.ce/.pixi/envs/sharp-nodes/lib/python3.13/site-packages/torch/nn/modules/module.py", line 1776 in _wrapped_call_impl
  [ComfyUI]   File "/home/runner/.ce/.pixi/envs/sharp-nodes/lib/python3.13/site-packages/torch/nn/modules/module.py", line 1776 in _wrapped_call_impl
  [ComfyUI]   File "/home/runner/work/comfy-gpu-ci/comfy-gpu-ci/test_workspaces/Sharp-2116/ComfyUI/custom_nodes/ComfyUI-Sharp/nodes/sharp/model.py", line 766 in forward
  [ComfyUI]   File "/home/runner/work/comfy-gpu-ci/comfy-gpu-ci/test_workspaces/Sharp-2116/ComfyUI/custom_nodes/ComfyUI-Sharp/nodes/sharp/model.py", line 766 in forward
  [ComfyUI]   File "/home/runner/.ce/.pixi/envs/sharp-nodes/lib/python3.13/site-packages/torch/nn/modules/module.py", line 1787 in _call_impl
  [ComfyUI]   File "/home/runner/.ce/.pixi/envs/sharp-nodes/lib/python3.13/site-packages/torch/nn/modules/module.py", line 1787 in _call_impl
  [ComfyUI]   File "/home/runner/.ce/.pixi/envs/sharp-nodes/lib/python3.13/site-packages/torch/nn/modules/module.py", line 1776 in _wrapped_call_impl
  [ComfyUI]   File "/home/runner/.ce/.pixi/envs/sharp-nodes/lib/python3.13/site-packages/torch/nn/modules/module.py", line 1776 in _wrapped_call_impl
  [ComfyUI]   File "/home/runner/work/comfy-gpu-ci/comfy-gpu-ci/test_workspaces/Sharp-2116/ComfyUI/custom_nodes/ComfyUI-Sharp/nodes/sharp/model.py", line 858 in forward
  [ComfyUI]   File "/home/runner/work/comfy-gpu-ci/comfy-gpu-ci/test_workspaces/Sharp-2116/ComfyUI/custom_nodes/ComfyUI-Sharp/nodes/sharp/model.py", line 858 in forward
  [ComfyUI]   File "/home/runner/.ce/.pixi/envs/sharp-nodes/lib/python3.13/site-packages/torch/nn/modules/module.py", line 1787 in _call_impl
  [ComfyUI]   File "/home/runner/.ce/.pixi/envs/sharp-nodes/lib/python3.13/site-packages/torch/nn/modules/module.py", line 1787 in _call_impl
  [ComfyUI]   File "/home/runner/.ce/.pixi/envs/sharp-nodes/lib/python3.13/site-packages/torch/nn/modules/module.py", line 1776 in _wrapped_call_impl
  [ComfyUI]   File "/home/runner/.ce/.pixi/envs/sharp-nodes/lib/python3.13/site-packages/torch/nn/modules/module.py", line 1776 in _wrapped_call_impl
  [ComfyUI]   File "/home/runner/work/comfy-gpu-ci/comfy-gpu-ci/test_workspaces/Sharp-2116/ComfyUI/custom_nodes/ComfyUI-Sharp/nodes/sharp/model.py", line 970 in forward
  [ComfyUI]   File "/home/runner/work/comfy-gpu-ci/comfy-gpu-ci/test_workspaces/Sharp-2116/ComfyUI/custom_nodes/ComfyUI-Sharp/nodes/sharp/model.py", line 970 in forward
  [ComfyUI]   File "/home/runner/.ce/.pixi/envs/sharp-nodes/lib/python3.13/site-packages/torch/nn/modules/module.py", line 1787 in _call_impl
  [ComfyUI]   File "/home/runner/.ce/.pixi/envs/sharp-nodes/lib/python3.13/site-packages/torch/nn/modules/module.py", line 1787 in _call_impl
  [ComfyUI]   File "/home/runner/.ce/.pixi/envs/sharp-nodes/lib/python3.13/site-packages/torch/nn/modules/module.py", line 1776 in _wrapped_call_impl
  [ComfyUI]   File "/home/runner/.ce/.pixi/envs/sharp-nodes/lib/python3.13/site-packages/torch/nn/modules/module.py", line 1776 in _wrapped_call_impl
  [ComfyUI]   File "/home/runner/work/comfy-gpu-ci/comfy-gpu-ci/test_workspaces/Sharp-2116/ComfyUI/custom_nodes/ComfyUI-Sharp/nodes/sharp/model.py", line 1118 in forward
  [ComfyUI]   File "/home/runner/work/comfy-gpu-ci/comfy-gpu-ci/test_workspaces/Sharp-2116/ComfyUI/custom_nodes/ComfyUI-Sharp/nodes/sharp/model.py", line 1118 in forward
  [ComfyUI]   File "/home/runner/.ce/.pixi/envs/sharp-nodes/lib/python3.13/site-packages/torch/nn/modules/module.py", line 1787 in _call_impl
  [ComfyUI]   File "/home/runner/.ce/.pixi/envs/sharp-nodes/lib/python3.13/site-packages/torch/nn/modules/module.py", line 1787 in _call_impl
  [ComfyUI]   File "/home/runner/.ce/.pixi/envs/sharp-nodes/lib/python3.13/site-packages/torch/nn/modules/module.py", line 1776 in _wrapped_call_impl
  [ComfyUI]   File "/home/runner/.ce/.pixi/envs/sharp-nodes/lib/python3.13/site-packages/torch/nn/modules/module.py", line 1776 in _wrapped_call_impl
  [ComfyUI]   File "/home/runner/work/comfy-gpu-ci/comfy-gpu-ci/test_workspaces/Sharp-2116/ComfyUI/custom_nodes/ComfyUI-Sharp/nodes/sharp/model.py", line 2006 in encode
  [ComfyUI]   File "/home/runner/work/comfy-gpu-ci/comfy-gpu-ci/test_workspaces/Sharp-2116/ComfyUI/custom_nodes/ComfyUI-Sharp/nodes/sharp/model.py", line 2006 in encode
  [ComfyUI]   File "/home/runner/work/comfy-gpu-ci/comfy-gpu-ci/test_workspaces/Sharp-2116/ComfyUI/custom_nodes/ComfyUI-Sharp/nodes/predict.py", line 348 in _predict_image_cached
  [ComfyUI]   File "/home/runner/work/comfy-gpu-ci/comfy-gpu-ci/test_workspaces/Sharp-2116/ComfyUI/custom_nodes/ComfyUI-Sharp/nodes/predict.py", line 348 in _predict_image_cached
  [ComfyUI]   File "/home/runner/work/comfy-gpu-ci/comfy-gpu-ci/test_workspaces/Sharp-2116/ComfyUI/custom_nodes/ComfyUI-Sharp/nodes/predict.py", line 239 in execute
  [ComfyUI]   File "/home/runner/work/comfy-gpu-ci/comfy-gpu-ci/test_workspaces/Sharp-2116/ComfyUI/custom_nodes/ComfyUI-Sharp/nodes/predict.py", line 239 in execute
  [ComfyUI]   File "/home/runner/.ce/.pixi/envs/sharp-nodes/lib/python3.13/site-packages/torch/utils/_contextlib.py", line 124 in decorate_context
  [ComfyUI]   File "/home/runner/.ce/.pixi/envs/sharp-nodes/lib/python3.13/site-packages/torch/utils/_contextlib.py", line 124 in decorate_context
  [ComfyUI]   File "/home/runner/work/comfy-gpu-ci/comfy-gpu-ci/test_workspaces/Sharp-2116/ComfyUI/comfy_api/latest/_io.py", line 1892 in EXECUTE_NORMALIZED
  [ComfyUI]   File "/home/runner/work/comfy-gpu-ci/comfy-gpu-ci/test_workspaces/Sharp-2116/ComfyUI/comfy_api/latest/_io.py", line 1892 in EXECUTE_NORMALIZED
  [ComfyUI]   File "/tmp/comfyui_pvenv_ajc2vn_r/persistent_worker.py", line 1762 in main
  [ComfyUI]   File "/tmp/comfyui_pvenv_ajc2vn_r/persistent_worker.py", line 1762 in main
  [ComfyUI]   File "/tmp/comfyui_pvenv_ajc2vn_r/persistent_worker.py", line 1807 in <module>
  [ComfyUI]   File "/tmp/comfyui_pvenv_ajc2vn_r/persistent_worker.py", line 1807 in <module>
  [ComfyUI] 
  [ComfyUI] 
  [ComfyUI] [worker:ComfyUI-Sharp] === END ===
  [ComfyUI] [worker:ComfyUI-Sharp] === END ===
  [ComfyUI] 
  [ComfyUI] 
  [capture-loop] iter=2650 t=302.2s state={'complete': False, 'error': None, 'executedCount': 0, 'wsState': 1} eval_ms=5 ram=7.4/15.6GB (48%) swap=0.0/3.0GB (0%) cpu=43% browser_rss=0.86GB
  [capture-loop] iter=2700 t=307.9s state={'complete': False, 'error': None, 'executedCount': 0, 'wsState': 1} eval_ms=3 ram=8.8/15.6GB (57%) swap=0.0/3.0GB (0%) cpu=46% browser_rss=0.86GB
  [capture-loop] iter=2750 t=313.4s state={'complete': False, 'error': None, 'executedCount': 0, 'wsState': 1} eval_ms=3 ram=9.4/15.6GB (60%) swap=0.0/3.0GB (0%) cpu=45% browser_rss=0.86GB
  [capture-loop] iter=2800 t=319.1s state={'complete': False, 'error': None, 'executedCount': 0, 'wsState': 1} eval_ms=3 ram=9.4/15.6GB (60%) swap=0.0/3.0GB (0%) cpu=44% browser_rss=0.86GB
  [capture-loop] iter=2850 t=324.7s state={'complete': False, 'error': None, 'executedCount': 0, 'wsState': 1} eval_ms=7 ram=9.2/15.6GB (59%) swap=0.0/3.0GB (0%) cpu=44% browser_rss=0.86GB
  [capture-loop] iter=2900 t=330.3s state={'complete': False, 'error': None, 'executedCount': 0, 'wsState': 1} eval_ms=3 ram=7.3/15.6GB (47%) swap=0.0/3.0GB (0%) cpu=46% browser_rss=0.86GB
  [capture-loop] iter=2950 t=336.0s state={'complete': False, 'error': None, 'executedCount': 0, 'wsState': 1} eval_ms=3 ram=9.8/15.6GB (63%) swap=0.0/3.0GB (0%) cpu=47% browser_rss=0.86GB
  [capture-loop] iter=3000 t=341.6s state={'complete': False, 'error': None, 'executedCount': 0, 'wsState': 1} eval_ms=3 ram=6.8/15.6GB (44%) swap=0.0/3.0GB (0%) cpu=45% browser_rss=0.86GB
  [capture-loop] iter=3050 t=347.2s state={'complete': False, 'error': None, 'executedCount': 0, 'wsState': 1} eval_ms=2 ram=7.5/15.6GB (48%) swap=0.0/3.0GB (0%) cpu=46% browser_rss=0.86GB
  [capture-loop] iter=3100 t=352.9s state={'complete': False, 'error': None, 'executedCount': 0, 'wsState': 1} eval_ms=2 ram=8.4/15.6GB (54%) swap=0.0/3.0GB (0%) cpu=46% browser_rss=0.86GB
  [capture-loop] iter=3150 t=358.6s state={'complete': False, 'error': None, 'executedCount': 0, 'wsState': 1} eval_ms=13 ram=8.0/15.6GB (51%) swap=0.0/3.0GB (0%) cpu=49% browser_rss=0.86GB
  [ComfyUI] [worker:ComfyUI-Sharp]
  [ComfyUI] [worker:ComfyUI-Sharp]
  [ComfyUI] === WATCHDOG TICK 6 ===
  [ComfyUI] === WATCHDOG TICK 6 ===
  [ComfyUI] [worker:ComfyUI-Sharp] Thread 0x00007fd2e7a156c0 (most recent call first):
  [ComfyUI] [worker:ComfyUI-Sharp] Thread 0x00007fd2e7a156c0 (most recent call first):
  [ComfyUI]   File "/home/runner/.ce/.pixi/envs/sharp-nodes/lib/python3.13/threading.py", line 363 in wait
  [ComfyUI]   File "/home/runner/.ce/.pixi/envs/sharp-nodes/lib/python3.13/threading.py", line 363 in wait
  [ComfyUI]   File "/home/runner/.ce/.pixi/envs/sharp-nodes/lib/python3.13/threading.py", line 660 in wait
  [ComfyUI]   File "/home/runner/.ce/.pixi/envs/sharp-nodes/lib/python3.13/threading.py", line 660 in wait
  [ComfyUI]   File "/home/runner/.ce/.pixi/envs/sharp-nodes/lib/python3.13/site-packages/tqdm/_monitor.py", line 69 in run
  [ComfyUI]   File "/home/runner/.ce/.pixi/envs/sharp-nodes/lib/python3.13/site-packages/tqdm/_monitor.py", line 69 in run
  [ComfyUI]   File "/home/runner/.ce/.pixi/envs/sharp-nodes/lib/python3.13/threading.py", line 1044 in _bootstrap_inner
  [ComfyUI]   File "/home/runner/.ce/.pixi/envs/sharp-nodes/lib/python3.13/threading.py", line 1044 in _bootstrap_inner
  [ComfyUI]   File "/home/runner/.ce/.pixi/envs/sharp-nodes/lib/python3.13/threading.py", line 1015 in _bootstrap
  [ComfyUI]   File "/home/runner/.ce/.pixi/envs/sharp-nodes/lib/python3.13/threading.py", line 1015 in _bootstrap
  [ComfyUI] 
  [ComfyUI] 
  [ComfyUI] Current thread 0x00007fd327d8c6c0 (most recent call first):
  [ComfyUI] Current thread 0x00007fd327d8c6c0 (most recent call first):
  [ComfyUI]   File "/tmp/comfyui_pvenv_ajc2vn_r/persistent_worker.py", line 52 in _watchdog
  [ComfyUI]   File "/tmp/comfyui_pvenv_ajc2vn_r/persistent_worker.py", line 52 in _watchdog
  [ComfyUI]   File "/home/runner/.ce/.pixi/envs/sharp-nodes/lib/python3.13/threading.py", line 995 in run
  [ComfyUI]   File "/home/runner/.ce/.pixi/envs/sharp-nodes/lib/python3.13/threading.py", line 995 in run
  [ComfyUI]   File "/home/runner/.ce/.pixi/envs/sharp-nodes/lib/python3.13/threading.py", line 1044 in _bootstrap_inner
  [ComfyUI]   File "/home/runner/.ce/.pixi/envs/sharp-nodes/lib/python3.13/threading.py", line 1044 in _bootstrap_inner
  [ComfyUI]   File "/home/runner/.ce/.pixi/envs/sharp-nodes/lib/python3.13/threading.py", line 1015 in _bootstrap
  [ComfyUI]   File "/home/runner/.ce/.pixi/envs/sharp-nodes/lib/python3.13/threading.py", line 1015 in _bootstrap
  [ComfyUI] 
  [ComfyUI] 
  [ComfyUI] Thread 0x00007fd3288b2740 (most recent call first):
  [ComfyUI] Thread 0x00007fd3288b2740 (most recent call first):
  [ComfyUI]   File "/home/runner/.ce/.pixi/envs/sharp-nodes/lib/python3.13/site-packages/torch/nn/modules/conv.py", line 548 in _conv_forward
  [ComfyUI]   File "/home/runner/.ce/.pixi/envs/sharp-nodes/lib/python3.13/site-packages/torch/nn/modules/conv.py", line 548 in _conv_forward
  [ComfyUI]   File "/home/runner/.ce/.pixi/envs/sharp-nodes/lib/python3.13/site-packages/torch/nn/modules/conv.py", line 553 in forward
  [ComfyUI]   File "/home/runner/.ce/.pixi/envs/sharp-nodes/lib/python3.13/site-packages/torch/nn/modules/conv.py", line 553 in forward
  [ComfyUI]   File "/home/runner/work/comfy-gpu-ci/comfy-gpu-ci/test_workspaces/Sharp-2116/ComfyUI/comfy/ops.py", line 537 in forward
  [ComfyUI]   File "/home/runner/work/comfy-gpu-ci/comfy-gpu-ci/test_workspaces/Sharp-2116/ComfyUI/comfy/ops.py", line 537 in forward
  [ComfyUI]   File "/home/runner/.ce/.pixi/envs/sharp-nodes/lib/python3.13/site-packages/torch/nn/modules/module.py", line 1787 in _call_impl
  [ComfyUI]   File "/home/runner/.ce/.pixi/envs/sharp-nodes/lib/python3.13/site-packages/torch/nn/modules/module.py", line 1787 in _call_impl
  [ComfyUI]   File "/home/runner/.ce/.pixi/envs/sharp-nodes/lib/python3.13/site-packages/torch/nn/modules/module.py", line 1776 in _wrapped_call_impl
  [ComfyUI]   File "/home/runner/.ce/.pixi/envs/sharp-nodes/lib/python3.13/site-packages/torch/nn/modules/module.py", line 1776 in _wrapped_call_impl
  [ComfyUI]   File "/home/runner/.ce/.pixi/envs/sharp-nodes/lib/python3.13/site-packages/torch/nn/modules/container.py", line 253 in forward
  [ComfyUI]   File "/home/runner/.ce/.pixi/envs/sharp-nodes/lib/python3.13/site-packages/torch/nn/modules/container.py", line 253 in forward
  [ComfyUI]   File "/home/runner/.ce/.pixi/envs/sharp-nodes/lib/python3.13/site-packages/torch/nn/modules/module.py", line 1787 in _call_impl
  [ComfyUI]   File "/home/runner/.ce/.pixi/envs/sharp-nodes/lib/python3.13/site-packages/torch/nn/modules/module.py", line 1787 in _call_impl
  [ComfyUI]   File "/home/runner/.ce/.pixi/envs/sharp-nodes/lib/python3.13/site-packages/torch/nn/modules/module.py", line 1776 in _wrapped_call_impl
  [ComfyUI]   File "/home/runner/.ce/.pixi/envs/sharp-nodes/lib/python3.13/site-packages/torch/nn/modules/module.py", line 1776 in _wrapped_call_impl
  [ComfyUI]   File "/home/runner/work/comfy-gpu-ci/comfy-gpu-ci/test_workspaces/Sharp-2116/ComfyUI/custom_nodes/ComfyUI-Sharp/nodes/sharp/model.py", line 766 in forward
  [ComfyUI]   File "/home/runner/work/comfy-gpu-ci/comfy-gpu-ci/test_workspaces/Sharp-2116/ComfyUI/custom_nodes/ComfyUI-Sharp/nodes/sharp/model.py", line 766 in forward
  [ComfyUI]   File "/home/runner/.ce/.pixi/envs/sharp-nodes/lib/python3.13/site-packages/torch/nn/modules/module.py", line 1787 in _call_impl
  [ComfyUI]   File "/home/runner/.ce/.pixi/envs/sharp-nodes/lib/python3.13/site-packages/torch/nn/modules/module.py", line 1787 in _call_impl
  [ComfyUI]   File "/home/runner/.ce/.pixi/envs/sharp-nodes/lib/python3.13/site-packages/torch/nn/modules/module.py", line 1776 in _wrapped_call_impl
  [ComfyUI]   File "/home/runner/.ce/.pixi/envs/sharp-nodes/lib/python3.13/site-packages/torch/nn/modules/module.py", line 1776 in _wrapped_call_impl
  [ComfyUI]   File "/home/runner/work/comfy-gpu-ci/comfy-gpu-ci/test_workspaces/Sharp-2116/ComfyUI/custom_nodes/ComfyUI-Sharp/nodes/sharp/model.py", line 858 in forward
  [ComfyUI]   File "/home/runner/work/comfy-gpu-ci/comfy-gpu-ci/test_workspaces/Sharp-2116/ComfyUI/custom_nodes/ComfyUI-Sharp/nodes/sharp/model.py", line 858 in forward
  [ComfyUI]   File "/home/runner/.ce/.pixi/envs/sharp-nodes/lib/python3.13/site-packages/torch/nn/modules/module.py", line 1787 in _call_impl
  [ComfyUI]   File "/home/runner/.ce/.pixi/envs/sharp-nodes/lib/python3.13/site-packages/torch/nn/modules/module.py", line 1787 in _call_impl
  [ComfyUI]   File "/home/runner/.ce/.pixi/envs/sharp-nodes/lib/python3.13/site-packages/torch/nn/modules/module.py", line 1776 in _wrapped_call_impl
  [ComfyUI]   File "/home/runner/.ce/.pixi/envs/sharp-nodes/lib/python3.13/site-packages/torch/nn/modules/module.py", line 1776 in _wrapped_call_impl
  [ComfyUI]   File "/home/runner/work/comfy-gpu-ci/comfy-gpu-ci/test_workspaces/Sharp-2116/ComfyUI/custom_nodes/ComfyUI-Sharp/nodes/sharp/model.py", line 1352 in forward
  [ComfyUI]   File "/home/runner/work/comfy-gpu-ci/comfy-gpu-ci/test_workspaces/Sharp-2116/ComfyUI/custom_nodes/ComfyUI-Sharp/nodes/sharp/model.py", line 1352 in forward
  [ComfyUI]   File "/home/runner/.ce/.pixi/envs/sharp-nodes/lib/python3.13/site-packages/torch/nn/modules/module.py", line 1787 in _call_impl
  [ComfyUI]   File "/home/runner/.ce/.pixi/envs/sharp-nodes/lib/python3.13/site-packages/torch/nn/modules/module.py", line 1787 in _call_impl
  [ComfyUI]   File "/home/runner/.ce/.pixi/envs/sharp-nodes/lib/python3.13/site-packages/torch/nn/modules/module.py", line 1776 in _wrapped_call_impl
  [ComfyUI]   File "/home/runner/.ce/.pixi/envs/sharp-nodes/lib/python3.13/site-packages/torch/nn/modules/module.py", line 1776 in _wrapped_call_impl
  [ComfyUI]   File "/home/runner/work/comfy-gpu-ci/comfy-gpu-ci/test_workspaces/Sharp-2116/ComfyUI/custom_nodes/ComfyUI-Sharp/nodes/sharp/model.py", line 2030 in decode
  [ComfyUI]   File "/home/runner/work/comfy-gpu-ci/comfy-gpu-ci/test_workspaces/Sharp-2116/ComfyUI/custom_nodes/ComfyUI-Sharp/nodes/sharp/model.py", line 2030 in decode
  [ComfyUI]   File "/home/runner/work/comfy-gpu-ci/comfy-gpu-ci/test_workspaces/Sharp-2116/ComfyUI/custom_nodes/ComfyUI-Sharp/nodes/predict.py", line 379 in _predict_image_cached
  [ComfyUI]   File "/home/runner/work/comfy-gpu-ci/comfy-gpu-ci/test_workspaces/Sharp-2116/ComfyUI/custom_nodes/ComfyUI-Sharp/nodes/predict.py", line 379 in _predict_image_cached
  [ComfyUI]   File "/home/runner/work/comfy-gpu-ci/comfy-gpu-ci/test_workspaces/Sharp-2116/ComfyUI/custom_nodes/ComfyUI-Sharp/nodes/predict.py", line 239 in execute
  [ComfyUI]   File "/home/runner/work/comfy-gpu-ci/comfy-gpu-ci/test_workspaces/Sharp-2116/ComfyUI/custom_nodes/ComfyUI-Sharp/nodes/predict.py", line 239 in execute
  [ComfyUI]   File "/home/runner/.ce/.pixi/envs/sharp-nodes/lib/python3.13/site-packages/torch/utils/_contextlib.py", line 124 in decorate_context
  [ComfyUI]   File "/home/runner/.ce/.pixi/envs/sharp-nodes/lib/python3.13/site-packages/torch/utils/_contextlib.py", line 124 in decorate_context
  [ComfyUI]   File "/home/runner/work/comfy-gpu-ci/comfy-gpu-ci/test_workspaces/Sharp-2116/ComfyUI/comfy_api/latest/_io.py", line 1892 in EXECUTE_NORMALIZED
  [ComfyUI]   File "/home/runner/work/comfy-gpu-ci/comfy-gpu-ci/test_workspaces/Sharp-2116/ComfyUI/comfy_api/latest/_io.py", line 1892 in EXECUTE_NORMALIZED
  [ComfyUI]   File "/tmp/comfyui_pvenv_ajc2vn_r/persistent_worker.py", line 1762 in main
  [ComfyUI]   File "/tmp/comfyui_pvenv_ajc2vn_r/persistent_worker.py", line 1762 in main
  [ComfyUI]   File "/tmp/comfyui_pvenv_ajc2vn_r/persistent_worker.py", line 1807 in <module>
  [ComfyUI]   File "/tmp/comfyui_pvenv_ajc2vn_r/persistent_worker.py", line 1807 in <module>
  [ComfyUI] 
  [ComfyUI] 
  [ComfyUI] [worker:ComfyUI-Sharp] === END ===
  [ComfyUI] [worker:ComfyUI-Sharp] === END ===
  [ComfyUI] 
  [ComfyUI] 
  [capture-loop] iter=3200 t=364.1s state={'complete': False, 'error': None, 'executedCount': 0, 'wsState': 1} eval_ms=3 ram=8.3/15.6GB (53%) swap=0.0/3.0GB (0%) cpu=47% browser_rss=0.86GB
  [capture-loop] iter=3250 t=369.8s state={'complete': False, 'error': None, 'executedCount': 0, 'wsState': 1} eval_ms=3 ram=8.1/15.6GB (52%) swap=0.0/3.0GB (0%) cpu=46% browser_rss=0.86GB
  [capture-loop] iter=3300 t=375.4s state={'complete': False, 'error': None, 'executedCount': 0, 'wsState': 1} eval_ms=2 ram=7.8/15.6GB (50%) swap=0.0/3.0GB (0%) cpu=48% browser_rss=0.86GB
  [ComfyUI] [SubprocessWorker] callback 'report_progress' from call_id=2
  [ComfyUI] [SubprocessWorker] callback 'report_progress' from call_id=2
  [capture-loop] iter=3350 t=381.0s state={'complete': False, 'error': None, 'executedCount': 0, 'wsState': 1} eval_ms=4 ram=6.7/15.6GB (43%) swap=0.0/3.0GB (0%) cpu=46% browser_rss=0.86GB
  [ComfyUI] [SubprocessWorker] got response: ok
  [ComfyUI] [SubprocessWorker] got response: ok
  [ComfyUI] [comfy-env] SharpPredict done (365.70s): result: NodeOutput
  [ComfyUI] [comfy-env] SharpPredict done (365.70s): result: NodeOutput
  [ComfyUI] [comfy-env] Running PreviewGaussianSharp: ply_path: '/home/runner/work/comfy-gpu-ci/comfy-gpu-ci/test_workspa..., extrinsics: list[4], intrinsics: list[3]
  [ComfyUI] [comfy-env] Running PreviewGaussianSharp: ply_path: '/home/runner/work/comfy-gpu-ci/comfy-gpu-ci/test_workspa..., extrinsics: list[4], intrinsics: list[3]
  [ComfyUI] [SubprocessWorker] call_method: nodes.preview_gaussian_sharp.PreviewGaussianSharp.EXECUTE_NORMALIZED
  [ComfyUI] [SubprocessWorker] call_method: nodes.preview_gaussian_sharp.PreviewGaussianSharp.EXECUTE_NORMALIZED
  [ComfyUI] [SubprocessWorker] acquired lock, ensuring started...
  [ComfyUI] [SubprocessWorker] acquired lock, ensuring started...
  [ComfyUI] [comfy-env] SubprocessWorker: /home/runner/.ce/.pixi/envs/gaussianpack-nodes/bin/python
  [ComfyUI] [comfy-env] SubprocessWorker: /home/runner/.ce/.pixi/envs/gaussianpack-nodes/bin/python
  [ComfyUI] [comfy-env] env_vars: {'COMFYUI_BASE': '/home/runner/work/comfy-gpu-ci/comfy-gpu-ci/test_workspaces/Sharp-2116/ComfyUI'}
  [ComfyUI] [comfy-env] env_vars: {'COMFYUI_BASE': '/home/runner/work/comfy-gpu-ci/comfy-gpu-ci/test_workspaces/Sharp-2116/ComfyUI'}
  [ComfyUI] [ComfyUI-GaussianPack] python: /home/runner/.ce/.pixi/envs/gaussianpack-nodes/bin/python
  [ComfyUI] [ComfyUI-GaussianPack] python: /home/runner/.ce/.pixi/envs/gaussianpack-nodes/bin/python
  [ComfyUI] [ComfyUI-GaussianPack] sys_path sent to worker: ['/home/runner/work/comfy-gpu-ci/comfy-gpu-ci/test_workspaces/Sharp-2116/ComfyUI', '/home/runner/work/comfy-gpu-ci/comfy-gpu-ci/test_workspaces/Sharp-2116/ComfyUI/custom_nodes/ComfyUI-GaussianPack', '/home/runner/.ce/.pixi/envs/gaussianpack-nodes/lib/python3.13/site-packages', '/home/runner/work/comfy-gpu-ci/comfy-gpu-ci/test_workspaces/Sharp-2116/ComfyUI/custom_nodes/ComfyUI-GaussianPack']
  [ComfyUI] [ComfyUI-GaussianPack] sys_path sent to worker: ['/home/runner/work/comfy-gpu-ci/comfy-gpu-ci/test_workspaces/Sharp-2116/ComfyUI', '/home/runner/work/comfy-gpu-ci/comfy-gpu-ci/test_workspaces/Sharp-2116/ComfyUI/custom_nodes/ComfyUI-GaussianPack', '/home/runner/.ce/.pixi/envs/gaussianpack-nodes/lib/python3.13/site-packages', '/home/runner/work/comfy-gpu-ci/comfy-gpu-ci/test_workspaces/Sharp-2116/ComfyUI/custom_nodes/ComfyUI-GaussianPack']
  [ComfyUI] [SubprocessWorker] is_pixi=True, python=/home/runner/.ce/.pixi/envs/gaussianpack-nodes/bin/python
  [ComfyUI] [SubprocessWorker] is_pixi=True, python=/home/runner/.ce/.pixi/envs/gaussianpack-nodes/bin/python
  [ComfyUI] [SubprocessWorker] launching cmd=['/home/runner/.pixi/bin/pixi', 'run', '--as-is', '--manifest-path', '/home/runner/.ce/pixi.toml', '-e', 'gaussianpack-nodes', 'python', '/tmp/comfyui_pvenv_jxdvk3x_/persistent_worker.py', 'abstract://comfy_worker_716c21d91443']...
  [ComfyUI] [SubprocessWorker] launching cmd=['/home/runner/.pixi/bin/pixi', 'run', '--as-is', '--manifest-path', '/home/runner/.ce/pixi.toml', '-e', 'gaussianpack-nodes', 'python', '/tmp/comfyui_pvenv_jxdvk3x_/persistent_worker.py', 'abstract://comfy_worker_716c21d91443']...
  [ComfyUI] [SubprocessWorker] socket_addr=abstract://comfy_worker_716c21d91443 (abstract, no filesystem path)
  [ComfyUI] [SubprocessWorker] socket_addr=abstract://comfy_worker_716c21d91443 (abstract, no filesystem path)
  Frame 8 saved (frame_007.jpg, t=381.9s)
  [capture-periodic] freeze=3ms shot=125ms unfreeze=4ms saved=True
  [ComfyUI] [SubprocessWorker] worker started/confirmed
  [ComfyUI] [SubprocessWorker] worker started/confirmed
  [ComfyUI] [SubprocessWorker] serializing kwargs to shm...
  [ComfyUI] [SubprocessWorker] serializing kwargs to shm...
  [ComfyUI] [SubprocessWorker] created 0 shm blocks
  [ComfyUI] [SubprocessWorker] created 0 shm blocks
  [ComfyUI] [SubprocessWorker] sending request via socket...
  [ComfyUI] [SubprocessWorker] sending request via socket...
  [ComfyUI] [SubprocessWorker] call_id=1 sending call_method
  [ComfyUI] [SubprocessWorker] call_id=1 sending call_method
  [ComfyUI] [worker:ComfyUI-GaussianPack] WARNING: SPZ route not registered (ModuleNotFoundError: No module named 'comfy_aimdo')
  [ComfyUI] [worker:ComfyUI-GaussianPack] WARNING: SPZ route not registered (ModuleNotFoundError: No module named 'comfy_aimdo')
  [ComfyUI] [SubprocessWorker] got response: ok
  [ComfyUI] [SubprocessWorker] got response: ok
  [ComfyUI] [comfy-env] PreviewGaussianSharp done (1.73s): result: NodeOutput
  [ComfyUI] [comfy-env] PreviewGaussianSharp done (1.73s): result: NodeOutput
  [ComfyUI] [32m[INFO][0m [32mPrompt executed in 382.59 seconds[0m
  [ComfyUI] [32m[INFO][0m [32mPrompt executed in 382.59 seconds[0m
  Node executed (1 total), capturing...
  Frame 9 saved (frame_008.jpg, t=383.1s)
  [capture-node] freeze=2ms shot=126ms unfreeze=4ms saved=True
  Execution complete (t=384.2s)
  [3d-wait] Phase 1: Waiting for 'Loading 3D Model' text to disappear...
  [3d-wait] Phase 1 done in 0.0s
  [3d-wait] Phase 2: iframes=1
  [3d-wait] iframe viewer_ready=True (matched 1 console logs)
  [3d-wait] Unfrozen in 0.009s, rendering for 5s...
  [3d-wait] JS halted via CDP after 10.3s
  [3d-wait] Re-frozen in 40.8s
  [3d-wait] Total 3D wait: 40.9s
  Captured 9 unique frames over 425.29s
  [debug] iframes: 1
  [debug]   iframe[0]: src=http://127.0.0.1:41895/extensions/ComfyUI-GaussianPack/viewer_gaussian_sharp.htm, canvas=1536x1024, rafFrozen=True
  [timing] trigger_3d_previews: 0.0s
  Saved high-quality screenshot: sharp_basic_executed.png
  [timing] final_screenshot: 0.3s
    Captured 10 video frames